2 candidates, 5 excluded, 7 chapters seen
  excluded the-republic/original-en/ch1: observed_alignment_below_85_percent
  excluded the-republic/original-en/ch2: observed_alignment_below_85_percent
  excluded the-republic/original-en/ch3: observed_alignment_below_85_percent
  excluded the-republic/original-en/ch5: observed_alignment_below_85_percent
  excluded the-republic/original-en/ch7: observed_alignment_below_85_percent
published            the-republic/original-en/ch4/words.json  served bytes match
published            the-republic/original-en/ch6/words.json  served bytes match

published 2, skipped 0, journal /home/user/tinct/artifacts/audio-highlight-run1-2026-09-11/publication-journal.json (155 entries)
### `the-republic/original-en/ch1` — auto arm: 1 of 492 paragraphs below the gate

- p33 ratio 0.67
  - text: You are quite right, he replied.
  - heard: You're quite right, he replied.

### `the-republic/original-en/ch2` — auto arm: 1 of 349 paragraphs below the gate

- p263 ratio 0.83
  - text: And therefore the cause of well-being?
  - heard: And therefore the cause of well -being?

### `the-republic/original-en/ch3` — auto arm: 1 of 497 paragraphs below the gate

- p108 ratio 0.67
  - text: You are quite right, he replied.
  - heard: You're quite right, he replied.

### `the-republic/original-en/ch5` — auto arm: 3 of 563 paragraphs below the gate

- p236 ratio 0.75
  - text: Their maintainers and foster-fathers.
  - heard: Their maintainers and foster -fathers.
- p240 ratio 0.00
  - text: Fellow-rulers.
  - heard: Fellow -rulers.
- p242 ratio 0.00
  - text: Fellow-guardians.
  - heard: Fellow -guardians.

### `the-republic/original-en/ch7` — auto arm: 0 of 208 paragraphs below the gate


