[2026-09-12T05:44:50Z] created wfwyourffr1c07 tinct-words-run2-29 gpu=None $0.74/hr
[2026-09-12T05:44:51Z] waiting: pod RUNNING agent HTTP 404
[2026-09-12T05:45:08Z] waiting: pod RUNNING agent HTTP 404
[2026-09-12T05:45:27Z] phase cohort at 0.6 min; setup={"versions": {"faster-whisper": "1.2.1", "ctranslate2": "4.8.2", "av": "18.1.0"}, "commit": "f53d744782e3c369fffd2980a013a7f199c0476e", "model_tree_sha256": "f1fe271c349229677131d389a96d0a28062a6a2c2fee54a8ce119c43538315c5", "ld_library_path": "/usr/local/lib/python3.11/dist-packages/nvidia/cublas/l
[2026-09-12T05:45:27Z] 0.6 min: cohort {"arm_chapters_passed": 0, "arm_chapters_rejected": 0, "arm_chapters_running": 0}
[2026-09-12T05:45:58Z] 1.1 min: cohort {"arm_chapters_passed": 0, "arm_chapters_rejected": 0, "arm_chapters_running": 0}
[2026-09-12T05:46:29Z] 1.6 min: cohort {"arm_chapters_passed": 0, "arm_chapters_rejected": 0, "arm_chapters_running": 0}
[2026-09-12T05:47:00Z] 2.2 min: cohort {"arm_chapters_passed": 0, "arm_chapters_rejected": 0, "arm_chapters_running": 0}
[2026-09-12T05:47:31Z] 2.7 min: cohort {"arm_chapters_passed": 0, "arm_chapters_rejected": 0, "arm_chapters_running": 0}
[2026-09-12T05:48:02Z] 3.2 min: cohort {"arm_chapters_passed": 0, "arm_chapters_rejected": 0, "arm_chapters_running": 0}
[2026-09-12T05:48:33Z] 3.7 min: cohort {"arm_chapters_passed": 0, "arm_chapters_rejected": 0, "arm_chapters_running": 0}
[2026-09-12T05:49:04Z] 4.2 min: cohort {"arm_chapters_passed": 0, "arm_chapters_rejected": 0, "arm_chapters_running": 0}
[2026-09-12T05:49:35Z] 4.7 min: cohort {"arm_chapters_passed": 0, "arm_chapters_rejected": 0, "arm_chapters_running": 0}
[2026-09-12T05:50:06Z] 5.3 min: cohort {"arm_chapters_passed": 0, "arm_chapters_rejected": 0, "arm_chapters_running": 0}
[2026-09-12T05:50:37Z] 5.8 min: cohort {"arm_chapters_passed": 0, "arm_chapters_rejected": 0, "arm_chapters_running": 0}
[2026-09-12T05:51:08Z] 6.3 min: cohort {"arm_chapters_passed": 0, "arm_chapters_rejected": 0, "arm_chapters_running": 0}
[2026-09-12T05:51:40Z] snapshot 2689 bytes
[2026-09-12T05:51:40Z] phase aligning at 6.8 min; setup={"versions": {"faster-whisper": "1.2.1", "ctranslate2": "4.8.2", "av": "18.1.0"}, "commit": "f53d744782e3c369fffd2980a013a7f199c0476e", "model_tree_sha256": "f1fe271c349229677131d389a96d0a28062a6a2c2fee54a8ce119c43538315c5", "ld_library_path": "/usr/local/lib/python3.11/dist-packages/nvidia/cublas/l
[2026-09-12T05:51:40Z] 6.8 min: aligning {"arm_chapters_passed": 0, "arm_chapters_rejected": 0, "arm_chapters_running": 0, "paragraph_diagnostics": 0}
[2026-09-12T05:52:11Z] 7.3 min: aligning {"arm_chapters_passed": 3, "arm_chapters_rejected": 0, "arm_chapters_running": 1, "paragraph_diagnostics": 82}
[2026-09-12T05:52:42Z] 7.9 min: aligning {"arm_chapters_passed": 6, "arm_chapters_rejected": 0, "arm_chapters_running": 1, "paragraph_diagnostics": 162}
[2026-09-12T05:53:13Z] 8.4 min: aligning {"arm_chapters_passed": 9, "arm_chapters_rejected": 0, "arm_chapters_running": 1, "paragraph_diagnostics": 244}
[2026-09-12T05:53:44Z] 8.9 min: aligning {"arm_chapters_passed": 11, "arm_chapters_rejected": 1, "arm_chapters_running": 1, "paragraph_diagnostics": 326}
[2026-09-12T05:54:15Z] 9.4 min: aligning {"arm_chapters_passed": 13, "arm_chapters_rejected": 1, "arm_chapters_running": 1, "paragraph_diagnostics": 418}
[2026-09-12T05:54:46Z] 9.9 min: aligning {"arm_chapters_passed": 15, "arm_chapters_rejected": 1, "arm_chapters_running": 1, "paragraph_diagnostics": 454}
[2026-09-12T05:55:17Z] 10.4 min: aligning {"arm_chapters_passed": 15, "arm_chapters_rejected": 1, "arm_chapters_running": 1, "paragraph_diagnostics": 476}
[2026-09-12T05:55:57Z] snapshot 1511866 bytes
[2026-09-12T05:55:57Z] 11.0 min: aligning {"arm_chapters_passed": 15, "arm_chapters_rejected": 1, "arm_chapters_running": 1, "paragraph_diagnostics": 501}
[2026-09-12T05:56:30Z] 11.6 min: aligning {"arm_chapters_passed": 15, "arm_chapters_rejected": 1, "arm_chapters_running": 1, "paragraph_diagnostics": 527}
[2026-09-12T05:57:02Z] 12.2 min: aligning {"arm_chapters_passed": 15, "arm_chapters_rejected": 1, "arm_chapters_running": 1, "paragraph_diagnostics": 548}
[2026-09-12T05:57:34Z] 12.7 min: aligning {"arm_chapters_passed": 15, "arm_chapters_rejected": 1, "arm_chapters_running": 1, "paragraph_diagnostics": 572}
[2026-09-12T05:58:05Z] 13.2 min: aligning {"arm_chapters_passed": 15, "arm_chapters_rejected": 1, "arm_chapters_running": 1, "paragraph_diagnostics": 599}
[2026-09-12T05:58:36Z] 13.8 min: aligning {"arm_chapters_passed": 15, "arm_chapters_rejected": 1, "arm_chapters_running": 1, "paragraph_diagnostics": 617}
[2026-09-12T05:59:07Z] 14.3 min: aligning {"arm_chapters_passed": 15, "arm_chapters_rejected": 1, "arm_chapters_running": 1, "paragraph_diagnostics": 636}
[2026-09-12T05:59:38Z] 14.8 min: aligning {"arm_chapters_passed": 15, "arm_chapters_rejected": 1, "arm_chapters_running": 1, "paragraph_diagnostics": 655}
[2026-09-12T06:00:14Z] snapshot 3485418 bytes
[2026-09-12T06:00:14Z] 15.3 min: aligning {"arm_chapters_passed": 15, "arm_chapters_rejected": 1, "arm_chapters_running": 1, "paragraph_diagnostics": 670}
[2026-09-12T06:00:45Z] 15.9 min: aligning {"arm_chapters_passed": 15, "arm_chapters_rejected": 2, "arm_chapters_running": 1, "paragraph_diagnostics": 687}
[2026-09-12T06:01:18Z] 16.4 min: aligning {"arm_chapters_passed": 15, "arm_chapters_rejected": 2, "arm_chapters_running": 1, "paragraph_diagnostics": 694}
[2026-09-12T06:01:51Z] 17.0 min: aligning {"arm_chapters_passed": 15, "arm_chapters_rejected": 2, "arm_chapters_running": 1, "paragraph_diagnostics": 709}
[2026-09-12T06:02:24Z] 17.5 min: aligning {"arm_chapters_passed": 15, "arm_chapters_rejected": 2, "arm_chapters_running": 1, "paragraph_diagnostics": 720}
[2026-09-12T06:02:55Z] 18.1 min: aligning {"arm_chapters_passed": 15, "arm_chapters_rejected": 2, "arm_chapters_running": 1, "paragraph_diagnostics": 728}
[2026-09-12T06:03:26Z] 18.6 min: aligning {"arm_chapters_passed": 15, "arm_chapters_rejected": 2, "arm_chapters_running": 1, "paragraph_diagnostics": 738}
[2026-09-12T06:03:59Z] 19.1 min: aligning {"arm_chapters_passed": 15, "arm_chapters_rejected": 2, "arm_chapters_running": 1, "paragraph_diagnostics": 748}
[2026-09-12T06:04:37Z] snapshot 5728852 bytes
[2026-09-12T06:04:37Z] 19.7 min: aligning {"arm_chapters_passed": 15, "arm_chapters_rejected": 2, "arm_chapters_running": 1, "paragraph_diagnostics": 753}
[2026-09-12T06:05:07Z] 20.3 min: aligning {"arm_chapters_passed": 15, "arm_chapters_rejected": 2, "arm_chapters_running": 1, "paragraph_diagnostics": 771}
[2026-09-12T06:05:38Z] 20.8 min: aligning {"arm_chapters_passed": 15, "arm_chapters_rejected": 2, "arm_chapters_running": 1, "paragraph_diagnostics": 783}
[2026-09-12T06:06:09Z] 21.3 min: aligning {"arm_chapters_passed": 15, "arm_chapters_rejected": 2, "arm_chapters_running": 1, "paragraph_diagnostics": 786}
[2026-09-12T06:06:40Z] 21.8 min: aligning {"arm_chapters_passed": 15, "arm_chapters_rejected": 2, "arm_chapters_running": 1, "paragraph_diagnostics": 796}
[2026-09-12T06:07:13Z] 22.3 min: aligning {"arm_chapters_passed": 15, "arm_chapters_rejected": 2, "arm_chapters_running": 1, "paragraph_diagnostics": 805}
[2026-09-12T06:07:44Z] 22.9 min: aligning {"arm_chapters_passed": 15, "arm_chapters_rejected": 2, "arm_chapters_running": 1, "paragraph_diagnostics": 814}
[2026-09-12T06:08:15Z] 23.4 min: aligning {"arm_chapters_passed": 15, "arm_chapters_rejected": 2, "arm_chapters_running": 1, "paragraph_diagnostics": 827}
[2026-09-12T06:08:54Z] snapshot 7597386 bytes
[2026-09-12T06:08:54Z] 23.9 min: aligning {"arm_chapters_passed": 15, "arm_chapters_rejected": 2, "arm_chapters_running": 1, "paragraph_diagnostics": 838}
[2026-09-12T06:09:24Z] 24.6 min: aligning {"arm_chapters_passed": 15, "arm_chapters_rejected": 2, "arm_chapters_running": 1, "paragraph_diagnostics": 846}
[2026-09-12T06:09:56Z] 25.1 min: aligning {"arm_chapters_passed": 15, "arm_chapters_rejected": 2, "arm_chapters_running": 1, "paragraph_diagnostics": 852}
[2026-09-12T06:10:27Z] 25.6 min: aligning {"arm_chapters_passed": 15, "arm_chapters_rejected": 2, "arm_chapters_running": 1, "paragraph_diagnostics": 861}
[2026-09-12T06:11:01Z] 26.1 min: aligning {"arm_chapters_passed": 15, "arm_chapters_rejected": 2, "arm_chapters_running": 1, "paragraph_diagnostics": 871}
[2026-09-12T06:11:32Z] 26.7 min: aligning {"arm_chapters_passed": 15, "arm_chapters_rejected": 2, "arm_chapters_running": 1, "paragraph_diagnostics": 876}
[2026-09-12T06:12:04Z] 27.2 min: aligning {"arm_chapters_passed": 15, "arm_chapters_rejected": 2, "arm_chapters_running": 1, "paragraph_diagnostics": 887}
[2026-09-12T06:12:36Z] 27.7 min: aligning {"arm_chapters_passed": 15, "arm_chapters_rejected": 2, "arm_chapters_running": 1, "paragraph_diagnostics": 893}
[2026-09-12T06:13:35Z] snapshot 9427527 bytes
[2026-09-12T06:13:35Z] 28.3 min: aligning {"arm_chapters_passed": 15, "arm_chapters_rejected": 2, "arm_chapters_running": 1, "paragraph_diagnostics": 897}
[2026-09-12T06:14:06Z] 29.3 min: aligning {"arm_chapters_passed": 15, "arm_chapters_rejected": 2, "arm_chapters_running": 1, "paragraph_diagnostics": 909}
[2026-09-12T06:14:38Z] 29.8 min: aligning {"arm_chapters_passed": 15, "arm_chapters_rejected": 3, "arm_chapters_running": 1, "paragraph_diagnostics": 915}
[2026-09-12T06:15:09Z] 30.3 min: aligning {"arm_chapters_passed": 15, "arm_chapters_rejected": 3, "arm_chapters_running": 1, "paragraph_diagnostics": 942}
[2026-09-12T06:15:40Z] pod is EXITED (Exited by user: Sat Sep 12 2026 06:15:13 GMT+0000 (Coordinated Universal Time)); using last snapshot
[2026-09-12T06:15:43Z] final fetch failed (HTTP 404); extracted last snapshot from 2026-09-12T06:13:35Z
[2026-09-12T06:15:44Z] stop wfwyourffr1c07: HTTP 200
[2026-09-12T06:15:46Z] terminate wfwyourffr1c07: HTTP 204
[2026-09-12T06:15:46Z] pod wfwyourffr1c07 done: outcome=pod-exited-externally uptime=30.9m est $0.38
