owned pods: 0   other pods left alone: 1
estimated spend this envelope: $0.00 of $20.00
[20260912T132458Z] enforce exit 0 spent=0.0000
owned pods: 2   other pods left alone: 1
  t7pv3kmw3p8h9k tinct-words-run3-2 RUNNING $0.49/hr up 0.3m (timestamp) None
  0ovz79hr09d8wp tinct-words-run3-1 RUNNING $0.49/hr up 4.6m (timestamp) None
estimated spend this envelope: $0.04 of $20.00
[20260912T132959Z] enforce exit 0 spent=0.0000
owned pods: 8   other pods left alone: 1
  z37iobfy6oajz5 tinct-words-run3-8 RUNNING $0.49/hr up 0.8m (timestamp) None
  92x66407grlp3f tinct-words-run3-7 RUNNING $0.49/hr up 1.5m (timestamp) None
  0ro2e7opa0gp4t tinct-words-run3-6 RUNNING $0.49/hr up 2.3m (timestamp) None
  zke6e3g72kmlhm tinct-words-run3-5 RUNNING $0.49/hr up 3.0m (timestamp) None
  y9ik4txymh7btg tinct-words-run3-4 RUNNING $0.49/hr up 3.8m (timestamp) None
  8x4ci76wbtnc6y tinct-words-run3-3 RUNNING $0.49/hr up 4.6m (timestamp) None
  t7pv3kmw3p8h9k tinct-words-run3-2 RUNNING $0.49/hr up 5.3m (timestamp) None
  0ovz79hr09d8wp tinct-words-run3-1 RUNNING $0.49/hr up 9.6m (timestamp) None
estimated spend this envelope: $0.25 of $20.00
[20260912T133500Z] enforce exit 0 spent=0.0000
owned pods: 10   other pods left alone: 1
  s1rjq3m5xl9bz1 tinct-words-run3-10 RUNNING $0.49/hr up 4.2m (timestamp) None
  cf0e8pdlwvov05 tinct-words-run3-9 RUNNING $0.49/hr up 5.0m (timestamp) None
  z37iobfy6oajz5 tinct-words-run3-8 RUNNING $0.49/hr up 5.8m (timestamp) None
  92x66407grlp3f tinct-words-run3-7 RUNNING $0.49/hr up 6.5m (timestamp) None
  0ro2e7opa0gp4t tinct-words-run3-6 RUNNING $0.49/hr up 7.3m (timestamp) None
  zke6e3g72kmlhm tinct-words-run3-5 RUNNING $0.49/hr up 8.1m (timestamp) None
  y9ik4txymh7btg tinct-words-run3-4 RUNNING $0.49/hr up 8.8m (timestamp) None
  8x4ci76wbtnc6y tinct-words-run3-3 RUNNING $0.49/hr up 9.6m (timestamp) None
  t7pv3kmw3p8h9k tinct-words-run3-2 RUNNING $0.49/hr up 10.4m (timestamp) None
  0ovz79hr09d8wp tinct-words-run3-1 RUNNING $0.49/hr up 14.6m (timestamp) None
estimated spend this envelope: $0.66 of $20.00
[20260912T134001Z] enforce exit 0 spent=0.0000
owned pods: 10   other pods left alone: 1
  s1rjq3m5xl9bz1 tinct-words-run3-10 RUNNING $0.49/hr up 9.3m (timestamp) None
  cf0e8pdlwvov05 tinct-words-run3-9 RUNNING $0.49/hr up 10.0m (timestamp) None
  z37iobfy6oajz5 tinct-words-run3-8 RUNNING $0.49/hr up 10.8m (timestamp) None
  92x66407grlp3f tinct-words-run3-7 RUNNING $0.49/hr up 11.6m (timestamp) None
  0ro2e7opa0gp4t tinct-words-run3-6 RUNNING $0.49/hr up 12.3m (timestamp) None
  zke6e3g72kmlhm tinct-words-run3-5 RUNNING $0.49/hr up 13.1m (timestamp) None
  y9ik4txymh7btg tinct-words-run3-4 RUNNING $0.49/hr up 13.8m (timestamp) None
  8x4ci76wbtnc6y tinct-words-run3-3 RUNNING $0.49/hr up 14.6m (timestamp) None
  t7pv3kmw3p8h9k tinct-words-run3-2 RUNNING $0.49/hr up 15.4m (timestamp) None
  0ovz79hr09d8wp tinct-words-run3-1 RUNNING $0.49/hr up 19.6m (timestamp) None
estimated spend this envelope: $1.07 of $20.00
[20260912T134502Z] enforce exit 0 spent=0.0000
owned pods: 10   other pods left alone: 1
  s5to0dxjafb2fb tinct-words-run3-11 RUNNING $0.49/hr up 3.4m (timestamp) None
  s1rjq3m5xl9bz1 tinct-words-run3-10 RUNNING $0.49/hr up 14.3m (timestamp) None
  cf0e8pdlwvov05 tinct-words-run3-9 RUNNING $0.49/hr up 15.0m (timestamp) None
  z37iobfy6oajz5 tinct-words-run3-8 RUNNING $0.49/hr up 15.8m (timestamp) None
  92x66407grlp3f tinct-words-run3-7 RUNNING $0.49/hr up 16.6m (timestamp) None
  0ro2e7opa0gp4t tinct-words-run3-6 RUNNING $0.49/hr up 17.3m (timestamp) None
  zke6e3g72kmlhm tinct-words-run3-5 RUNNING $0.49/hr up 18.1m (timestamp) None
  y9ik4txymh7btg tinct-words-run3-4 RUNNING $0.49/hr up 18.9m (timestamp) None
  8x4ci76wbtnc6y tinct-words-run3-3 RUNNING $0.49/hr up 19.6m (timestamp) None
  0ovz79hr09d8wp tinct-words-run3-1 RUNNING $0.49/hr up 24.6m (timestamp) None
estimated spend this envelope: $1.47 of $20.00
[20260912T135003Z] enforce exit 0 spent=0.1356
owned pods: 10   other pods left alone: 1
  9eeftv79ogzezy tinct-words-run3-12 RUNNING $0.49/hr up 4.6m (timestamp) None
  s5to0dxjafb2fb tinct-words-run3-11 RUNNING $0.49/hr up 8.4m (timestamp) None
  s1rjq3m5xl9bz1 tinct-words-run3-10 RUNNING $0.49/hr up 19.3m (timestamp) None
  cf0e8pdlwvov05 tinct-words-run3-9 RUNNING $0.49/hr up 20.1m (timestamp) None
  z37iobfy6oajz5 tinct-words-run3-8 RUNNING $0.49/hr up 20.8m (timestamp) None
  92x66407grlp3f tinct-words-run3-7 RUNNING $0.49/hr up 21.6m (timestamp) None
  0ro2e7opa0gp4t tinct-words-run3-6 RUNNING $0.49/hr up 22.4m (timestamp) None
  y9ik4txymh7btg tinct-words-run3-4 RUNNING $0.49/hr up 23.9m (timestamp) None
  8x4ci76wbtnc6y tinct-words-run3-3 RUNNING $0.49/hr up 24.6m (timestamp) None
  0ovz79hr09d8wp tinct-words-run3-1 RUNNING $0.49/hr up 29.6m (timestamp) None
estimated spend this envelope: $1.88 of $20.00
[20260912T135504Z] enforce exit 0 spent=0.2842
owned pods: 8   other pods left alone: 1
  tbuwvjsxinbdyl tinct-words-run3-16 RUNNING $0.49/hr up 0.4m (timestamp) None
  9x3bx0aynm46y3 tinct-words-run3-15 RUNNING $0.49/hr up 1.2m (timestamp) None
  2yddxz0lnevbsz tinct-words-run3-14 RUNNING $0.49/hr up 2.0m (timestamp) None
  unuxxljs0bmoog tinct-words-run3-13 RUNNING $0.49/hr up 3.7m (timestamp) None
  9eeftv79ogzezy tinct-words-run3-12 RUNNING $0.49/hr up 9.6m (timestamp) None
  s5to0dxjafb2fb tinct-words-run3-11 RUNNING $0.49/hr up 13.4m (timestamp) None
  s1rjq3m5xl9bz1 tinct-words-run3-10 RUNNING $0.49/hr up 24.3m (timestamp) None
  8x4ci76wbtnc6y tinct-words-run3-3 RUNNING $0.49/hr up 29.7m (timestamp) None
estimated spend this envelope: $2.04 of $20.00
[20260912T140005Z] enforce exit 0 spent=1.3475
owned pods: 10   other pods left alone: 1
  gx2l2rzdscyp48 tinct-words-run3-19 RUNNING $0.49/hr up 3.2m (timestamp) None
  lkvlijwm5k2ss1 tinct-words-run3-18 RUNNING $0.49/hr up 3.9m (timestamp) None
  pcgp3wjqp8vz8w tinct-words-run3-17 RUNNING $0.49/hr up 4.7m (timestamp) None
  tbuwvjsxinbdyl tinct-words-run3-16 RUNNING $0.49/hr up 5.4m (timestamp) None
  9x3bx0aynm46y3 tinct-words-run3-15 RUNNING $0.49/hr up 6.2m (timestamp) None
  2yddxz0lnevbsz tinct-words-run3-14 RUNNING $0.49/hr up 7.0m (timestamp) None
  unuxxljs0bmoog tinct-words-run3-13 RUNNING $0.49/hr up 8.7m (timestamp) None
  9eeftv79ogzezy tinct-words-run3-12 RUNNING $0.49/hr up 14.6m (timestamp) None
  s5to0dxjafb2fb tinct-words-run3-11 RUNNING $0.49/hr up 18.4m (timestamp) None
  8x4ci76wbtnc6y tinct-words-run3-3 RUNNING $0.49/hr up 34.7m (timestamp) None
estimated spend this envelope: $2.62 of $20.00
[20260912T140506Z] enforce exit 0 spent=1.7518
owned pods: 10   other pods left alone: 1
  a2e1o5lmhtgljh tinct-words-run3-20 RUNNING $0.49/hr up 0.3m (timestamp) None
  gx2l2rzdscyp48 tinct-words-run3-19 RUNNING $0.49/hr up 8.2m (timestamp) None
  lkvlijwm5k2ss1 tinct-words-run3-18 RUNNING $0.49/hr up 8.9m (timestamp) None
  pcgp3wjqp8vz8w tinct-words-run3-17 RUNNING $0.49/hr up 9.7m (timestamp) None
  tbuwvjsxinbdyl tinct-words-run3-16 RUNNING $0.49/hr up 10.5m (timestamp) None
  9x3bx0aynm46y3 tinct-words-run3-15 RUNNING $0.49/hr up 11.2m (timestamp) None
  2yddxz0lnevbsz tinct-words-run3-14 RUNNING $0.49/hr up 12.0m (timestamp) None
  unuxxljs0bmoog tinct-words-run3-13 RUNNING $0.49/hr up 13.8m (timestamp) None
  9eeftv79ogzezy tinct-words-run3-12 RUNNING $0.49/hr up 19.6m (timestamp) None
  s5to0dxjafb2fb tinct-words-run3-11 RUNNING $0.49/hr up 23.4m (timestamp) None
estimated spend this envelope: $2.71 of $20.00
[20260912T141007Z] enforce exit 0 spent=1.7518
owned pods: 10   other pods left alone: 1
  a2e1o5lmhtgljh tinct-words-run3-20 RUNNING $0.49/hr up 5.3m (timestamp) None
  gx2l2rzdscyp48 tinct-words-run3-19 RUNNING $0.49/hr up 13.2m (timestamp) None
  lkvlijwm5k2ss1 tinct-words-run3-18 RUNNING $0.49/hr up 13.9m (timestamp) None
  pcgp3wjqp8vz8w tinct-words-run3-17 RUNNING $0.49/hr up 14.7m (timestamp) None
  tbuwvjsxinbdyl tinct-words-run3-16 RUNNING $0.49/hr up 15.5m (timestamp) None
  9x3bx0aynm46y3 tinct-words-run3-15 RUNNING $0.49/hr up 16.2m (timestamp) None
  2yddxz0lnevbsz tinct-words-run3-14 RUNNING $0.49/hr up 17.0m (timestamp) None
  unuxxljs0bmoog tinct-words-run3-13 RUNNING $0.49/hr up 18.8m (timestamp) None
  9eeftv79ogzezy tinct-words-run3-12 RUNNING $0.49/hr up 24.6m (timestamp) None
  s5to0dxjafb2fb tinct-words-run3-11 RUNNING $0.49/hr up 28.4m (timestamp) None
estimated spend this envelope: $3.44 of $20.00
[20260912T141507Z] enforce exit 0 spent=2.0662
owned pods: 10   other pods left alone: 1
  wlrnwitce0xogu tinct-words-run3-21 RUNNING $0.49/hr up 2.4m (timestamp) None
  a2e1o5lmhtgljh tinct-words-run3-20 RUNNING $0.49/hr up 10.3m (timestamp) None
  gx2l2rzdscyp48 tinct-words-run3-19 RUNNING $0.49/hr up 18.2m (timestamp) None
  lkvlijwm5k2ss1 tinct-words-run3-18 RUNNING $0.49/hr up 19.0m (timestamp) None
  pcgp3wjqp8vz8w tinct-words-run3-17 RUNNING $0.49/hr up 19.7m (timestamp) None
  tbuwvjsxinbdyl tinct-words-run3-16 RUNNING $0.49/hr up 20.5m (timestamp) None
  9x3bx0aynm46y3 tinct-words-run3-15 RUNNING $0.49/hr up 21.3m (timestamp) None
  2yddxz0lnevbsz tinct-words-run3-14 RUNNING $0.49/hr up 22.0m (timestamp) None
  unuxxljs0bmoog tinct-words-run3-13 RUNNING $0.49/hr up 23.8m (timestamp) None
  9eeftv79ogzezy tinct-words-run3-12 RUNNING $0.49/hr up 29.6m (timestamp) None
estimated spend this envelope: $3.84 of $20.00
[20260912T142008Z] enforce exit 0 spent=2.3145
owned pods: 9   other pods left alone: 1
  qsl384k2dg1bf1 tinct-words-run3-22 RUNNING $0.49/hr up 1.6m (timestamp) None
  wlrnwitce0xogu tinct-words-run3-21 RUNNING $0.49/hr up 7.4m (timestamp) None
  gx2l2rzdscyp48 tinct-words-run3-19 RUNNING $0.49/hr up 23.2m (timestamp) None
  lkvlijwm5k2ss1 tinct-words-run3-18 RUNNING $0.49/hr up 24.0m (timestamp) None
  pcgp3wjqp8vz8w tinct-words-run3-17 RUNNING $0.49/hr up 24.7m (timestamp) None
  tbuwvjsxinbdyl tinct-words-run3-16 RUNNING $0.49/hr up 25.5m (timestamp) None
  9x3bx0aynm46y3 tinct-words-run3-15 RUNNING $0.49/hr up 26.3m (timestamp) None
  2yddxz0lnevbsz tinct-words-run3-14 RUNNING $0.49/hr up 27.0m (timestamp) None
  9eeftv79ogzezy tinct-words-run3-12 RUNNING $0.49/hr up 34.7m (timestamp) None
estimated spend this envelope: $4.24 of $20.00
[20260912T142509Z] enforce exit 0 spent=2.6509
owned pods: 10   other pods left alone: 1
  kkj963dnjxbmyn tinct-words-run3-24 RUNNING $0.49/hr up 1.0m (timestamp) None
  oxyugcnoz0nw46 tinct-words-run3-23 RUNNING $0.49/hr up 4.8m (timestamp) None
  qsl384k2dg1bf1 tinct-words-run3-22 RUNNING $0.49/hr up 6.6m (timestamp) None
  wlrnwitce0xogu tinct-words-run3-21 RUNNING $0.49/hr up 12.4m (timestamp) None
  gx2l2rzdscyp48 tinct-words-run3-19 RUNNING $0.49/hr up 28.2m (timestamp) None
  lkvlijwm5k2ss1 tinct-words-run3-18 RUNNING $0.49/hr up 29.0m (timestamp) None
  pcgp3wjqp8vz8w tinct-words-run3-17 RUNNING $0.49/hr up 29.7m (timestamp) None
  tbuwvjsxinbdyl tinct-words-run3-16 RUNNING $0.49/hr up 30.5m (timestamp) None
  9x3bx0aynm46y3 tinct-words-run3-15 RUNNING $0.49/hr up 31.3m (timestamp) None
  2yddxz0lnevbsz tinct-words-run3-14 RUNNING $0.49/hr up 32.0m (timestamp) None
estimated spend this envelope: $4.64 of $20.00
[20260912T143010Z] enforce exit 0 spent=2.9580
owned pods: 10   other pods left alone: 1
  oks31m2jzb2v0o tinct-words-run3-25 RUNNING $0.49/hr up 3.2m (timestamp) None
  kkj963dnjxbmyn tinct-words-run3-24 RUNNING $0.49/hr up 6.0m (timestamp) None
  oxyugcnoz0nw46 tinct-words-run3-23 RUNNING $0.49/hr up 9.8m (timestamp) None
  qsl384k2dg1bf1 tinct-words-run3-22 RUNNING $0.49/hr up 11.6m (timestamp) None
  wlrnwitce0xogu tinct-words-run3-21 RUNNING $0.49/hr up 17.5m (timestamp) None
  lkvlijwm5k2ss1 tinct-words-run3-18 RUNNING $0.49/hr up 34.0m (timestamp) None
  pcgp3wjqp8vz8w tinct-words-run3-17 RUNNING $0.49/hr up 34.8m (timestamp) None
  tbuwvjsxinbdyl tinct-words-run3-16 RUNNING $0.49/hr up 35.5m (timestamp) None
  9x3bx0aynm46y3 tinct-words-run3-15 RUNNING $0.49/hr up 36.3m (timestamp) None
  2yddxz0lnevbsz tinct-words-run3-14 RUNNING $0.49/hr up 37.1m (timestamp) None
estimated spend this envelope: $5.04 of $20.00
[20260912T143511Z] enforce exit 0 spent=3.1997
owned pods: 10   other pods left alone: 1
  exp6srwmvr2v7z tinct-words-run3-31 RUNNING $0.49/hr up 0.6m (timestamp) None
  8fbzj9sl4n2jmj tinct-words-run3-30 RUNNING $0.49/hr up 1.4m (timestamp) None
  fnquo3gdskhn0b tinct-words-run3-29 RUNNING $0.49/hr up 2.2m (timestamp) None
  n52xqrmztyhw1o tinct-words-run3-28 RUNNING $0.49/hr up 2.9m (timestamp) None
  eek9se31aio2ne tinct-words-run3-27 RUNNING $0.49/hr up 3.7m (timestamp) None
  n0avqwm0pw5dax tinct-words-run3-26 RUNNING $0.49/hr up 4.4m (timestamp) None
  oks31m2jzb2v0o tinct-words-run3-25 RUNNING $0.49/hr up 8.3m (timestamp) None
  kkj963dnjxbmyn tinct-words-run3-24 RUNNING $0.49/hr up 11.1m (timestamp) None
  oxyugcnoz0nw46 tinct-words-run3-23 RUNNING $0.49/hr up 14.9m (timestamp) None
  qsl384k2dg1bf1 tinct-words-run3-22 RUNNING $0.49/hr up 16.6m (timestamp) None
estimated spend this envelope: $5.38 of $20.00
[20260912T144012Z] enforce exit 0 spent=4.8421
owned pods: 10   other pods left alone: 1
  exp6srwmvr2v7z tinct-words-run3-31 RUNNING $0.49/hr up 5.6m (timestamp) None
  8fbzj9sl4n2jmj tinct-words-run3-30 RUNNING $0.49/hr up 6.4m (timestamp) None
  fnquo3gdskhn0b tinct-words-run3-29 RUNNING $0.49/hr up 7.2m (timestamp) None
  n52xqrmztyhw1o tinct-words-run3-28 RUNNING $0.49/hr up 7.9m (timestamp) None
  eek9se31aio2ne tinct-words-run3-27 RUNNING $0.49/hr up 8.7m (timestamp) None
  n0avqwm0pw5dax tinct-words-run3-26 RUNNING $0.49/hr up 9.5m (timestamp) None
  oks31m2jzb2v0o tinct-words-run3-25 RUNNING $0.49/hr up 13.3m (timestamp) None
  kkj963dnjxbmyn tinct-words-run3-24 RUNNING $0.49/hr up 16.1m (timestamp) None
  oxyugcnoz0nw46 tinct-words-run3-23 RUNNING $0.49/hr up 19.9m (timestamp) None
  qsl384k2dg1bf1 tinct-words-run3-22 RUNNING $0.49/hr up 21.7m (timestamp) None
estimated spend this envelope: $5.79 of $20.00
[20260912T144513Z] enforce exit 0 spent=4.8421
owned pods: 10   other pods left alone: 1
  exp6srwmvr2v7z tinct-words-run3-31 RUNNING $0.49/hr up 10.6m (timestamp) None
  8fbzj9sl4n2jmj tinct-words-run3-30 RUNNING $0.49/hr up 11.4m (timestamp) None
  fnquo3gdskhn0b tinct-words-run3-29 RUNNING $0.49/hr up 12.2m (timestamp) None
  n52xqrmztyhw1o tinct-words-run3-28 RUNNING $0.49/hr up 12.9m (timestamp) None
  eek9se31aio2ne tinct-words-run3-27 RUNNING $0.49/hr up 13.7m (timestamp) None
  n0avqwm0pw5dax tinct-words-run3-26 RUNNING $0.49/hr up 14.5m (timestamp) None
  oks31m2jzb2v0o tinct-words-run3-25 RUNNING $0.49/hr up 18.3m (timestamp) None
  kkj963dnjxbmyn tinct-words-run3-24 RUNNING $0.49/hr up 21.1m (timestamp) None
  oxyugcnoz0nw46 tinct-words-run3-23 RUNNING $0.49/hr up 24.9m (timestamp) None
  qsl384k2dg1bf1 tinct-words-run3-22 RUNNING $0.49/hr up 26.7m (timestamp) None
estimated spend this envelope: $6.20 of $20.00
[20260912T145014Z] enforce exit 0 spent=4.8421
owned pods: 10   other pods left alone: 1
  exp6srwmvr2v7z tinct-words-run3-31 RUNNING $0.49/hr up 15.7m (timestamp) None
  8fbzj9sl4n2jmj tinct-words-run3-30 RUNNING $0.49/hr up 16.4m (timestamp) None
  fnquo3gdskhn0b tinct-words-run3-29 RUNNING $0.49/hr up 17.2m (timestamp) None
  n52xqrmztyhw1o tinct-words-run3-28 RUNNING $0.49/hr up 18.0m (timestamp) None
  eek9se31aio2ne tinct-words-run3-27 RUNNING $0.49/hr up 18.7m (timestamp) None
  n0avqwm0pw5dax tinct-words-run3-26 RUNNING $0.49/hr up 19.5m (timestamp) None
  oks31m2jzb2v0o tinct-words-run3-25 RUNNING $0.49/hr up 23.3m (timestamp) None
  kkj963dnjxbmyn tinct-words-run3-24 RUNNING $0.49/hr up 26.1m (timestamp) None
  oxyugcnoz0nw46 tinct-words-run3-23 RUNNING $0.49/hr up 29.9m (timestamp) None
  qsl384k2dg1bf1 tinct-words-run3-22 RUNNING $0.49/hr up 31.7m (timestamp) None
estimated spend this envelope: $6.61 of $20.00
[20260912T145515Z] enforce exit 0 spent=4.8421
owned pods: 10   other pods left alone: 1
  exp6srwmvr2v7z tinct-words-run3-31 RUNNING $0.49/hr up 20.7m (timestamp) None
  8fbzj9sl4n2jmj tinct-words-run3-30 RUNNING $0.49/hr up 21.4m (timestamp) None
  fnquo3gdskhn0b tinct-words-run3-29 RUNNING $0.49/hr up 22.2m (timestamp) None
  n52xqrmztyhw1o tinct-words-run3-28 RUNNING $0.49/hr up 23.0m (timestamp) None
  eek9se31aio2ne tinct-words-run3-27 RUNNING $0.49/hr up 23.7m (timestamp) None
  n0avqwm0pw5dax tinct-words-run3-26 RUNNING $0.49/hr up 24.5m (timestamp) None
  oks31m2jzb2v0o tinct-words-run3-25 RUNNING $0.49/hr up 28.3m (timestamp) None
  kkj963dnjxbmyn tinct-words-run3-24 RUNNING $0.49/hr up 31.1m (timestamp) None
  oxyugcnoz0nw46 tinct-words-run3-23 RUNNING $0.49/hr up 34.9m (timestamp) None
  qsl384k2dg1bf1 tinct-words-run3-22 RUNNING $0.49/hr up 36.7m (timestamp) None
estimated spend this envelope: $7.02 of $20.00
[20260912T150016Z] enforce exit 0 spent=4.8421
owned pods: 9   other pods left alone: 1
  na2ftp85qmacnj tinct-words-run3-36 RUNNING $0.49/hr up 0.5m (timestamp) None
  56kn7hktdb2392 tinct-words-run3-35 RUNNING $0.49/hr up 1.3m (timestamp) None
  o7ycvjk6m7b8wn tinct-words-run3-34 RUNNING $0.49/hr up 2.1m (timestamp) None
  foifs9hb9nwbuw tinct-words-run3-33 RUNNING $0.49/hr up 2.8m (timestamp) None
  vootfqm2z5xd4d tinct-words-run3-32 RUNNING $0.49/hr up 3.6m (timestamp) None
  exp6srwmvr2v7z tinct-words-run3-31 RUNNING $0.49/hr up 25.7m (timestamp) None
  n52xqrmztyhw1o tinct-words-run3-28 RUNNING $0.49/hr up 28.0m (timestamp) None
  oks31m2jzb2v0o tinct-words-run3-25 RUNNING $0.49/hr up 33.3m (timestamp) None
  kkj963dnjxbmyn tinct-words-run3-24 RUNNING $0.49/hr up 36.1m (timestamp) None
estimated spend this envelope: $7.37 of $20.00
[20260912T150517Z] enforce exit 0 spent=6.2795
owned pods: 10   other pods left alone: 1
  gbnqqftdbgugjk tinct-words-run3-41 RUNNING $0.49/hr up 0.7m (timestamp) None
  hdyzju92cfwv31 tinct-words-run3-40 RUNNING $0.49/hr up 2.5m (timestamp) None
  yt2e0iunak611m tinct-words-run3-39 RUNNING $0.49/hr up 3.2m (timestamp) None
  ftl8x9zzsfm6pa tinct-words-run3-38 RUNNING $0.49/hr up 4.0m (timestamp) None
  260j7fsiwcekgs tinct-words-run3-37 RUNNING $0.49/hr up 4.8m (timestamp) None
  na2ftp85qmacnj tinct-words-run3-36 RUNNING $0.49/hr up 5.5m (timestamp) None
  56kn7hktdb2392 tinct-words-run3-35 RUNNING $0.49/hr up 6.3m (timestamp) None
  o7ycvjk6m7b8wn tinct-words-run3-34 RUNNING $0.49/hr up 7.1m (timestamp) None
  foifs9hb9nwbuw tinct-words-run3-33 RUNNING $0.49/hr up 7.8m (timestamp) None
  vootfqm2z5xd4d tinct-words-run3-32 RUNNING $0.49/hr up 8.6m (timestamp) None
estimated spend this envelope: $7.76 of $20.00
[20260912T151017Z] enforce exit 0 spent=7.3444
owned pods: 10   other pods left alone: 1
  gbnqqftdbgugjk tinct-words-run3-41 RUNNING $0.49/hr up 5.7m (timestamp) None
  hdyzju92cfwv31 tinct-words-run3-40 RUNNING $0.49/hr up 7.5m (timestamp) None
  yt2e0iunak611m tinct-words-run3-39 RUNNING $0.49/hr up 8.3m (timestamp) None
  ftl8x9zzsfm6pa tinct-words-run3-38 RUNNING $0.49/hr up 9.0m (timestamp) None
  260j7fsiwcekgs tinct-words-run3-37 RUNNING $0.49/hr up 9.8m (timestamp) None
  na2ftp85qmacnj tinct-words-run3-36 RUNNING $0.49/hr up 10.6m (timestamp) None
  56kn7hktdb2392 tinct-words-run3-35 RUNNING $0.49/hr up 11.3m (timestamp) None
  o7ycvjk6m7b8wn tinct-words-run3-34 RUNNING $0.49/hr up 12.1m (timestamp) None
  foifs9hb9nwbuw tinct-words-run3-33 RUNNING $0.49/hr up 12.9m (timestamp) None
  vootfqm2z5xd4d tinct-words-run3-32 RUNNING $0.49/hr up 13.6m (timestamp) None
estimated spend this envelope: $8.17 of $20.00
[20260912T151518Z] enforce exit 0 spent=7.3444
owned pods: 10   other pods left alone: 1
  gbnqqftdbgugjk tinct-words-run3-41 RUNNING $0.49/hr up 10.7m (timestamp) None
  hdyzju92cfwv31 tinct-words-run3-40 RUNNING $0.49/hr up 12.5m (timestamp) None
  yt2e0iunak611m tinct-words-run3-39 RUNNING $0.49/hr up 13.3m (timestamp) None
  ftl8x9zzsfm6pa tinct-words-run3-38 RUNNING $0.49/hr up 14.0m (timestamp) None
  260j7fsiwcekgs tinct-words-run3-37 RUNNING $0.49/hr up 14.8m (timestamp) None
  na2ftp85qmacnj tinct-words-run3-36 RUNNING $0.49/hr up 15.6m (timestamp) None
  56kn7hktdb2392 tinct-words-run3-35 RUNNING $0.49/hr up 16.3m (timestamp) None
  o7ycvjk6m7b8wn tinct-words-run3-34 RUNNING $0.49/hr up 17.1m (timestamp) None
  foifs9hb9nwbuw tinct-words-run3-33 RUNNING $0.49/hr up 17.9m (timestamp) None
  vootfqm2z5xd4d tinct-words-run3-32 RUNNING $0.49/hr up 18.6m (timestamp) None
estimated spend this envelope: $8.58 of $20.00
[20260912T152019Z] enforce exit 0 spent=7.3444
owned pods: 9   other pods left alone: 1
  us3nrdlc9vdydv tinct-words-run3-42 RUNNING $0.49/hr up 2.8m (timestamp) None
  hdyzju92cfwv31 tinct-words-run3-40 RUNNING $0.49/hr up 17.5m (timestamp) None
  yt2e0iunak611m tinct-words-run3-39 RUNNING $0.49/hr up 18.3m (timestamp) None
  260j7fsiwcekgs tinct-words-run3-37 RUNNING $0.49/hr up 19.8m (timestamp) None
  na2ftp85qmacnj tinct-words-run3-36 RUNNING $0.49/hr up 20.6m (timestamp) None
  56kn7hktdb2392 tinct-words-run3-35 RUNNING $0.49/hr up 21.4m (timestamp) None
  o7ycvjk6m7b8wn tinct-words-run3-34 RUNNING $0.49/hr up 22.1m (timestamp) None
  foifs9hb9nwbuw tinct-words-run3-33 RUNNING $0.49/hr up 22.9m (timestamp) None
  vootfqm2z5xd4d tinct-words-run3-32 RUNNING $0.49/hr up 23.7m (timestamp) None
estimated spend this envelope: $8.96 of $20.00
[20260912T152520Z] enforce exit 0 spent=7.5796
owned pods: 6   other pods left alone: 1
  us3nrdlc9vdydv tinct-words-run3-42 RUNNING $0.49/hr up 7.8m (timestamp) None
  hdyzju92cfwv31 tinct-words-run3-40 RUNNING $0.49/hr up 22.5m (timestamp) None
  56kn7hktdb2392 tinct-words-run3-35 RUNNING $0.49/hr up 26.4m (timestamp) None
  o7ycvjk6m7b8wn tinct-words-run3-34 RUNNING $0.49/hr up 27.1m (timestamp) None
  foifs9hb9nwbuw tinct-words-run3-33 RUNNING $0.49/hr up 27.9m (timestamp) None
  vootfqm2z5xd4d tinct-words-run3-32 RUNNING $0.49/hr up 28.7m (timestamp) None
estimated spend this envelope: $9.07 of $20.00
[20260912T153021Z] enforce exit 0 spent=7.9250
owned pods: 5   other pods left alone: 1
  us3nrdlc9vdydv tinct-words-run3-42 RUNNING $0.49/hr up 12.8m (timestamp) None
  56kn7hktdb2392 tinct-words-run3-35 RUNNING $0.49/hr up 31.4m (timestamp) None
  o7ycvjk6m7b8wn tinct-words-run3-34 RUNNING $0.49/hr up 32.2m (timestamp) None
  foifs9hb9nwbuw tinct-words-run3-33 RUNNING $0.49/hr up 32.9m (timestamp) None
  vootfqm2z5xd4d tinct-words-run3-32 RUNNING $0.49/hr up 33.7m (timestamp) None
estimated spend this envelope: $9.51 of $20.00
[20260912T153522Z] enforce exit 0 spent=8.3399
owned pods: 15   other pods left alone: 1
  p0l16nyt4cuh5q tinct-words-run3-54 RUNNING $0.49/hr up 0.0m (timestamp) None
  yzi6ebksuz34kx tinct-words-run3-53 RUNNING $0.49/hr up 0.4m (timestamp) None
  rzzaq4eeizq9un tinct-words-run3-52 RUNNING $0.49/hr up 0.7m (timestamp) None
  qo9odmog8dbrb4 tinct-words-run3-51 RUNNING $0.49/hr up 1.1m (timestamp) None
  itzf6obbcd8k4l tinct-words-run3-50 RUNNING $0.49/hr up 1.4m (timestamp) None
  k1zbf95yescgd8 tinct-words-run3-49 RUNNING $0.49/hr up 1.8m (timestamp) None
  wx0sxmyprh6cbj tinct-words-run3-48 RUNNING $0.49/hr up 2.1m (timestamp) None
  qurh3etfroe98y tinct-words-run3-47 RUNNING $0.49/hr up 2.5m (timestamp) None
  xev4bw91rbydvi tinct-words-run3-46 RUNNING $0.49/hr up 2.8m (timestamp) None
  3xm4zhpntotknx tinct-words-run3-45 RUNNING $0.49/hr up 3.2m (timestamp) None
  kupkrtiorcwwqy tinct-words-run3-44 RUNNING $0.49/hr up 3.5m (timestamp) None
  hdck1s29rhidpf tinct-words-run3-43 RUNNING $0.49/hr up 3.8m (timestamp) None
  us3nrdlc9vdydv tinct-words-run3-42 RUNNING $0.49/hr up 17.8m (timestamp) None
  56kn7hktdb2392 tinct-words-run3-35 RUNNING $0.49/hr up 36.4m (timestamp) None
  o7ycvjk6m7b8wn tinct-words-run3-34 RUNNING $0.49/hr up 37.2m (timestamp) None
estimated spend this envelope: $9.86 of $20.00
[20260912T154023Z] enforce exit 0 spent=8.9271
owned pods: 23   other pods left alone: 1
  ho5h4rz2f8n6jn tinct-words-run3-67 RUNNING $0.49/hr up 0.2m (timestamp) None
  akvdrgw81r9b7x tinct-words-run3-66 RUNNING $0.49/hr up 0.6m (timestamp) None
  riac1na0tk865x tinct-words-run3-65 RUNNING $0.49/hr up 1.0m (timestamp) None
  rptd06q2zrunlv tinct-words-run3-64 RUNNING $0.49/hr up 1.4m (timestamp) None
  cc2vkh1thblyam tinct-words-run3-63 RUNNING $0.49/hr up 1.7m (timestamp) None
  vr58vdyxugin4b tinct-words-run3-62 RUNNING $0.49/hr up 2.1m (timestamp) None
  hsmc1d1pk5wxfg tinct-words-run3-61 RUNNING $0.49/hr up 2.5m (timestamp) None
  k3t3xjnkzjddgx tinct-words-run3-60 RUNNING $0.49/hr up 2.9m (timestamp) None
  yro0oaxasxcsb6 tinct-words-run3-59 RUNNING $0.49/hr up 3.2m (timestamp) None
  cwn9y8lpoexq3c tinct-words-run3-58 RUNNING $0.49/hr up 3.6m (timestamp) None
  lw0bskvcle65eb tinct-words-run3-57 RUNNING $0.49/hr up 4.0m (timestamp) None
  4ba1xntrgin41r tinct-words-run3-56 RUNNING $0.49/hr up 4.4m (timestamp) None
  r0ij003yx86n8i tinct-words-run3-55 RUNNING $0.49/hr up 4.7m (timestamp) None
  p0l16nyt4cuh5q tinct-words-run3-54 RUNNING $0.49/hr up 5.1m (timestamp) None
  yzi6ebksuz34kx tinct-words-run3-53 RUNNING $0.49/hr up 5.4m (timestamp) None
  rzzaq4eeizq9un tinct-words-run3-52 RUNNING $0.49/hr up 5.8m (timestamp) None
  qo9odmog8dbrb4 tinct-words-run3-51 RUNNING $0.49/hr up 6.1m (timestamp) None
  itzf6obbcd8k4l tinct-words-run3-50 RUNNING $0.49/hr up 6.5m (timestamp) None
  wx0sxmyprh6cbj tinct-words-run3-48 RUNNING $0.49/hr up 7.2m (timestamp) None
  qurh3etfroe98y tinct-words-run3-47 RUNNING $0.49/hr up 7.5m (timestamp) None
  3xm4zhpntotknx tinct-words-run3-45 RUNNING $0.49/hr up 8.2m (timestamp) None
  kupkrtiorcwwqy tinct-words-run3-44 RUNNING $0.49/hr up 8.5m (timestamp) None
  hdck1s29rhidpf tinct-words-run3-43 RUNNING $0.49/hr up 8.9m (timestamp) None
estimated spend this envelope: $10.55 of $20.00
[20260912T154524Z] enforce exit 0 spent=9.7201
owned pods: 28   other pods left alone: 1
  j6u0br5q2f8xkj tinct-words-run3-72 RUNNING $0.49/hr up 3.4m (timestamp) None
  0obktci1h7rk4h tinct-words-run3-71 RUNNING $0.49/hr up 3.8m (timestamp) None
  wnwau7kxemr8dj tinct-words-run3-70 RUNNING $0.49/hr up 4.1m (timestamp) None
  0tdk7tb6sahfxl tinct-words-run3-69 RUNNING $0.49/hr up 4.5m (timestamp) None
  xy44h4egffm6wk tinct-words-run3-68 RUNNING $0.49/hr up 4.9m (timestamp) None
  ho5h4rz2f8n6jn tinct-words-run3-67 RUNNING $0.49/hr up 5.3m (timestamp) None
  akvdrgw81r9b7x tinct-words-run3-66 RUNNING $0.49/hr up 5.6m (timestamp) None
  riac1na0tk865x tinct-words-run3-65 RUNNING $0.49/hr up 6.0m (timestamp) None
  rptd06q2zrunlv tinct-words-run3-64 RUNNING $0.49/hr up 6.4m (timestamp) None
  cc2vkh1thblyam tinct-words-run3-63 RUNNING $0.49/hr up 6.8m (timestamp) None
  vr58vdyxugin4b tinct-words-run3-62 RUNNING $0.49/hr up 7.1m (timestamp) None
  hsmc1d1pk5wxfg tinct-words-run3-61 RUNNING $0.49/hr up 7.5m (timestamp) None
  k3t3xjnkzjddgx tinct-words-run3-60 RUNNING $0.49/hr up 7.9m (timestamp) None
  yro0oaxasxcsb6 tinct-words-run3-59 RUNNING $0.49/hr up 8.3m (timestamp) None
  cwn9y8lpoexq3c tinct-words-run3-58 RUNNING $0.49/hr up 8.6m (timestamp) None
  lw0bskvcle65eb tinct-words-run3-57 RUNNING $0.49/hr up 9.0m (timestamp) None
  4ba1xntrgin41r tinct-words-run3-56 RUNNING $0.49/hr up 9.4m (timestamp) None
  r0ij003yx86n8i tinct-words-run3-55 RUNNING $0.49/hr up 9.8m (timestamp) None
  p0l16nyt4cuh5q tinct-words-run3-54 RUNNING $0.49/hr up 10.1m (timestamp) None
  yzi6ebksuz34kx tinct-words-run3-53 RUNNING $0.49/hr up 10.5m (timestamp) None
  rzzaq4eeizq9un tinct-words-run3-52 RUNNING $0.49/hr up 10.8m (timestamp) None
  qo9odmog8dbrb4 tinct-words-run3-51 RUNNING $0.49/hr up 11.2m (timestamp) None
  itzf6obbcd8k4l tinct-words-run3-50 RUNNING $0.49/hr up 11.5m (timestamp) None
  wx0sxmyprh6cbj tinct-words-run3-48 RUNNING $0.49/hr up 12.2m (timestamp) None
  qurh3etfroe98y tinct-words-run3-47 RUNNING $0.49/hr up 12.6m (timestamp) None
  3xm4zhpntotknx tinct-words-run3-45 RUNNING $0.49/hr up 13.2m (timestamp) None
  kupkrtiorcwwqy tinct-words-run3-44 RUNNING $0.49/hr up 13.6m (timestamp) None
  hdck1s29rhidpf tinct-words-run3-43 RUNNING $0.49/hr up 13.9m (timestamp) None
estimated spend this envelope: $11.77 of $20.00
[20260912T155026Z] enforce exit 0 spent=9.8296
owned pods: 25   other pods left alone: 1
  j6u0br5q2f8xkj tinct-words-run3-72 RUNNING $0.49/hr up 8.4m (timestamp) None
  0obktci1h7rk4h tinct-words-run3-71 RUNNING $0.49/hr up 8.8m (timestamp) None
  wnwau7kxemr8dj tinct-words-run3-70 RUNNING $0.49/hr up 9.2m (timestamp) None
  0tdk7tb6sahfxl tinct-words-run3-69 RUNNING $0.49/hr up 9.6m (timestamp) None
  xy44h4egffm6wk tinct-words-run3-68 RUNNING $0.49/hr up 9.9m (timestamp) None
  ho5h4rz2f8n6jn tinct-words-run3-67 RUNNING $0.49/hr up 10.3m (timestamp) None
  akvdrgw81r9b7x tinct-words-run3-66 RUNNING $0.49/hr up 10.7m (timestamp) None
  riac1na0tk865x tinct-words-run3-65 RUNNING $0.49/hr up 11.1m (timestamp) None
  rptd06q2zrunlv tinct-words-run3-64 RUNNING $0.49/hr up 11.4m (timestamp) None
  cc2vkh1thblyam tinct-words-run3-63 RUNNING $0.49/hr up 11.8m (timestamp) None
  vr58vdyxugin4b tinct-words-run3-62 RUNNING $0.49/hr up 12.2m (timestamp) None
  hsmc1d1pk5wxfg tinct-words-run3-61 RUNNING $0.49/hr up 12.6m (timestamp) None
  k3t3xjnkzjddgx tinct-words-run3-60 RUNNING $0.49/hr up 12.9m (timestamp) None
  cwn9y8lpoexq3c tinct-words-run3-58 RUNNING $0.49/hr up 13.7m (timestamp) None
  lw0bskvcle65eb tinct-words-run3-57 RUNNING $0.49/hr up 14.1m (timestamp) None
  4ba1xntrgin41r tinct-words-run3-56 RUNNING $0.49/hr up 14.4m (timestamp) None
  r0ij003yx86n8i tinct-words-run3-55 RUNNING $0.49/hr up 14.8m (timestamp) None
  p0l16nyt4cuh5q tinct-words-run3-54 RUNNING $0.49/hr up 15.2m (timestamp) None
  yzi6ebksuz34kx tinct-words-run3-53 RUNNING $0.49/hr up 15.5m (timestamp) None
  rzzaq4eeizq9un tinct-words-run3-52 RUNNING $0.49/hr up 15.9m (timestamp) None
  qo9odmog8dbrb4 tinct-words-run3-51 RUNNING $0.49/hr up 16.2m (timestamp) None
  itzf6obbcd8k4l tinct-words-run3-50 RUNNING $0.49/hr up 16.5m (timestamp) None
  wx0sxmyprh6cbj tinct-words-run3-48 RUNNING $0.49/hr up 17.2m (timestamp) None
  3xm4zhpntotknx tinct-words-run3-45 RUNNING $0.49/hr up 18.3m (timestamp) None
  hdck1s29rhidpf tinct-words-run3-43 RUNNING $0.49/hr up 19.0m (timestamp) None
estimated spend this envelope: $12.85 of $20.00
[20260912T155529Z] enforce exit 0 spent=10.1554
owned pods: 22   other pods left alone: 1
  j6u0br5q2f8xkj tinct-words-run3-72 RUNNING $0.49/hr up 13.5m (timestamp) None
  0obktci1h7rk4h tinct-words-run3-71 RUNNING $0.49/hr up 13.8m (timestamp) None
  wnwau7kxemr8dj tinct-words-run3-70 RUNNING $0.49/hr up 14.2m (timestamp) None
  0tdk7tb6sahfxl tinct-words-run3-69 RUNNING $0.49/hr up 14.6m (timestamp) None
  xy44h4egffm6wk tinct-words-run3-68 RUNNING $0.49/hr up 15.0m (timestamp) None
  ho5h4rz2f8n6jn tinct-words-run3-67 RUNNING $0.49/hr up 15.3m (timestamp) None
  akvdrgw81r9b7x tinct-words-run3-66 RUNNING $0.49/hr up 15.7m (timestamp) None
  cc2vkh1thblyam tinct-words-run3-63 RUNNING $0.49/hr up 16.8m (timestamp) None
  vr58vdyxugin4b tinct-words-run3-62 RUNNING $0.49/hr up 17.2m (timestamp) None
  hsmc1d1pk5wxfg tinct-words-run3-61 RUNNING $0.49/hr up 17.6m (timestamp) None
  k3t3xjnkzjddgx tinct-words-run3-60 RUNNING $0.49/hr up 18.0m (timestamp) None
  cwn9y8lpoexq3c tinct-words-run3-58 RUNNING $0.49/hr up 18.7m (timestamp) None
  lw0bskvcle65eb tinct-words-run3-57 RUNNING $0.49/hr up 19.1m (timestamp) None
  4ba1xntrgin41r tinct-words-run3-56 RUNNING $0.49/hr up 19.5m (timestamp) None
  r0ij003yx86n8i tinct-words-run3-55 RUNNING $0.49/hr up 19.9m (timestamp) None
  p0l16nyt4cuh5q tinct-words-run3-54 RUNNING $0.49/hr up 20.2m (timestamp) None
  yzi6ebksuz34kx tinct-words-run3-53 RUNNING $0.49/hr up 20.5m (timestamp) None
  qo9odmog8dbrb4 tinct-words-run3-51 RUNNING $0.49/hr up 21.2m (timestamp) None
  itzf6obbcd8k4l tinct-words-run3-50 RUNNING $0.49/hr up 21.6m (timestamp) None
  wx0sxmyprh6cbj tinct-words-run3-48 RUNNING $0.49/hr up 22.3m (timestamp) None
  3xm4zhpntotknx tinct-words-run3-45 RUNNING $0.49/hr up 23.3m (timestamp) None
  hdck1s29rhidpf tinct-words-run3-43 RUNNING $0.49/hr up 24.0m (timestamp) None
estimated spend this envelope: $13.44 of $20.00
[20260912T160032Z] enforce exit 0 spent=10.1554
owned pods: 17   other pods left alone: 1
  j6u0br5q2f8xkj tinct-words-run3-72 RUNNING $0.49/hr up 18.5m (timestamp) None
  0obktci1h7rk4h tinct-words-run3-71 RUNNING $0.49/hr up 18.9m (timestamp) None
  wnwau7kxemr8dj tinct-words-run3-70 RUNNING $0.49/hr up 19.2m (timestamp) None
  0tdk7tb6sahfxl tinct-words-run3-69 RUNNING $0.49/hr up 19.6m (timestamp) None
  xy44h4egffm6wk tinct-words-run3-68 RUNNING $0.49/hr up 20.0m (timestamp) None
  ho5h4rz2f8n6jn tinct-words-run3-67 RUNNING $0.49/hr up 20.4m (timestamp) None
  akvdrgw81r9b7x tinct-words-run3-66 RUNNING $0.49/hr up 20.7m (timestamp) None
  cc2vkh1thblyam tinct-words-run3-63 RUNNING $0.49/hr up 21.9m (timestamp) None
  vr58vdyxugin4b tinct-words-run3-62 RUNNING $0.49/hr up 22.2m (timestamp) None
  hsmc1d1pk5wxfg tinct-words-run3-61 RUNNING $0.49/hr up 22.6m (timestamp) None
  k3t3xjnkzjddgx tinct-words-run3-60 RUNNING $0.49/hr up 23.0m (timestamp) None
  cwn9y8lpoexq3c tinct-words-run3-58 RUNNING $0.49/hr up 23.7m (timestamp) None
  lw0bskvcle65eb tinct-words-run3-57 RUNNING $0.49/hr up 24.1m (timestamp) None
  r0ij003yx86n8i tinct-words-run3-55 RUNNING $0.49/hr up 24.9m (timestamp) None
  p0l16nyt4cuh5q tinct-words-run3-54 RUNNING $0.49/hr up 25.2m (timestamp) None
  3xm4zhpntotknx tinct-words-run3-45 RUNNING $0.49/hr up 28.3m (timestamp) None
  hdck1s29rhidpf tinct-words-run3-43 RUNNING $0.49/hr up 29.0m (timestamp) None
estimated spend this envelope: $14.86 of $20.00
[20260912T160533Z] enforce exit 0 spent=11.7347
Traceback (most recent call last):
  File "/usr/lib/python3.11/urllib/request.py", line 1348, in do_open
    h.request(req.get_method(), req.selector, req.data, headers,
  File "/usr/lib/python3.11/http/client.py", line 1323, in request
    self._send_request(method, url, body, headers, encode_chunked)
  File "/usr/lib/python3.11/http/client.py", line 1369, in _send_request
    self.endheaders(body, encode_chunked=encode_chunked)
  File "/usr/lib/python3.11/http/client.py", line 1318, in endheaders
    self._send_output(message_body, encode_chunked=encode_chunked)
  File "/usr/lib/python3.11/http/client.py", line 1078, in _send_output
    self.send(msg)
  File "/usr/lib/python3.11/http/client.py", line 1016, in send
    self.connect()
  File "/usr/lib/python3.11/http/client.py", line 1495, in connect
    self.sock = self._context.wrap_socket(self.sock,
                ^^^^^^^^^^^^^^^^^^^^^^^^^^^^^^^^^^^^
  File "/usr/lib/python3.11/ssl.py", line 517, in wrap_socket
    return self.sslsocket_class._create(
           ^^^^^^^^^^^^^^^^^^^^^^^^^^^^^
  File "/usr/lib/python3.11/ssl.py", line 1104, in _create
    self.do_handshake()
  File "/usr/lib/python3.11/ssl.py", line 1382, in do_handshake
    self._sslobj.do_handshake()
ConnectionResetError: [Errno 104] Connection reset by peer

During handling of the above exception, another exception occurred:

Traceback (most recent call last):
  File "/home/user/tinct/tools/audio-highlight/runpod_guard.py", line 249, in <module>
    raise SystemExit(main())
                     ^^^^^^
  File "/home/user/tinct/tools/audio-highlight/runpod_guard.py", line 166, in main
    pods = list_pods(key)
           ^^^^^^^^^^^^^^
  File "/home/user/tinct/tools/audio-highlight/runpod_guard.py", line 102, in list_pods
    status, body = _call("GET", "/pods", key)
                   ^^^^^^^^^^^^^^^^^^^^^^^^^^
  File "/home/user/tinct/tools/audio-highlight/runpod_guard.py", line 54, in _call
    with urllib.request.urlopen(request, timeout=45) as response:
         ^^^^^^^^^^^^^^^^^^^^^^^^^^^^^^^^^^^^^^^^^^^
  File "/usr/lib/python3.11/urllib/request.py", line 216, in urlopen
    return opener.open(url, data, timeout)
           ^^^^^^^^^^^^^^^^^^^^^^^^^^^^^^^
  File "/usr/lib/python3.11/urllib/request.py", line 519, in open
    response = self._open(req, data)
               ^^^^^^^^^^^^^^^^^^^^^
  File "/usr/lib/python3.11/urllib/request.py", line 536, in _open
    result = self._call_chain(self.handle_open, protocol, protocol +
             ^^^^^^^^^^^^^^^^^^^^^^^^^^^^^^^^^^^^^^^^^^^^^^^^^^^^^^^
  File "/usr/lib/python3.11/urllib/request.py", line 496, in _call_chain
    result = func(*args)
             ^^^^^^^^^^^
  File "/usr/lib/python3.11/urllib/request.py", line 1391, in https_open
    return self.do_open(http.client.HTTPSConnection, req,
           ^^^^^^^^^^^^^^^^^^^^^^^^^^^^^^^^^^^^^^^^^^^^^^
  File "/usr/lib/python3.11/urllib/request.py", line 1351, in do_open
    raise URLError(err)
urllib.error.URLError: <urlopen error [Errno 104] Connection reset by peer>
[20260912T161034Z] enforce exit 1 spent=12.3774
owned pods: 11   other pods left alone: 1
  j6u0br5q2f8xkj tinct-words-run3-72 RUNNING $0.49/hr up 28.6m (timestamp) None
  0obktci1h7rk4h tinct-words-run3-71 RUNNING $0.49/hr up 29.0m (timestamp) None
  wnwau7kxemr8dj tinct-words-run3-70 RUNNING $0.49/hr up 29.3m (timestamp) None
  0tdk7tb6sahfxl tinct-words-run3-69 RUNNING $0.49/hr up 29.7m (timestamp) None
  xy44h4egffm6wk tinct-words-run3-68 RUNNING $0.49/hr up 30.1m (timestamp) None
  ho5h4rz2f8n6jn tinct-words-run3-67 RUNNING $0.49/hr up 30.5m (timestamp) None
  vr58vdyxugin4b tinct-words-run3-62 RUNNING $0.49/hr up 32.3m (timestamp) None
  hsmc1d1pk5wxfg tinct-words-run3-61 RUNNING $0.49/hr up 32.7m (timestamp) None
  lw0bskvcle65eb tinct-words-run3-57 RUNNING $0.49/hr up 34.2m (timestamp) None
  r0ij003yx86n8i tinct-words-run3-55 RUNNING $0.49/hr up 35.0m (timestamp) None
  3xm4zhpntotknx tinct-words-run3-45 RUNNING $0.49/hr up 38.4m (timestamp) None
estimated spend this envelope: $16.02 of $20.00
[20260912T161540Z] enforce exit 0 spent=13.1662
owned pods: 6   other pods left alone: 1
  j6u0br5q2f8xkj tinct-words-run3-72 RUNNING $0.49/hr up 33.6m (timestamp) None
  0obktci1h7rk4h tinct-words-run3-71 RUNNING $0.49/hr up 34.0m (timestamp) None
  0tdk7tb6sahfxl tinct-words-run3-69 RUNNING $0.49/hr up 34.7m (timestamp) None
  xy44h4egffm6wk tinct-words-run3-68 RUNNING $0.49/hr up 35.1m (timestamp) None
  hsmc1d1pk5wxfg tinct-words-run3-61 RUNNING $0.49/hr up 37.8m (timestamp) None
  3xm4zhpntotknx tinct-words-run3-45 RUNNING $0.49/hr up 43.5m (timestamp) None
estimated spend this envelope: $15.81 of $20.00
[20260912T162041Z] enforce exit 0 spent=14.0204
owned pods: 1   other pods left alone: 1
  3xm4zhpntotknx tinct-words-run3-45 RUNNING $0.49/hr up 48.5m (timestamp) None
estimated spend this envelope: $16.54 of $20.00
[20260912T162543Z] enforce exit 0 spent=16.1437
owned pods: 1   other pods left alone: 1
  3xm4zhpntotknx tinct-words-run3-45 RUNNING $0.49/hr up 53.5m (timestamp) None
estimated spend this envelope: $16.58 of $20.00
  STOP 3xm4zhpntotknx tinct-words-run3-45: uptime 53.5 min over 50 min
    -> HTTP 200 ok
[20260912T163043Z] enforce exit 0 spent=16.1437
owned pods: 1   other pods left alone: 1
  3xm4zhpntotknx tinct-words-run3-45 EXITED $0.49/hr up 0.0m (not-running) None
estimated spend this envelope: $16.14 of $20.00
[20260912T163545Z] enforce exit 0 spent=16.1437
owned pods: 1   other pods left alone: 1
  3xm4zhpntotknx tinct-words-run3-45 EXITED $0.49/hr up 0.0m (not-running) None
estimated spend this envelope: $16.14 of $20.00
[20260912T164045Z] enforce exit 0 spent=16.1437
owned pods: 1   other pods left alone: 1
  3xm4zhpntotknx tinct-words-run3-45 EXITED $0.49/hr up 0.0m (not-running) None
estimated spend this envelope: $16.14 of $20.00
[20260912T164546Z] enforce exit 0 spent=16.1437
owned pods: 1   other pods left alone: 1
  3xm4zhpntotknx tinct-words-run3-45 EXITED $0.49/hr up 0.0m (not-running) None
estimated spend this envelope: $16.14 of $20.00
[20260912T165047Z] enforce exit 0 spent=16.1437
Traceback (most recent call last):
  File "/usr/lib/python3.11/urllib/request.py", line 1348, in do_open
    h.request(req.get_method(), req.selector, req.data, headers,
  File "/usr/lib/python3.11/http/client.py", line 1323, in request
    self._send_request(method, url, body, headers, encode_chunked)
  File "/usr/lib/python3.11/http/client.py", line 1369, in _send_request
    self.endheaders(body, encode_chunked=encode_chunked)
  File "/usr/lib/python3.11/http/client.py", line 1318, in endheaders
    self._send_output(message_body, encode_chunked=encode_chunked)
  File "/usr/lib/python3.11/http/client.py", line 1078, in _send_output
    self.send(msg)
  File "/usr/lib/python3.11/http/client.py", line 1016, in send
    self.connect()
  File "/usr/lib/python3.11/http/client.py", line 1495, in connect
    self.sock = self._context.wrap_socket(self.sock,
                ^^^^^^^^^^^^^^^^^^^^^^^^^^^^^^^^^^^^
  File "/usr/lib/python3.11/ssl.py", line 517, in wrap_socket
    return self.sslsocket_class._create(
           ^^^^^^^^^^^^^^^^^^^^^^^^^^^^^
  File "/usr/lib/python3.11/ssl.py", line 1104, in _create
    self.do_handshake()
  File "/usr/lib/python3.11/ssl.py", line 1382, in do_handshake
    self._sslobj.do_handshake()
ConnectionResetError: [Errno 104] Connection reset by peer

During handling of the above exception, another exception occurred:

Traceback (most recent call last):
  File "/home/user/tinct/tools/audio-highlight/runpod_guard.py", line 249, in <module>
    raise SystemExit(main())
                     ^^^^^^
  File "/home/user/tinct/tools/audio-highlight/runpod_guard.py", line 166, in main
    pods = list_pods(key)
           ^^^^^^^^^^^^^^
  File "/home/user/tinct/tools/audio-highlight/runpod_guard.py", line 102, in list_pods
    status, body = _call("GET", "/pods", key)
                   ^^^^^^^^^^^^^^^^^^^^^^^^^^
  File "/home/user/tinct/tools/audio-highlight/runpod_guard.py", line 54, in _call
    with urllib.request.urlopen(request, timeout=45) as response:
         ^^^^^^^^^^^^^^^^^^^^^^^^^^^^^^^^^^^^^^^^^^^
  File "/usr/lib/python3.11/urllib/request.py", line 216, in urlopen
    return opener.open(url, data, timeout)
           ^^^^^^^^^^^^^^^^^^^^^^^^^^^^^^^
  File "/usr/lib/python3.11/urllib/request.py", line 519, in open
    response = self._open(req, data)
               ^^^^^^^^^^^^^^^^^^^^^
  File "/usr/lib/python3.11/urllib/request.py", line 536, in _open
    result = self._call_chain(self.handle_open, protocol, protocol +
             ^^^^^^^^^^^^^^^^^^^^^^^^^^^^^^^^^^^^^^^^^^^^^^^^^^^^^^^
  File "/usr/lib/python3.11/urllib/request.py", line 496, in _call_chain
    result = func(*args)
             ^^^^^^^^^^^
  File "/usr/lib/python3.11/urllib/request.py", line 1391, in https_open
    return self.do_open(http.client.HTTPSConnection, req,
           ^^^^^^^^^^^^^^^^^^^^^^^^^^^^^^^^^^^^^^^^^^^^^^
  File "/usr/lib/python3.11/urllib/request.py", line 1351, in do_open
    raise URLError(err)
urllib.error.URLError: <urlopen error [Errno 104] Connection reset by peer>
[20260912T165548Z] enforce exit 1 spent=16.1437
owned pods: 1   other pods left alone: 1
  6gejzf95vlyjki tinct-words-run3-73 RUNNING $0.49/hr up 7.9m (timestamp) None
estimated spend this envelope: $16.21 of $20.00
[20260912T170054Z] enforce exit 0 spent=16.1437
