[2026-09-12T14:09:50Z] created a2e1o5lmhtgljh tinct-words-run3-20 gpu=None $0.49/hr
[2026-09-12T14:09:51Z] waiting: pod RUNNING agent HTTP 404
[2026-09-12T14:10:07Z] waiting: pod RUNNING agent HTTP 404
[2026-09-12T14:10:23Z] phase cohort at 0.5 min; setup={"versions": {"faster-whisper": "1.2.1", "ctranslate2": "4.8.2", "av": "18.1.0"}, "commit": "c43ab3799d5b71c58b770ed22e1bd7bb9b2774cf", "model_tree_sha256": "f1fe271c349229677131d389a96d0a28062a6a2c2fee54a8ce119c43538315c5", "ld_library_path": "/usr/local/lib/python3.11/dist-packages/nvidia/cublas/l
[2026-09-12T14:10:23Z] 0.5 min: cohort {"arm_chapters_passed": 0, "arm_chapters_rejected": 0, "arm_chapters_running": 0}
[2026-09-12T14:10:54Z] 1.1 min: cohort {"arm_chapters_passed": 0, "arm_chapters_rejected": 0, "arm_chapters_running": 0}
[2026-09-12T14:11:24Z] 1.6 min: cohort {"arm_chapters_passed": 0, "arm_chapters_rejected": 0, "arm_chapters_running": 0}
[2026-09-12T14:11:55Z] phase aligning at 2.1 min; setup={"versions": {"faster-whisper": "1.2.1", "ctranslate2": "4.8.2", "av": "18.1.0"}, "commit": "c43ab3799d5b71c58b770ed22e1bd7bb9b2774cf", "model_tree_sha256": "f1fe271c349229677131d389a96d0a28062a6a2c2fee54a8ce119c43538315c5", "ld_library_path": "/usr/local/lib/python3.11/dist-packages/nvidia/cublas/l
[2026-09-12T14:11:55Z] 2.1 min: aligning {"arm_chapters_passed": 0, "arm_chapters_rejected": 1, "arm_chapters_running": 1, "paragraph_diagnostics": 37}
[2026-09-12T14:12:25Z] 2.6 min: aligning {"arm_chapters_passed": 0, "arm_chapters_rejected": 1, "arm_chapters_running": 1, "paragraph_diagnostics": 71}
[2026-09-12T14:12:55Z] 3.1 min: aligning {"arm_chapters_passed": 1, "arm_chapters_rejected": 1, "arm_chapters_running": 1, "paragraph_diagnostics": 112}
[2026-09-12T14:13:26Z] 3.6 min: aligning {"arm_chapters_passed": 1, "arm_chapters_rejected": 2, "arm_chapters_running": 1, "paragraph_diagnostics": 138}
[2026-09-12T14:13:56Z] 4.1 min: aligning {"arm_chapters_passed": 1, "arm_chapters_rejected": 2, "arm_chapters_running": 1, "paragraph_diagnostics": 168}
[2026-09-12T14:14:28Z] snapshot 1069477 bytes
[2026-09-12T14:14:28Z] 4.6 min: aligning {"arm_chapters_passed": 2, "arm_chapters_rejected": 2, "arm_chapters_running": 1, "paragraph_diagnostics": 204}
[2026-09-12T14:14:59Z] 5.1 min: aligning {"arm_chapters_passed": 2, "arm_chapters_rejected": 3, "arm_chapters_running": 1, "paragraph_diagnostics": 260}
[2026-09-12T14:15:29Z] 5.6 min: aligning {"arm_chapters_passed": 2, "arm_chapters_rejected": 3, "arm_chapters_running": 1, "paragraph_diagnostics": 310}
[2026-09-12T14:15:59Z] 6.1 min: aligning {"arm_chapters_passed": 3, "arm_chapters_rejected": 3, "arm_chapters_running": 1, "paragraph_diagnostics": 341}
[2026-09-12T14:16:30Z] 6.7 min: aligning {"arm_chapters_passed": 3, "arm_chapters_rejected": 4, "arm_chapters_running": 1, "paragraph_diagnostics": 416}
[2026-09-12T14:17:00Z] 7.2 min: aligning {"arm_chapters_passed": 3, "arm_chapters_rejected": 4, "arm_chapters_running": 1, "paragraph_diagnostics": 443}
[2026-09-12T14:17:30Z] 7.7 min: aligning {"arm_chapters_passed": 5, "arm_chapters_rejected": 5, "arm_chapters_running": 1, "paragraph_diagnostics": 523}
[2026-09-12T14:18:01Z] 8.2 min: aligning {"arm_chapters_passed": 5, "arm_chapters_rejected": 6, "arm_chapters_running": 1, "paragraph_diagnostics": 558}
[2026-09-12T14:18:34Z] snapshot 2228474 bytes
[2026-09-12T14:18:34Z] 8.7 min: aligning {"arm_chapters_passed": 6, "arm_chapters_rejected": 6, "arm_chapters_running": 1, "paragraph_diagnostics": 602}
[2026-09-12T14:19:05Z] 9.2 min: aligning {"arm_chapters_passed": 6, "arm_chapters_rejected": 6, "arm_chapters_running": 1, "paragraph_diagnostics": 723}
[2026-09-12T14:19:35Z] 9.7 min: aligning {"arm_chapters_passed": 6, "arm_chapters_rejected": 7, "arm_chapters_running": 1, "paragraph_diagnostics": 761}
[2026-09-12T14:20:06Z] 10.3 min: aligning {"arm_chapters_passed": 6, "arm_chapters_rejected": 7, "arm_chapters_running": 1, "paragraph_diagnostics": 813}
[2026-09-12T14:20:36Z] 10.8 min: aligning {"arm_chapters_passed": 6, "arm_chapters_rejected": 7, "arm_chapters_running": 1, "paragraph_diagnostics": 864}
[2026-09-12T14:21:07Z] 11.3 min: aligning {"arm_chapters_passed": 8, "arm_chapters_rejected": 8, "arm_chapters_running": 1, "paragraph_diagnostics": 941}
[2026-09-12T14:21:37Z] 11.8 min: aligning {"arm_chapters_passed": 11, "arm_chapters_rejected": 8, "arm_chapters_running": 1, "paragraph_diagnostics": 1021}
[2026-09-12T14:22:08Z] 12.3 min: aligning {"arm_chapters_passed": 14, "arm_chapters_rejected": 8, "arm_chapters_running": 1, "paragraph_diagnostics": 1102}
[2026-09-12T14:22:43Z] snapshot 3076101 bytes
[2026-09-12T14:22:43Z] 12.8 min: aligning {"arm_chapters_passed": 17, "arm_chapters_rejected": 9, "arm_chapters_running": 1, "paragraph_diagnostics": 1192}
[2026-09-12T14:23:14Z] 13.4 min: aligning {"arm_chapters_passed": 20, "arm_chapters_rejected": 9, "arm_chapters_running": 1, "paragraph_diagnostics": 1303}
[2026-09-12T14:23:44Z] 13.9 min: aligning {"arm_chapters_passed": 23, "arm_chapters_rejected": 9, "arm_chapters_running": 1, "paragraph_diagnostics": 1392}
[2026-09-12T14:24:14Z] phase done at 14.4 min; setup={"versions": {"faster-whisper": "1.2.1", "ctranslate2": "4.8.2", "av": "18.1.0"}, "commit": "c43ab3799d5b71c58b770ed22e1bd7bb9b2774cf", "model_tree_sha256": "f1fe271c349229677131d389a96d0a28062a6a2c2fee54a8ce119c43538315c5", "ld_library_path": "/usr/local/lib/python3.11/dist-packages/nvidia/cublas/l
[2026-09-12T14:24:14Z] 14.4 min: done {"arm_chapters_passed": 25, "arm_chapters_rejected": 9, "arm_chapters_running": 0, "paragraph_diagnostics": 1488}
[2026-09-12T14:24:21Z] fetched out.tar.gz (3448014 bytes)
[2026-09-12T14:24:22Z] stop a2e1o5lmhtgljh: HTTP 200
[2026-09-12T14:24:23Z] terminate a2e1o5lmhtgljh: HTTP 204
[2026-09-12T14:24:23Z] pod a2e1o5lmhtgljh done: outcome=done uptime=14.5m est $0.12
