[2026-09-12T13:29:41Z] created t7pv3kmw3p8h9k tinct-words-run3-2 gpu=None $0.49/hr
[2026-09-12T13:29:43Z] waiting: pod RUNNING agent HTTP 404
[2026-09-12T13:29:59Z] waiting: pod RUNNING agent HTTP 404
[2026-09-12T13:30:15Z] phase cohort at 0.6 min; setup={"versions": {"faster-whisper": "1.2.1", "ctranslate2": "4.8.2", "av": "18.1.0"}, "commit": "c43ab3799d5b71c58b770ed22e1bd7bb9b2774cf", "model_tree_sha256": "f1fe271c349229677131d389a96d0a28062a6a2c2fee54a8ce119c43538315c5", "ld_library_path": "/usr/local/lib/python3.11/dist-packages/nvidia/cublas/l
[2026-09-12T13:30:15Z] 0.6 min: cohort {"arm_chapters_passed": 0, "arm_chapters_rejected": 0, "arm_chapters_running": 0}
[2026-09-12T13:30:46Z] 1.1 min: cohort {"arm_chapters_passed": 0, "arm_chapters_rejected": 0, "arm_chapters_running": 0}
[2026-09-12T13:31:16Z] 1.6 min: cohort {"arm_chapters_passed": 0, "arm_chapters_rejected": 0, "arm_chapters_running": 0}
[2026-09-12T13:31:46Z] 2.1 min: cohort {"arm_chapters_passed": 0, "arm_chapters_rejected": 0, "arm_chapters_running": 0}
[2026-09-12T13:32:17Z] phase aligning at 2.6 min; setup={"versions": {"faster-whisper": "1.2.1", "ctranslate2": "4.8.2", "av": "18.1.0"}, "commit": "c43ab3799d5b71c58b770ed22e1bd7bb9b2774cf", "model_tree_sha256": "f1fe271c349229677131d389a96d0a28062a6a2c2fee54a8ce119c43538315c5", "ld_library_path": "/usr/local/lib/python3.11/dist-packages/nvidia/cublas/l
[2026-09-12T13:32:17Z] 2.6 min: aligning {"arm_chapters_passed": 0, "arm_chapters_rejected": 0, "arm_chapters_running": 1, "paragraph_diagnostics": 3}
[2026-09-12T13:32:47Z] 3.1 min: aligning {"arm_chapters_passed": 0, "arm_chapters_rejected": 0, "arm_chapters_running": 1, "paragraph_diagnostics": 18}
[2026-09-12T13:33:17Z] 3.6 min: aligning {"arm_chapters_passed": 0, "arm_chapters_rejected": 0, "arm_chapters_running": 1, "paragraph_diagnostics": 34}
[2026-09-12T13:33:48Z] 4.1 min: aligning {"arm_chapters_passed": 0, "arm_chapters_rejected": 0, "arm_chapters_running": 1, "paragraph_diagnostics": 51}
[2026-09-12T13:34:20Z] snapshot 983531 bytes
[2026-09-12T13:34:20Z] 4.6 min: aligning {"arm_chapters_passed": 0, "arm_chapters_rejected": 1, "arm_chapters_running": 1, "paragraph_diagnostics": 88}
[2026-09-12T13:34:50Z] 5.1 min: aligning {"arm_chapters_passed": 0, "arm_chapters_rejected": 1, "arm_chapters_running": 1, "paragraph_diagnostics": 93}
[2026-09-12T13:35:20Z] 5.7 min: aligning {"arm_chapters_passed": 0, "arm_chapters_rejected": 1, "arm_chapters_running": 1, "paragraph_diagnostics": 106}
[2026-09-12T13:35:51Z] 6.2 min: aligning {"arm_chapters_passed": 0, "arm_chapters_rejected": 1, "arm_chapters_running": 1, "paragraph_diagnostics": 114}
[2026-09-12T13:36:21Z] 6.7 min: aligning {"arm_chapters_passed": 0, "arm_chapters_rejected": 1, "arm_chapters_running": 1, "paragraph_diagnostics": 125}
[2026-09-12T13:36:51Z] 7.2 min: aligning {"arm_chapters_passed": 0, "arm_chapters_rejected": 1, "arm_chapters_running": 1, "paragraph_diagnostics": 135}
[2026-09-12T13:37:22Z] 7.7 min: aligning {"arm_chapters_passed": 0, "arm_chapters_rejected": 1, "arm_chapters_running": 1, "paragraph_diagnostics": 138}
[2026-09-12T13:37:52Z] 8.2 min: aligning {"arm_chapters_passed": 0, "arm_chapters_rejected": 1, "arm_chapters_running": 1, "paragraph_diagnostics": 150}
[2026-09-12T13:38:27Z] snapshot 2842242 bytes
[2026-09-12T13:38:27Z] 8.7 min: aligning {"arm_chapters_passed": 1, "arm_chapters_rejected": 1, "arm_chapters_running": 1, "paragraph_diagnostics": 203}
[2026-09-12T13:38:57Z] 9.3 min: aligning {"arm_chapters_passed": 1, "arm_chapters_rejected": 1, "arm_chapters_running": 1, "paragraph_diagnostics": 276}
[2026-09-12T13:39:28Z] 9.8 min: aligning {"arm_chapters_passed": 1, "arm_chapters_rejected": 1, "arm_chapters_running": 1, "paragraph_diagnostics": 354}
[2026-09-12T13:39:58Z] 10.3 min: aligning {"arm_chapters_passed": 1, "arm_chapters_rejected": 2, "arm_chapters_running": 1, "paragraph_diagnostics": 415}
[2026-09-12T13:40:28Z] 10.8 min: aligning {"arm_chapters_passed": 1, "arm_chapters_rejected": 2, "arm_chapters_running": 1, "paragraph_diagnostics": 463}
[2026-09-12T13:40:58Z] 11.3 min: aligning {"arm_chapters_passed": 1, "arm_chapters_rejected": 2, "arm_chapters_running": 1, "paragraph_diagnostics": 497}
[2026-09-12T13:41:29Z] 11.8 min: aligning {"arm_chapters_passed": 1, "arm_chapters_rejected": 2, "arm_chapters_running": 1, "paragraph_diagnostics": 558}
[2026-09-12T13:41:59Z] 12.3 min: aligning {"arm_chapters_passed": 1, "arm_chapters_rejected": 2, "arm_chapters_running": 1, "paragraph_diagnostics": 602}
[2026-09-12T13:42:35Z] snapshot 4135574 bytes
[2026-09-12T13:42:35Z] 12.8 min: aligning {"arm_chapters_passed": 2, "arm_chapters_rejected": 2, "arm_chapters_running": 1, "paragraph_diagnostics": 668}
[2026-09-12T13:43:06Z] 13.4 min: aligning {"arm_chapters_passed": 2, "arm_chapters_rejected": 3, "arm_chapters_running": 1, "paragraph_diagnostics": 773}
[2026-09-12T13:43:36Z] 13.9 min: aligning {"arm_chapters_passed": 3, "arm_chapters_rejected": 4, "arm_chapters_running": 1, "paragraph_diagnostics": 821}
[2026-09-12T13:44:06Z] 14.4 min: aligning {"arm_chapters_passed": 13, "arm_chapters_rejected": 6, "arm_chapters_running": 1, "paragraph_diagnostics": 840}
[2026-09-12T13:44:37Z] 14.9 min: aligning {"arm_chapters_passed": 19, "arm_chapters_rejected": 6, "arm_chapters_running": 1, "paragraph_diagnostics": 854}
[2026-09-12T13:45:07Z] 15.4 min: aligning {"arm_chapters_passed": 23, "arm_chapters_rejected": 6, "arm_chapters_running": 1, "paragraph_diagnostics": 860}
[2026-09-12T13:45:38Z] 15.9 min: aligning {"arm_chapters_passed": 27, "arm_chapters_rejected": 6, "arm_chapters_running": 1, "paragraph_diagnostics": 868}
[2026-09-12T13:46:08Z] phase done at 16.4 min; setup={"versions": {"faster-whisper": "1.2.1", "ctranslate2": "4.8.2", "av": "18.1.0"}, "commit": "c43ab3799d5b71c58b770ed22e1bd7bb9b2774cf", "model_tree_sha256": "f1fe271c349229677131d389a96d0a28062a6a2c2fee54a8ce119c43538315c5", "ld_library_path": "/usr/local/lib/python3.11/dist-packages/nvidia/cublas/l
[2026-09-12T13:46:08Z] 16.4 min: done {"arm_chapters_passed": 28, "arm_chapters_rejected": 6, "arm_chapters_running": 0, "paragraph_diagnostics": 868}
[2026-09-12T13:46:16Z] fetched out.tar.gz (5298407 bytes)
[2026-09-12T13:46:17Z] stop t7pv3kmw3p8h9k: HTTP 200
[2026-09-12T13:46:18Z] terminate t7pv3kmw3p8h9k: HTTP 204
[2026-09-12T13:46:18Z] pod t7pv3kmw3p8h9k done: outcome=done uptime=16.6m est $0.14
