[2026-09-12T14:37:19Z] created n52xqrmztyhw1o tinct-words-run3-28 gpu=None $0.49/hr
[2026-09-12T14:37:19Z] waiting: pod RUNNING agent HTTP 404
[2026-09-12T14:37:35Z] waiting: pod RUNNING agent HTTP 404
[2026-09-12T14:37:51Z] phase cohort at 0.5 min; setup={"versions": {"faster-whisper": "1.2.1", "ctranslate2": "4.8.2", "av": "18.1.0"}, "commit": "c43ab3799d5b71c58b770ed22e1bd7bb9b2774cf", "model_tree_sha256": "f1fe271c349229677131d389a96d0a28062a6a2c2fee54a8ce119c43538315c5", "ld_library_path": "/usr/local/lib/python3.11/dist-packages/nvidia/cublas/l
[2026-09-12T14:37:51Z] 0.5 min: cohort {"arm_chapters_passed": 0, "arm_chapters_rejected": 0, "arm_chapters_running": 0}
[2026-09-12T14:38:22Z] 1.0 min: cohort {"arm_chapters_passed": 0, "arm_chapters_rejected": 0, "arm_chapters_running": 0}
[2026-09-12T14:38:52Z] 1.6 min: cohort {"arm_chapters_passed": 0, "arm_chapters_rejected": 0, "arm_chapters_running": 0}
[2026-09-12T14:39:22Z] 2.1 min: cohort {"arm_chapters_passed": 0, "arm_chapters_rejected": 0, "arm_chapters_running": 0}
[2026-09-12T14:39:53Z] 2.6 min: cohort {"arm_chapters_passed": 0, "arm_chapters_rejected": 0, "arm_chapters_running": 0}
[2026-09-12T14:40:23Z] 3.1 min: cohort {"arm_chapters_passed": 0, "arm_chapters_rejected": 0, "arm_chapters_running": 0}
[2026-09-12T14:40:54Z] 3.6 min: cohort {"arm_chapters_passed": 0, "arm_chapters_rejected": 0, "arm_chapters_running": 0}
[2026-09-12T14:41:24Z] 4.1 min: cohort {"arm_chapters_passed": 0, "arm_chapters_rejected": 0, "arm_chapters_running": 0}
[2026-09-12T14:41:55Z] 4.6 min: cohort {"arm_chapters_passed": 0, "arm_chapters_rejected": 0, "arm_chapters_running": 0}
[2026-09-12T14:42:25Z] 5.1 min: cohort {"arm_chapters_passed": 0, "arm_chapters_rejected": 0, "arm_chapters_running": 0}
[2026-09-12T14:42:56Z] snapshot 68146 bytes
[2026-09-12T14:42:56Z] phase aligning at 5.6 min; setup={"versions": {"faster-whisper": "1.2.1", "ctranslate2": "4.8.2", "av": "18.1.0"}, "commit": "c43ab3799d5b71c58b770ed22e1bd7bb9b2774cf", "model_tree_sha256": "f1fe271c349229677131d389a96d0a28062a6a2c2fee54a8ce119c43538315c5", "ld_library_path": "/usr/local/lib/python3.11/dist-packages/nvidia/cublas/l
[2026-09-12T14:42:56Z] 5.6 min: aligning {"arm_chapters_passed": 0, "arm_chapters_rejected": 0, "arm_chapters_running": 1, "paragraph_diagnostics": 59}
[2026-09-12T14:43:26Z] 6.1 min: aligning {"arm_chapters_passed": 0, "arm_chapters_rejected": 1, "arm_chapters_running": 1, "paragraph_diagnostics": 140}
[2026-09-12T14:43:56Z] 6.6 min: aligning {"arm_chapters_passed": 1, "arm_chapters_rejected": 1, "arm_chapters_running": 1, "paragraph_diagnostics": 210}
[2026-09-12T14:44:27Z] 7.1 min: aligning {"arm_chapters_passed": 1, "arm_chapters_rejected": 1, "arm_chapters_running": 1, "paragraph_diagnostics": 289}
[2026-09-12T14:44:57Z] 7.6 min: aligning {"arm_chapters_passed": 1, "arm_chapters_rejected": 2, "arm_chapters_running": 1, "paragraph_diagnostics": 365}
[2026-09-12T14:45:27Z] 8.1 min: aligning {"arm_chapters_passed": 1, "arm_chapters_rejected": 2, "arm_chapters_running": 1, "paragraph_diagnostics": 410}
[2026-09-12T14:45:58Z] 8.6 min: aligning {"arm_chapters_passed": 1, "arm_chapters_rejected": 2, "arm_chapters_running": 1, "paragraph_diagnostics": 462}
[2026-09-12T14:46:28Z] 9.2 min: aligning {"arm_chapters_passed": 1, "arm_chapters_rejected": 2, "arm_chapters_running": 1, "paragraph_diagnostics": 512}
[2026-09-12T14:47:00Z] snapshot 1056539 bytes
[2026-09-12T14:47:00Z] 9.7 min: aligning {"arm_chapters_passed": 1, "arm_chapters_rejected": 4, "arm_chapters_running": 1, "paragraph_diagnostics": 588}
[2026-09-12T14:47:30Z] 10.2 min: aligning {"arm_chapters_passed": 1, "arm_chapters_rejected": 4, "arm_chapters_running": 1, "paragraph_diagnostics": 652}
[2026-09-12T14:48:01Z] 10.7 min: aligning {"arm_chapters_passed": 2, "arm_chapters_rejected": 4, "arm_chapters_running": 1, "paragraph_diagnostics": 707}
[2026-09-12T14:48:31Z] 11.2 min: aligning {"arm_chapters_passed": 2, "arm_chapters_rejected": 5, "arm_chapters_running": 1, "paragraph_diagnostics": 755}
[2026-09-12T14:49:02Z] 11.7 min: aligning {"arm_chapters_passed": 2, "arm_chapters_rejected": 5, "arm_chapters_running": 1, "paragraph_diagnostics": 776}
[2026-09-12T14:49:32Z] 12.2 min: aligning {"arm_chapters_passed": 3, "arm_chapters_rejected": 5, "arm_chapters_running": 1, "paragraph_diagnostics": 841}
[2026-09-12T14:50:03Z] 12.7 min: aligning {"arm_chapters_passed": 4, "arm_chapters_rejected": 6, "arm_chapters_running": 1, "paragraph_diagnostics": 909}
[2026-09-12T14:50:33Z] 13.2 min: aligning {"arm_chapters_passed": 5, "arm_chapters_rejected": 6, "arm_chapters_running": 1, "paragraph_diagnostics": 964}
[2026-09-12T14:51:06Z] snapshot 1983302 bytes
[2026-09-12T14:51:06Z] 13.7 min: aligning {"arm_chapters_passed": 6, "arm_chapters_rejected": 7, "arm_chapters_running": 1, "paragraph_diagnostics": 1019}
[2026-09-12T14:51:36Z] 14.3 min: aligning {"arm_chapters_passed": 7, "arm_chapters_rejected": 7, "arm_chapters_running": 1, "paragraph_diagnostics": 1062}
[2026-09-12T14:52:07Z] 14.8 min: aligning {"arm_chapters_passed": 7, "arm_chapters_rejected": 7, "arm_chapters_running": 1, "paragraph_diagnostics": 1104}
[2026-09-12T14:52:37Z] 15.3 min: aligning {"arm_chapters_passed": 8, "arm_chapters_rejected": 7, "arm_chapters_running": 1, "paragraph_diagnostics": 1143}
[2026-09-12T14:53:07Z] 15.8 min: aligning {"arm_chapters_passed": 8, "arm_chapters_rejected": 7, "arm_chapters_running": 1, "paragraph_diagnostics": 1164}
[2026-09-12T14:53:38Z] 16.3 min: aligning {"arm_chapters_passed": 8, "arm_chapters_rejected": 7, "arm_chapters_running": 1, "paragraph_diagnostics": 1190}
[2026-09-12T14:54:08Z] 16.8 min: aligning {"arm_chapters_passed": 8, "arm_chapters_rejected": 7, "arm_chapters_running": 1, "paragraph_diagnostics": 1219}
[2026-09-12T14:54:38Z] 17.3 min: aligning {"arm_chapters_passed": 8, "arm_chapters_rejected": 7, "arm_chapters_running": 1, "paragraph_diagnostics": 1239}
[2026-09-12T14:55:14Z] snapshot 3587416 bytes
[2026-09-12T14:55:14Z] 17.8 min: aligning {"arm_chapters_passed": 9, "arm_chapters_rejected": 7, "arm_chapters_running": 1, "paragraph_diagnostics": 1274}
[2026-09-12T14:55:44Z] 18.4 min: aligning {"arm_chapters_passed": 9, "arm_chapters_rejected": 7, "arm_chapters_running": 1, "paragraph_diagnostics": 1334}
[2026-09-12T14:56:14Z] 18.9 min: aligning {"arm_chapters_passed": 9, "arm_chapters_rejected": 8, "arm_chapters_running": 1, "paragraph_diagnostics": 1360}
[2026-09-12T14:56:45Z] 19.4 min: aligning {"arm_chapters_passed": 9, "arm_chapters_rejected": 8, "arm_chapters_running": 1, "paragraph_diagnostics": 1402}
[2026-09-12T14:57:15Z] 19.9 min: aligning {"arm_chapters_passed": 10, "arm_chapters_rejected": 8, "arm_chapters_running": 1, "paragraph_diagnostics": 1444}
[2026-09-12T14:57:45Z] 20.4 min: aligning {"arm_chapters_passed": 10, "arm_chapters_rejected": 8, "arm_chapters_running": 1, "paragraph_diagnostics": 1497}
[2026-09-12T14:58:16Z] 20.9 min: aligning {"arm_chapters_passed": 10, "arm_chapters_rejected": 8, "arm_chapters_running": 1, "paragraph_diagnostics": 1546}
[2026-09-12T14:58:46Z] 21.5 min: aligning {"arm_chapters_passed": 10, "arm_chapters_rejected": 8, "arm_chapters_running": 1, "paragraph_diagnostics": 1587}
[2026-09-12T14:59:23Z] snapshot 5208191 bytes
[2026-09-12T14:59:23Z] 22.0 min: aligning {"arm_chapters_passed": 10, "arm_chapters_rejected": 9, "arm_chapters_running": 1, "paragraph_diagnostics": 1638}
[2026-09-12T14:59:53Z] 22.6 min: aligning {"arm_chapters_passed": 10, "arm_chapters_rejected": 9, "arm_chapters_running": 1, "paragraph_diagnostics": 1670}
[2026-09-12T15:00:24Z] 23.1 min: aligning {"arm_chapters_passed": 10, "arm_chapters_rejected": 9, "arm_chapters_running": 1, "paragraph_diagnostics": 1699}
[2026-09-12T15:00:54Z] 23.6 min: aligning {"arm_chapters_passed": 10, "arm_chapters_rejected": 9, "arm_chapters_running": 1, "paragraph_diagnostics": 1731}
[2026-09-12T15:01:24Z] 24.1 min: aligning {"arm_chapters_passed": 11, "arm_chapters_rejected": 9, "arm_chapters_running": 1, "paragraph_diagnostics": 1756}
[2026-09-12T15:01:55Z] 24.6 min: aligning {"arm_chapters_passed": 11, "arm_chapters_rejected": 9, "arm_chapters_running": 1, "paragraph_diagnostics": 1795}
[2026-09-12T15:02:25Z] 25.1 min: aligning {"arm_chapters_passed": 11, "arm_chapters_rejected": 9, "arm_chapters_running": 1, "paragraph_diagnostics": 1832}
[2026-09-12T15:02:56Z] 25.6 min: aligning {"arm_chapters_passed": 12, "arm_chapters_rejected": 9, "arm_chapters_running": 1, "paragraph_diagnostics": 1873}
[2026-09-12T15:03:34Z] snapshot 6794414 bytes
[2026-09-12T15:03:34Z] 26.1 min: aligning {"arm_chapters_passed": 12, "arm_chapters_rejected": 9, "arm_chapters_running": 1, "paragraph_diagnostics": 1902}
[2026-09-12T15:04:05Z] 26.8 min: aligning {"arm_chapters_passed": 12, "arm_chapters_rejected": 9, "arm_chapters_running": 1, "paragraph_diagnostics": 1922}
[2026-09-12T15:04:35Z] 27.3 min: aligning {"arm_chapters_passed": 12, "arm_chapters_rejected": 9, "arm_chapters_running": 1, "paragraph_diagnostics": 1949}
[2026-09-12T15:05:05Z] 27.8 min: aligning {"arm_chapters_passed": 12, "arm_chapters_rejected": 9, "arm_chapters_running": 1, "paragraph_diagnostics": 1976}
[2026-09-12T15:05:36Z] phase done at 28.3 min; setup={"versions": {"faster-whisper": "1.2.1", "ctranslate2": "4.8.2", "av": "18.1.0"}, "commit": "c43ab3799d5b71c58b770ed22e1bd7bb9b2774cf", "model_tree_sha256": "f1fe271c349229677131d389a96d0a28062a6a2c2fee54a8ce119c43538315c5", "ld_library_path": "/usr/local/lib/python3.11/dist-packages/nvidia/cublas/l
[2026-09-12T15:05:36Z] 28.3 min: done {"arm_chapters_passed": 13, "arm_chapters_rejected": 9, "arm_chapters_running": 0, "paragraph_diagnostics": 1992}
[2026-09-12T15:05:46Z] fetched out.tar.gz (7523309 bytes)
[2026-09-12T15:05:47Z] stop n52xqrmztyhw1o: HTTP 200
[2026-09-12T15:05:49Z] terminate n52xqrmztyhw1o: HTTP 204
[2026-09-12T15:05:49Z] pod n52xqrmztyhw1o done: outcome=done uptime=28.5m est $0.23
