[2026-09-12T08:00:15Z] created bglbwsv0pw4b9t tinct-words-run2-90 gpu=None $0.74/hr
[2026-09-12T08:00:16Z] waiting: pod RUNNING agent HTTP 404
[2026-09-12T08:00:32Z] waiting: pod RUNNING agent HTTP 404
[2026-09-12T08:00:49Z] phase cohort at 0.6 min; setup={"versions": {"faster-whisper": "1.2.1", "ctranslate2": "4.8.2", "av": "18.1.0"}, "commit": "f53d744782e3c369fffd2980a013a7f199c0476e", "model_tree_sha256": "f1fe271c349229677131d389a96d0a28062a6a2c2fee54a8ce119c43538315c5", "ld_library_path": "/usr/local/lib/python3.11/dist-packages/nvidia/cublas/l
[2026-09-12T08:00:49Z] 0.6 min: cohort {"arm_chapters_passed": 0, "arm_chapters_rejected": 0, "arm_chapters_running": 0}
[2026-09-12T08:01:19Z] 1.1 min: cohort {"arm_chapters_passed": 0, "arm_chapters_rejected": 0, "arm_chapters_running": 0}
[2026-09-12T08:01:50Z] 1.6 min: cohort {"arm_chapters_passed": 0, "arm_chapters_rejected": 0, "arm_chapters_running": 0}
[2026-09-12T08:02:21Z] 2.1 min: cohort {"arm_chapters_passed": 0, "arm_chapters_rejected": 0, "arm_chapters_running": 0}
[2026-09-12T08:02:51Z] phase aligning at 2.6 min; setup={"versions": {"faster-whisper": "1.2.1", "ctranslate2": "4.8.2", "av": "18.1.0"}, "commit": "f53d744782e3c369fffd2980a013a7f199c0476e", "model_tree_sha256": "f1fe271c349229677131d389a96d0a28062a6a2c2fee54a8ce119c43538315c5", "ld_library_path": "/usr/local/lib/python3.11/dist-packages/nvidia/cublas/l
[2026-09-12T08:02:51Z] 2.6 min: aligning {"arm_chapters_passed": 0, "arm_chapters_rejected": 0, "arm_chapters_running": 1, "paragraph_diagnostics": 12}
[2026-09-12T08:03:22Z] 3.1 min: aligning {"arm_chapters_passed": 0, "arm_chapters_rejected": 1, "arm_chapters_running": 1, "paragraph_diagnostics": 43}
[2026-09-12T08:03:52Z] 3.6 min: aligning {"arm_chapters_passed": 0, "arm_chapters_rejected": 1, "arm_chapters_running": 1, "paragraph_diagnostics": 57}
[2026-09-12T08:04:23Z] 4.1 min: aligning {"arm_chapters_passed": 0, "arm_chapters_rejected": 1, "arm_chapters_running": 1, "paragraph_diagnostics": 65}
[2026-09-12T08:04:55Z] snapshot 948480 bytes
[2026-09-12T08:04:55Z] 4.6 min: aligning {"arm_chapters_passed": 1, "arm_chapters_rejected": 1, "arm_chapters_running": 1, "paragraph_diagnostics": 95}
[2026-09-12T08:05:25Z] 5.2 min: aligning {"arm_chapters_passed": 1, "arm_chapters_rejected": 1, "arm_chapters_running": 1, "paragraph_diagnostics": 138}
[2026-09-12T08:05:56Z] 5.7 min: aligning {"arm_chapters_passed": 1, "arm_chapters_rejected": 2, "arm_chapters_running": 1, "paragraph_diagnostics": 165}
[2026-09-12T08:06:27Z] 6.2 min: aligning {"arm_chapters_passed": 1, "arm_chapters_rejected": 2, "arm_chapters_running": 1, "paragraph_diagnostics": 178}
[2026-09-12T08:06:57Z] 6.7 min: aligning {"arm_chapters_passed": 1, "arm_chapters_rejected": 2, "arm_chapters_running": 1, "paragraph_diagnostics": 201}
[2026-09-12T08:07:28Z] 7.2 min: aligning {"arm_chapters_passed": 2, "arm_chapters_rejected": 2, "arm_chapters_running": 1, "paragraph_diagnostics": 262}
[2026-09-12T08:07:58Z] 7.7 min: aligning {"arm_chapters_passed": 2, "arm_chapters_rejected": 3, "arm_chapters_running": 1, "paragraph_diagnostics": 313}
[2026-09-12T08:08:29Z] 8.2 min: aligning {"arm_chapters_passed": 2, "arm_chapters_rejected": 3, "arm_chapters_running": 1, "paragraph_diagnostics": 327}
[2026-09-12T08:09:03Z] snapshot 2592814 bytes
[2026-09-12T08:09:03Z] 8.7 min: aligning {"arm_chapters_passed": 3, "arm_chapters_rejected": 3, "arm_chapters_running": 1, "paragraph_diagnostics": 358}
[2026-09-12T08:09:33Z] 9.3 min: aligning {"arm_chapters_passed": 3, "arm_chapters_rejected": 4, "arm_chapters_running": 1, "paragraph_diagnostics": 406}
[2026-09-12T08:10:04Z] 9.8 min: aligning {"arm_chapters_passed": 3, "arm_chapters_rejected": 4, "arm_chapters_running": 1, "paragraph_diagnostics": 418}
[2026-09-12T08:10:34Z] 10.3 min: aligning {"arm_chapters_passed": 3, "arm_chapters_rejected": 4, "arm_chapters_running": 1, "paragraph_diagnostics": 437}
[2026-09-12T08:11:05Z] 10.8 min: aligning {"arm_chapters_passed": 4, "arm_chapters_rejected": 4, "arm_chapters_running": 1, "paragraph_diagnostics": 486}
[2026-09-12T08:11:35Z] 11.3 min: aligning {"arm_chapters_passed": 4, "arm_chapters_rejected": 5, "arm_chapters_running": 1, "paragraph_diagnostics": 509}
[2026-09-12T08:12:06Z] 11.8 min: aligning {"arm_chapters_passed": 4, "arm_chapters_rejected": 5, "arm_chapters_running": 1, "paragraph_diagnostics": 531}
[2026-09-12T08:12:37Z] 12.4 min: aligning {"arm_chapters_passed": 4, "arm_chapters_rejected": 5, "arm_chapters_running": 1, "paragraph_diagnostics": 552}
[2026-09-12T08:13:11Z] snapshot 4364070 bytes
[2026-09-12T08:13:11Z] 12.9 min: aligning {"arm_chapters_passed": 5, "arm_chapters_rejected": 5, "arm_chapters_running": 1, "paragraph_diagnostics": 583}
[2026-09-12T08:13:42Z] 13.4 min: aligning {"arm_chapters_passed": 5, "arm_chapters_rejected": 6, "arm_chapters_running": 1, "paragraph_diagnostics": 598}
[2026-09-12T08:14:13Z] 14.0 min: aligning {"arm_chapters_passed": 5, "arm_chapters_rejected": 6, "arm_chapters_running": 1, "paragraph_diagnostics": 608}
[2026-09-12T08:14:43Z] 14.5 min: aligning {"arm_chapters_passed": 5, "arm_chapters_rejected": 7, "arm_chapters_running": 1, "paragraph_diagnostics": 626}
[2026-09-12T08:15:14Z] 15.0 min: aligning {"arm_chapters_passed": 5, "arm_chapters_rejected": 7, "arm_chapters_running": 1, "paragraph_diagnostics": 690}
[2026-09-12T08:15:44Z] 15.5 min: aligning {"arm_chapters_passed": 5, "arm_chapters_rejected": 8, "arm_chapters_running": 1, "paragraph_diagnostics": 712}
