[2026-09-12T05:22:19Z] created q6ndkaec0kckxl tinct-words-run2-14 gpu=None $0.49/hr
[2026-09-12T05:22:20Z] waiting: pod RUNNING agent HTTP 404
[2026-09-12T05:22:37Z] phase cohort at 0.3 min; setup={"versions": {"faster-whisper": "1.2.1", "ctranslate2": "4.8.2", "av": "18.1.0"}, "commit": "f53d744782e3c369fffd2980a013a7f199c0476e", "model_tree_sha256": "f1fe271c349229677131d389a96d0a28062a6a2c2fee54a8ce119c43538315c5", "ld_library_path": "/usr/local/lib/python3.11/dist-packages/nvidia/cublas/l
[2026-09-12T05:22:37Z] 0.3 min: cohort {"arm_chapters_passed": 0, "arm_chapters_rejected": 0, "arm_chapters_running": 0}
[2026-09-12T05:23:07Z] 0.8 min: cohort {"arm_chapters_passed": 0, "arm_chapters_rejected": 0, "arm_chapters_running": 0}
[2026-09-12T05:23:37Z] 1.3 min: cohort {"arm_chapters_passed": 0, "arm_chapters_rejected": 0, "arm_chapters_running": 0}
[2026-09-12T05:24:08Z] 1.8 min: cohort {"arm_chapters_passed": 0, "arm_chapters_rejected": 0, "arm_chapters_running": 0}
[2026-09-12T05:24:38Z] 2.3 min: cohort {"arm_chapters_passed": 0, "arm_chapters_rejected": 0, "arm_chapters_running": 0}
[2026-09-12T05:25:08Z] URLError: <urlopen error [Errno 111] Connection refused>
[2026-09-12T05:26:22Z] adopted q6ndkaec0kckxl tinct-words-run2-14 gpu=None $0.49/hr batch=4
[2026-09-12T05:26:22Z] phase aligning at 4.0 min; setup={"versions": {"faster-whisper": "1.2.1", "ctranslate2": "4.8.2", "av": "18.1.0"}, "commit": "f53d744782e3c369fffd2980a013a7f199c0476e", "model_tree_sha256": "f1fe271c349229677131d389a96d0a28062a6a2c2fee54a8ce119c43538315c5", "ld_library_path": "/usr/local/lib/python3.11/dist-packages/nvidia/cublas/l
[2026-09-12T05:26:22Z] 4.0 min: aligning {"arm_chapters_passed": 0, "arm_chapters_rejected": 0, "arm_chapters_running": 1, "paragraph_diagnostics": 282}
[2026-09-12T05:26:53Z] 4.5 min: aligning {"arm_chapters_passed": 0, "arm_chapters_rejected": 0, "arm_chapters_running": 1, "paragraph_diagnostics": 341}
[2026-09-12T05:27:23Z] 5.0 min: aligning {"arm_chapters_passed": 0, "arm_chapters_rejected": 0, "arm_chapters_running": 1, "paragraph_diagnostics": 445}
[2026-09-12T05:27:54Z] 5.5 min: aligning {"arm_chapters_passed": 0, "arm_chapters_rejected": 1, "arm_chapters_running": 1, "paragraph_diagnostics": 513}
[2026-09-12T05:28:24Z] 6.0 min: aligning {"arm_chapters_passed": 0, "arm_chapters_rejected": 1, "arm_chapters_running": 1, "paragraph_diagnostics": 546}
[2026-09-12T05:28:55Z] 6.5 min: aligning {"arm_chapters_passed": 0, "arm_chapters_rejected": 1, "arm_chapters_running": 1, "paragraph_diagnostics": 666}
[2026-09-12T05:29:25Z] 7.0 min: aligning {"arm_chapters_passed": 0, "arm_chapters_rejected": 1, "arm_chapters_running": 1, "paragraph_diagnostics": 719}
[2026-09-12T05:29:56Z] 7.6 min: aligning {"arm_chapters_passed": 0, "arm_chapters_rejected": 1, "arm_chapters_running": 1, "paragraph_diagnostics": 763}
[2026-09-12T05:30:29Z] snapshot 1761875 bytes
[2026-09-12T05:30:29Z] 8.1 min: aligning {"arm_chapters_passed": 0, "arm_chapters_rejected": 1, "arm_chapters_running": 1, "paragraph_diagnostics": 779}
[2026-09-12T05:30:59Z] 8.6 min: aligning {"arm_chapters_passed": 0, "arm_chapters_rejected": 1, "arm_chapters_running": 1, "paragraph_diagnostics": 811}
[2026-09-12T05:31:29Z] 9.1 min: aligning {"arm_chapters_passed": 0, "arm_chapters_rejected": 1, "arm_chapters_running": 1, "paragraph_diagnostics": 917}
[2026-09-12T05:32:00Z] 9.6 min: aligning {"arm_chapters_passed": 0, "arm_chapters_rejected": 2, "arm_chapters_running": 1, "paragraph_diagnostics": 989}
[2026-09-12T05:32:30Z] 10.1 min: aligning {"arm_chapters_passed": 0, "arm_chapters_rejected": 2, "arm_chapters_running": 1, "paragraph_diagnostics": 1108}
[2026-09-12T05:33:00Z] 10.6 min: aligning {"arm_chapters_passed": 0, "arm_chapters_rejected": 3, "arm_chapters_running": 1, "paragraph_diagnostics": 1213}
[2026-09-12T05:33:31Z] 11.1 min: aligning {"arm_chapters_passed": 0, "arm_chapters_rejected": 3, "arm_chapters_running": 1, "paragraph_diagnostics": 1282}
[2026-09-12T05:34:01Z] 11.7 min: aligning {"arm_chapters_passed": 0, "arm_chapters_rejected": 4, "arm_chapters_running": 1, "paragraph_diagnostics": 1329}
[2026-09-12T05:34:36Z] snapshot 2925517 bytes
[2026-09-12T05:34:36Z] 12.2 min: aligning {"arm_chapters_passed": 0, "arm_chapters_rejected": 5, "arm_chapters_running": 1, "paragraph_diagnostics": 1424}
[2026-09-12T05:35:06Z] 12.7 min: aligning {"arm_chapters_passed": 1, "arm_chapters_rejected": 5, "arm_chapters_running": 1, "paragraph_diagnostics": 1484}
