[2026-09-12T08:33:36Z] created odpoxy1ieq9f9m tinct-words-run2-99 gpu=None $0.49/hr
[2026-09-12T08:33:37Z] waiting: pod RUNNING agent HTTP 404
[2026-09-12T08:33:55Z] phase cohort at 0.3 min; setup={"versions": {"faster-whisper": "1.2.1", "ctranslate2": "4.8.2", "av": "18.1.0"}, "commit": "f53d744782e3c369fffd2980a013a7f199c0476e", "model_tree_sha256": "f1fe271c349229677131d389a96d0a28062a6a2c2fee54a8ce119c43538315c5", "ld_library_path": "/usr/local/lib/python3.11/dist-packages/nvidia/cublas/l
[2026-09-12T08:33:55Z] 0.3 min: cohort {"arm_chapters_passed": 0, "arm_chapters_rejected": 0, "arm_chapters_running": 0}
[2026-09-12T08:34:25Z] 0.8 min: cohort {"arm_chapters_passed": 0, "arm_chapters_rejected": 0, "arm_chapters_running": 0}
[2026-09-12T08:34:56Z] 1.3 min: cohort {"arm_chapters_passed": 0, "arm_chapters_rejected": 0, "arm_chapters_running": 0}
[2026-09-12T08:35:27Z] 1.8 min: cohort {"arm_chapters_passed": 0, "arm_chapters_rejected": 0, "arm_chapters_running": 0}
[2026-09-12T08:35:58Z] 2.3 min: cohort {"arm_chapters_passed": 0, "arm_chapters_rejected": 0, "arm_chapters_running": 0}
[2026-09-12T08:36:29Z] 2.9 min: cohort {"arm_chapters_passed": 0, "arm_chapters_rejected": 0, "arm_chapters_running": 0}
[2026-09-12T08:36:59Z] 3.4 min: cohort {"arm_chapters_passed": 0, "arm_chapters_rejected": 0, "arm_chapters_running": 0}
[2026-09-12T08:37:30Z] phase aligning at 3.9 min; setup={"versions": {"faster-whisper": "1.2.1", "ctranslate2": "4.8.2", "av": "18.1.0"}, "commit": "f53d744782e3c369fffd2980a013a7f199c0476e", "model_tree_sha256": "f1fe271c349229677131d389a96d0a28062a6a2c2fee54a8ce119c43538315c5", "ld_library_path": "/usr/local/lib/python3.11/dist-packages/nvidia/cublas/l
[2026-09-12T08:37:30Z] 3.9 min: aligning {"arm_chapters_passed": 0, "arm_chapters_rejected": 0, "arm_chapters_running": 1, "paragraph_diagnostics": 14}
[2026-09-12T08:38:02Z] snapshot 335438 bytes
[2026-09-12T08:38:02Z] 4.4 min: aligning {"arm_chapters_passed": 0, "arm_chapters_rejected": 0, "arm_chapters_running": 1, "paragraph_diagnostics": 39}
[2026-09-12T08:38:33Z] 4.9 min: aligning {"arm_chapters_passed": 0, "arm_chapters_rejected": 0, "arm_chapters_running": 1, "paragraph_diagnostics": 64}
[2026-09-12T08:39:04Z] 5.4 min: aligning {"arm_chapters_passed": 0, "arm_chapters_rejected": 0, "arm_chapters_running": 1, "paragraph_diagnostics": 91}
[2026-09-12T08:39:34Z] 6.0 min: aligning {"arm_chapters_passed": 0, "arm_chapters_rejected": 0, "arm_chapters_running": 1, "paragraph_diagnostics": 116}
[2026-09-12T08:40:05Z] 6.5 min: aligning {"arm_chapters_passed": 0, "arm_chapters_rejected": 0, "arm_chapters_running": 1, "paragraph_diagnostics": 138}
[2026-09-12T08:40:36Z] 7.0 min: aligning {"arm_chapters_passed": 0, "arm_chapters_rejected": 0, "arm_chapters_running": 1, "paragraph_diagnostics": 167}
[2026-09-12T08:41:07Z] 7.5 min: aligning {"arm_chapters_passed": 0, "arm_chapters_rejected": 0, "arm_chapters_running": 1, "paragraph_diagnostics": 187}
[2026-09-12T08:41:38Z] 8.0 min: aligning {"arm_chapters_passed": 0, "arm_chapters_rejected": 0, "arm_chapters_running": 1, "paragraph_diagnostics": 211}
[2026-09-12T08:42:12Z] snapshot 2041791 bytes
[2026-09-12T08:42:12Z] 8.5 min: aligning {"arm_chapters_passed": 0, "arm_chapters_rejected": 0, "arm_chapters_running": 1, "paragraph_diagnostics": 236}
[2026-09-12T08:42:43Z] 9.1 min: aligning {"arm_chapters_passed": 0, "arm_chapters_rejected": 0, "arm_chapters_running": 1, "paragraph_diagnostics": 268}
[2026-09-12T08:43:14Z] 9.6 min: aligning {"arm_chapters_passed": 0, "arm_chapters_rejected": 0, "arm_chapters_running": 1, "paragraph_diagnostics": 290}
[2026-09-12T08:43:45Z] 10.1 min: aligning {"arm_chapters_passed": 0, "arm_chapters_rejected": 0, "arm_chapters_running": 1, "paragraph_diagnostics": 319}
[2026-09-12T08:44:16Z] 10.6 min: aligning {"arm_chapters_passed": 0, "arm_chapters_rejected": 0, "arm_chapters_running": 1, "paragraph_diagnostics": 346}
[2026-09-12T08:44:47Z] 11.2 min: aligning {"arm_chapters_passed": 0, "arm_chapters_rejected": 0, "arm_chapters_running": 1, "paragraph_diagnostics": 370}
[2026-09-12T08:45:18Z] 11.7 min: aligning {"arm_chapters_passed": 0, "arm_chapters_rejected": 1, "arm_chapters_running": 1, "paragraph_diagnostics": 381}
[2026-09-12T08:45:49Z] 12.2 min: aligning {"arm_chapters_passed": 0, "arm_chapters_rejected": 1, "arm_chapters_running": 1, "paragraph_diagnostics": 391}
[2026-09-12T08:46:26Z] snapshot 4095396 bytes
[2026-09-12T08:46:26Z] 12.7 min: aligning {"arm_chapters_passed": 0, "arm_chapters_rejected": 1, "arm_chapters_running": 1, "paragraph_diagnostics": 400}
[2026-09-12T08:46:57Z] 13.3 min: aligning {"arm_chapters_passed": 0, "arm_chapters_rejected": 1, "arm_chapters_running": 1, "paragraph_diagnostics": 412}
[2026-09-12T08:47:28Z] 13.8 min: aligning {"arm_chapters_passed": 0, "arm_chapters_rejected": 1, "arm_chapters_running": 1, "paragraph_diagnostics": 424}
[2026-09-12T08:47:58Z] 14.4 min: aligning {"arm_chapters_passed": 0, "arm_chapters_rejected": 1, "arm_chapters_running": 1, "paragraph_diagnostics": 434}
[2026-09-12T08:48:29Z] 14.9 min: aligning {"arm_chapters_passed": 0, "arm_chapters_rejected": 1, "arm_chapters_running": 1, "paragraph_diagnostics": 440}
[2026-09-12T08:49:00Z] 15.4 min: aligning {"arm_chapters_passed": 0, "arm_chapters_rejected": 1, "arm_chapters_running": 1, "paragraph_diagnostics": 452}
[2026-09-12T08:49:31Z] 15.9 min: aligning {"arm_chapters_passed": 0, "arm_chapters_rejected": 1, "arm_chapters_running": 1, "paragraph_diagnostics": 463}
[2026-09-12T08:50:02Z] 16.4 min: aligning {"arm_chapters_passed": 0, "arm_chapters_rejected": 1, "arm_chapters_running": 1, "paragraph_diagnostics": 473}
[2026-09-12T08:50:40Z] snapshot 5644683 bytes
[2026-09-12T08:50:40Z] 16.9 min: aligning {"arm_chapters_passed": 0, "arm_chapters_rejected": 1, "arm_chapters_running": 1, "paragraph_diagnostics": 482}
[2026-09-12T08:51:11Z] 17.6 min: aligning {"arm_chapters_passed": 0, "arm_chapters_rejected": 1, "arm_chapters_running": 1, "paragraph_diagnostics": 498}
[2026-09-12T08:51:42Z] 18.1 min: aligning {"arm_chapters_passed": 0, "arm_chapters_rejected": 1, "arm_chapters_running": 1, "paragraph_diagnostics": 507}
[2026-09-12T08:52:13Z] 18.6 min: aligning {"arm_chapters_passed": 0, "arm_chapters_rejected": 1, "arm_chapters_running": 1, "paragraph_diagnostics": 517}
[2026-09-12T08:52:44Z] 19.1 min: aligning {"arm_chapters_passed": 0, "arm_chapters_rejected": 1, "arm_chapters_running": 1, "paragraph_diagnostics": 531}
[2026-09-12T08:53:15Z] 19.6 min: aligning {"arm_chapters_passed": 0, "arm_chapters_rejected": 1, "arm_chapters_running": 1, "paragraph_diagnostics": 539}
[2026-09-12T08:53:46Z] 20.1 min: aligning {"arm_chapters_passed": 0, "arm_chapters_rejected": 1, "arm_chapters_running": 1, "paragraph_diagnostics": 548}
[2026-09-12T08:54:16Z] 20.7 min: aligning {"arm_chapters_passed": 0, "arm_chapters_rejected": 1, "arm_chapters_running": 1, "paragraph_diagnostics": 558}
[2026-09-12T08:54:57Z] snapshot 7117874 bytes
[2026-09-12T08:54:57Z] 21.2 min: aligning {"arm_chapters_passed": 0, "arm_chapters_rejected": 1, "arm_chapters_running": 1, "paragraph_diagnostics": 566}
[2026-09-12T08:55:28Z] 21.9 min: aligning {"arm_chapters_passed": 0, "arm_chapters_rejected": 1, "arm_chapters_running": 1, "paragraph_diagnostics": 582}
[2026-09-12T08:55:59Z] 22.4 min: aligning {"arm_chapters_passed": 0, "arm_chapters_rejected": 1, "arm_chapters_running": 1, "paragraph_diagnostics": 590}
[2026-09-12T08:56:30Z] 22.9 min: aligning {"arm_chapters_passed": 0, "arm_chapters_rejected": 1, "arm_chapters_running": 1, "paragraph_diagnostics": 601}
[2026-09-12T08:57:01Z] 23.4 min: aligning {"arm_chapters_passed": 0, "arm_chapters_rejected": 1, "arm_chapters_running": 1, "paragraph_diagnostics": 611}
[2026-09-12T08:57:32Z] 23.9 min: aligning {"arm_chapters_passed": 0, "arm_chapters_rejected": 1, "arm_chapters_running": 1, "paragraph_diagnostics": 624}
[2026-09-12T08:58:03Z] 24.4 min: aligning {"arm_chapters_passed": 0, "arm_chapters_rejected": 1, "arm_chapters_running": 1, "paragraph_diagnostics": 635}
[2026-09-12T08:58:34Z] 24.9 min: aligning {"arm_chapters_passed": 0, "arm_chapters_rejected": 1, "arm_chapters_running": 1, "paragraph_diagnostics": 642}
[2026-09-12T08:59:17Z] snapshot 8574329 bytes
[2026-09-12T08:59:17Z] 25.5 min: aligning {"arm_chapters_passed": 0, "arm_chapters_rejected": 1, "arm_chapters_running": 1, "paragraph_diagnostics": 650}
[2026-09-12T08:59:48Z] 26.2 min: aligning {"arm_chapters_passed": 0, "arm_chapters_rejected": 1, "arm_chapters_running": 1, "paragraph_diagnostics": 665}
[2026-09-12T09:00:18Z] 26.7 min: aligning {"arm_chapters_passed": 0, "arm_chapters_rejected": 1, "arm_chapters_running": 1, "paragraph_diagnostics": 678}
[2026-09-12T09:00:49Z] 27.2 min: aligning {"arm_chapters_passed": 0, "arm_chapters_rejected": 1, "arm_chapters_running": 1, "paragraph_diagnostics": 690}
[2026-09-12T09:01:20Z] 27.7 min: aligning {"arm_chapters_passed": 0, "arm_chapters_rejected": 1, "arm_chapters_running": 1, "paragraph_diagnostics": 703}
[2026-09-12T09:01:51Z] 28.2 min: aligning {"arm_chapters_passed": 0, "arm_chapters_rejected": 1, "arm_chapters_running": 1, "paragraph_diagnostics": 719}
[2026-09-12T09:02:22Z] 28.7 min: aligning {"arm_chapters_passed": 0, "arm_chapters_rejected": 1, "arm_chapters_running": 1, "paragraph_diagnostics": 730}
[2026-09-12T09:02:53Z] 29.3 min: aligning {"arm_chapters_passed": 0, "arm_chapters_rejected": 1, "arm_chapters_running": 1, "paragraph_diagnostics": 742}
[2026-09-12T09:03:38Z] snapshot 10620158 bytes
[2026-09-12T09:03:38Z] 29.8 min: aligning {"arm_chapters_passed": 0, "arm_chapters_rejected": 2, "arm_chapters_running": 1, "paragraph_diagnostics": 766}
[2026-09-12T09:04:09Z] 30.5 min: aligning {"arm_chapters_passed": 0, "arm_chapters_rejected": 3, "arm_chapters_running": 1, "paragraph_diagnostics": 787}
[2026-09-12T09:04:40Z] 31.0 min: aligning {"arm_chapters_passed": 1, "arm_chapters_rejected": 4, "arm_chapters_running": 1, "paragraph_diagnostics": 806}
[2026-09-12T09:05:11Z] 31.6 min: aligning {"arm_chapters_passed": 3, "arm_chapters_rejected": 4, "arm_chapters_running": 1, "paragraph_diagnostics": 820}
[2026-09-12T09:05:41Z] 32.1 min: aligning {"arm_chapters_passed": 3, "arm_chapters_rejected": 4, "arm_chapters_running": 1, "paragraph_diagnostics": 826}
[2026-09-12T09:06:12Z] 32.6 min: aligning {"arm_chapters_passed": 5, "arm_chapters_rejected": 4, "arm_chapters_running": 1, "paragraph_diagnostics": 840}
[2026-09-12T09:06:43Z] 33.1 min: aligning {"arm_chapters_passed": 6, "arm_chapters_rejected": 4, "arm_chapters_running": 1, "paragraph_diagnostics": 852}
[2026-09-12T09:07:14Z] 33.6 min: aligning {"arm_chapters_passed": 7, "arm_chapters_rejected": 4, "arm_chapters_running": 1, "paragraph_diagnostics": 869}
[2026-09-12T09:07:59Z] snapshot 12442430 bytes
[2026-09-12T09:07:59Z] 34.1 min: aligning {"arm_chapters_passed": 9, "arm_chapters_rejected": 4, "arm_chapters_running": 1, "paragraph_diagnostics": 884}
[2026-09-12T09:08:30Z] 34.9 min: aligning {"arm_chapters_passed": 11, "arm_chapters_rejected": 4, "arm_chapters_running": 1, "paragraph_diagnostics": 906}
[2026-09-12T09:09:01Z] 35.4 min: aligning {"arm_chapters_passed": 11, "arm_chapters_rejected": 4, "arm_chapters_running": 1, "paragraph_diagnostics": 913}
[2026-09-12T09:09:32Z] 35.9 min: aligning {"arm_chapters_passed": 11, "arm_chapters_rejected": 4, "arm_chapters_running": 1, "paragraph_diagnostics": 918}
[2026-09-12T09:10:03Z] 36.4 min: aligning {"arm_chapters_passed": 15, "arm_chapters_rejected": 4, "arm_chapters_running": 1, "paragraph_diagnostics": 927}
[2026-09-12T09:10:35Z] RuntimeError: GET pod odpoxy1ieq9f9m: HTTP 404 {'error': '{"error":"pod not found","status":404}\n'}
[2026-09-12T09:10:35Z] stop odpoxy1ieq9f9m: HTTP 500
[2026-09-12T09:10:36Z] poll after stop: GET pod odpoxy1ieq9f9m: HTTP 404 {'error': '{"error":"pod not found","status":404}\n'}
[2026-09-12T09:10:41Z] poll after stop: GET pod odpoxy1ieq9f9m: HTTP 404 {'error': '{"error":"pod not found","status":404}\n'}
[2026-09-12T09:10:47Z] poll after stop: GET pod odpoxy1ieq9f9m: HTTP 404 {'error': '{"error":"pod not found","status":404}\n'}
[2026-09-12T09:10:53Z] poll after stop: GET pod odpoxy1ieq9f9m: HTTP 404 {'error': '{"error":"pod not found","status":404}\n'}
[2026-09-12T09:10:58Z] poll after stop: GET pod odpoxy1ieq9f9m: HTTP 404 {'error': '{"error":"pod not found","status":404}\n'}
[2026-09-12T09:11:04Z] poll after stop: GET pod odpoxy1ieq9f9m: HTTP 404 {'error': '{"error":"pod not found","status":404}\n'}
[2026-09-12T09:11:10Z] poll after stop: GET pod odpoxy1ieq9f9m: HTTP 404 {'error': '{"error":"pod not found","status":404}\n'}
[2026-09-12T09:11:15Z] poll after stop: GET pod odpoxy1ieq9f9m: HTTP 404 {'error': '{"error":"pod not found","status":404}\n'}
[2026-09-12T09:11:21Z] poll after stop: GET pod odpoxy1ieq9f9m: HTTP 404 {'error': '{"error":"pod not found","status":404}\n'}
[2026-09-12T09:11:26Z] poll after stop: GET pod odpoxy1ieq9f9m: HTTP 404 {'error': '{"error":"pod not found","status":404}\n'}
[2026-09-12T09:11:32Z] poll after stop: GET pod odpoxy1ieq9f9m: HTTP 404 {'error': '{"error":"pod not found","status":404}\n'}
[2026-09-12T09:11:37Z] poll after stop: GET pod odpoxy1ieq9f9m: HTTP 404 {'error': '{"error":"pod not found","status":404}\n'}
