[2026-09-12T13:35:03Z] created cf0e8pdlwvov05 tinct-words-run3-9 gpu=None $0.49/hr
[2026-09-12T13:35:04Z] waiting: pod RUNNING agent HTTP 404
[2026-09-12T13:35:19Z] waiting: pod RUNNING agent HTTP 404
[2026-09-12T13:35:36Z] phase cohort at 0.5 min; setup={"versions": {"faster-whisper": "1.2.1", "ctranslate2": "4.8.2", "av": "18.1.0"}, "commit": "c43ab3799d5b71c58b770ed22e1bd7bb9b2774cf", "model_tree_sha256": "f1fe271c349229677131d389a96d0a28062a6a2c2fee54a8ce119c43538315c5", "ld_library_path": "/usr/local/lib/python3.11/dist-packages/nvidia/cublas/l
[2026-09-12T13:35:36Z] 0.5 min: cohort {"arm_chapters_passed": 0, "arm_chapters_rejected": 0, "arm_chapters_running": 0}
[2026-09-12T13:36:06Z] 1.1 min: cohort {"arm_chapters_passed": 0, "arm_chapters_rejected": 0, "arm_chapters_running": 0}
[2026-09-12T13:36:36Z] 1.6 min: cohort {"arm_chapters_passed": 0, "arm_chapters_rejected": 0, "arm_chapters_running": 0}
[2026-09-12T13:37:07Z] phase aligning at 2.1 min; setup={"versions": {"faster-whisper": "1.2.1", "ctranslate2": "4.8.2", "av": "18.1.0"}, "commit": "c43ab3799d5b71c58b770ed22e1bd7bb9b2774cf", "model_tree_sha256": "f1fe271c349229677131d389a96d0a28062a6a2c2fee54a8ce119c43538315c5", "ld_library_path": "/usr/local/lib/python3.11/dist-packages/nvidia/cublas/l
[2026-09-12T13:37:07Z] 2.1 min: aligning {"arm_chapters_passed": 0, "arm_chapters_rejected": 0, "arm_chapters_running": 1, "paragraph_diagnostics": 20}
[2026-09-12T13:37:37Z] 2.6 min: aligning {"arm_chapters_passed": 0, "arm_chapters_rejected": 1, "arm_chapters_running": 1, "paragraph_diagnostics": 71}
[2026-09-12T13:38:08Z] 3.1 min: aligning {"arm_chapters_passed": 0, "arm_chapters_rejected": 3, "arm_chapters_running": 1, "paragraph_diagnostics": 132}
[2026-09-12T13:38:38Z] 3.6 min: aligning {"arm_chapters_passed": 1, "arm_chapters_rejected": 4, "arm_chapters_running": 1, "paragraph_diagnostics": 205}
[2026-09-12T13:39:08Z] 4.1 min: aligning {"arm_chapters_passed": 2, "arm_chapters_rejected": 5, "arm_chapters_running": 1, "paragraph_diagnostics": 245}
[2026-09-12T13:39:40Z] snapshot 957562 bytes
[2026-09-12T13:39:40Z] 4.6 min: aligning {"arm_chapters_passed": 2, "arm_chapters_rejected": 5, "arm_chapters_running": 1, "paragraph_diagnostics": 262}
[2026-09-12T13:40:11Z] 5.1 min: aligning {"arm_chapters_passed": 3, "arm_chapters_rejected": 6, "arm_chapters_running": 1, "paragraph_diagnostics": 316}
[2026-09-12T13:40:41Z] 5.6 min: aligning {"arm_chapters_passed": 3, "arm_chapters_rejected": 6, "arm_chapters_running": 1, "paragraph_diagnostics": 350}
[2026-09-12T13:41:12Z] 6.1 min: aligning {"arm_chapters_passed": 4, "arm_chapters_rejected": 7, "arm_chapters_running": 1, "paragraph_diagnostics": 400}
[2026-09-12T13:41:42Z] 6.6 min: aligning {"arm_chapters_passed": 5, "arm_chapters_rejected": 8, "arm_chapters_running": 1, "paragraph_diagnostics": 447}
[2026-09-12T13:42:13Z] 7.2 min: aligning {"arm_chapters_passed": 6, "arm_chapters_rejected": 8, "arm_chapters_running": 1, "paragraph_diagnostics": 496}
[2026-09-12T13:42:43Z] 7.7 min: aligning {"arm_chapters_passed": 6, "arm_chapters_rejected": 9, "arm_chapters_running": 1, "paragraph_diagnostics": 561}
[2026-09-12T13:43:13Z] 8.2 min: aligning {"arm_chapters_passed": 6, "arm_chapters_rejected": 9, "arm_chapters_running": 1, "paragraph_diagnostics": 600}
[2026-09-12T13:43:47Z] snapshot 2386204 bytes
[2026-09-12T13:43:47Z] 8.7 min: aligning {"arm_chapters_passed": 7, "arm_chapters_rejected": 9, "arm_chapters_running": 1, "paragraph_diagnostics": 679}
[2026-09-12T13:44:18Z] 9.2 min: aligning {"arm_chapters_passed": 7, "arm_chapters_rejected": 10, "arm_chapters_running": 1, "paragraph_diagnostics": 741}
[2026-09-12T13:44:48Z] 9.8 min: aligning {"arm_chapters_passed": 8, "arm_chapters_rejected": 11, "arm_chapters_running": 1, "paragraph_diagnostics": 808}
[2026-09-12T13:45:19Z] 10.3 min: aligning {"arm_chapters_passed": 9, "arm_chapters_rejected": 12, "arm_chapters_running": 1, "paragraph_diagnostics": 869}
[2026-09-12T13:45:49Z] 10.8 min: aligning {"arm_chapters_passed": 10, "arm_chapters_rejected": 12, "arm_chapters_running": 1, "paragraph_diagnostics": 924}
[2026-09-12T13:46:20Z] 11.3 min: aligning {"arm_chapters_passed": 10, "arm_chapters_rejected": 13, "arm_chapters_running": 1, "paragraph_diagnostics": 970}
[2026-09-12T13:46:50Z] 11.8 min: aligning {"arm_chapters_passed": 11, "arm_chapters_rejected": 14, "arm_chapters_running": 1, "paragraph_diagnostics": 1018}
[2026-09-12T13:47:20Z] 12.3 min: aligning {"arm_chapters_passed": 11, "arm_chapters_rejected": 15, "arm_chapters_running": 1, "paragraph_diagnostics": 1060}
[2026-09-12T13:47:57Z] snapshot 3841913 bytes
[2026-09-12T13:47:57Z] 12.8 min: aligning {"arm_chapters_passed": 11, "arm_chapters_rejected": 16, "arm_chapters_running": 1, "paragraph_diagnostics": 1126}
[2026-09-12T13:48:27Z] 13.4 min: aligning {"arm_chapters_passed": 11, "arm_chapters_rejected": 16, "arm_chapters_running": 1, "paragraph_diagnostics": 1179}
[2026-09-12T13:48:58Z] 13.9 min: aligning {"arm_chapters_passed": 12, "arm_chapters_rejected": 17, "arm_chapters_running": 1, "paragraph_diagnostics": 1242}
[2026-09-12T13:49:28Z] 14.4 min: aligning {"arm_chapters_passed": 13, "arm_chapters_rejected": 17, "arm_chapters_running": 1, "paragraph_diagnostics": 1304}
[2026-09-12T13:49:59Z] 14.9 min: aligning {"arm_chapters_passed": 13, "arm_chapters_rejected": 18, "arm_chapters_running": 1, "paragraph_diagnostics": 1372}
[2026-09-12T13:50:29Z] 15.4 min: aligning {"arm_chapters_passed": 13, "arm_chapters_rejected": 19, "arm_chapters_running": 1, "paragraph_diagnostics": 1426}
[2026-09-12T13:50:59Z] 15.9 min: aligning {"arm_chapters_passed": 13, "arm_chapters_rejected": 20, "arm_chapters_running": 1, "paragraph_diagnostics": 1466}
[2026-09-12T13:51:30Z] 16.4 min: aligning {"arm_chapters_passed": 14, "arm_chapters_rejected": 20, "arm_chapters_running": 1, "paragraph_diagnostics": 1510}
[2026-09-12T13:52:08Z] snapshot 5168440 bytes
[2026-09-12T13:52:08Z] 16.9 min: aligning {"arm_chapters_passed": 15, "arm_chapters_rejected": 21, "arm_chapters_running": 1, "paragraph_diagnostics": 1546}
[2026-09-12T13:52:38Z] 17.6 min: aligning {"arm_chapters_passed": 15, "arm_chapters_rejected": 22, "arm_chapters_running": 1, "paragraph_diagnostics": 1586}
[2026-09-12T13:53:08Z] 18.1 min: aligning {"arm_chapters_passed": 16, "arm_chapters_rejected": 22, "arm_chapters_running": 1, "paragraph_diagnostics": 1614}
[2026-09-12T13:53:39Z] 18.6 min: aligning {"arm_chapters_passed": 16, "arm_chapters_rejected": 23, "arm_chapters_running": 1, "paragraph_diagnostics": 1653}
[2026-09-12T13:54:09Z] 19.1 min: aligning {"arm_chapters_passed": 16, "arm_chapters_rejected": 24, "arm_chapters_running": 1, "paragraph_diagnostics": 1696}
[2026-09-12T13:54:40Z] 19.6 min: aligning {"arm_chapters_passed": 16, "arm_chapters_rejected": 25, "arm_chapters_running": 1, "paragraph_diagnostics": 1741}
[2026-09-12T13:55:10Z] 20.1 min: aligning {"arm_chapters_passed": 17, "arm_chapters_rejected": 25, "arm_chapters_running": 1, "paragraph_diagnostics": 1775}
[2026-09-12T13:55:40Z] 20.6 min: aligning {"arm_chapters_passed": 17, "arm_chapters_rejected": 26, "arm_chapters_running": 1, "paragraph_diagnostics": 1821}
[2026-09-12T13:56:31Z] snapshot 6612588 bytes
[2026-09-12T13:56:31Z] 21.1 min: aligning {"arm_chapters_passed": 17, "arm_chapters_rejected": 26, "arm_chapters_running": 1, "paragraph_diagnostics": 1861}
[2026-09-12T13:57:01Z] 22.0 min: aligning {"arm_chapters_passed": 17, "arm_chapters_rejected": 28, "arm_chapters_running": 1, "paragraph_diagnostics": 1934}
[2026-09-12T13:57:31Z] phase done at 22.5 min; setup={"versions": {"faster-whisper": "1.2.1", "ctranslate2": "4.8.2", "av": "18.1.0"}, "commit": "c43ab3799d5b71c58b770ed22e1bd7bb9b2774cf", "model_tree_sha256": "f1fe271c349229677131d389a96d0a28062a6a2c2fee54a8ce119c43538315c5", "ld_library_path": "/usr/local/lib/python3.11/dist-packages/nvidia/cublas/l
[2026-09-12T13:57:31Z] 22.5 min: done {"arm_chapters_passed": 18, "arm_chapters_rejected": 28, "arm_chapters_running": 0, "paragraph_diagnostics": 1968}
