[2026-09-12T15:04:00Z] created 56kn7hktdb2392 tinct-words-run3-35 gpu=None $0.49/hr
[2026-09-12T15:04:01Z] waiting: pod RUNNING agent HTTP 404
[2026-09-12T15:04:16Z] waiting: pod RUNNING agent HTTP 404
[2026-09-12T15:04:33Z] phase cohort at 0.5 min; setup={"versions": {"faster-whisper": "1.2.1", "ctranslate2": "4.8.2", "av": "18.1.0"}, "commit": "c43ab3799d5b71c58b770ed22e1bd7bb9b2774cf", "model_tree_sha256": "f1fe271c349229677131d389a96d0a28062a6a2c2fee54a8ce119c43538315c5", "ld_library_path": "/usr/local/lib/python3.11/dist-packages/nvidia/cublas/l
[2026-09-12T15:04:33Z] 0.5 min: cohort {"arm_chapters_passed": 0, "arm_chapters_rejected": 0, "arm_chapters_running": 0}
[2026-09-12T15:05:03Z] 1.1 min: cohort {"arm_chapters_passed": 0, "arm_chapters_rejected": 0, "arm_chapters_running": 0}
[2026-09-12T15:05:34Z] 1.6 min: cohort {"arm_chapters_passed": 0, "arm_chapters_rejected": 0, "arm_chapters_running": 0}
[2026-09-12T15:06:04Z] 2.1 min: cohort {"arm_chapters_passed": 0, "arm_chapters_rejected": 0, "arm_chapters_running": 0}
[2026-09-12T15:06:35Z] 2.6 min: cohort {"arm_chapters_passed": 0, "arm_chapters_rejected": 0, "arm_chapters_running": 0}
[2026-09-12T15:07:05Z] phase aligning at 3.1 min; setup={"versions": {"faster-whisper": "1.2.1", "ctranslate2": "4.8.2", "av": "18.1.0"}, "commit": "c43ab3799d5b71c58b770ed22e1bd7bb9b2774cf", "model_tree_sha256": "f1fe271c349229677131d389a96d0a28062a6a2c2fee54a8ce119c43538315c5", "ld_library_path": "/usr/local/lib/python3.11/dist-packages/nvidia/cublas/l
[2026-09-12T15:07:05Z] 3.1 min: aligning {"arm_chapters_passed": 0, "arm_chapters_rejected": 0, "arm_chapters_running": 1, "paragraph_diagnostics": 0}
[2026-09-12T15:07:36Z] 3.6 min: aligning {"arm_chapters_passed": 0, "arm_chapters_rejected": 0, "arm_chapters_running": 1, "paragraph_diagnostics": 17}
[2026-09-12T15:08:06Z] 4.1 min: aligning {"arm_chapters_passed": 0, "arm_chapters_rejected": 0, "arm_chapters_running": 1, "paragraph_diagnostics": 38}
[2026-09-12T15:08:38Z] snapshot 745772 bytes
[2026-09-12T15:08:38Z] 4.6 min: aligning {"arm_chapters_passed": 0, "arm_chapters_rejected": 1, "arm_chapters_running": 1, "paragraph_diagnostics": 48}
[2026-09-12T15:09:08Z] 5.1 min: aligning {"arm_chapters_passed": 0, "arm_chapters_rejected": 1, "arm_chapters_running": 1, "paragraph_diagnostics": 55}
[2026-09-12T15:09:38Z] 5.6 min: aligning {"arm_chapters_passed": 0, "arm_chapters_rejected": 1, "arm_chapters_running": 1, "paragraph_diagnostics": 59}
[2026-09-12T15:10:09Z] 6.1 min: aligning {"arm_chapters_passed": 0, "arm_chapters_rejected": 1, "arm_chapters_running": 1, "paragraph_diagnostics": 64}
[2026-09-12T15:10:39Z] 6.7 min: aligning {"arm_chapters_passed": 0, "arm_chapters_rejected": 1, "arm_chapters_running": 1, "paragraph_diagnostics": 73}
[2026-09-12T15:11:10Z] 7.2 min: aligning {"arm_chapters_passed": 0, "arm_chapters_rejected": 1, "arm_chapters_running": 1, "paragraph_diagnostics": 79}
[2026-09-12T15:11:40Z] 7.7 min: aligning {"arm_chapters_passed": 0, "arm_chapters_rejected": 2, "arm_chapters_running": 1, "paragraph_diagnostics": 85}
[2026-09-12T15:12:10Z] 8.2 min: aligning {"arm_chapters_passed": 0, "arm_chapters_rejected": 2, "arm_chapters_running": 1, "paragraph_diagnostics": 116}
[2026-09-12T15:12:44Z] snapshot 2540847 bytes
[2026-09-12T15:12:44Z] 8.7 min: aligning {"arm_chapters_passed": 0, "arm_chapters_rejected": 3, "arm_chapters_running": 1, "paragraph_diagnostics": 130}
[2026-09-12T15:13:15Z] 9.2 min: aligning {"arm_chapters_passed": 0, "arm_chapters_rejected": 3, "arm_chapters_running": 1, "paragraph_diagnostics": 143}
[2026-09-12T15:13:45Z] 9.7 min: aligning {"arm_chapters_passed": 0, "arm_chapters_rejected": 3, "arm_chapters_running": 1, "paragraph_diagnostics": 158}
[2026-09-12T15:14:15Z] 10.3 min: aligning {"arm_chapters_passed": 0, "arm_chapters_rejected": 4, "arm_chapters_running": 1, "paragraph_diagnostics": 184}
[2026-09-12T15:14:45Z] 10.8 min: aligning {"arm_chapters_passed": 1, "arm_chapters_rejected": 4, "arm_chapters_running": 1, "paragraph_diagnostics": 201}
[2026-09-12T15:15:16Z] 11.3 min: aligning {"arm_chapters_passed": 2, "arm_chapters_rejected": 4, "arm_chapters_running": 1, "paragraph_diagnostics": 215}
[2026-09-12T15:15:46Z] 11.8 min: aligning {"arm_chapters_passed": 2, "arm_chapters_rejected": 4, "arm_chapters_running": 1, "paragraph_diagnostics": 236}
[2026-09-12T15:16:17Z] 12.3 min: aligning {"arm_chapters_passed": 2, "arm_chapters_rejected": 5, "arm_chapters_running": 1, "paragraph_diagnostics": 272}
[2026-09-12T15:16:52Z] snapshot 4172835 bytes
[2026-09-12T15:16:52Z] 12.8 min: aligning {"arm_chapters_passed": 2, "arm_chapters_rejected": 5, "arm_chapters_running": 1, "paragraph_diagnostics": 280}
[2026-09-12T15:17:22Z] 13.4 min: aligning {"arm_chapters_passed": 2, "arm_chapters_rejected": 5, "arm_chapters_running": 1, "paragraph_diagnostics": 288}
[2026-09-12T15:17:53Z] 13.9 min: aligning {"arm_chapters_passed": 2, "arm_chapters_rejected": 5, "arm_chapters_running": 1, "paragraph_diagnostics": 298}
[2026-09-12T15:18:23Z] 14.4 min: aligning {"arm_chapters_passed": 2, "arm_chapters_rejected": 5, "arm_chapters_running": 1, "paragraph_diagnostics": 310}
[2026-09-12T15:18:53Z] 14.9 min: aligning {"arm_chapters_passed": 2, "arm_chapters_rejected": 6, "arm_chapters_running": 1, "paragraph_diagnostics": 344}
[2026-09-12T15:19:24Z] 15.4 min: aligning {"arm_chapters_passed": 2, "arm_chapters_rejected": 6, "arm_chapters_running": 1, "paragraph_diagnostics": 369}
[2026-09-12T15:19:54Z] 15.9 min: aligning {"arm_chapters_passed": 2, "arm_chapters_rejected": 6, "arm_chapters_running": 1, "paragraph_diagnostics": 420}
[2026-09-12T15:20:24Z] 16.4 min: aligning {"arm_chapters_passed": 2, "arm_chapters_rejected": 6, "arm_chapters_running": 1, "paragraph_diagnostics": 457}
[2026-09-12T15:21:02Z] snapshot 5897123 bytes
[2026-09-12T15:21:02Z] 16.9 min: aligning {"arm_chapters_passed": 2, "arm_chapters_rejected": 6, "arm_chapters_running": 1, "paragraph_diagnostics": 500}
[2026-09-12T15:21:32Z] 17.5 min: aligning {"arm_chapters_passed": 2, "arm_chapters_rejected": 7, "arm_chapters_running": 1, "paragraph_diagnostics": 543}
[2026-09-12T15:22:03Z] 18.0 min: aligning {"arm_chapters_passed": 2, "arm_chapters_rejected": 7, "arm_chapters_running": 1, "paragraph_diagnostics": 549}
[2026-09-12T15:22:33Z] 18.6 min: aligning {"arm_chapters_passed": 2, "arm_chapters_rejected": 7, "arm_chapters_running": 1, "paragraph_diagnostics": 562}
[2026-09-12T15:23:03Z] 19.1 min: aligning {"arm_chapters_passed": 2, "arm_chapters_rejected": 7, "arm_chapters_running": 1, "paragraph_diagnostics": 579}
[2026-09-12T15:23:34Z] 19.6 min: aligning {"arm_chapters_passed": 2, "arm_chapters_rejected": 7, "arm_chapters_running": 1, "paragraph_diagnostics": 599}
[2026-09-12T15:24:04Z] 20.1 min: aligning {"arm_chapters_passed": 2, "arm_chapters_rejected": 7, "arm_chapters_running": 1, "paragraph_diagnostics": 617}
[2026-09-12T15:24:35Z] 20.6 min: aligning {"arm_chapters_passed": 2, "arm_chapters_rejected": 7, "arm_chapters_running": 1, "paragraph_diagnostics": 646}
[2026-09-12T15:25:13Z] snapshot 7522071 bytes
[2026-09-12T15:25:13Z] 21.1 min: aligning {"arm_chapters_passed": 2, "arm_chapters_rejected": 7, "arm_chapters_running": 1, "paragraph_diagnostics": 662}
[2026-09-12T15:25:44Z] 21.7 min: aligning {"arm_chapters_passed": 2, "arm_chapters_rejected": 7, "arm_chapters_running": 1, "paragraph_diagnostics": 685}
[2026-09-12T15:26:14Z] 22.2 min: aligning {"arm_chapters_passed": 2, "arm_chapters_rejected": 7, "arm_chapters_running": 1, "paragraph_diagnostics": 715}
[2026-09-12T15:26:45Z] 22.7 min: aligning {"arm_chapters_passed": 2, "arm_chapters_rejected": 7, "arm_chapters_running": 1, "paragraph_diagnostics": 745}
[2026-09-12T15:27:15Z] 23.3 min: aligning {"arm_chapters_passed": 3, "arm_chapters_rejected": 7, "arm_chapters_running": 1, "paragraph_diagnostics": 771}
[2026-09-12T15:27:45Z] 23.8 min: aligning {"arm_chapters_passed": 3, "arm_chapters_rejected": 7, "arm_chapters_running": 1, "paragraph_diagnostics": 807}
[2026-09-12T15:28:16Z] 24.3 min: aligning {"arm_chapters_passed": 3, "arm_chapters_rejected": 7, "arm_chapters_running": 1, "paragraph_diagnostics": 838}
[2026-09-12T15:28:46Z] 24.8 min: aligning {"arm_chapters_passed": 3, "arm_chapters_rejected": 8, "arm_chapters_running": 1, "paragraph_diagnostics": 859}
[2026-09-12T15:29:28Z] snapshot 9353949 bytes
[2026-09-12T15:29:28Z] 25.3 min: aligning {"arm_chapters_passed": 3, "arm_chapters_rejected": 8, "arm_chapters_running": 1, "paragraph_diagnostics": 868}
[2026-09-12T15:29:59Z] 26.0 min: aligning {"arm_chapters_passed": 3, "arm_chapters_rejected": 8, "arm_chapters_running": 1, "paragraph_diagnostics": 899}
[2026-09-12T15:30:29Z] 26.5 min: aligning {"arm_chapters_passed": 3, "arm_chapters_rejected": 8, "arm_chapters_running": 1, "paragraph_diagnostics": 915}
[2026-09-12T15:31:00Z] 27.0 min: aligning {"arm_chapters_passed": 3, "arm_chapters_rejected": 8, "arm_chapters_running": 1, "paragraph_diagnostics": 931}
[2026-09-12T15:31:30Z] 27.5 min: aligning {"arm_chapters_passed": 4, "arm_chapters_rejected": 8, "arm_chapters_running": 1, "paragraph_diagnostics": 955}
[2026-09-12T15:32:00Z] 28.0 min: aligning {"arm_chapters_passed": 4, "arm_chapters_rejected": 9, "arm_chapters_running": 1, "paragraph_diagnostics": 996}
[2026-09-12T15:32:31Z] 28.5 min: aligning {"arm_chapters_passed": 4, "arm_chapters_rejected": 9, "arm_chapters_running": 1, "paragraph_diagnostics": 1012}
[2026-09-12T15:33:01Z] 29.0 min: aligning {"arm_chapters_passed": 5, "arm_chapters_rejected": 9, "arm_chapters_running": 1, "paragraph_diagnostics": 1053}
[2026-09-12T15:33:43Z] snapshot 11098270 bytes
[2026-09-12T15:33:43Z] 29.5 min: aligning {"arm_chapters_passed": 5, "arm_chapters_rejected": 10, "arm_chapters_running": 1, "paragraph_diagnostics": 1101}
[2026-09-12T15:34:14Z] 30.2 min: aligning {"arm_chapters_passed": 5, "arm_chapters_rejected": 10, "arm_chapters_running": 1, "paragraph_diagnostics": 1141}
[2026-09-12T15:34:44Z] 30.7 min: aligning {"arm_chapters_passed": 5, "arm_chapters_rejected": 10, "arm_chapters_running": 1, "paragraph_diagnostics": 1158}
[2026-09-12T15:35:15Z] 31.2 min: aligning {"arm_chapters_passed": 5, "arm_chapters_rejected": 11, "arm_chapters_running": 1, "paragraph_diagnostics": 1192}
[2026-09-12T15:35:45Z] 31.8 min: aligning {"arm_chapters_passed": 5, "arm_chapters_rejected": 12, "arm_chapters_running": 1, "paragraph_diagnostics": 1215}
[2026-09-12T15:36:16Z] 32.3 min: aligning {"arm_chapters_passed": 5, "arm_chapters_rejected": 12, "arm_chapters_running": 1, "paragraph_diagnostics": 1238}
[2026-09-12T15:36:46Z] 32.8 min: aligning {"arm_chapters_passed": 5, "arm_chapters_rejected": 12, "arm_chapters_running": 1, "paragraph_diagnostics": 1253}
[2026-09-12T15:37:17Z] 33.3 min: aligning {"arm_chapters_passed": 6, "arm_chapters_rejected": 12, "arm_chapters_running": 1, "paragraph_diagnostics": 1265}
[2026-09-12T15:38:01Z] snapshot 12729282 bytes
[2026-09-12T15:38:01Z] 33.8 min: aligning {"arm_chapters_passed": 6, "arm_chapters_rejected": 12, "arm_chapters_running": 1, "paragraph_diagnostics": 1300}
[2026-09-12T15:38:31Z] 34.5 min: aligning {"arm_chapters_passed": 6, "arm_chapters_rejected": 13, "arm_chapters_running": 1, "paragraph_diagnostics": 1325}
[2026-09-12T15:39:01Z] 35.0 min: aligning {"arm_chapters_passed": 6, "arm_chapters_rejected": 13, "arm_chapters_running": 1, "paragraph_diagnostics": 1331}
[2026-09-12T15:39:32Z] 35.5 min: aligning {"arm_chapters_passed": 6, "arm_chapters_rejected": 13, "arm_chapters_running": 1, "paragraph_diagnostics": 1351}
[2026-09-12T15:40:02Z] 36.0 min: aligning {"arm_chapters_passed": 6, "arm_chapters_rejected": 13, "arm_chapters_running": 1, "paragraph_diagnostics": 1367}
[2026-09-12T15:40:33Z] 36.5 min: aligning {"arm_chapters_passed": 7, "arm_chapters_rejected": 13, "arm_chapters_running": 1, "paragraph_diagnostics": 1387}
[2026-09-12T15:41:03Z] 37.0 min: aligning {"arm_chapters_passed": 7, "arm_chapters_rejected": 13, "arm_chapters_running": 1, "paragraph_diagnostics": 1435}
[2026-09-12T15:41:33Z] 37.6 min: aligning {"arm_chapters_passed": 7, "arm_chapters_rejected": 13, "arm_chapters_running": 1, "paragraph_diagnostics": 1464}
