[2026-09-12T07:56:22Z] created bbzns33x76ewlq tinct-words-run2-85 gpu=None $0.49/hr
[2026-09-12T07:56:23Z] waiting: pod RUNNING agent HTTP 404
[2026-09-12T07:56:39Z] waiting: pod RUNNING agent HTTP 404
[2026-09-12T07:56:55Z] phase cohort at 0.5 min; setup={"versions": {"faster-whisper": "1.2.1", "ctranslate2": "4.8.2", "av": "18.1.0"}, "commit": "f53d744782e3c369fffd2980a013a7f199c0476e", "model_tree_sha256": "f1fe271c349229677131d389a96d0a28062a6a2c2fee54a8ce119c43538315c5", "ld_library_path": "/usr/local/lib/python3.11/dist-packages/nvidia/cublas/l
[2026-09-12T07:56:55Z] 0.5 min: cohort {"arm_chapters_passed": 0, "arm_chapters_rejected": 0, "arm_chapters_running": 0}
[2026-09-12T07:57:26Z] 1.0 min: cohort {"arm_chapters_passed": 0, "arm_chapters_rejected": 0, "arm_chapters_running": 0}
[2026-09-12T07:57:56Z] 1.6 min: cohort {"arm_chapters_passed": 0, "arm_chapters_rejected": 0, "arm_chapters_running": 0}
[2026-09-12T07:58:27Z] 2.1 min: cohort {"arm_chapters_passed": 0, "arm_chapters_rejected": 0, "arm_chapters_running": 0}
[2026-09-12T07:58:57Z] phase aligning at 2.6 min; setup={"versions": {"faster-whisper": "1.2.1", "ctranslate2": "4.8.2", "av": "18.1.0"}, "commit": "f53d744782e3c369fffd2980a013a7f199c0476e", "model_tree_sha256": "f1fe271c349229677131d389a96d0a28062a6a2c2fee54a8ce119c43538315c5", "ld_library_path": "/usr/local/lib/python3.11/dist-packages/nvidia/cublas/l
[2026-09-12T07:58:57Z] 2.6 min: aligning {"arm_chapters_passed": 0, "arm_chapters_rejected": 0, "arm_chapters_running": 1, "paragraph_diagnostics": 26}
[2026-09-12T07:59:28Z] 3.1 min: aligning {"arm_chapters_passed": 0, "arm_chapters_rejected": 0, "arm_chapters_running": 1, "paragraph_diagnostics": 68}
[2026-09-12T07:59:58Z] 3.6 min: aligning {"arm_chapters_passed": 0, "arm_chapters_rejected": 1, "arm_chapters_running": 1, "paragraph_diagnostics": 86}
[2026-09-12T08:00:29Z] 4.1 min: aligning {"arm_chapters_passed": 0, "arm_chapters_rejected": 1, "arm_chapters_running": 1, "paragraph_diagnostics": 120}
[2026-09-12T08:01:01Z] snapshot 898262 bytes
[2026-09-12T08:01:01Z] 4.6 min: aligning {"arm_chapters_passed": 0, "arm_chapters_rejected": 1, "arm_chapters_running": 1, "paragraph_diagnostics": 130}
[2026-09-12T08:01:31Z] 5.1 min: aligning {"arm_chapters_passed": 0, "arm_chapters_rejected": 1, "arm_chapters_running": 1, "paragraph_diagnostics": 150}
[2026-09-12T08:02:02Z] 5.6 min: aligning {"arm_chapters_passed": 1, "arm_chapters_rejected": 1, "arm_chapters_running": 1, "paragraph_diagnostics": 178}
[2026-09-12T08:02:32Z] 6.2 min: aligning {"arm_chapters_passed": 1, "arm_chapters_rejected": 2, "arm_chapters_running": 1, "paragraph_diagnostics": 202}
[2026-09-12T08:03:02Z] 6.7 min: aligning {"arm_chapters_passed": 1, "arm_chapters_rejected": 2, "arm_chapters_running": 1, "paragraph_diagnostics": 222}
[2026-09-12T08:03:33Z] 7.2 min: aligning {"arm_chapters_passed": 2, "arm_chapters_rejected": 3, "arm_chapters_running": 1, "paragraph_diagnostics": 264}
[2026-09-12T08:04:03Z] 7.7 min: aligning {"arm_chapters_passed": 3, "arm_chapters_rejected": 3, "arm_chapters_running": 1, "paragraph_diagnostics": 304}
[2026-09-12T08:04:33Z] 8.2 min: aligning {"arm_chapters_passed": 3, "arm_chapters_rejected": 4, "arm_chapters_running": 1, "paragraph_diagnostics": 346}
[2026-09-12T08:05:07Z] snapshot 2478561 bytes
[2026-09-12T08:05:07Z] 8.7 min: aligning {"arm_chapters_passed": 3, "arm_chapters_rejected": 6, "arm_chapters_running": 1, "paragraph_diagnostics": 406}
[2026-09-12T08:05:38Z] 9.2 min: aligning {"arm_chapters_passed": 3, "arm_chapters_rejected": 7, "arm_chapters_running": 1, "paragraph_diagnostics": 439}
[2026-09-12T08:06:08Z] 9.8 min: aligning {"arm_chapters_passed": 4, "arm_chapters_rejected": 7, "arm_chapters_running": 1, "paragraph_diagnostics": 457}
[2026-09-12T08:06:38Z] 10.3 min: aligning {"arm_chapters_passed": 5, "arm_chapters_rejected": 7, "arm_chapters_running": 1, "paragraph_diagnostics": 477}
[2026-09-12T08:07:08Z] 10.8 min: aligning {"arm_chapters_passed": 5, "arm_chapters_rejected": 8, "arm_chapters_running": 1, "paragraph_diagnostics": 499}
[2026-09-12T08:07:39Z] 11.3 min: aligning {"arm_chapters_passed": 6, "arm_chapters_rejected": 9, "arm_chapters_running": 1, "paragraph_diagnostics": 522}
[2026-09-12T08:08:09Z] 11.8 min: aligning {"arm_chapters_passed": 7, "arm_chapters_rejected": 9, "arm_chapters_running": 1, "paragraph_diagnostics": 540}
[2026-09-12T08:08:39Z] 12.3 min: aligning {"arm_chapters_passed": 7, "arm_chapters_rejected": 9, "arm_chapters_running": 1, "paragraph_diagnostics": 562}
