[2026-09-11T13:31:01Z] created ku0brnal1c6hzc tinct-words-run1-11 gpu=None $0.22/hr
[2026-09-11T13:31:02Z] waiting: pod RUNNING agent HTTP 404
[2026-09-11T13:31:20Z] phase deps at 0.3 min; setup={}
[2026-09-11T13:31:20Z] 0.3 min: deps {"arm_chapters_passed": 0, "arm_chapters_rejected": 0, "arm_chapters_running": 0}
[2026-09-11T13:31:51Z] 0.8 min: deps {"arm_chapters_passed": 0, "arm_chapters_rejected": 0, "arm_chapters_running": 0}
[2026-09-11T13:32:24Z] 1.3 min: deps {"arm_chapters_passed": 0, "arm_chapters_rejected": 0, "arm_chapters_running": 0}
[2026-09-11T13:32:54Z] 1.9 min: deps {"arm_chapters_passed": 0, "arm_chapters_rejected": 0, "arm_chapters_running": 0}
[2026-09-11T13:33:25Z] 2.4 min: deps {"arm_chapters_passed": 0, "arm_chapters_rejected": 0, "arm_chapters_running": 0}
[2026-09-11T13:33:56Z] 2.9 min: deps {"arm_chapters_passed": 0, "arm_chapters_rejected": 0, "arm_chapters_running": 0}
[2026-09-11T13:34:26Z] 3.4 min: deps {"arm_chapters_passed": 0, "arm_chapters_rejected": 0, "arm_chapters_running": 0}
[2026-09-11T13:34:57Z] 3.9 min: deps {"arm_chapters_passed": 0, "arm_chapters_rejected": 0, "arm_chapters_running": 0}
[2026-09-11T13:35:35Z] 4.4 min: deps {"arm_chapters_passed": 0, "arm_chapters_rejected": 0, "arm_chapters_running": 0}
[2026-09-11T13:36:07Z] 5.1 min: deps {"arm_chapters_passed": 0, "arm_chapters_rejected": 0, "arm_chapters_running": 0}
[2026-09-11T13:36:37Z] 5.6 min: deps {"arm_chapters_passed": 0, "arm_chapters_rejected": 0, "arm_chapters_running": 0}
[2026-09-11T13:37:09Z] 6.1 min: deps {"arm_chapters_passed": 0, "arm_chapters_rejected": 0, "arm_chapters_running": 0}
[2026-09-11T13:37:40Z] 6.6 min: deps {"arm_chapters_passed": 0, "arm_chapters_rejected": 0, "arm_chapters_running": 0}
[2026-09-11T13:38:11Z] 7.2 min: deps {"arm_chapters_passed": 0, "arm_chapters_rejected": 0, "arm_chapters_running": 0}
[2026-09-11T13:38:42Z] 7.7 min: deps {"arm_chapters_passed": 0, "arm_chapters_rejected": 0, "arm_chapters_running": 0}
[2026-09-11T13:39:12Z] 8.2 min: deps {"arm_chapters_passed": 0, "arm_chapters_rejected": 0, "arm_chapters_running": 0}
[2026-09-11T13:39:43Z] 8.7 min: deps {"arm_chapters_passed": 0, "arm_chapters_rejected": 0, "arm_chapters_running": 0}
[2026-09-11T13:40:14Z] 9.2 min: deps {"arm_chapters_passed": 0, "arm_chapters_rejected": 0, "arm_chapters_running": 0}
[2026-09-11T13:40:45Z] 9.7 min: deps {"arm_chapters_passed": 0, "arm_chapters_rejected": 0, "arm_chapters_running": 0}
[2026-09-11T13:41:16Z] 10.2 min: deps {"arm_chapters_passed": 0, "arm_chapters_rejected": 0, "arm_chapters_running": 0}
[2026-09-11T13:41:47Z] 10.8 min: deps {"arm_chapters_passed": 0, "arm_chapters_rejected": 0, "arm_chapters_running": 0}
[2026-09-11T13:42:18Z] 11.3 min: deps {"arm_chapters_passed": 0, "arm_chapters_rejected": 0, "arm_chapters_running": 0}
[2026-09-11T13:42:48Z] 11.8 min: deps {"arm_chapters_passed": 0, "arm_chapters_rejected": 0, "arm_chapters_running": 0}
[2026-09-11T13:43:19Z] 12.3 min: deps {"arm_chapters_passed": 0, "arm_chapters_rejected": 0, "arm_chapters_running": 0}
[2026-09-11T13:43:50Z] 12.8 min: deps {"arm_chapters_passed": 0, "arm_chapters_rejected": 0, "arm_chapters_running": 0}
[2026-09-11T13:44:21Z] 13.3 min: deps {"arm_chapters_passed": 0, "arm_chapters_rejected": 0, "arm_chapters_running": 0}
[2026-09-11T13:44:53Z] 13.8 min: deps {"arm_chapters_passed": 0, "arm_chapters_rejected": 0, "arm_chapters_running": 0}
[2026-09-11T13:45:23Z] 14.4 min: deps {"arm_chapters_passed": 0, "arm_chapters_rejected": 0, "arm_chapters_running": 0}
[2026-09-11T13:45:54Z] 14.9 min: deps {"arm_chapters_passed": 0, "arm_chapters_rejected": 0, "arm_chapters_running": 0}
[2026-09-11T13:46:24Z] 15.4 min: deps {"arm_chapters_passed": 0, "arm_chapters_rejected": 0, "arm_chapters_running": 0}
[2026-09-11T13:46:55Z] 15.9 min: deps {"arm_chapters_passed": 0, "arm_chapters_rejected": 0, "arm_chapters_running": 0}
[2026-09-11T13:47:25Z] 16.4 min: deps {"arm_chapters_passed": 0, "arm_chapters_rejected": 0, "arm_chapters_running": 0}
[2026-09-11T13:47:56Z] phase model at 16.9 min; setup={"versions": {"faster-whisper": "1.2.1", "ctranslate2": "4.8.2", "av": "18.1.0"}, "commit": "a3780bee4a0683ed3968478e442bfbd2f861173e"}
[2026-09-11T13:47:56Z] 16.9 min: model {"arm_chapters_passed": 0, "arm_chapters_rejected": 0, "arm_chapters_running": 0}
[2026-09-11T13:48:26Z] phase cuda at 17.4 min; setup={"versions": {"faster-whisper": "1.2.1", "ctranslate2": "4.8.2", "av": "18.1.0"}, "commit": "a3780bee4a0683ed3968478e442bfbd2f861173e", "model_tree_sha256": "f1fe271c349229677131d389a96d0a28062a6a2c2fee54a8ce119c43538315c5", "ld_library_path": "/usr/local/lib/python3.11/dist-packages/nvidia/cublas/l
[2026-09-11T13:48:26Z] 17.4 min: cuda {"arm_chapters_passed": 0, "arm_chapters_rejected": 0, "arm_chapters_running": 0}
[2026-09-11T13:48:57Z] phase cohort at 17.9 min; setup={"versions": {"faster-whisper": "1.2.1", "ctranslate2": "4.8.2", "av": "18.1.0"}, "commit": "a3780bee4a0683ed3968478e442bfbd2f861173e", "model_tree_sha256": "f1fe271c349229677131d389a96d0a28062a6a2c2fee54a8ce119c43538315c5", "ld_library_path": "/usr/local/lib/python3.11/dist-packages/nvidia/cublas/l
[2026-09-11T13:48:57Z] 17.9 min: cohort {"arm_chapters_passed": 0, "arm_chapters_rejected": 0, "arm_chapters_running": 0}
[2026-09-11T13:49:27Z] 18.4 min: cohort {"arm_chapters_passed": 0, "arm_chapters_rejected": 0, "arm_chapters_running": 0}
[2026-09-11T13:49:58Z] 18.9 min: cohort {"arm_chapters_passed": 0, "arm_chapters_rejected": 0, "arm_chapters_running": 0}
[2026-09-11T13:50:29Z] 19.5 min: cohort {"arm_chapters_passed": 0, "arm_chapters_rejected": 0, "arm_chapters_running": 0}
[2026-09-11T13:51:00Z] 20.0 min: cohort {"arm_chapters_passed": 0, "arm_chapters_rejected": 0, "arm_chapters_running": 0}
[2026-09-11T13:51:31Z] 20.5 min: cohort {"arm_chapters_passed": 0, "arm_chapters_rejected": 0, "arm_chapters_running": 0}
[2026-09-11T13:52:02Z] 21.0 min: cohort {"arm_chapters_passed": 0, "arm_chapters_rejected": 0, "arm_chapters_running": 0}
[2026-09-11T13:52:33Z] 21.5 min: cohort {"arm_chapters_passed": 0, "arm_chapters_rejected": 0, "arm_chapters_running": 0}
[2026-09-11T13:53:05Z] 22.0 min: cohort {"arm_chapters_passed": 0, "arm_chapters_rejected": 0, "arm_chapters_running": 0}
[2026-09-11T13:53:36Z] 22.6 min: cohort {"arm_chapters_passed": 0, "arm_chapters_rejected": 0, "arm_chapters_running": 0}
[2026-09-11T13:54:08Z] 23.1 min: cohort {"arm_chapters_passed": 0, "arm_chapters_rejected": 0, "arm_chapters_running": 0}
[2026-09-11T13:54:39Z] 23.6 min: cohort {"arm_chapters_passed": 0, "arm_chapters_rejected": 0, "arm_chapters_running": 0}
[2026-09-11T13:55:11Z] 24.1 min: cohort {"arm_chapters_passed": 0, "arm_chapters_rejected": 0, "arm_chapters_running": 0}
[2026-09-11T13:55:42Z] 24.7 min: cohort {"arm_chapters_passed": 0, "arm_chapters_rejected": 0, "arm_chapters_running": 0}
[2026-09-11T13:56:14Z] 25.2 min: cohort {"arm_chapters_passed": 0, "arm_chapters_rejected": 0, "arm_chapters_running": 0}
[2026-09-11T13:56:45Z] 25.7 min: cohort {"arm_chapters_passed": 0, "arm_chapters_rejected": 0, "arm_chapters_running": 0}
[2026-09-11T13:57:16Z] phase None at 26.2 min; setup={}
[2026-09-11T13:57:16Z] 26.2 min: None {}
[2026-09-11T13:57:46Z] 26.8 min: None {}
[2026-09-11T13:58:17Z] 27.3 min: None {}
[2026-09-11T13:58:47Z] 27.8 min: None {}
[2026-09-11T13:59:18Z] 28.3 min: None {}
[2026-09-11T13:59:49Z] 28.8 min: None {}
[2026-09-11T14:00:19Z] 29.3 min: None {}
[2026-09-11T14:00:50Z] 29.8 min: None {}
[2026-09-11T14:01:21Z] 30.3 min: None {}
[2026-09-11T14:01:51Z] 30.8 min: None {}
