[2026-09-12T15:44:30Z] created riac1na0tk865x tinct-words-run3-65 gpu=None $0.49/hr
[2026-09-12T15:44:53Z] waiting: pod RUNNING agent HTTP 0
[2026-09-12T15:45:30Z] waiting: pod RUNNING agent HTTP 0
[2026-09-12T15:46:08Z] waiting: pod RUNNING agent HTTP 0
[2026-09-12T15:46:46Z] waiting: pod RUNNING agent HTTP 0
[2026-09-12T15:47:23Z] waiting: pod RUNNING agent HTTP 0
[2026-09-12T15:48:01Z] waiting: pod RUNNING agent HTTP 0
[2026-09-12T15:48:39Z] waiting: pod RUNNING agent HTTP 0
[2026-09-12T15:49:16Z] waiting: pod RUNNING agent HTTP 0
[2026-09-12T15:49:54Z] waiting: pod RUNNING agent HTTP 0
[2026-09-12T15:50:32Z] waiting: pod RUNNING agent HTTP 0
[2026-09-12T15:51:09Z] waiting: pod RUNNING agent HTTP 0
[2026-09-12T15:51:47Z] waiting: pod RUNNING agent HTTP 0
[2026-09-12T15:52:25Z] waiting: pod RUNNING agent HTTP 0
[2026-09-12T15:53:02Z] waiting: pod RUNNING agent HTTP 0
[2026-09-12T15:53:40Z] waiting: pod RUNNING agent HTTP 0
[2026-09-12T15:54:17Z] waiting: pod RUNNING agent HTTP 0
[2026-09-12T15:54:55Z] waiting: pod RUNNING agent HTTP 0
[2026-09-12T15:55:33Z] waiting: pod RUNNING agent HTTP 0
[2026-09-12T15:56:10Z] waiting: pod RUNNING agent HTTP 0
[2026-09-12T15:56:48Z] waiting: pod RUNNING agent HTTP 0
[2026-09-12T15:57:26Z] waiting: pod RUNNING agent HTTP 0
[2026-09-12T15:58:04Z] waiting: pod RUNNING agent HTTP 0
[2026-09-12T15:58:41Z] waiting: pod RUNNING agent HTTP 0
[2026-09-12T15:59:19Z] waiting: pod RUNNING agent HTTP 0
[2026-09-12T15:59:34Z] RuntimeError: status server never answered
[2026-09-12T15:59:37Z] stop riac1na0tk865x: HTTP 200
[2026-09-12T15:59:40Z] terminate riac1na0tk865x: HTTP 204
[2026-09-12T15:59:40Z] pod riac1na0tk865x done: outcome=boot-timeout uptime=15.1m est $0.12
