[2026-09-12T15:44:51Z] created akvdrgw81r9b7x tinct-words-run3-66 gpu=None $0.49/hr
[2026-09-12T15:44:51Z] waiting: pod RUNNING agent HTTP 404
[2026-09-12T15:45:07Z] waiting: pod RUNNING agent HTTP 404
[2026-09-12T15:45:24Z] phase cohort at 0.5 min; setup={"versions": {"faster-whisper": "1.2.1", "ctranslate2": "4.8.2", "av": "18.1.0"}, "commit": "c43ab3799d5b71c58b770ed22e1bd7bb9b2774cf", "model_tree_sha256": "f1fe271c349229677131d389a96d0a28062a6a2c2fee54a8ce119c43538315c5", "ld_library_path": "/usr/local/lib/python3.11/dist-packages/nvidia/cublas/l
[2026-09-12T15:45:24Z] 0.5 min: cohort {"arm_chapters_passed": 0, "arm_chapters_rejected": 0, "arm_chapters_running": 0}
[2026-09-12T15:45:54Z] 1.1 min: cohort {"arm_chapters_passed": 0, "arm_chapters_rejected": 0, "arm_chapters_running": 0}
[2026-09-12T15:46:24Z] 1.6 min: cohort {"arm_chapters_passed": 0, "arm_chapters_rejected": 0, "arm_chapters_running": 0}
[2026-09-12T15:46:55Z] 2.1 min: cohort {"arm_chapters_passed": 0, "arm_chapters_rejected": 0, "arm_chapters_running": 0}
[2026-09-12T15:47:25Z] 2.6 min: cohort {"arm_chapters_passed": 0, "arm_chapters_rejected": 0, "arm_chapters_running": 0}
[2026-09-12T15:47:55Z] phase aligning at 3.1 min; setup={"versions": {"faster-whisper": "1.2.1", "ctranslate2": "4.8.2", "av": "18.1.0"}, "commit": "c43ab3799d5b71c58b770ed22e1bd7bb9b2774cf", "model_tree_sha256": "f1fe271c349229677131d389a96d0a28062a6a2c2fee54a8ce119c43538315c5", "ld_library_path": "/usr/local/lib/python3.11/dist-packages/nvidia/cublas/l
[2026-09-12T15:47:55Z] 3.1 min: aligning {"arm_chapters_passed": 0, "arm_chapters_rejected": 1, "arm_chapters_running": 1, "paragraph_diagnostics": 59}
[2026-09-12T15:48:26Z] 3.6 min: aligning {"arm_chapters_passed": 1, "arm_chapters_rejected": 1, "arm_chapters_running": 1, "paragraph_diagnostics": 133}
[2026-09-12T15:48:56Z] 4.1 min: aligning {"arm_chapters_passed": 2, "arm_chapters_rejected": 2, "arm_chapters_running": 1, "paragraph_diagnostics": 199}
[2026-09-12T15:49:28Z] snapshot 456864 bytes
[2026-09-12T15:49:28Z] 4.6 min: aligning {"arm_chapters_passed": 2, "arm_chapters_rejected": 3, "arm_chapters_running": 1, "paragraph_diagnostics": 275}
[2026-09-12T15:49:58Z] 5.1 min: aligning {"arm_chapters_passed": 3, "arm_chapters_rejected": 4, "arm_chapters_running": 1, "paragraph_diagnostics": 353}
[2026-09-12T15:50:28Z] 5.6 min: aligning {"arm_chapters_passed": 4, "arm_chapters_rejected": 4, "arm_chapters_running": 1, "paragraph_diagnostics": 424}
[2026-09-12T15:50:59Z] 6.1 min: aligning {"arm_chapters_passed": 5, "arm_chapters_rejected": 5, "arm_chapters_running": 1, "paragraph_diagnostics": 503}
[2026-09-12T15:51:29Z] 6.6 min: aligning {"arm_chapters_passed": 5, "arm_chapters_rejected": 6, "arm_chapters_running": 1, "paragraph_diagnostics": 578}
[2026-09-12T15:51:59Z] 7.1 min: aligning {"arm_chapters_passed": 6, "arm_chapters_rejected": 7, "arm_chapters_running": 1, "paragraph_diagnostics": 658}
[2026-09-12T15:52:30Z] 7.6 min: aligning {"arm_chapters_passed": 7, "arm_chapters_rejected": 7, "arm_chapters_running": 1, "paragraph_diagnostics": 724}
[2026-09-12T15:53:00Z] 8.2 min: aligning {"arm_chapters_passed": 8, "arm_chapters_rejected": 8, "arm_chapters_running": 1, "paragraph_diagnostics": 795}
[2026-09-12T15:53:33Z] snapshot 1460914 bytes
[2026-09-12T15:53:33Z] 8.7 min: aligning {"arm_chapters_passed": 8, "arm_chapters_rejected": 9, "arm_chapters_running": 1, "paragraph_diagnostics": 871}
[2026-09-12T15:54:04Z] 9.2 min: aligning {"arm_chapters_passed": 9, "arm_chapters_rejected": 10, "arm_chapters_running": 1, "paragraph_diagnostics": 958}
