[2026-09-12T15:40:01Z] created yzi6ebksuz34kx tinct-words-run3-53 gpu=None $0.49/hr
[2026-09-12T15:40:03Z] waiting: pod RUNNING agent HTTP 404
[2026-09-12T15:40:19Z] waiting: pod RUNNING agent HTTP 404
[2026-09-12T15:40:36Z] phase cohort at 0.6 min; setup={"versions": {"faster-whisper": "1.2.1", "ctranslate2": "4.8.2", "av": "18.1.0"}, "commit": "c43ab3799d5b71c58b770ed22e1bd7bb9b2774cf", "model_tree_sha256": "f1fe271c349229677131d389a96d0a28062a6a2c2fee54a8ce119c43538315c5", "ld_library_path": "/usr/local/lib/python3.11/dist-packages/nvidia/cublas/l
[2026-09-12T15:40:36Z] 0.6 min: cohort {"arm_chapters_passed": 0, "arm_chapters_rejected": 0, "arm_chapters_running": 0}
[2026-09-12T15:41:07Z] 1.1 min: cohort {"arm_chapters_passed": 0, "arm_chapters_rejected": 0, "arm_chapters_running": 0}
[2026-09-12T15:41:38Z] 1.6 min: cohort {"arm_chapters_passed": 0, "arm_chapters_rejected": 0, "arm_chapters_running": 0}
[2026-09-12T15:42:08Z] phase aligning at 2.1 min; setup={"versions": {"faster-whisper": "1.2.1", "ctranslate2": "4.8.2", "av": "18.1.0"}, "commit": "c43ab3799d5b71c58b770ed22e1bd7bb9b2774cf", "model_tree_sha256": "f1fe271c349229677131d389a96d0a28062a6a2c2fee54a8ce119c43538315c5", "ld_library_path": "/usr/local/lib/python3.11/dist-packages/nvidia/cublas/l
[2026-09-12T15:42:08Z] 2.1 min: aligning {"arm_chapters_passed": 0, "arm_chapters_rejected": 0, "arm_chapters_running": 1, "paragraph_diagnostics": 85}
[2026-09-12T15:42:39Z] 2.6 min: aligning {"arm_chapters_passed": 0, "arm_chapters_rejected": 1, "arm_chapters_running": 1, "paragraph_diagnostics": 137}
[2026-09-12T15:43:10Z] 3.1 min: aligning {"arm_chapters_passed": 1, "arm_chapters_rejected": 2, "arm_chapters_running": 1, "paragraph_diagnostics": 212}
[2026-09-12T15:43:41Z] 3.6 min: aligning {"arm_chapters_passed": 2, "arm_chapters_rejected": 4, "arm_chapters_running": 1, "paragraph_diagnostics": 312}
[2026-09-12T15:44:12Z] 4.2 min: aligning {"arm_chapters_passed": 4, "arm_chapters_rejected": 7, "arm_chapters_running": 1, "paragraph_diagnostics": 393}
[2026-09-12T15:44:44Z] snapshot 748857 bytes
[2026-09-12T15:44:44Z] 4.7 min: aligning {"arm_chapters_passed": 6, "arm_chapters_rejected": 9, "arm_chapters_running": 1, "paragraph_diagnostics": 463}
[2026-09-12T15:45:15Z] 5.2 min: aligning {"arm_chapters_passed": 10, "arm_chapters_rejected": 12, "arm_chapters_running": 1, "paragraph_diagnostics": 541}
[2026-09-12T15:45:46Z] 5.7 min: aligning {"arm_chapters_passed": 10, "arm_chapters_rejected": 13, "arm_chapters_running": 1, "paragraph_diagnostics": 618}
[2026-09-12T15:46:17Z] 6.2 min: aligning {"arm_chapters_passed": 11, "arm_chapters_rejected": 13, "arm_chapters_running": 1, "paragraph_diagnostics": 699}
[2026-09-12T15:46:47Z] 6.8 min: aligning {"arm_chapters_passed": 12, "arm_chapters_rejected": 14, "arm_chapters_running": 1, "paragraph_diagnostics": 779}
[2026-09-12T15:47:18Z] 7.3 min: aligning {"arm_chapters_passed": 13, "arm_chapters_rejected": 15, "arm_chapters_running": 1, "paragraph_diagnostics": 875}
[2026-09-12T15:47:49Z] 7.8 min: aligning {"arm_chapters_passed": 13, "arm_chapters_rejected": 15, "arm_chapters_running": 1, "paragraph_diagnostics": 985}
[2026-09-12T15:48:20Z] 8.3 min: aligning {"arm_chapters_passed": 13, "arm_chapters_rejected": 16, "arm_chapters_running": 1, "paragraph_diagnostics": 1066}
[2026-09-12T15:48:54Z] snapshot 1895787 bytes
[2026-09-12T15:48:54Z] 8.8 min: aligning {"arm_chapters_passed": 13, "arm_chapters_rejected": 16, "arm_chapters_running": 1, "paragraph_diagnostics": 1126}
[2026-09-12T15:49:25Z] 9.4 min: aligning {"arm_chapters_passed": 14, "arm_chapters_rejected": 16, "arm_chapters_running": 1, "paragraph_diagnostics": 1202}
[2026-09-12T15:49:56Z] 9.9 min: aligning {"arm_chapters_passed": 15, "arm_chapters_rejected": 17, "arm_chapters_running": 1, "paragraph_diagnostics": 1230}
[2026-09-12T15:50:27Z] 10.4 min: aligning {"arm_chapters_passed": 15, "arm_chapters_rejected": 18, "arm_chapters_running": 1, "paragraph_diagnostics": 1269}
[2026-09-12T15:50:58Z] 10.9 min: aligning {"arm_chapters_passed": 16, "arm_chapters_rejected": 18, "arm_chapters_running": 1, "paragraph_diagnostics": 1317}
[2026-09-12T15:51:29Z] 11.4 min: aligning {"arm_chapters_passed": 16, "arm_chapters_rejected": 19, "arm_chapters_running": 1, "paragraph_diagnostics": 1339}
[2026-09-12T15:51:59Z] 12.0 min: aligning {"arm_chapters_passed": 17, "arm_chapters_rejected": 19, "arm_chapters_running": 1, "paragraph_diagnostics": 1384}
[2026-09-12T15:52:30Z] 12.5 min: aligning {"arm_chapters_passed": 17, "arm_chapters_rejected": 20, "arm_chapters_running": 1, "paragraph_diagnostics": 1435}
[2026-09-12T15:53:07Z] snapshot 3642469 bytes
[2026-09-12T15:53:07Z] 13.0 min: aligning {"arm_chapters_passed": 18, "arm_chapters_rejected": 20, "arm_chapters_running": 1, "paragraph_diagnostics": 1484}
[2026-09-12T15:53:37Z] 13.6 min: aligning {"arm_chapters_passed": 18, "arm_chapters_rejected": 21, "arm_chapters_running": 1, "paragraph_diagnostics": 1519}
[2026-09-12T15:54:08Z] 14.1 min: aligning {"arm_chapters_passed": 19, "arm_chapters_rejected": 21, "arm_chapters_running": 1, "paragraph_diagnostics": 1595}
