[2026-09-12T14:25:22Z] created oxyugcnoz0nw46 tinct-words-run3-23 gpu=None $0.49/hr
[2026-09-12T14:25:23Z] waiting: pod RUNNING agent HTTP 404
[2026-09-12T14:25:39Z] waiting: pod RUNNING agent HTTP 404
[2026-09-12T14:25:55Z] phase cohort at 0.5 min; setup={"versions": {"faster-whisper": "1.2.1", "ctranslate2": "4.8.2", "av": "18.1.0"}, "commit": "c43ab3799d5b71c58b770ed22e1bd7bb9b2774cf", "model_tree_sha256": "f1fe271c349229677131d389a96d0a28062a6a2c2fee54a8ce119c43538315c5", "ld_library_path": "/usr/local/lib/python3.11/dist-packages/nvidia/cublas/l
[2026-09-12T14:25:55Z] 0.5 min: cohort {"arm_chapters_passed": 0, "arm_chapters_rejected": 0, "arm_chapters_running": 0}
[2026-09-12T14:26:25Z] 1.1 min: cohort {"arm_chapters_passed": 0, "arm_chapters_rejected": 0, "arm_chapters_running": 0}
[2026-09-12T14:26:56Z] 1.6 min: cohort {"arm_chapters_passed": 0, "arm_chapters_rejected": 0, "arm_chapters_running": 0}
[2026-09-12T14:27:26Z] 2.1 min: cohort {"arm_chapters_passed": 0, "arm_chapters_rejected": 0, "arm_chapters_running": 0}
[2026-09-12T14:27:57Z] 2.6 min: cohort {"arm_chapters_passed": 0, "arm_chapters_rejected": 0, "arm_chapters_running": 0}
[2026-09-12T14:28:27Z] phase aligning at 3.1 min; setup={"versions": {"faster-whisper": "1.2.1", "ctranslate2": "4.8.2", "av": "18.1.0"}, "commit": "c43ab3799d5b71c58b770ed22e1bd7bb9b2774cf", "model_tree_sha256": "f1fe271c349229677131d389a96d0a28062a6a2c2fee54a8ce119c43538315c5", "ld_library_path": "/usr/local/lib/python3.11/dist-packages/nvidia/cublas/l
[2026-09-12T14:28:27Z] 3.1 min: aligning {"arm_chapters_passed": 5, "arm_chapters_rejected": 4, "arm_chapters_running": 1, "paragraph_diagnostics": 9}
[2026-09-12T14:28:58Z] 3.6 min: aligning {"arm_chapters_passed": 10, "arm_chapters_rejected": 9, "arm_chapters_running": 1, "paragraph_diagnostics": 20}
[2026-09-12T14:29:28Z] 4.1 min: aligning {"arm_chapters_passed": 13, "arm_chapters_rejected": 16, "arm_chapters_running": 1, "paragraph_diagnostics": 29}
[2026-09-12T14:30:00Z] snapshot 765743 bytes
[2026-09-12T14:30:00Z] 4.6 min: aligning {"arm_chapters_passed": 18, "arm_chapters_rejected": 21, "arm_chapters_running": 1, "paragraph_diagnostics": 39}
[2026-09-12T14:30:30Z] 5.1 min: aligning {"arm_chapters_passed": 23, "arm_chapters_rejected": 29, "arm_chapters_running": 1, "paragraph_diagnostics": 52}
[2026-09-12T14:31:01Z] 5.6 min: aligning {"arm_chapters_passed": 26, "arm_chapters_rejected": 35, "arm_chapters_running": 1, "paragraph_diagnostics": 62}
[2026-09-12T14:31:31Z] 6.1 min: aligning {"arm_chapters_passed": 28, "arm_chapters_rejected": 42, "arm_chapters_running": 1, "paragraph_diagnostics": 72}
[2026-09-12T14:32:01Z] 6.7 min: aligning {"arm_chapters_passed": 29, "arm_chapters_rejected": 43, "arm_chapters_running": 1, "paragraph_diagnostics": 94}
[2026-09-12T14:32:32Z] 7.2 min: aligning {"arm_chapters_passed": 29, "arm_chapters_rejected": 43, "arm_chapters_running": 1, "paragraph_diagnostics": 114}
[2026-09-12T14:33:02Z] 7.7 min: aligning {"arm_chapters_passed": 29, "arm_chapters_rejected": 43, "arm_chapters_running": 1, "paragraph_diagnostics": 129}
[2026-09-12T14:33:33Z] 8.2 min: aligning {"arm_chapters_passed": 29, "arm_chapters_rejected": 43, "arm_chapters_running": 1, "paragraph_diagnostics": 146}
[2026-09-12T14:34:06Z] snapshot 2735207 bytes
[2026-09-12T14:34:06Z] 8.7 min: aligning {"arm_chapters_passed": 29, "arm_chapters_rejected": 43, "arm_chapters_running": 1, "paragraph_diagnostics": 161}
[2026-09-12T14:34:37Z] 9.2 min: aligning {"arm_chapters_passed": 29, "arm_chapters_rejected": 43, "arm_chapters_running": 1, "paragraph_diagnostics": 184}
[2026-09-12T14:35:07Z] 9.7 min: aligning {"arm_chapters_passed": 29, "arm_chapters_rejected": 43, "arm_chapters_running": 1, "paragraph_diagnostics": 204}
[2026-09-12T14:35:37Z] 10.3 min: aligning {"arm_chapters_passed": 29, "arm_chapters_rejected": 44, "arm_chapters_running": 1, "paragraph_diagnostics": 218}
[2026-09-12T14:36:08Z] 10.8 min: aligning {"arm_chapters_passed": 29, "arm_chapters_rejected": 44, "arm_chapters_running": 1, "paragraph_diagnostics": 226}
[2026-09-12T14:36:38Z] 11.3 min: aligning {"arm_chapters_passed": 29, "arm_chapters_rejected": 44, "arm_chapters_running": 1, "paragraph_diagnostics": 233}
[2026-09-12T14:37:09Z] 11.8 min: aligning {"arm_chapters_passed": 29, "arm_chapters_rejected": 44, "arm_chapters_running": 1, "paragraph_diagnostics": 239}
[2026-09-12T14:37:39Z] 12.3 min: aligning {"arm_chapters_passed": 29, "arm_chapters_rejected": 44, "arm_chapters_running": 1, "paragraph_diagnostics": 251}
[2026-09-12T14:38:15Z] snapshot 4728298 bytes
[2026-09-12T14:38:15Z] 12.8 min: aligning {"arm_chapters_passed": 29, "arm_chapters_rejected": 44, "arm_chapters_running": 1, "paragraph_diagnostics": 254}
[2026-09-12T14:38:45Z] 13.4 min: aligning {"arm_chapters_passed": 29, "arm_chapters_rejected": 44, "arm_chapters_running": 1, "paragraph_diagnostics": 260}
[2026-09-12T14:39:16Z] 13.9 min: aligning {"arm_chapters_passed": 29, "arm_chapters_rejected": 44, "arm_chapters_running": 1, "paragraph_diagnostics": 268}
[2026-09-12T14:39:46Z] 14.4 min: aligning {"arm_chapters_passed": 29, "arm_chapters_rejected": 44, "arm_chapters_running": 1, "paragraph_diagnostics": 273}
[2026-09-12T14:40:16Z] 14.9 min: aligning {"arm_chapters_passed": 29, "arm_chapters_rejected": 44, "arm_chapters_running": 1, "paragraph_diagnostics": 280}
[2026-09-12T14:40:47Z] 15.4 min: aligning {"arm_chapters_passed": 29, "arm_chapters_rejected": 44, "arm_chapters_running": 1, "paragraph_diagnostics": 285}
[2026-09-12T14:41:17Z] 15.9 min: aligning {"arm_chapters_passed": 29, "arm_chapters_rejected": 44, "arm_chapters_running": 1, "paragraph_diagnostics": 292}
[2026-09-12T14:41:48Z] 16.4 min: aligning {"arm_chapters_passed": 29, "arm_chapters_rejected": 44, "arm_chapters_running": 1, "paragraph_diagnostics": 295}
[2026-09-12T14:42:24Z] snapshot 6508844 bytes
[2026-09-12T14:42:24Z] 16.9 min: aligning {"arm_chapters_passed": 29, "arm_chapters_rejected": 44, "arm_chapters_running": 1, "paragraph_diagnostics": 300}
[2026-09-12T14:42:54Z] 17.5 min: aligning {"arm_chapters_passed": 29, "arm_chapters_rejected": 44, "arm_chapters_running": 1, "paragraph_diagnostics": 315}
[2026-09-12T14:43:25Z] 18.0 min: aligning {"arm_chapters_passed": 29, "arm_chapters_rejected": 44, "arm_chapters_running": 1, "paragraph_diagnostics": 322}
[2026-09-12T14:43:55Z] 18.5 min: aligning {"arm_chapters_passed": 29, "arm_chapters_rejected": 44, "arm_chapters_running": 1, "paragraph_diagnostics": 335}
[2026-09-12T14:44:25Z] 19.1 min: aligning {"arm_chapters_passed": 29, "arm_chapters_rejected": 44, "arm_chapters_running": 1, "paragraph_diagnostics": 339}
[2026-09-12T14:44:56Z] 19.6 min: aligning {"arm_chapters_passed": 29, "arm_chapters_rejected": 44, "arm_chapters_running": 1, "paragraph_diagnostics": 345}
[2026-09-12T14:45:26Z] 20.1 min: aligning {"arm_chapters_passed": 30, "arm_chapters_rejected": 44, "arm_chapters_running": 1, "paragraph_diagnostics": 361}
[2026-09-12T14:45:56Z] 20.6 min: aligning {"arm_chapters_passed": 31, "arm_chapters_rejected": 44, "arm_chapters_running": 1, "paragraph_diagnostics": 374}
[2026-09-12T14:46:35Z] snapshot 8648027 bytes
[2026-09-12T14:46:35Z] 21.1 min: aligning {"arm_chapters_passed": 31, "arm_chapters_rejected": 44, "arm_chapters_running": 1, "paragraph_diagnostics": 381}
[2026-09-12T14:47:05Z] 21.7 min: aligning {"arm_chapters_passed": 31, "arm_chapters_rejected": 44, "arm_chapters_running": 1, "paragraph_diagnostics": 391}
[2026-09-12T14:47:36Z] 22.2 min: aligning {"arm_chapters_passed": 31, "arm_chapters_rejected": 44, "arm_chapters_running": 1, "paragraph_diagnostics": 396}
[2026-09-12T14:48:06Z] 22.7 min: aligning {"arm_chapters_passed": 31, "arm_chapters_rejected": 44, "arm_chapters_running": 1, "paragraph_diagnostics": 400}
[2026-09-12T14:48:36Z] 23.2 min: aligning {"arm_chapters_passed": 32, "arm_chapters_rejected": 44, "arm_chapters_running": 1, "paragraph_diagnostics": 411}
[2026-09-12T14:49:07Z] 23.7 min: aligning {"arm_chapters_passed": 33, "arm_chapters_rejected": 44, "arm_chapters_running": 1, "paragraph_diagnostics": 416}
[2026-09-12T14:49:37Z] 24.2 min: aligning {"arm_chapters_passed": 33, "arm_chapters_rejected": 44, "arm_chapters_running": 1, "paragraph_diagnostics": 421}
[2026-09-12T14:50:08Z] 24.8 min: aligning {"arm_chapters_passed": 33, "arm_chapters_rejected": 44, "arm_chapters_running": 1, "paragraph_diagnostics": 424}
[2026-09-12T14:50:48Z] snapshot 10775078 bytes
[2026-09-12T14:50:48Z] 25.3 min: aligning {"arm_chapters_passed": 34, "arm_chapters_rejected": 44, "arm_chapters_running": 1, "paragraph_diagnostics": 436}
[2026-09-12T14:51:18Z] 25.9 min: aligning {"arm_chapters_passed": 35, "arm_chapters_rejected": 44, "arm_chapters_running": 1, "paragraph_diagnostics": 454}
[2026-09-12T14:51:49Z] 26.4 min: aligning {"arm_chapters_passed": 35, "arm_chapters_rejected": 44, "arm_chapters_running": 1, "paragraph_diagnostics": 461}
[2026-09-12T14:52:19Z] 26.9 min: aligning {"arm_chapters_passed": 35, "arm_chapters_rejected": 44, "arm_chapters_running": 1, "paragraph_diagnostics": 464}
[2026-09-12T14:52:49Z] 27.5 min: aligning {"arm_chapters_passed": 35, "arm_chapters_rejected": 44, "arm_chapters_running": 1, "paragraph_diagnostics": 475}
[2026-09-12T14:53:20Z] 28.0 min: aligning {"arm_chapters_passed": 36, "arm_chapters_rejected": 44, "arm_chapters_running": 1, "paragraph_diagnostics": 480}
[2026-09-12T14:53:50Z] 28.5 min: aligning {"arm_chapters_passed": 36, "arm_chapters_rejected": 45, "arm_chapters_running": 1, "paragraph_diagnostics": 498}
[2026-09-12T14:54:21Z] 29.0 min: aligning {"arm_chapters_passed": 36, "arm_chapters_rejected": 45, "arm_chapters_running": 1, "paragraph_diagnostics": 503}
[2026-09-12T14:55:04Z] snapshot 12826162 bytes
[2026-09-12T14:55:04Z] 29.5 min: aligning {"arm_chapters_passed": 36, "arm_chapters_rejected": 45, "arm_chapters_running": 1, "paragraph_diagnostics": 514}
[2026-09-12T14:55:35Z] 30.2 min: aligning {"arm_chapters_passed": 37, "arm_chapters_rejected": 45, "arm_chapters_running": 1, "paragraph_diagnostics": 533}
[2026-09-12T14:56:05Z] 30.7 min: aligning {"arm_chapters_passed": 38, "arm_chapters_rejected": 45, "arm_chapters_running": 1, "paragraph_diagnostics": 548}
[2026-09-12T14:56:36Z] 31.2 min: aligning {"arm_chapters_passed": 38, "arm_chapters_rejected": 45, "arm_chapters_running": 1, "paragraph_diagnostics": 556}
[2026-09-12T14:57:06Z] 31.7 min: aligning {"arm_chapters_passed": 38, "arm_chapters_rejected": 45, "arm_chapters_running": 1, "paragraph_diagnostics": 561}
[2026-09-12T14:57:37Z] 32.2 min: aligning {"arm_chapters_passed": 39, "arm_chapters_rejected": 45, "arm_chapters_running": 1, "paragraph_diagnostics": 573}
[2026-09-12T14:58:07Z] 32.8 min: aligning {"arm_chapters_passed": 39, "arm_chapters_rejected": 46, "arm_chapters_running": 1, "paragraph_diagnostics": 592}
[2026-09-12T14:58:38Z] 33.3 min: aligning {"arm_chapters_passed": 39, "arm_chapters_rejected": 46, "arm_chapters_running": 1, "paragraph_diagnostics": 597}
[2026-09-12T14:59:21Z] snapshot 14918034 bytes
[2026-09-12T14:59:21Z] 33.8 min: aligning {"arm_chapters_passed": 39, "arm_chapters_rejected": 46, "arm_chapters_running": 1, "paragraph_diagnostics": 604}
[2026-09-12T14:59:52Z] 34.5 min: aligning {"arm_chapters_passed": 39, "arm_chapters_rejected": 47, "arm_chapters_running": 1, "paragraph_diagnostics": 613}
[2026-09-12T15:00:22Z] 35.0 min: aligning {"arm_chapters_passed": 39, "arm_chapters_rejected": 48, "arm_chapters_running": 1, "paragraph_diagnostics": 620}
[2026-09-12T15:00:52Z] 35.5 min: aligning {"arm_chapters_passed": 40, "arm_chapters_rejected": 48, "arm_chapters_running": 1, "paragraph_diagnostics": 628}
[2026-09-12T15:01:23Z] 36.0 min: aligning {"arm_chapters_passed": 40, "arm_chapters_rejected": 48, "arm_chapters_running": 1, "paragraph_diagnostics": 640}
[2026-09-12T15:01:53Z] 36.5 min: aligning {"arm_chapters_passed": 40, "arm_chapters_rejected": 48, "arm_chapters_running": 1, "paragraph_diagnostics": 653}
[2026-09-12T15:02:23Z] 37.0 min: aligning {"arm_chapters_passed": 40, "arm_chapters_rejected": 49, "arm_chapters_running": 1, "paragraph_diagnostics": 663}
