[2026-09-12T14:38:51Z] created 8fbzj9sl4n2jmj tinct-words-run3-30 gpu=None $0.49/hr
[2026-09-12T14:38:52Z] waiting: pod RUNNING agent HTTP 404
[2026-09-12T14:39:08Z] waiting: pod RUNNING agent HTTP 404
[2026-09-12T14:39:25Z] phase cohort at 0.6 min; setup={"versions": {"faster-whisper": "1.2.1", "ctranslate2": "4.8.2", "av": "18.1.0"}, "commit": "c43ab3799d5b71c58b770ed22e1bd7bb9b2774cf", "model_tree_sha256": "f1fe271c349229677131d389a96d0a28062a6a2c2fee54a8ce119c43538315c5", "ld_library_path": "/usr/local/lib/python3.11/dist-packages/nvidia/cublas/l
[2026-09-12T14:39:25Z] 0.6 min: cohort {"arm_chapters_passed": 0, "arm_chapters_rejected": 0, "arm_chapters_running": 0}
[2026-09-12T14:39:56Z] 1.1 min: cohort {"arm_chapters_passed": 0, "arm_chapters_rejected": 0, "arm_chapters_running": 0}
[2026-09-12T14:40:28Z] 1.6 min: cohort {"arm_chapters_passed": 0, "arm_chapters_rejected": 0, "arm_chapters_running": 0}
[2026-09-12T14:40:59Z] phase aligning at 2.1 min; setup={"versions": {"faster-whisper": "1.2.1", "ctranslate2": "4.8.2", "av": "18.1.0"}, "commit": "c43ab3799d5b71c58b770ed22e1bd7bb9b2774cf", "model_tree_sha256": "f1fe271c349229677131d389a96d0a28062a6a2c2fee54a8ce119c43538315c5", "ld_library_path": "/usr/local/lib/python3.11/dist-packages/nvidia/cublas/l
[2026-09-12T14:40:59Z] 2.1 min: aligning {"arm_chapters_passed": 0, "arm_chapters_rejected": 0, "arm_chapters_running": 1, "paragraph_diagnostics": 17}
[2026-09-12T14:41:30Z] 2.6 min: aligning {"arm_chapters_passed": 1, "arm_chapters_rejected": 1, "arm_chapters_running": 1, "paragraph_diagnostics": 86}
[2026-09-12T14:42:01Z] 3.1 min: aligning {"arm_chapters_passed": 1, "arm_chapters_rejected": 2, "arm_chapters_running": 1, "paragraph_diagnostics": 120}
[2026-09-12T14:42:31Z] 3.7 min: aligning {"arm_chapters_passed": 3, "arm_chapters_rejected": 2, "arm_chapters_running": 1, "paragraph_diagnostics": 173}
[2026-09-12T14:43:02Z] 4.2 min: aligning {"arm_chapters_passed": 4, "arm_chapters_rejected": 2, "arm_chapters_running": 1, "paragraph_diagnostics": 233}
[2026-09-12T14:43:37Z] snapshot 733799 bytes
[2026-09-12T14:43:37Z] 4.7 min: aligning {"arm_chapters_passed": 4, "arm_chapters_rejected": 3, "arm_chapters_running": 1, "paragraph_diagnostics": 278}
[2026-09-12T14:44:07Z] 5.3 min: aligning {"arm_chapters_passed": 5, "arm_chapters_rejected": 3, "arm_chapters_running": 1, "paragraph_diagnostics": 357}
[2026-09-12T14:44:38Z] 5.8 min: aligning {"arm_chapters_passed": 5, "arm_chapters_rejected": 4, "arm_chapters_running": 1, "paragraph_diagnostics": 392}
[2026-09-12T14:45:09Z] 6.3 min: aligning {"arm_chapters_passed": 5, "arm_chapters_rejected": 4, "arm_chapters_running": 1, "paragraph_diagnostics": 453}
[2026-09-12T14:45:40Z] 6.8 min: aligning {"arm_chapters_passed": 7, "arm_chapters_rejected": 5, "arm_chapters_running": 1, "paragraph_diagnostics": 493}
[2026-09-12T14:46:11Z] 7.3 min: aligning {"arm_chapters_passed": 7, "arm_chapters_rejected": 6, "arm_chapters_running": 1, "paragraph_diagnostics": 557}
[2026-09-12T14:46:42Z] 7.8 min: aligning {"arm_chapters_passed": 8, "arm_chapters_rejected": 7, "arm_chapters_running": 1, "paragraph_diagnostics": 621}
[2026-09-12T14:47:12Z] 8.3 min: aligning {"arm_chapters_passed": 9, "arm_chapters_rejected": 8, "arm_chapters_running": 1, "paragraph_diagnostics": 669}
[2026-09-12T14:47:48Z] snapshot 2137818 bytes
[2026-09-12T14:47:48Z] 8.9 min: aligning {"arm_chapters_passed": 9, "arm_chapters_rejected": 9, "arm_chapters_running": 1, "paragraph_diagnostics": 721}
[2026-09-12T14:48:19Z] 9.5 min: aligning {"arm_chapters_passed": 10, "arm_chapters_rejected": 10, "arm_chapters_running": 1, "paragraph_diagnostics": 769}
[2026-09-12T14:48:50Z] 10.0 min: aligning {"arm_chapters_passed": 11, "arm_chapters_rejected": 11, "arm_chapters_running": 1, "paragraph_diagnostics": 822}
[2026-09-12T14:49:20Z] 10.5 min: aligning {"arm_chapters_passed": 11, "arm_chapters_rejected": 12, "arm_chapters_running": 1, "paragraph_diagnostics": 875}
[2026-09-12T14:49:51Z] 11.0 min: aligning {"arm_chapters_passed": 11, "arm_chapters_rejected": 14, "arm_chapters_running": 1, "paragraph_diagnostics": 933}
[2026-09-12T14:50:22Z] 11.5 min: aligning {"arm_chapters_passed": 11, "arm_chapters_rejected": 14, "arm_chapters_running": 1, "paragraph_diagnostics": 957}
[2026-09-12T14:50:53Z] 12.0 min: aligning {"arm_chapters_passed": 13, "arm_chapters_rejected": 14, "arm_chapters_running": 1, "paragraph_diagnostics": 1021}
[2026-09-12T14:51:23Z] 12.5 min: aligning {"arm_chapters_passed": 14, "arm_chapters_rejected": 15, "arm_chapters_running": 1, "paragraph_diagnostics": 1082}
[2026-09-12T14:52:00Z] snapshot 3644560 bytes
[2026-09-12T14:52:00Z] 13.0 min: aligning {"arm_chapters_passed": 14, "arm_chapters_rejected": 16, "arm_chapters_running": 1, "paragraph_diagnostics": 1117}
[2026-09-12T14:52:31Z] 13.7 min: aligning {"arm_chapters_passed": 14, "arm_chapters_rejected": 17, "arm_chapters_running": 1, "paragraph_diagnostics": 1135}
[2026-09-12T14:53:02Z] 14.2 min: aligning {"arm_chapters_passed": 15, "arm_chapters_rejected": 17, "arm_chapters_running": 1, "paragraph_diagnostics": 1171}
[2026-09-12T14:53:33Z] 14.7 min: aligning {"arm_chapters_passed": 15, "arm_chapters_rejected": 18, "arm_chapters_running": 1, "paragraph_diagnostics": 1223}
[2026-09-12T14:54:03Z] 15.2 min: aligning {"arm_chapters_passed": 18, "arm_chapters_rejected": 18, "arm_chapters_running": 1, "paragraph_diagnostics": 1281}
[2026-09-12T14:54:34Z] 15.7 min: aligning {"arm_chapters_passed": 18, "arm_chapters_rejected": 19, "arm_chapters_running": 1, "paragraph_diagnostics": 1317}
[2026-09-12T14:55:05Z] 16.2 min: aligning {"arm_chapters_passed": 18, "arm_chapters_rejected": 19, "arm_chapters_running": 1, "paragraph_diagnostics": 1349}
[2026-09-12T14:55:36Z] 16.7 min: aligning {"arm_chapters_passed": 21, "arm_chapters_rejected": 19, "arm_chapters_running": 1, "paragraph_diagnostics": 1414}
[2026-09-12T14:56:16Z] snapshot 5047701 bytes
[2026-09-12T14:56:16Z] 17.3 min: aligning {"arm_chapters_passed": 21, "arm_chapters_rejected": 20, "arm_chapters_running": 1, "paragraph_diagnostics": 1468}
[2026-09-12T14:56:47Z] 17.9 min: aligning {"arm_chapters_passed": 22, "arm_chapters_rejected": 20, "arm_chapters_running": 1, "paragraph_diagnostics": 1540}
[2026-09-12T14:57:18Z] 18.4 min: aligning {"arm_chapters_passed": 23, "arm_chapters_rejected": 21, "arm_chapters_running": 1, "paragraph_diagnostics": 1615}
[2026-09-12T14:57:49Z] 19.0 min: aligning {"arm_chapters_passed": 25, "arm_chapters_rejected": 21, "arm_chapters_running": 1, "paragraph_diagnostics": 1674}
[2026-09-12T14:58:20Z] 19.5 min: aligning {"arm_chapters_passed": 26, "arm_chapters_rejected": 22, "arm_chapters_running": 1, "paragraph_diagnostics": 1740}
[2026-09-12T14:58:51Z] 20.0 min: aligning {"arm_chapters_passed": 28, "arm_chapters_rejected": 23, "arm_chapters_running": 1, "paragraph_diagnostics": 1787}
[2026-09-12T14:59:22Z] 20.5 min: aligning {"arm_chapters_passed": 29, "arm_chapters_rejected": 24, "arm_chapters_running": 1, "paragraph_diagnostics": 1832}
[2026-09-12T14:59:53Z] 21.0 min: aligning {"arm_chapters_passed": 29, "arm_chapters_rejected": 25, "arm_chapters_running": 1, "paragraph_diagnostics": 1874}
[2026-09-12T15:00:34Z] snapshot 6636084 bytes
[2026-09-12T15:00:34Z] 21.5 min: aligning {"arm_chapters_passed": 29, "arm_chapters_rejected": 26, "arm_chapters_running": 1, "paragraph_diagnostics": 1907}
[2026-09-12T15:01:04Z] 22.2 min: aligning {"arm_chapters_passed": 30, "arm_chapters_rejected": 27, "arm_chapters_running": 1, "paragraph_diagnostics": 1968}
[2026-09-12T15:01:35Z] phase done at 22.7 min; setup={"versions": {"faster-whisper": "1.2.1", "ctranslate2": "4.8.2", "av": "18.1.0"}, "commit": "c43ab3799d5b71c58b770ed22e1bd7bb9b2774cf", "model_tree_sha256": "f1fe271c349229677131d389a96d0a28062a6a2c2fee54a8ce119c43538315c5", "ld_library_path": "/usr/local/lib/python3.11/dist-packages/nvidia/cublas/l
[2026-09-12T15:01:35Z] 22.7 min: done {"arm_chapters_passed": 31, "arm_chapters_rejected": 27, "arm_chapters_running": 0, "paragraph_diagnostics": 1992}
[2026-09-12T15:01:48Z] fetched out.tar.gz (6900275 bytes)
[2026-09-12T15:01:51Z] stop 8fbzj9sl4n2jmj: HTTP 200
[2026-09-12T15:01:52Z] terminate 8fbzj9sl4n2jmj: HTTP 204
[2026-09-12T15:01:52Z] pod 8fbzj9sl4n2jmj done: outcome=done uptime=23.0m est $0.19
