[2026-09-12T15:36:33Z] created hdck1s29rhidpf tinct-words-run3-43 gpu=None $0.49/hr
[2026-09-12T15:36:34Z] waiting: pod RUNNING agent HTTP 404
[2026-09-12T15:36:50Z] waiting: pod RUNNING agent HTTP 404
[2026-09-12T15:37:06Z] phase cohort at 0.5 min; setup={"versions": {"faster-whisper": "1.2.1", "ctranslate2": "4.8.2", "av": "18.1.0"}, "commit": "c43ab3799d5b71c58b770ed22e1bd7bb9b2774cf", "model_tree_sha256": "f1fe271c349229677131d389a96d0a28062a6a2c2fee54a8ce119c43538315c5", "ld_library_path": "/usr/local/lib/python3.11/dist-packages/nvidia/cublas/l
[2026-09-12T15:37:06Z] 0.5 min: cohort {"arm_chapters_passed": 0, "arm_chapters_rejected": 0, "arm_chapters_running": 0}
[2026-09-12T15:37:36Z] 1.0 min: cohort {"arm_chapters_passed": 0, "arm_chapters_rejected": 0, "arm_chapters_running": 0}
[2026-09-12T15:38:07Z] 1.6 min: cohort {"arm_chapters_passed": 0, "arm_chapters_rejected": 0, "arm_chapters_running": 0}
[2026-09-12T15:38:37Z] 2.1 min: cohort {"arm_chapters_passed": 0, "arm_chapters_rejected": 0, "arm_chapters_running": 0}
[2026-09-12T15:39:08Z] 2.6 min: cohort {"arm_chapters_passed": 0, "arm_chapters_rejected": 0, "arm_chapters_running": 0}
[2026-09-12T15:39:38Z] 3.1 min: cohort {"arm_chapters_passed": 0, "arm_chapters_rejected": 0, "arm_chapters_running": 0}
[2026-09-12T15:40:08Z] 3.6 min: cohort {"arm_chapters_passed": 0, "arm_chapters_rejected": 0, "arm_chapters_running": 0}
[2026-09-12T15:40:38Z] 4.1 min: cohort {"arm_chapters_passed": 0, "arm_chapters_rejected": 0, "arm_chapters_running": 0}
[2026-09-12T15:41:09Z] snapshot 95852 bytes
[2026-09-12T15:41:09Z] phase aligning at 4.6 min; setup={"versions": {"faster-whisper": "1.2.1", "ctranslate2": "4.8.2", "av": "18.1.0"}, "commit": "c43ab3799d5b71c58b770ed22e1bd7bb9b2774cf", "model_tree_sha256": "f1fe271c349229677131d389a96d0a28062a6a2c2fee54a8ce119c43538315c5", "ld_library_path": "/usr/local/lib/python3.11/dist-packages/nvidia/cublas/l
[2026-09-12T15:41:09Z] 4.6 min: aligning {"arm_chapters_passed": 0, "arm_chapters_rejected": 0, "arm_chapters_running": 1, "paragraph_diagnostics": 35}
[2026-09-12T15:41:40Z] 5.1 min: aligning {"arm_chapters_passed": 1, "arm_chapters_rejected": 1, "arm_chapters_running": 1, "paragraph_diagnostics": 77}
[2026-09-12T15:42:10Z] 5.6 min: aligning {"arm_chapters_passed": 2, "arm_chapters_rejected": 1, "arm_chapters_running": 1, "paragraph_diagnostics": 125}
[2026-09-12T15:42:40Z] 6.1 min: aligning {"arm_chapters_passed": 3, "arm_chapters_rejected": 2, "arm_chapters_running": 1, "paragraph_diagnostics": 162}
[2026-09-12T15:43:11Z] 6.6 min: aligning {"arm_chapters_passed": 5, "arm_chapters_rejected": 2, "arm_chapters_running": 1, "paragraph_diagnostics": 203}
[2026-09-12T15:43:41Z] 7.1 min: aligning {"arm_chapters_passed": 6, "arm_chapters_rejected": 2, "arm_chapters_running": 1, "paragraph_diagnostics": 273}
[2026-09-12T15:44:12Z] 7.6 min: aligning {"arm_chapters_passed": 7, "arm_chapters_rejected": 4, "arm_chapters_running": 1, "paragraph_diagnostics": 374}
[2026-09-12T15:44:42Z] 8.1 min: aligning {"arm_chapters_passed": 8, "arm_chapters_rejected": 6, "arm_chapters_running": 1, "paragraph_diagnostics": 454}
[2026-09-12T15:45:14Z] snapshot 1346197 bytes
[2026-09-12T15:45:14Z] 8.6 min: aligning {"arm_chapters_passed": 8, "arm_chapters_rejected": 7, "arm_chapters_running": 1, "paragraph_diagnostics": 520}
[2026-09-12T15:45:45Z] 9.2 min: aligning {"arm_chapters_passed": 8, "arm_chapters_rejected": 8, "arm_chapters_running": 1, "paragraph_diagnostics": 576}
