[2026-09-12T15:44:07Z] created rptd06q2zrunlv tinct-words-run3-64 gpu=None $0.49/hr
[2026-09-12T15:44:30Z] waiting: pod RUNNING agent HTTP 0
[2026-09-12T15:45:07Z] waiting: pod RUNNING agent HTTP 0
[2026-09-12T15:45:45Z] waiting: pod RUNNING agent HTTP 0
[2026-09-12T15:46:23Z] waiting: pod RUNNING agent HTTP 0
[2026-09-12T15:47:01Z] waiting: pod RUNNING agent HTTP 0
[2026-09-12T15:47:38Z] waiting: pod RUNNING agent HTTP 0
[2026-09-12T15:48:16Z] waiting: pod RUNNING agent HTTP 0
[2026-09-12T15:48:54Z] waiting: pod RUNNING agent HTTP 0
[2026-09-12T15:49:31Z] waiting: pod RUNNING agent HTTP 0
[2026-09-12T15:50:09Z] waiting: pod RUNNING agent HTTP 0
[2026-09-12T15:50:47Z] waiting: pod RUNNING agent HTTP 0
[2026-09-12T15:51:24Z] waiting: pod RUNNING agent HTTP 0
[2026-09-12T15:52:02Z] waiting: pod RUNNING agent HTTP 0
[2026-09-12T15:52:40Z] waiting: pod RUNNING agent HTTP 0
[2026-09-12T15:53:17Z] waiting: pod RUNNING agent HTTP 0
[2026-09-12T15:53:55Z] waiting: pod RUNNING agent HTTP 0
[2026-09-12T15:54:32Z] waiting: pod RUNNING agent HTTP 0
[2026-09-12T15:55:10Z] waiting: pod RUNNING agent HTTP 0
[2026-09-12T15:55:48Z] waiting: pod RUNNING agent HTTP 0
[2026-09-12T15:56:25Z] waiting: pod RUNNING agent HTTP 0
[2026-09-12T15:57:03Z] waiting: pod RUNNING agent HTTP 0
[2026-09-12T15:57:41Z] waiting: pod RUNNING agent HTTP 0
[2026-09-12T15:58:19Z] waiting: pod RUNNING agent HTTP 0
[2026-09-12T15:58:56Z] waiting: pod RUNNING agent HTTP 0
[2026-09-12T15:59:11Z] RuntimeError: status server never answered
[2026-09-12T15:59:14Z] stop rptd06q2zrunlv: HTTP 200
[2026-09-12T15:59:17Z] terminate rptd06q2zrunlv: HTTP 204
[2026-09-12T15:59:17Z] pod rptd06q2zrunlv done: outcome=boot-timeout uptime=15.1m est $0.12
