[2026-09-12T13:31:13Z] created y9ik4txymh7btg tinct-words-run3-4 gpu=None $0.49/hr
[2026-09-12T13:31:13Z] waiting: pod RUNNING agent HTTP 404
[2026-09-12T13:31:30Z] waiting: pod RUNNING agent HTTP 404
[2026-09-12T13:31:46Z] phase cohort at 0.6 min; setup={"versions": {"faster-whisper": "1.2.1", "ctranslate2": "4.8.2", "av": "18.1.0"}, "commit": "c43ab3799d5b71c58b770ed22e1bd7bb9b2774cf", "model_tree_sha256": "f1fe271c349229677131d389a96d0a28062a6a2c2fee54a8ce119c43538315c5", "ld_library_path": "/usr/local/lib/python3.11/dist-packages/nvidia/cublas/l
[2026-09-12T13:31:46Z] 0.6 min: cohort {"arm_chapters_passed": 0, "arm_chapters_rejected": 0, "arm_chapters_running": 0}
[2026-09-12T13:32:16Z] 1.1 min: cohort {"arm_chapters_passed": 0, "arm_chapters_rejected": 0, "arm_chapters_running": 0}
[2026-09-12T13:32:47Z] 1.6 min: cohort {"arm_chapters_passed": 0, "arm_chapters_rejected": 0, "arm_chapters_running": 0}
[2026-09-12T13:33:17Z] 2.1 min: cohort {"arm_chapters_passed": 0, "arm_chapters_rejected": 0, "arm_chapters_running": 0}
[2026-09-12T13:33:48Z] phase aligning at 2.6 min; setup={"versions": {"faster-whisper": "1.2.1", "ctranslate2": "4.8.2", "av": "18.1.0"}, "commit": "c43ab3799d5b71c58b770ed22e1bd7bb9b2774cf", "model_tree_sha256": "f1fe271c349229677131d389a96d0a28062a6a2c2fee54a8ce119c43538315c5", "ld_library_path": "/usr/local/lib/python3.11/dist-packages/nvidia/cublas/l
[2026-09-12T13:33:48Z] 2.6 min: aligning {"arm_chapters_passed": 0, "arm_chapters_rejected": 1, "arm_chapters_running": 1, "paragraph_diagnostics": 51}
[2026-09-12T13:34:18Z] 3.1 min: aligning {"arm_chapters_passed": 1, "arm_chapters_rejected": 1, "arm_chapters_running": 1, "paragraph_diagnostics": 117}
[2026-09-12T13:34:49Z] 3.6 min: aligning {"arm_chapters_passed": 2, "arm_chapters_rejected": 2, "arm_chapters_running": 1, "paragraph_diagnostics": 198}
[2026-09-12T13:35:19Z] 4.1 min: aligning {"arm_chapters_passed": 3, "arm_chapters_rejected": 2, "arm_chapters_running": 1, "paragraph_diagnostics": 264}
[2026-09-12T13:35:51Z] snapshot 554713 bytes
[2026-09-12T13:35:51Z] 4.6 min: aligning {"arm_chapters_passed": 4, "arm_chapters_rejected": 2, "arm_chapters_running": 1, "paragraph_diagnostics": 335}
[2026-09-12T13:36:21Z] 5.1 min: aligning {"arm_chapters_passed": 5, "arm_chapters_rejected": 3, "arm_chapters_running": 1, "paragraph_diagnostics": 410}
[2026-09-12T13:36:52Z] 5.6 min: aligning {"arm_chapters_passed": 5, "arm_chapters_rejected": 4, "arm_chapters_running": 1, "paragraph_diagnostics": 468}
[2026-09-12T13:37:22Z] 6.1 min: aligning {"arm_chapters_passed": 6, "arm_chapters_rejected": 5, "arm_chapters_running": 1, "paragraph_diagnostics": 548}
[2026-09-12T13:37:52Z] 6.7 min: aligning {"arm_chapters_passed": 7, "arm_chapters_rejected": 5, "arm_chapters_running": 1, "paragraph_diagnostics": 596}
[2026-09-12T13:38:23Z] 7.2 min: aligning {"arm_chapters_passed": 7, "arm_chapters_rejected": 6, "arm_chapters_running": 1, "paragraph_diagnostics": 671}
[2026-09-12T13:38:53Z] 7.7 min: aligning {"arm_chapters_passed": 8, "arm_chapters_rejected": 7, "arm_chapters_running": 1, "paragraph_diagnostics": 746}
[2026-09-12T13:39:24Z] 8.2 min: aligning {"arm_chapters_passed": 9, "arm_chapters_rejected": 7, "arm_chapters_running": 1, "paragraph_diagnostics": 820}
[2026-09-12T13:39:57Z] snapshot 1479592 bytes
[2026-09-12T13:39:57Z] 8.7 min: aligning {"arm_chapters_passed": 9, "arm_chapters_rejected": 8, "arm_chapters_running": 1, "paragraph_diagnostics": 881}
[2026-09-12T13:40:28Z] 9.2 min: aligning {"arm_chapters_passed": 10, "arm_chapters_rejected": 9, "arm_chapters_running": 1, "paragraph_diagnostics": 951}
[2026-09-12T13:40:58Z] 9.7 min: aligning {"arm_chapters_passed": 11, "arm_chapters_rejected": 9, "arm_chapters_running": 1, "paragraph_diagnostics": 1021}
[2026-09-12T13:41:28Z] 10.3 min: aligning {"arm_chapters_passed": 12, "arm_chapters_rejected": 10, "arm_chapters_running": 1, "paragraph_diagnostics": 1082}
[2026-09-12T13:41:59Z] 10.8 min: aligning {"arm_chapters_passed": 16, "arm_chapters_rejected": 10, "arm_chapters_running": 1, "paragraph_diagnostics": 1106}
[2026-09-12T13:42:29Z] 11.3 min: aligning {"arm_chapters_passed": 19, "arm_chapters_rejected": 12, "arm_chapters_running": 1, "paragraph_diagnostics": 1133}
[2026-09-12T13:42:59Z] 11.8 min: aligning {"arm_chapters_passed": 21, "arm_chapters_rejected": 14, "arm_chapters_running": 1, "paragraph_diagnostics": 1167}
[2026-09-12T13:43:30Z] 12.3 min: aligning {"arm_chapters_passed": 22, "arm_chapters_rejected": 15, "arm_chapters_running": 1, "paragraph_diagnostics": 1187}
[2026-09-12T13:44:05Z] snapshot 2877586 bytes
[2026-09-12T13:44:05Z] 12.8 min: aligning {"arm_chapters_passed": 23, "arm_chapters_rejected": 16, "arm_chapters_running": 1, "paragraph_diagnostics": 1203}
[2026-09-12T13:44:35Z] 13.4 min: aligning {"arm_chapters_passed": 25, "arm_chapters_rejected": 18, "arm_chapters_running": 1, "paragraph_diagnostics": 1229}
[2026-09-12T13:45:05Z] 13.9 min: aligning {"arm_chapters_passed": 27, "arm_chapters_rejected": 20, "arm_chapters_running": 1, "paragraph_diagnostics": 1249}
[2026-09-12T13:45:36Z] 14.4 min: aligning {"arm_chapters_passed": 28, "arm_chapters_rejected": 21, "arm_chapters_running": 1, "paragraph_diagnostics": 1268}
[2026-09-12T13:46:06Z] 14.9 min: aligning {"arm_chapters_passed": 29, "arm_chapters_rejected": 25, "arm_chapters_running": 1, "paragraph_diagnostics": 1302}
[2026-09-12T13:46:36Z] 15.4 min: aligning {"arm_chapters_passed": 31, "arm_chapters_rejected": 26, "arm_chapters_running": 1, "paragraph_diagnostics": 1326}
[2026-09-12T13:47:07Z] 15.9 min: aligning {"arm_chapters_passed": 33, "arm_chapters_rejected": 28, "arm_chapters_running": 1, "paragraph_diagnostics": 1363}
[2026-09-12T13:47:37Z] 16.4 min: aligning {"arm_chapters_passed": 35, "arm_chapters_rejected": 30, "arm_chapters_running": 1, "paragraph_diagnostics": 1392}
[2026-09-12T13:48:13Z] snapshot 4466562 bytes
[2026-09-12T13:48:13Z] 16.9 min: aligning {"arm_chapters_passed": 40, "arm_chapters_rejected": 33, "arm_chapters_running": 1, "paragraph_diagnostics": 1431}
[2026-09-12T13:48:43Z] 17.5 min: aligning {"arm_chapters_passed": 42, "arm_chapters_rejected": 35, "arm_chapters_running": 1, "paragraph_diagnostics": 1462}
[2026-09-12T13:49:13Z] 18.0 min: aligning {"arm_chapters_passed": 43, "arm_chapters_rejected": 40, "arm_chapters_running": 1, "paragraph_diagnostics": 1492}
[2026-09-12T13:49:44Z] 18.5 min: aligning {"arm_chapters_passed": 46, "arm_chapters_rejected": 42, "arm_chapters_running": 1, "paragraph_diagnostics": 1519}
[2026-09-12T13:50:14Z] 19.0 min: aligning {"arm_chapters_passed": 48, "arm_chapters_rejected": 47, "arm_chapters_running": 1, "paragraph_diagnostics": 1558}
[2026-09-12T13:50:44Z] 19.5 min: aligning {"arm_chapters_passed": 51, "arm_chapters_rejected": 50, "arm_chapters_running": 1, "paragraph_diagnostics": 1585}
[2026-09-12T13:51:15Z] 20.0 min: aligning {"arm_chapters_passed": 54, "arm_chapters_rejected": 51, "arm_chapters_running": 1, "paragraph_diagnostics": 1605}
[2026-09-12T13:51:45Z] 20.5 min: aligning {"arm_chapters_passed": 56, "arm_chapters_rejected": 52, "arm_chapters_running": 1, "paragraph_diagnostics": 1625}
[2026-09-12T13:52:23Z] snapshot 6164476 bytes
[2026-09-12T13:52:23Z] 21.0 min: aligning {"arm_chapters_passed": 57, "arm_chapters_rejected": 54, "arm_chapters_running": 1, "paragraph_diagnostics": 1647}
[2026-09-12T13:52:53Z] 21.7 min: aligning {"arm_chapters_passed": 59, "arm_chapters_rejected": 54, "arm_chapters_running": 1, "paragraph_diagnostics": 1664}
[2026-09-12T13:53:24Z] 22.2 min: aligning {"arm_chapters_passed": 60, "arm_chapters_rejected": 55, "arm_chapters_running": 1, "paragraph_diagnostics": 1685}
[2026-09-12T13:53:54Z] 22.7 min: aligning {"arm_chapters_passed": 62, "arm_chapters_rejected": 57, "arm_chapters_running": 1, "paragraph_diagnostics": 1708}
[2026-09-12T13:54:24Z] 23.2 min: aligning {"arm_chapters_passed": 65, "arm_chapters_rejected": 58, "arm_chapters_running": 1, "paragraph_diagnostics": 1744}
[2026-09-12T13:54:55Z] 23.7 min: aligning {"arm_chapters_passed": 66, "arm_chapters_rejected": 60, "arm_chapters_running": 1, "paragraph_diagnostics": 1773}
[2026-09-12T13:55:25Z] 24.2 min: aligning {"arm_chapters_passed": 68, "arm_chapters_rejected": 62, "arm_chapters_running": 1, "paragraph_diagnostics": 1800}
[2026-09-12T13:55:55Z] 24.7 min: aligning {"arm_chapters_passed": 68, "arm_chapters_rejected": 64, "arm_chapters_running": 1, "paragraph_diagnostics": 1825}
[2026-09-12T13:56:37Z] snapshot 7879742 bytes
[2026-09-12T13:56:37Z] 25.2 min: aligning {"arm_chapters_passed": 68, "arm_chapters_rejected": 66, "arm_chapters_running": 1, "paragraph_diagnostics": 1858}
[2026-09-12T13:57:07Z] 25.9 min: aligning {"arm_chapters_passed": 70, "arm_chapters_rejected": 66, "arm_chapters_running": 1, "paragraph_diagnostics": 1887}
