[2026-09-12T14:23:35Z] created qsl384k2dg1bf1 tinct-words-run3-22 gpu=None $0.49/hr
[2026-09-12T14:23:37Z] waiting: pod RUNNING agent HTTP 404
[2026-09-12T14:23:53Z] waiting: pod RUNNING agent HTTP 404
[2026-09-12T14:24:10Z] phase cohort at 0.6 min; setup={"versions": {"faster-whisper": "1.2.1", "ctranslate2": "4.8.2", "av": "18.1.0"}, "commit": "c43ab3799d5b71c58b770ed22e1bd7bb9b2774cf", "model_tree_sha256": "f1fe271c349229677131d389a96d0a28062a6a2c2fee54a8ce119c43538315c5", "ld_library_path": "/usr/local/lib/python3.11/dist-packages/nvidia/cublas/l
[2026-09-12T14:24:10Z] 0.6 min: cohort {"arm_chapters_passed": 0, "arm_chapters_rejected": 0, "arm_chapters_running": 0}
[2026-09-12T14:24:41Z] 1.1 min: cohort {"arm_chapters_passed": 0, "arm_chapters_rejected": 0, "arm_chapters_running": 0}
[2026-09-12T14:25:12Z] 1.6 min: cohort {"arm_chapters_passed": 0, "arm_chapters_rejected": 0, "arm_chapters_running": 0}
[2026-09-12T14:25:43Z] phase aligning at 2.1 min; setup={"versions": {"faster-whisper": "1.2.1", "ctranslate2": "4.8.2", "av": "18.1.0"}, "commit": "c43ab3799d5b71c58b770ed22e1bd7bb9b2774cf", "model_tree_sha256": "f1fe271c349229677131d389a96d0a28062a6a2c2fee54a8ce119c43538315c5", "ld_library_path": "/usr/local/lib/python3.11/dist-packages/nvidia/cublas/l
[2026-09-12T14:25:43Z] 2.1 min: aligning {"arm_chapters_passed": 0, "arm_chapters_rejected": 0, "arm_chapters_running": 1, "paragraph_diagnostics": 19}
[2026-09-12T14:26:13Z] 2.6 min: aligning {"arm_chapters_passed": 0, "arm_chapters_rejected": 1, "arm_chapters_running": 1, "paragraph_diagnostics": 95}
[2026-09-12T14:26:44Z] 3.1 min: aligning {"arm_chapters_passed": 0, "arm_chapters_rejected": 1, "arm_chapters_running": 1, "paragraph_diagnostics": 116}
[2026-09-12T14:27:15Z] 3.6 min: aligning {"arm_chapters_passed": 0, "arm_chapters_rejected": 2, "arm_chapters_running": 1, "paragraph_diagnostics": 198}
[2026-09-12T14:27:46Z] 4.2 min: aligning {"arm_chapters_passed": 0, "arm_chapters_rejected": 3, "arm_chapters_running": 1, "paragraph_diagnostics": 251}
[2026-09-12T14:28:19Z] snapshot 878749 bytes
[2026-09-12T14:28:19Z] 4.7 min: aligning {"arm_chapters_passed": 0, "arm_chapters_rejected": 3, "arm_chapters_running": 1, "paragraph_diagnostics": 277}
[2026-09-12T14:28:50Z] 5.2 min: aligning {"arm_chapters_passed": 0, "arm_chapters_rejected": 3, "arm_chapters_running": 1, "paragraph_diagnostics": 295}
[2026-09-12T14:29:21Z] 5.7 min: aligning {"arm_chapters_passed": 1, "arm_chapters_rejected": 10, "arm_chapters_running": 1, "paragraph_diagnostics": 318}
[2026-09-12T14:29:52Z] 6.3 min: aligning {"arm_chapters_passed": 1, "arm_chapters_rejected": 22, "arm_chapters_running": 1, "paragraph_diagnostics": 330}
[2026-09-12T14:30:23Z] 6.8 min: aligning {"arm_chapters_passed": 1, "arm_chapters_rejected": 32, "arm_chapters_running": 1, "paragraph_diagnostics": 339}
[2026-09-12T14:30:54Z] 7.3 min: aligning {"arm_chapters_passed": 1, "arm_chapters_rejected": 40, "arm_chapters_running": 1, "paragraph_diagnostics": 347}
[2026-09-12T14:31:25Z] 7.8 min: aligning {"arm_chapters_passed": 1, "arm_chapters_rejected": 52, "arm_chapters_running": 1, "paragraph_diagnostics": 360}
[2026-09-12T14:31:56Z] 8.3 min: aligning {"arm_chapters_passed": 1, "arm_chapters_rejected": 64, "arm_chapters_running": 1, "paragraph_diagnostics": 371}
[2026-09-12T14:32:31Z] snapshot 3024284 bytes
[2026-09-12T14:32:31Z] 8.8 min: aligning {"arm_chapters_passed": 1, "arm_chapters_rejected": 76, "arm_chapters_running": 1, "paragraph_diagnostics": 386}
[2026-09-12T14:33:02Z] 9.4 min: aligning {"arm_chapters_passed": 3, "arm_chapters_rejected": 90, "arm_chapters_running": 1, "paragraph_diagnostics": 404}
[2026-09-12T14:33:33Z] 9.9 min: aligning {"arm_chapters_passed": 3, "arm_chapters_rejected": 103, "arm_chapters_running": 1, "paragraph_diagnostics": 416}
[2026-09-12T14:34:04Z] 10.5 min: aligning {"arm_chapters_passed": 3, "arm_chapters_rejected": 116, "arm_chapters_running": 1, "paragraph_diagnostics": 431}
[2026-09-12T14:34:35Z] 11.0 min: aligning {"arm_chapters_passed": 3, "arm_chapters_rejected": 126, "arm_chapters_running": 1, "paragraph_diagnostics": 443}
[2026-09-12T14:35:06Z] 11.5 min: aligning {"arm_chapters_passed": 3, "arm_chapters_rejected": 138, "arm_chapters_running": 1, "paragraph_diagnostics": 458}
[2026-09-12T14:35:37Z] 12.0 min: aligning {"arm_chapters_passed": 3, "arm_chapters_rejected": 151, "arm_chapters_running": 1, "paragraph_diagnostics": 470}
[2026-09-12T14:36:08Z] 12.5 min: aligning {"arm_chapters_passed": 3, "arm_chapters_rejected": 161, "arm_chapters_running": 1, "paragraph_diagnostics": 482}
[2026-09-12T14:36:47Z] snapshot 5321398 bytes
[2026-09-12T14:36:47Z] 13.0 min: aligning {"arm_chapters_passed": 3, "arm_chapters_rejected": 172, "arm_chapters_running": 1, "paragraph_diagnostics": 493}
[2026-09-12T14:37:17Z] 13.7 min: aligning {"arm_chapters_passed": 3, "arm_chapters_rejected": 189, "arm_chapters_running": 1, "paragraph_diagnostics": 510}
[2026-09-12T14:37:48Z] 14.2 min: aligning {"arm_chapters_passed": 3, "arm_chapters_rejected": 204, "arm_chapters_running": 1, "paragraph_diagnostics": 525}
[2026-09-12T14:38:19Z] 14.7 min: aligning {"arm_chapters_passed": 3, "arm_chapters_rejected": 216, "arm_chapters_running": 1, "paragraph_diagnostics": 539}
[2026-09-12T14:38:50Z] 15.2 min: aligning {"arm_chapters_passed": 3, "arm_chapters_rejected": 228, "arm_chapters_running": 1, "paragraph_diagnostics": 551}
[2026-09-12T14:39:21Z] 15.7 min: aligning {"arm_chapters_passed": 3, "arm_chapters_rejected": 238, "arm_chapters_running": 1, "paragraph_diagnostics": 562}
[2026-09-12T14:39:52Z] 16.3 min: aligning {"arm_chapters_passed": 3, "arm_chapters_rejected": 252, "arm_chapters_running": 1, "paragraph_diagnostics": 578}
[2026-09-12T14:40:22Z] 16.8 min: aligning {"arm_chapters_passed": 3, "arm_chapters_rejected": 263, "arm_chapters_running": 1, "paragraph_diagnostics": 588}
[2026-09-12T14:41:06Z] snapshot 7655100 bytes
[2026-09-12T14:41:06Z] 17.3 min: aligning {"arm_chapters_passed": 3, "arm_chapters_rejected": 268, "arm_chapters_running": 1, "paragraph_diagnostics": 594}
[2026-09-12T14:41:37Z] 18.0 min: aligning {"arm_chapters_passed": 3, "arm_chapters_rejected": 282, "arm_chapters_running": 1, "paragraph_diagnostics": 612}
[2026-09-12T14:42:08Z] 18.5 min: aligning {"arm_chapters_passed": 3, "arm_chapters_rejected": 292, "arm_chapters_running": 1, "paragraph_diagnostics": 621}
[2026-09-12T14:42:39Z] 19.0 min: aligning {"arm_chapters_passed": 3, "arm_chapters_rejected": 304, "arm_chapters_running": 1, "paragraph_diagnostics": 633}
[2026-09-12T14:43:10Z] 19.6 min: aligning {"arm_chapters_passed": 3, "arm_chapters_rejected": 316, "arm_chapters_running": 1, "paragraph_diagnostics": 645}
[2026-09-12T14:43:41Z] 20.1 min: aligning {"arm_chapters_passed": 3, "arm_chapters_rejected": 331, "arm_chapters_running": 1, "paragraph_diagnostics": 660}
[2026-09-12T14:44:12Z] 20.6 min: aligning {"arm_chapters_passed": 3, "arm_chapters_rejected": 344, "arm_chapters_running": 1, "paragraph_diagnostics": 674}
[2026-09-12T14:44:43Z] 21.1 min: aligning {"arm_chapters_passed": 3, "arm_chapters_rejected": 358, "arm_chapters_running": 1, "paragraph_diagnostics": 688}
[2026-09-12T14:45:28Z] snapshot 9954134 bytes
[2026-09-12T14:45:28Z] 21.6 min: aligning {"arm_chapters_passed": 3, "arm_chapters_rejected": 372, "arm_chapters_running": 1, "paragraph_diagnostics": 702}
[2026-09-12T14:45:59Z] 22.4 min: aligning {"arm_chapters_passed": 3, "arm_chapters_rejected": 395, "arm_chapters_running": 1, "paragraph_diagnostics": 724}
[2026-09-12T14:46:30Z] 22.9 min: aligning {"arm_chapters_passed": 3, "arm_chapters_rejected": 407, "arm_chapters_running": 1, "paragraph_diagnostics": 736}
[2026-09-12T14:47:01Z] 23.4 min: aligning {"arm_chapters_passed": 3, "arm_chapters_rejected": 418, "arm_chapters_running": 1, "paragraph_diagnostics": 749}
[2026-09-12T14:47:32Z] 23.9 min: aligning {"arm_chapters_passed": 3, "arm_chapters_rejected": 430, "arm_chapters_running": 1, "paragraph_diagnostics": 761}
[2026-09-12T14:48:03Z] 24.4 min: aligning {"arm_chapters_passed": 3, "arm_chapters_rejected": 439, "arm_chapters_running": 1, "paragraph_diagnostics": 771}
[2026-09-12T14:48:33Z] 25.0 min: aligning {"arm_chapters_passed": 3, "arm_chapters_rejected": 452, "arm_chapters_running": 1, "paragraph_diagnostics": 784}
[2026-09-12T14:49:04Z] 25.5 min: aligning {"arm_chapters_passed": 3, "arm_chapters_rejected": 460, "arm_chapters_running": 1, "paragraph_diagnostics": 803}
[2026-09-12T14:49:50Z] snapshot 12473552 bytes
[2026-09-12T14:49:50Z] 26.0 min: aligning {"arm_chapters_passed": 3, "arm_chapters_rejected": 466, "arm_chapters_running": 1, "paragraph_diagnostics": 810}
[2026-09-12T14:50:21Z] 26.7 min: aligning {"arm_chapters_passed": 3, "arm_chapters_rejected": 480, "arm_chapters_running": 1, "paragraph_diagnostics": 823}
[2026-09-12T14:50:52Z] 27.3 min: aligning {"arm_chapters_passed": 3, "arm_chapters_rejected": 492, "arm_chapters_running": 1, "paragraph_diagnostics": 835}
[2026-09-12T14:51:22Z] 27.8 min: aligning {"arm_chapters_passed": 3, "arm_chapters_rejected": 503, "arm_chapters_running": 1, "paragraph_diagnostics": 848}
[2026-09-12T14:51:53Z] 28.3 min: aligning {"arm_chapters_passed": 3, "arm_chapters_rejected": 514, "arm_chapters_running": 1, "paragraph_diagnostics": 863}
[2026-09-12T14:52:24Z] 28.8 min: aligning {"arm_chapters_passed": 3, "arm_chapters_rejected": 523, "arm_chapters_running": 1, "paragraph_diagnostics": 872}
[2026-09-12T14:52:55Z] 29.3 min: aligning {"arm_chapters_passed": 3, "arm_chapters_rejected": 535, "arm_chapters_running": 1, "paragraph_diagnostics": 888}
[2026-09-12T14:53:26Z] 29.8 min: aligning {"arm_chapters_passed": 4, "arm_chapters_rejected": 549, "arm_chapters_running": 1, "paragraph_diagnostics": 904}
[2026-09-12T14:54:14Z] snapshot 14852823 bytes
[2026-09-12T14:54:14Z] 30.3 min: aligning {"arm_chapters_passed": 4, "arm_chapters_rejected": 560, "arm_chapters_running": 1, "paragraph_diagnostics": 914}
[2026-09-12T14:54:45Z] 31.1 min: aligning {"arm_chapters_passed": 4, "arm_chapters_rejected": 579, "arm_chapters_running": 1, "paragraph_diagnostics": 934}
[2026-09-12T14:55:16Z] 31.7 min: aligning {"arm_chapters_passed": 4, "arm_chapters_rejected": 594, "arm_chapters_running": 1, "paragraph_diagnostics": 948}
[2026-09-12T14:55:47Z] 32.2 min: aligning {"arm_chapters_passed": 4, "arm_chapters_rejected": 602, "arm_chapters_running": 1, "paragraph_diagnostics": 956}
[2026-09-12T14:56:17Z] 32.7 min: aligning {"arm_chapters_passed": 4, "arm_chapters_rejected": 615, "arm_chapters_running": 1, "paragraph_diagnostics": 970}
[2026-09-12T14:56:48Z] 33.2 min: aligning {"arm_chapters_passed": 4, "arm_chapters_rejected": 625, "arm_chapters_running": 1, "paragraph_diagnostics": 980}
[2026-09-12T14:57:19Z] 33.7 min: aligning {"arm_chapters_passed": 4, "arm_chapters_rejected": 637, "arm_chapters_running": 1, "paragraph_diagnostics": 992}
[2026-09-12T14:57:50Z] 34.2 min: aligning {"arm_chapters_passed": 4, "arm_chapters_rejected": 648, "arm_chapters_running": 0, "paragraph_diagnostics": 1002}
[2026-09-12T14:58:41Z] snapshot 17408450 bytes
[2026-09-12T14:58:41Z] 34.8 min: aligning {"arm_chapters_passed": 4, "arm_chapters_rejected": 659, "arm_chapters_running": 1, "paragraph_diagnostics": 1014}
[2026-09-12T14:59:12Z] 35.6 min: aligning {"arm_chapters_passed": 4, "arm_chapters_rejected": 673, "arm_chapters_running": 1, "paragraph_diagnostics": 1032}
[2026-09-12T14:59:43Z] 36.1 min: aligning {"arm_chapters_passed": 8, "arm_chapters_rejected": 685, "arm_chapters_running": 1, "paragraph_diagnostics": 1048}
[2026-09-12T15:00:14Z] 36.6 min: aligning {"arm_chapters_passed": 8, "arm_chapters_rejected": 699, "arm_chapters_running": 1, "paragraph_diagnostics": 1063}
[2026-09-12T15:00:45Z] phase done-with-errors at 37.1 min; setup={"versions": {"faster-whisper": "1.2.1", "ctranslate2": "4.8.2", "av": "18.1.0"}, "commit": "c43ab3799d5b71c58b770ed22e1bd7bb9b2774cf", "model_tree_sha256": "f1fe271c349229677131d389a96d0a28062a6a2c2fee54a8ce119c43538315c5", "ld_library_path": "/usr/local/lib/python3.11/dist-packages/nvidia/cublas/l
[2026-09-12T15:00:45Z] 37.1 min: done-with-errors {"arm_chapters_passed": 10, "arm_chapters_rejected": 701, "arm_chapters_running": 1, "paragraph_diagnostics": 1068}
[2026-09-12T15:01:10Z] fetched out.tar.gz (18417417 bytes)
[2026-09-12T15:01:14Z] stop qsl384k2dg1bf1: HTTP 200
[2026-09-12T15:01:15Z] terminate qsl384k2dg1bf1: HTTP 204
[2026-09-12T15:01:15Z] pod qsl384k2dg1bf1 done: outcome=done-with-errors uptime=37.6m est $0.31
