[2026-09-12T14:01:12Z] created lkvlijwm5k2ss1 tinct-words-run3-18 gpu=None $0.49/hr
[2026-09-12T14:01:13Z] waiting: pod RUNNING agent HTTP 404
[2026-09-12T14:01:29Z] waiting: pod RUNNING agent HTTP 404
[2026-09-12T14:01:45Z] phase cohort at 0.5 min; setup={"versions": {"faster-whisper": "1.2.1", "ctranslate2": "4.8.2", "av": "18.1.0"}, "commit": "c43ab3799d5b71c58b770ed22e1bd7bb9b2774cf", "model_tree_sha256": "f1fe271c349229677131d389a96d0a28062a6a2c2fee54a8ce119c43538315c5", "ld_library_path": "/usr/local/lib/python3.11/dist-packages/nvidia/cublas/l
[2026-09-12T14:01:45Z] 0.5 min: cohort {"arm_chapters_passed": 0, "arm_chapters_rejected": 0, "arm_chapters_running": 0}
[2026-09-12T14:02:16Z] 1.1 min: cohort {"arm_chapters_passed": 0, "arm_chapters_rejected": 0, "arm_chapters_running": 0}
[2026-09-12T14:02:46Z] 1.6 min: cohort {"arm_chapters_passed": 0, "arm_chapters_rejected": 0, "arm_chapters_running": 0}
[2026-09-12T14:03:16Z] 2.1 min: cohort {"arm_chapters_passed": 0, "arm_chapters_rejected": 0, "arm_chapters_running": 0}
[2026-09-12T14:03:47Z] 2.6 min: cohort {"arm_chapters_passed": 0, "arm_chapters_rejected": 0, "arm_chapters_running": 0}
[2026-09-12T14:04:17Z] phase aligning at 3.1 min; setup={"versions": {"faster-whisper": "1.2.1", "ctranslate2": "4.8.2", "av": "18.1.0"}, "commit": "c43ab3799d5b71c58b770ed22e1bd7bb9b2774cf", "model_tree_sha256": "f1fe271c349229677131d389a96d0a28062a6a2c2fee54a8ce119c43538315c5", "ld_library_path": "/usr/local/lib/python3.11/dist-packages/nvidia/cublas/l
[2026-09-12T14:04:17Z] 3.1 min: aligning {"arm_chapters_passed": 0, "arm_chapters_rejected": 0, "arm_chapters_running": 1, "paragraph_diagnostics": 4}
[2026-09-12T14:04:47Z] 3.6 min: aligning {"arm_chapters_passed": 0, "arm_chapters_rejected": 1, "arm_chapters_running": 1, "paragraph_diagnostics": 25}
[2026-09-12T14:05:18Z] 4.1 min: aligning {"arm_chapters_passed": 0, "arm_chapters_rejected": 1, "arm_chapters_running": 1, "paragraph_diagnostics": 32}
[2026-09-12T14:05:50Z] snapshot 784121 bytes
[2026-09-12T14:05:50Z] 4.6 min: aligning {"arm_chapters_passed": 1, "arm_chapters_rejected": 1, "arm_chapters_running": 1, "paragraph_diagnostics": 50}
[2026-09-12T14:06:20Z] 5.1 min: aligning {"arm_chapters_passed": 1, "arm_chapters_rejected": 2, "arm_chapters_running": 1, "paragraph_diagnostics": 70}
[2026-09-12T14:06:50Z] 5.6 min: aligning {"arm_chapters_passed": 1, "arm_chapters_rejected": 4, "arm_chapters_running": 1, "paragraph_diagnostics": 96}
[2026-09-12T14:07:21Z] 6.1 min: aligning {"arm_chapters_passed": 2, "arm_chapters_rejected": 4, "arm_chapters_running": 1, "paragraph_diagnostics": 112}
[2026-09-12T14:07:51Z] 6.6 min: aligning {"arm_chapters_passed": 2, "arm_chapters_rejected": 5, "arm_chapters_running": 1, "paragraph_diagnostics": 125}
[2026-09-12T14:08:22Z] 7.2 min: aligning {"arm_chapters_passed": 3, "arm_chapters_rejected": 6, "arm_chapters_running": 1, "paragraph_diagnostics": 142}
[2026-09-12T14:08:52Z] 7.7 min: aligning {"arm_chapters_passed": 4, "arm_chapters_rejected": 6, "arm_chapters_running": 1, "paragraph_diagnostics": 158}
[2026-09-12T14:09:23Z] 8.2 min: aligning {"arm_chapters_passed": 4, "arm_chapters_rejected": 7, "arm_chapters_running": 1, "paragraph_diagnostics": 174}
[2026-09-12T14:09:56Z] snapshot 2639724 bytes
[2026-09-12T14:09:56Z] 8.7 min: aligning {"arm_chapters_passed": 4, "arm_chapters_rejected": 7, "arm_chapters_running": 1, "paragraph_diagnostics": 177}
[2026-09-12T14:10:27Z] 9.2 min: aligning {"arm_chapters_passed": 5, "arm_chapters_rejected": 7, "arm_chapters_running": 1, "paragraph_diagnostics": 202}
[2026-09-12T14:10:57Z] 9.7 min: aligning {"arm_chapters_passed": 5, "arm_chapters_rejected": 8, "arm_chapters_running": 1, "paragraph_diagnostics": 222}
[2026-09-12T14:11:27Z] 10.3 min: aligning {"arm_chapters_passed": 5, "arm_chapters_rejected": 8, "arm_chapters_running": 1, "paragraph_diagnostics": 235}
[2026-09-12T14:11:58Z] 10.8 min: aligning {"arm_chapters_passed": 5, "arm_chapters_rejected": 10, "arm_chapters_running": 1, "paragraph_diagnostics": 264}
[2026-09-12T14:12:28Z] 11.3 min: aligning {"arm_chapters_passed": 5, "arm_chapters_rejected": 10, "arm_chapters_running": 1, "paragraph_diagnostics": 279}
[2026-09-12T14:12:59Z] 11.8 min: aligning {"arm_chapters_passed": 6, "arm_chapters_rejected": 11, "arm_chapters_running": 1, "paragraph_diagnostics": 296}
[2026-09-12T14:13:29Z] 12.3 min: aligning {"arm_chapters_passed": 7, "arm_chapters_rejected": 11, "arm_chapters_running": 1, "paragraph_diagnostics": 307}
[2026-09-12T14:14:04Z] snapshot 4552130 bytes
[2026-09-12T14:14:04Z] 12.8 min: aligning {"arm_chapters_passed": 7, "arm_chapters_rejected": 12, "arm_chapters_running": 1, "paragraph_diagnostics": 317}
[2026-09-12T14:14:34Z] 13.4 min: aligning {"arm_chapters_passed": 8, "arm_chapters_rejected": 12, "arm_chapters_running": 1, "paragraph_diagnostics": 337}
[2026-09-12T14:15:05Z] 13.9 min: aligning {"arm_chapters_passed": 8, "arm_chapters_rejected": 13, "arm_chapters_running": 1, "paragraph_diagnostics": 353}
[2026-09-12T14:15:35Z] 14.4 min: aligning {"arm_chapters_passed": 8, "arm_chapters_rejected": 13, "arm_chapters_running": 1, "paragraph_diagnostics": 360}
[2026-09-12T14:16:06Z] 14.9 min: aligning {"arm_chapters_passed": 8, "arm_chapters_rejected": 13, "arm_chapters_running": 1, "paragraph_diagnostics": 371}
[2026-09-12T14:16:36Z] 15.4 min: aligning {"arm_chapters_passed": 9, "arm_chapters_rejected": 13, "arm_chapters_running": 1, "paragraph_diagnostics": 388}
[2026-09-12T14:17:06Z] 15.9 min: aligning {"arm_chapters_passed": 9, "arm_chapters_rejected": 14, "arm_chapters_running": 1, "paragraph_diagnostics": 401}
[2026-09-12T14:17:37Z] 16.4 min: aligning {"arm_chapters_passed": 9, "arm_chapters_rejected": 14, "arm_chapters_running": 1, "paragraph_diagnostics": 409}
[2026-09-12T14:18:14Z] snapshot 6401416 bytes
[2026-09-12T14:18:14Z] 16.9 min: aligning {"arm_chapters_passed": 10, "arm_chapters_rejected": 15, "arm_chapters_running": 1, "paragraph_diagnostics": 432}
[2026-09-12T14:18:44Z] 17.5 min: aligning {"arm_chapters_passed": 11, "arm_chapters_rejected": 16, "arm_chapters_running": 1, "paragraph_diagnostics": 465}
[2026-09-12T14:19:14Z] 18.0 min: aligning {"arm_chapters_passed": 11, "arm_chapters_rejected": 16, "arm_chapters_running": 1, "paragraph_diagnostics": 476}
[2026-09-12T14:19:45Z] 18.5 min: aligning {"arm_chapters_passed": 12, "arm_chapters_rejected": 16, "arm_chapters_running": 1, "paragraph_diagnostics": 491}
[2026-09-12T14:20:15Z] 19.0 min: aligning {"arm_chapters_passed": 12, "arm_chapters_rejected": 16, "arm_chapters_running": 1, "paragraph_diagnostics": 532}
[2026-09-12T14:20:45Z] 19.6 min: aligning {"arm_chapters_passed": 12, "arm_chapters_rejected": 17, "arm_chapters_running": 1, "paragraph_diagnostics": 564}
[2026-09-12T14:21:16Z] 20.1 min: aligning {"arm_chapters_passed": 13, "arm_chapters_rejected": 17, "arm_chapters_running": 1, "paragraph_diagnostics": 588}
[2026-09-12T14:21:47Z] 20.6 min: aligning {"arm_chapters_passed": 13, "arm_chapters_rejected": 18, "arm_chapters_running": 1, "paragraph_diagnostics": 604}
[2026-09-12T14:22:27Z] snapshot 8072457 bytes
[2026-09-12T14:22:27Z] 21.1 min: aligning {"arm_chapters_passed": 14, "arm_chapters_rejected": 19, "arm_chapters_running": 1, "paragraph_diagnostics": 633}
[2026-09-12T14:22:57Z] 21.7 min: aligning {"arm_chapters_passed": 14, "arm_chapters_rejected": 19, "arm_chapters_running": 1, "paragraph_diagnostics": 651}
[2026-09-12T14:23:27Z] 22.2 min: aligning {"arm_chapters_passed": 15, "arm_chapters_rejected": 19, "arm_chapters_running": 1, "paragraph_diagnostics": 690}
[2026-09-12T14:23:58Z] 22.8 min: aligning {"arm_chapters_passed": 15, "arm_chapters_rejected": 20, "arm_chapters_running": 1, "paragraph_diagnostics": 723}
[2026-09-12T14:24:28Z] 23.3 min: aligning {"arm_chapters_passed": 15, "arm_chapters_rejected": 20, "arm_chapters_running": 1, "paragraph_diagnostics": 751}
[2026-09-12T14:24:59Z] 23.8 min: aligning {"arm_chapters_passed": 15, "arm_chapters_rejected": 21, "arm_chapters_running": 1, "paragraph_diagnostics": 772}
[2026-09-12T14:25:29Z] 24.3 min: aligning {"arm_chapters_passed": 15, "arm_chapters_rejected": 21, "arm_chapters_running": 1, "paragraph_diagnostics": 803}
[2026-09-12T14:25:59Z] 24.8 min: aligning {"arm_chapters_passed": 16, "arm_chapters_rejected": 21, "arm_chapters_running": 1, "paragraph_diagnostics": 838}
[2026-09-12T14:26:42Z] snapshot 9708911 bytes
[2026-09-12T14:26:42Z] 25.3 min: aligning {"arm_chapters_passed": 16, "arm_chapters_rejected": 21, "arm_chapters_running": 1, "paragraph_diagnostics": 850}
[2026-09-12T14:27:12Z] 26.0 min: aligning {"arm_chapters_passed": 16, "arm_chapters_rejected": 21, "arm_chapters_running": 1, "paragraph_diagnostics": 875}
[2026-09-12T14:27:43Z] 26.5 min: aligning {"arm_chapters_passed": 16, "arm_chapters_rejected": 21, "arm_chapters_running": 1, "paragraph_diagnostics": 897}
[2026-09-12T14:28:13Z] 27.0 min: aligning {"arm_chapters_passed": 16, "arm_chapters_rejected": 21, "arm_chapters_running": 1, "paragraph_diagnostics": 914}
[2026-09-12T14:28:43Z] 27.5 min: aligning {"arm_chapters_passed": 17, "arm_chapters_rejected": 23, "arm_chapters_running": 1, "paragraph_diagnostics": 948}
[2026-09-12T14:29:14Z] 28.0 min: aligning {"arm_chapters_passed": 17, "arm_chapters_rejected": 24, "arm_chapters_running": 1, "paragraph_diagnostics": 987}
[2026-09-12T14:29:44Z] 28.5 min: aligning {"arm_chapters_passed": 17, "arm_chapters_rejected": 24, "arm_chapters_running": 1, "paragraph_diagnostics": 1010}
[2026-09-12T14:30:15Z] 29.0 min: aligning {"arm_chapters_passed": 18, "arm_chapters_rejected": 24, "arm_chapters_running": 1, "paragraph_diagnostics": 1031}
[2026-09-12T14:30:58Z] snapshot 11338772 bytes
[2026-09-12T14:30:58Z] 29.5 min: aligning {"arm_chapters_passed": 18, "arm_chapters_rejected": 24, "arm_chapters_running": 1, "paragraph_diagnostics": 1053}
[2026-09-12T14:31:28Z] 30.3 min: aligning {"arm_chapters_passed": 18, "arm_chapters_rejected": 25, "arm_chapters_running": 1, "paragraph_diagnostics": 1104}
[2026-09-12T14:31:58Z] 30.8 min: aligning {"arm_chapters_passed": 18, "arm_chapters_rejected": 25, "arm_chapters_running": 1, "paragraph_diagnostics": 1116}
[2026-09-12T14:32:29Z] 31.3 min: aligning {"arm_chapters_passed": 18, "arm_chapters_rejected": 25, "arm_chapters_running": 1, "paragraph_diagnostics": 1123}
[2026-09-12T14:33:00Z] 31.8 min: aligning {"arm_chapters_passed": 18, "arm_chapters_rejected": 25, "arm_chapters_running": 1, "paragraph_diagnostics": 1129}
[2026-09-12T14:33:30Z] 32.3 min: aligning {"arm_chapters_passed": 18, "arm_chapters_rejected": 25, "arm_chapters_running": 1, "paragraph_diagnostics": 1144}
[2026-09-12T14:34:01Z] 32.8 min: aligning {"arm_chapters_passed": 18, "arm_chapters_rejected": 25, "arm_chapters_running": 1, "paragraph_diagnostics": 1164}
[2026-09-12T14:34:31Z] 33.3 min: aligning {"arm_chapters_passed": 19, "arm_chapters_rejected": 25, "arm_chapters_running": 1, "paragraph_diagnostics": 1195}
[2026-09-12T14:35:16Z] snapshot 13065955 bytes
[2026-09-12T14:35:16Z] 33.8 min: aligning {"arm_chapters_passed": 20, "arm_chapters_rejected": 25, "arm_chapters_running": 1, "paragraph_diagnostics": 1226}
[2026-09-12T14:35:46Z] 34.6 min: aligning {"arm_chapters_passed": 20, "arm_chapters_rejected": 25, "arm_chapters_running": 1, "paragraph_diagnostics": 1252}
[2026-09-12T14:36:16Z] phase done at 35.1 min; setup={"versions": {"faster-whisper": "1.2.1", "ctranslate2": "4.8.2", "av": "18.1.0"}, "commit": "c43ab3799d5b71c58b770ed22e1bd7bb9b2774cf", "model_tree_sha256": "f1fe271c349229677131d389a96d0a28062a6a2c2fee54a8ce119c43538315c5", "ld_library_path": "/usr/local/lib/python3.11/dist-packages/nvidia/cublas/l
[2026-09-12T14:36:16Z] 35.1 min: done {"arm_chapters_passed": 21, "arm_chapters_rejected": 25, "arm_chapters_running": 0, "paragraph_diagnostics": 1268}
