[2026-09-12T15:43:20Z] created vr58vdyxugin4b tinct-words-run3-62 gpu=None $0.49/hr
[2026-09-12T15:43:21Z] waiting: pod RUNNING agent HTTP 404
[2026-09-12T15:43:37Z] waiting: pod RUNNING agent HTTP 404
[2026-09-12T15:43:54Z] phase cohort at 0.5 min; setup={"versions": {"faster-whisper": "1.2.1", "ctranslate2": "4.8.2", "av": "18.1.0"}, "commit": "c43ab3799d5b71c58b770ed22e1bd7bb9b2774cf", "model_tree_sha256": "f1fe271c349229677131d389a96d0a28062a6a2c2fee54a8ce119c43538315c5", "ld_library_path": "/usr/local/lib/python3.11/dist-packages/nvidia/cublas/l
[2026-09-12T15:43:54Z] 0.5 min: cohort {"arm_chapters_passed": 0, "arm_chapters_rejected": 0, "arm_chapters_running": 0}
[2026-09-12T15:44:24Z] 1.1 min: cohort {"arm_chapters_passed": 0, "arm_chapters_rejected": 0, "arm_chapters_running": 0}
[2026-09-12T15:44:54Z] 1.6 min: cohort {"arm_chapters_passed": 0, "arm_chapters_rejected": 0, "arm_chapters_running": 0}
[2026-09-12T15:45:25Z] 2.1 min: cohort {"arm_chapters_passed": 0, "arm_chapters_rejected": 0, "arm_chapters_running": 0}
[2026-09-12T15:45:55Z] phase aligning at 2.6 min; setup={"versions": {"faster-whisper": "1.2.1", "ctranslate2": "4.8.2", "av": "18.1.0"}, "commit": "c43ab3799d5b71c58b770ed22e1bd7bb9b2774cf", "model_tree_sha256": "f1fe271c349229677131d389a96d0a28062a6a2c2fee54a8ce119c43538315c5", "ld_library_path": "/usr/local/lib/python3.11/dist-packages/nvidia/cublas/l
[2026-09-12T15:45:55Z] 2.6 min: aligning {"arm_chapters_passed": 1, "arm_chapters_rejected": 0, "arm_chapters_running": 1, "paragraph_diagnostics": 11}
[2026-09-12T15:46:25Z] 3.1 min: aligning {"arm_chapters_passed": 1, "arm_chapters_rejected": 0, "arm_chapters_running": 1, "paragraph_diagnostics": 15}
[2026-09-12T15:46:56Z] 3.6 min: aligning {"arm_chapters_passed": 2, "arm_chapters_rejected": 0, "arm_chapters_running": 1, "paragraph_diagnostics": 30}
[2026-09-12T15:47:26Z] 4.1 min: aligning {"arm_chapters_passed": 3, "arm_chapters_rejected": 0, "arm_chapters_running": 1, "paragraph_diagnostics": 46}
[2026-09-12T15:47:58Z] snapshot 1012294 bytes
[2026-09-12T15:47:58Z] 4.6 min: aligning {"arm_chapters_passed": 3, "arm_chapters_rejected": 0, "arm_chapters_running": 1, "paragraph_diagnostics": 51}
[2026-09-12T15:48:28Z] 5.1 min: aligning {"arm_chapters_passed": 3, "arm_chapters_rejected": 0, "arm_chapters_running": 1, "paragraph_diagnostics": 57}
[2026-09-12T15:48:59Z] 5.6 min: aligning {"arm_chapters_passed": 4, "arm_chapters_rejected": 0, "arm_chapters_running": 1, "paragraph_diagnostics": 69}
[2026-09-12T15:49:29Z] 6.1 min: aligning {"arm_chapters_passed": 5, "arm_chapters_rejected": 0, "arm_chapters_running": 1, "paragraph_diagnostics": 86}
[2026-09-12T15:49:59Z] 6.6 min: aligning {"arm_chapters_passed": 5, "arm_chapters_rejected": 0, "arm_chapters_running": 1, "paragraph_diagnostics": 92}
[2026-09-12T15:50:30Z] 7.1 min: aligning {"arm_chapters_passed": 5, "arm_chapters_rejected": 0, "arm_chapters_running": 1, "paragraph_diagnostics": 99}
[2026-09-12T15:51:00Z] 7.7 min: aligning {"arm_chapters_passed": 5, "arm_chapters_rejected": 0, "arm_chapters_running": 1, "paragraph_diagnostics": 105}
[2026-09-12T15:51:30Z] 8.2 min: aligning {"arm_chapters_passed": 6, "arm_chapters_rejected": 0, "arm_chapters_running": 1, "paragraph_diagnostics": 117}
[2026-09-12T15:52:04Z] snapshot 2960619 bytes
[2026-09-12T15:52:04Z] 8.7 min: aligning {"arm_chapters_passed": 7, "arm_chapters_rejected": 0, "arm_chapters_running": 1, "paragraph_diagnostics": 134}
[2026-09-12T15:52:34Z] 9.2 min: aligning {"arm_chapters_passed": 7, "arm_chapters_rejected": 0, "arm_chapters_running": 1, "paragraph_diagnostics": 142}
[2026-09-12T15:53:05Z] 9.7 min: aligning {"arm_chapters_passed": 7, "arm_chapters_rejected": 0, "arm_chapters_running": 1, "paragraph_diagnostics": 150}
[2026-09-12T15:53:35Z] 10.2 min: aligning {"arm_chapters_passed": 7, "arm_chapters_rejected": 0, "arm_chapters_running": 1, "paragraph_diagnostics": 155}
[2026-09-12T15:54:05Z] 10.7 min: aligning {"arm_chapters_passed": 8, "arm_chapters_rejected": 0, "arm_chapters_running": 1, "paragraph_diagnostics": 172}
[2026-09-12T15:54:35Z] 11.2 min: aligning {"arm_chapters_passed": 8, "arm_chapters_rejected": 0, "arm_chapters_running": 1, "paragraph_diagnostics": 188}
[2026-09-12T15:55:06Z] 11.7 min: aligning {"arm_chapters_passed": 9, "arm_chapters_rejected": 0, "arm_chapters_running": 1, "paragraph_diagnostics": 208}
[2026-09-12T15:55:36Z] 12.3 min: aligning {"arm_chapters_passed": 9, "arm_chapters_rejected": 0, "arm_chapters_running": 1, "paragraph_diagnostics": 218}
[2026-09-12T15:56:12Z] snapshot 4904907 bytes
[2026-09-12T15:56:12Z] 12.8 min: aligning {"arm_chapters_passed": 9, "arm_chapters_rejected": 0, "arm_chapters_running": 1, "paragraph_diagnostics": 224}
[2026-09-12T15:56:42Z] 13.4 min: aligning {"arm_chapters_passed": 9, "arm_chapters_rejected": 0, "arm_chapters_running": 1, "paragraph_diagnostics": 234}
[2026-09-12T15:57:13Z] 13.9 min: aligning {"arm_chapters_passed": 9, "arm_chapters_rejected": 0, "arm_chapters_running": 1, "paragraph_diagnostics": 238}
[2026-09-12T15:57:43Z] 14.4 min: aligning {"arm_chapters_passed": 9, "arm_chapters_rejected": 0, "arm_chapters_running": 1, "paragraph_diagnostics": 241}
[2026-09-12T15:58:13Z] 14.9 min: aligning {"arm_chapters_passed": 10, "arm_chapters_rejected": 0, "arm_chapters_running": 1, "paragraph_diagnostics": 260}
[2026-09-12T15:58:44Z] 15.4 min: aligning {"arm_chapters_passed": 10, "arm_chapters_rejected": 0, "arm_chapters_running": 1, "paragraph_diagnostics": 280}
[2026-09-12T15:59:14Z] 15.9 min: aligning {"arm_chapters_passed": 10, "arm_chapters_rejected": 0, "arm_chapters_running": 1, "paragraph_diagnostics": 297}
[2026-09-12T15:59:44Z] 16.4 min: aligning {"arm_chapters_passed": 10, "arm_chapters_rejected": 1, "arm_chapters_running": 1, "paragraph_diagnostics": 310}
[2026-09-12T16:00:22Z] snapshot 6928410 bytes
[2026-09-12T16:00:22Z] 16.9 min: aligning {"arm_chapters_passed": 10, "arm_chapters_rejected": 1, "arm_chapters_running": 1, "paragraph_diagnostics": 320}
[2026-09-12T16:00:52Z] 17.5 min: aligning {"arm_chapters_passed": 10, "arm_chapters_rejected": 1, "arm_chapters_running": 1, "paragraph_diagnostics": 335}
[2026-09-12T16:01:22Z] 18.0 min: aligning {"arm_chapters_passed": 10, "arm_chapters_rejected": 1, "arm_chapters_running": 1, "paragraph_diagnostics": 342}
[2026-09-12T16:01:53Z] 18.5 min: aligning {"arm_chapters_passed": 10, "arm_chapters_rejected": 2, "arm_chapters_running": 1, "paragraph_diagnostics": 352}
[2026-09-12T16:02:23Z] 19.0 min: aligning {"arm_chapters_passed": 10, "arm_chapters_rejected": 2, "arm_chapters_running": 1, "paragraph_diagnostics": 375}
[2026-09-12T16:02:53Z] 19.5 min: aligning {"arm_chapters_passed": 10, "arm_chapters_rejected": 2, "arm_chapters_running": 1, "paragraph_diagnostics": 391}
[2026-09-12T16:03:24Z] 20.0 min: aligning {"arm_chapters_passed": 10, "arm_chapters_rejected": 3, "arm_chapters_running": 1, "paragraph_diagnostics": 404}
[2026-09-12T16:03:54Z] 20.6 min: aligning {"arm_chapters_passed": 10, "arm_chapters_rejected": 3, "arm_chapters_running": 1, "paragraph_diagnostics": 412}
[2026-09-12T16:04:34Z] snapshot 8986630 bytes
[2026-09-12T16:04:34Z] 21.1 min: aligning {"arm_chapters_passed": 10, "arm_chapters_rejected": 3, "arm_chapters_running": 1, "paragraph_diagnostics": 420}
[2026-09-12T16:05:04Z] 21.7 min: aligning {"arm_chapters_passed": 10, "arm_chapters_rejected": 3, "arm_chapters_running": 1, "paragraph_diagnostics": 435}
[2026-09-12T16:05:35Z] 22.2 min: aligning {"arm_chapters_passed": 10, "arm_chapters_rejected": 3, "arm_chapters_running": 1, "paragraph_diagnostics": 441}
[2026-09-12T16:06:05Z] 22.7 min: aligning {"arm_chapters_passed": 10, "arm_chapters_rejected": 3, "arm_chapters_running": 1, "paragraph_diagnostics": 447}
[2026-09-12T16:06:36Z] 23.2 min: aligning {"arm_chapters_passed": 10, "arm_chapters_rejected": 3, "arm_chapters_running": 1, "paragraph_diagnostics": 451}
[2026-09-12T16:07:06Z] 23.8 min: aligning {"arm_chapters_passed": 10, "arm_chapters_rejected": 4, "arm_chapters_running": 1, "paragraph_diagnostics": 466}
[2026-09-12T16:07:37Z] 24.3 min: aligning {"arm_chapters_passed": 11, "arm_chapters_rejected": 4, "arm_chapters_running": 1, "paragraph_diagnostics": 484}
