[2026-09-12T15:04:46Z] created na2ftp85qmacnj tinct-words-run3-36 gpu=None $0.49/hr
[2026-09-12T15:04:47Z] waiting: pod RUNNING agent HTTP 404
[2026-09-12T15:05:03Z] waiting: pod RUNNING agent HTTP 404
[2026-09-12T15:05:20Z] phase cohort at 0.6 min; setup={"versions": {"faster-whisper": "1.2.1", "ctranslate2": "4.8.2", "av": "18.1.0"}, "commit": "c43ab3799d5b71c58b770ed22e1bd7bb9b2774cf", "model_tree_sha256": "f1fe271c349229677131d389a96d0a28062a6a2c2fee54a8ce119c43538315c5", "ld_library_path": "/usr/local/lib/python3.11/dist-packages/nvidia/cublas/l
[2026-09-12T15:05:20Z] 0.6 min: cohort {"arm_chapters_passed": 0, "arm_chapters_rejected": 0, "arm_chapters_running": 0}
[2026-09-12T15:05:51Z] 1.1 min: cohort {"arm_chapters_passed": 0, "arm_chapters_rejected": 0, "arm_chapters_running": 0}
[2026-09-12T15:06:21Z] 1.6 min: cohort {"arm_chapters_passed": 0, "arm_chapters_rejected": 0, "arm_chapters_running": 0}
[2026-09-12T15:06:51Z] 2.1 min: cohort {"arm_chapters_passed": 0, "arm_chapters_rejected": 0, "arm_chapters_running": 0}
[2026-09-12T15:07:22Z] phase aligning at 2.6 min; setup={"versions": {"faster-whisper": "1.2.1", "ctranslate2": "4.8.2", "av": "18.1.0"}, "commit": "c43ab3799d5b71c58b770ed22e1bd7bb9b2774cf", "model_tree_sha256": "f1fe271c349229677131d389a96d0a28062a6a2c2fee54a8ce119c43538315c5", "ld_library_path": "/usr/local/lib/python3.11/dist-packages/nvidia/cublas/l
[2026-09-12T15:07:22Z] 2.6 min: aligning {"arm_chapters_passed": 0, "arm_chapters_rejected": 1, "arm_chapters_running": 1, "paragraph_diagnostics": 62}
[2026-09-12T15:07:52Z] 3.1 min: aligning {"arm_chapters_passed": 0, "arm_chapters_rejected": 2, "arm_chapters_running": 1, "paragraph_diagnostics": 116}
[2026-09-12T15:08:22Z] 3.6 min: aligning {"arm_chapters_passed": 0, "arm_chapters_rejected": 3, "arm_chapters_running": 1, "paragraph_diagnostics": 162}
[2026-09-12T15:08:53Z] 4.1 min: aligning {"arm_chapters_passed": 0, "arm_chapters_rejected": 4, "arm_chapters_running": 1, "paragraph_diagnostics": 236}
[2026-09-12T15:09:24Z] snapshot 615759 bytes
[2026-09-12T15:09:24Z] 4.6 min: aligning {"arm_chapters_passed": 0, "arm_chapters_rejected": 5, "arm_chapters_running": 1, "paragraph_diagnostics": 304}
[2026-09-12T15:09:55Z] 5.1 min: aligning {"arm_chapters_passed": 0, "arm_chapters_rejected": 5, "arm_chapters_running": 1, "paragraph_diagnostics": 331}
[2026-09-12T15:10:25Z] 5.6 min: aligning {"arm_chapters_passed": 1, "arm_chapters_rejected": 5, "arm_chapters_running": 1, "paragraph_diagnostics": 403}
[2026-09-12T15:10:56Z] 6.2 min: aligning {"arm_chapters_passed": 1, "arm_chapters_rejected": 6, "arm_chapters_running": 1, "paragraph_diagnostics": 467}
[2026-09-12T15:11:26Z] 6.7 min: aligning {"arm_chapters_passed": 1, "arm_chapters_rejected": 6, "arm_chapters_running": 1, "paragraph_diagnostics": 492}
[2026-09-12T15:11:57Z] 7.2 min: aligning {"arm_chapters_passed": 1, "arm_chapters_rejected": 6, "arm_chapters_running": 1, "paragraph_diagnostics": 519}
[2026-09-12T15:12:27Z] 7.7 min: aligning {"arm_chapters_passed": 1, "arm_chapters_rejected": 9, "arm_chapters_running": 1, "paragraph_diagnostics": 578}
[2026-09-12T15:12:57Z] 8.2 min: aligning {"arm_chapters_passed": 1, "arm_chapters_rejected": 10, "arm_chapters_running": 1, "paragraph_diagnostics": 623}
[2026-09-12T15:13:30Z] snapshot 1855827 bytes
[2026-09-12T15:13:30Z] 8.7 min: aligning {"arm_chapters_passed": 2, "arm_chapters_rejected": 11, "arm_chapters_running": 1, "paragraph_diagnostics": 687}
[2026-09-12T15:14:01Z] 9.2 min: aligning {"arm_chapters_passed": 2, "arm_chapters_rejected": 14, "arm_chapters_running": 1, "paragraph_diagnostics": 732}
[2026-09-12T15:14:31Z] 9.8 min: aligning {"arm_chapters_passed": 3, "arm_chapters_rejected": 15, "arm_chapters_running": 1, "paragraph_diagnostics": 771}
[2026-09-12T15:15:01Z] 10.3 min: aligning {"arm_chapters_passed": 3, "arm_chapters_rejected": 16, "arm_chapters_running": 1, "paragraph_diagnostics": 797}
[2026-09-12T15:15:32Z] 10.8 min: aligning {"arm_chapters_passed": 3, "arm_chapters_rejected": 16, "arm_chapters_running": 1, "paragraph_diagnostics": 816}
[2026-09-12T15:16:02Z] 11.3 min: aligning {"arm_chapters_passed": 4, "arm_chapters_rejected": 16, "arm_chapters_running": 1, "paragraph_diagnostics": 837}
[2026-09-12T15:16:33Z] 11.8 min: aligning {"arm_chapters_passed": 4, "arm_chapters_rejected": 17, "arm_chapters_running": 1, "paragraph_diagnostics": 906}
[2026-09-12T15:17:04Z] 12.3 min: aligning {"arm_chapters_passed": 5, "arm_chapters_rejected": 17, "arm_chapters_running": 1, "paragraph_diagnostics": 974}
[2026-09-12T15:17:38Z] snapshot 3163456 bytes
[2026-09-12T15:17:38Z] 12.8 min: aligning {"arm_chapters_passed": 5, "arm_chapters_rejected": 18, "arm_chapters_running": 1, "paragraph_diagnostics": 1038}
[2026-09-12T15:18:08Z] 13.4 min: aligning {"arm_chapters_passed": 5, "arm_chapters_rejected": 19, "arm_chapters_running": 1, "paragraph_diagnostics": 1082}
[2026-09-12T15:18:39Z] 13.9 min: aligning {"arm_chapters_passed": 6, "arm_chapters_rejected": 20, "arm_chapters_running": 1, "paragraph_diagnostics": 1137}
[2026-09-12T15:19:09Z] 14.4 min: aligning {"arm_chapters_passed": 6, "arm_chapters_rejected": 20, "arm_chapters_running": 1, "paragraph_diagnostics": 1197}
[2026-09-12T15:19:40Z] 14.9 min: aligning {"arm_chapters_passed": 6, "arm_chapters_rejected": 21, "arm_chapters_running": 1, "paragraph_diagnostics": 1237}
[2026-09-12T15:20:10Z] 15.4 min: aligning {"arm_chapters_passed": 6, "arm_chapters_rejected": 21, "arm_chapters_running": 1, "paragraph_diagnostics": 1263}
[2026-09-12T15:20:41Z] 15.9 min: aligning {"arm_chapters_passed": 6, "arm_chapters_rejected": 22, "arm_chapters_running": 1, "paragraph_diagnostics": 1325}
[2026-09-12T15:21:11Z] 16.4 min: aligning {"arm_chapters_passed": 6, "arm_chapters_rejected": 23, "arm_chapters_running": 1, "paragraph_diagnostics": 1401}
[2026-09-12T15:21:47Z] snapshot 4502723 bytes
[2026-09-12T15:21:47Z] 16.9 min: aligning {"arm_chapters_passed": 7, "arm_chapters_rejected": 24, "arm_chapters_running": 1, "paragraph_diagnostics": 1460}
[2026-09-12T15:22:18Z] 17.5 min: aligning {"arm_chapters_passed": 8, "arm_chapters_rejected": 25, "arm_chapters_running": 1, "paragraph_diagnostics": 1499}
[2026-09-12T15:22:48Z] 18.0 min: aligning {"arm_chapters_passed": 9, "arm_chapters_rejected": 25, "arm_chapters_running": 1, "paragraph_diagnostics": 1538}
[2026-09-12T15:23:18Z] 18.5 min: aligning {"arm_chapters_passed": 9, "arm_chapters_rejected": 26, "arm_chapters_running": 1, "paragraph_diagnostics": 1575}
