[2026-09-12T15:47:05Z] created j6u0br5q2f8xkj tinct-words-run3-72 gpu=None $0.49/hr
[2026-09-12T15:47:06Z] waiting: pod RUNNING agent HTTP 404
[2026-09-12T15:47:22Z] phase cohort at 0.3 min; setup={"versions": {"faster-whisper": "1.2.1", "ctranslate2": "4.8.2", "av": "18.1.0"}, "commit": "c43ab3799d5b71c58b770ed22e1bd7bb9b2774cf", "model_tree_sha256": "f1fe271c349229677131d389a96d0a28062a6a2c2fee54a8ce119c43538315c5", "ld_library_path": "/usr/local/lib/python3.11/dist-packages/nvidia/cublas/l
[2026-09-12T15:47:22Z] 0.3 min: cohort {"arm_chapters_passed": 0, "arm_chapters_rejected": 0, "arm_chapters_running": 0}
[2026-09-12T15:47:53Z] 0.8 min: cohort {"arm_chapters_passed": 0, "arm_chapters_rejected": 0, "arm_chapters_running": 0}
[2026-09-12T15:48:23Z] 1.3 min: cohort {"arm_chapters_passed": 0, "arm_chapters_rejected": 0, "arm_chapters_running": 0}
[2026-09-12T15:48:54Z] 1.8 min: cohort {"arm_chapters_passed": 0, "arm_chapters_rejected": 0, "arm_chapters_running": 0}
[2026-09-12T15:49:24Z] 2.3 min: cohort {"arm_chapters_passed": 0, "arm_chapters_rejected": 0, "arm_chapters_running": 0}
[2026-09-12T15:49:54Z] 2.8 min: cohort {"arm_chapters_passed": 0, "arm_chapters_rejected": 0, "arm_chapters_running": 0}
[2026-09-12T15:50:25Z] phase aligning at 3.3 min; setup={"versions": {"faster-whisper": "1.2.1", "ctranslate2": "4.8.2", "av": "18.1.0"}, "commit": "c43ab3799d5b71c58b770ed22e1bd7bb9b2774cf", "model_tree_sha256": "f1fe271c349229677131d389a96d0a28062a6a2c2fee54a8ce119c43538315c5", "ld_library_path": "/usr/local/lib/python3.11/dist-packages/nvidia/cublas/l
[2026-09-12T15:50:25Z] 3.3 min: aligning {"arm_chapters_passed": 0, "arm_chapters_rejected": 0, "arm_chapters_running": 1, "paragraph_diagnostics": 15}
[2026-09-12T15:50:55Z] 3.8 min: aligning {"arm_chapters_passed": 0, "arm_chapters_rejected": 0, "arm_chapters_running": 1, "paragraph_diagnostics": 76}
[2026-09-12T15:51:26Z] snapshot 396934 bytes
[2026-09-12T15:51:26Z] 4.3 min: aligning {"arm_chapters_passed": 1, "arm_chapters_rejected": 0, "arm_chapters_running": 1, "paragraph_diagnostics": 93}
[2026-09-12T15:51:57Z] 4.8 min: aligning {"arm_chapters_passed": 1, "arm_chapters_rejected": 0, "arm_chapters_running": 1, "paragraph_diagnostics": 116}
[2026-09-12T15:52:27Z] 5.4 min: aligning {"arm_chapters_passed": 1, "arm_chapters_rejected": 0, "arm_chapters_running": 1, "paragraph_diagnostics": 149}
[2026-09-12T15:52:57Z] 5.9 min: aligning {"arm_chapters_passed": 2, "arm_chapters_rejected": 0, "arm_chapters_running": 1, "paragraph_diagnostics": 212}
[2026-09-12T15:53:28Z] 6.4 min: aligning {"arm_chapters_passed": 2, "arm_chapters_rejected": 0, "arm_chapters_running": 1, "paragraph_diagnostics": 254}
[2026-09-12T15:53:58Z] 6.9 min: aligning {"arm_chapters_passed": 2, "arm_chapters_rejected": 1, "arm_chapters_running": 1, "paragraph_diagnostics": 307}
[2026-09-12T15:54:28Z] 7.4 min: aligning {"arm_chapters_passed": 2, "arm_chapters_rejected": 1, "arm_chapters_running": 1, "paragraph_diagnostics": 340}
[2026-09-12T15:54:59Z] 7.9 min: aligning {"arm_chapters_passed": 2, "arm_chapters_rejected": 1, "arm_chapters_running": 1, "paragraph_diagnostics": 368}
[2026-09-12T15:55:32Z] snapshot 1650351 bytes
[2026-09-12T15:55:32Z] 8.4 min: aligning {"arm_chapters_passed": 2, "arm_chapters_rejected": 1, "arm_chapters_running": 1, "paragraph_diagnostics": 396}
[2026-09-12T15:56:02Z] 8.9 min: aligning {"arm_chapters_passed": 3, "arm_chapters_rejected": 1, "arm_chapters_running": 1, "paragraph_diagnostics": 445}
[2026-09-12T15:56:32Z] 9.4 min: aligning {"arm_chapters_passed": 3, "arm_chapters_rejected": 1, "arm_chapters_running": 1, "paragraph_diagnostics": 534}
[2026-09-12T15:57:03Z] 9.9 min: aligning {"arm_chapters_passed": 3, "arm_chapters_rejected": 2, "arm_chapters_running": 1, "paragraph_diagnostics": 570}
[2026-09-12T15:57:33Z] 10.5 min: aligning {"arm_chapters_passed": 3, "arm_chapters_rejected": 2, "arm_chapters_running": 1, "paragraph_diagnostics": 632}
[2026-09-12T15:58:04Z] 11.0 min: aligning {"arm_chapters_passed": 3, "arm_chapters_rejected": 2, "arm_chapters_running": 1, "paragraph_diagnostics": 693}
[2026-09-12T15:58:34Z] 11.5 min: aligning {"arm_chapters_passed": 4, "arm_chapters_rejected": 2, "arm_chapters_running": 1, "paragraph_diagnostics": 739}
[2026-09-12T15:59:04Z] 12.0 min: aligning {"arm_chapters_passed": 4, "arm_chapters_rejected": 2, "arm_chapters_running": 1, "paragraph_diagnostics": 797}
[2026-09-12T15:59:39Z] snapshot 2985121 bytes
[2026-09-12T15:59:39Z] 12.5 min: aligning {"arm_chapters_passed": 4, "arm_chapters_rejected": 3, "arm_chapters_running": 1, "paragraph_diagnostics": 821}
[2026-09-12T16:00:09Z] 13.1 min: aligning {"arm_chapters_passed": 4, "arm_chapters_rejected": 3, "arm_chapters_running": 1, "paragraph_diagnostics": 860}
[2026-09-12T16:00:40Z] 13.6 min: aligning {"arm_chapters_passed": 4, "arm_chapters_rejected": 3, "arm_chapters_running": 1, "paragraph_diagnostics": 906}
[2026-09-12T16:01:10Z] 14.1 min: aligning {"arm_chapters_passed": 4, "arm_chapters_rejected": 4, "arm_chapters_running": 1, "paragraph_diagnostics": 932}
[2026-09-12T16:01:40Z] 14.6 min: aligning {"arm_chapters_passed": 4, "arm_chapters_rejected": 4, "arm_chapters_running": 1, "paragraph_diagnostics": 985}
[2026-09-12T16:02:20Z] phase None at 15.1 min; setup={}
[2026-09-12T16:02:20Z] 15.1 min: None {}
[2026-09-12T16:02:57Z] 15.7 min: None {}
[2026-09-12T16:03:27Z] phase aligning at 16.4 min; setup={"versions": {"faster-whisper": "1.2.1", "ctranslate2": "4.8.2", "av": "18.1.0"}, "commit": "c43ab3799d5b71c58b770ed22e1bd7bb9b2774cf", "model_tree_sha256": "f1fe271c349229677131d389a96d0a28062a6a2c2fee54a8ce119c43538315c5", "ld_library_path": "/usr/local/lib/python3.11/dist-packages/nvidia/cublas/l
[2026-09-12T16:03:27Z] 16.4 min: aligning {"arm_chapters_passed": 5, "arm_chapters_rejected": 5, "arm_chapters_running": 1, "paragraph_diagnostics": 1074}
