[2026-09-12T15:42:13Z] created yro0oaxasxcsb6 tinct-words-run3-59 gpu=None $0.49/hr
[2026-09-12T15:42:14Z] waiting: pod RUNNING agent HTTP 404
[2026-09-12T15:42:30Z] phase cohort at 0.3 min; setup={"versions": {"faster-whisper": "1.2.1", "ctranslate2": "4.8.2", "av": "18.1.0"}, "commit": "c43ab3799d5b71c58b770ed22e1bd7bb9b2774cf", "model_tree_sha256": "f1fe271c349229677131d389a96d0a28062a6a2c2fee54a8ce119c43538315c5", "ld_library_path": "/usr/local/lib/python3.11/dist-packages/nvidia/cublas/l
[2026-09-12T15:42:30Z] 0.3 min: cohort {"arm_chapters_passed": 0, "arm_chapters_rejected": 0, "arm_chapters_running": 0}
[2026-09-12T15:43:00Z] 0.8 min: cohort {"arm_chapters_passed": 0, "arm_chapters_rejected": 0, "arm_chapters_running": 0}
[2026-09-12T15:43:31Z] 1.3 min: cohort {"arm_chapters_passed": 0, "arm_chapters_rejected": 0, "arm_chapters_running": 0}
[2026-09-12T15:44:01Z] phase aligning at 1.8 min; setup={"versions": {"faster-whisper": "1.2.1", "ctranslate2": "4.8.2", "av": "18.1.0"}, "commit": "c43ab3799d5b71c58b770ed22e1bd7bb9b2774cf", "model_tree_sha256": "f1fe271c349229677131d389a96d0a28062a6a2c2fee54a8ce119c43538315c5", "ld_library_path": "/usr/local/lib/python3.11/dist-packages/nvidia/cublas/l
[2026-09-12T15:44:01Z] 1.8 min: aligning {"arm_chapters_passed": 0, "arm_chapters_rejected": 0, "arm_chapters_running": 1, "paragraph_diagnostics": 41}
[2026-09-12T15:44:32Z] 2.3 min: aligning {"arm_chapters_passed": 0, "arm_chapters_rejected": 0, "arm_chapters_running": 1, "paragraph_diagnostics": 103}
[2026-09-12T15:45:02Z] 2.8 min: aligning {"arm_chapters_passed": 0, "arm_chapters_rejected": 1, "arm_chapters_running": 1, "paragraph_diagnostics": 145}
[2026-09-12T15:45:32Z] 3.3 min: aligning {"arm_chapters_passed": 0, "arm_chapters_rejected": 1, "arm_chapters_running": 1, "paragraph_diagnostics": 196}
[2026-09-12T15:46:03Z] 3.8 min: aligning {"arm_chapters_passed": 1, "arm_chapters_rejected": 1, "arm_chapters_running": 1, "paragraph_diagnostics": 245}
[2026-09-12T15:46:35Z] snapshot 1108237 bytes
[2026-09-12T15:46:35Z] 4.3 min: aligning {"arm_chapters_passed": 1, "arm_chapters_rejected": 1, "arm_chapters_running": 1, "paragraph_diagnostics": 292}
[2026-09-12T15:47:06Z] 4.9 min: aligning {"arm_chapters_passed": 2, "arm_chapters_rejected": 1, "arm_chapters_running": 1, "paragraph_diagnostics": 343}
[2026-09-12T15:47:36Z] 5.4 min: aligning {"arm_chapters_passed": 2, "arm_chapters_rejected": 1, "arm_chapters_running": 1, "paragraph_diagnostics": 374}
[2026-09-12T15:48:06Z] 5.9 min: aligning {"arm_chapters_passed": 2, "arm_chapters_rejected": 1, "arm_chapters_running": 1, "paragraph_diagnostics": 406}
[2026-09-12T15:48:37Z] 6.4 min: aligning {"arm_chapters_passed": 3, "arm_chapters_rejected": 1, "arm_chapters_running": 1, "paragraph_diagnostics": 442}
[2026-09-12T15:49:07Z] 6.9 min: aligning {"arm_chapters_passed": 3, "arm_chapters_rejected": 1, "arm_chapters_running": 1, "paragraph_diagnostics": 501}
[2026-09-12T15:49:37Z] 7.4 min: aligning {"arm_chapters_passed": 3, "arm_chapters_rejected": 2, "arm_chapters_running": 1, "paragraph_diagnostics": 548}
[2026-09-12T15:50:08Z] 7.9 min: aligning {"arm_chapters_passed": 3, "arm_chapters_rejected": 2, "arm_chapters_running": 1, "paragraph_diagnostics": 588}
[2026-09-12T15:50:42Z] snapshot 2540914 bytes
[2026-09-12T15:50:42Z] 8.4 min: aligning {"arm_chapters_passed": 4, "arm_chapters_rejected": 2, "arm_chapters_running": 1, "paragraph_diagnostics": 650}
[2026-09-12T15:51:13Z] 9.0 min: aligning {"arm_chapters_passed": 4, "arm_chapters_rejected": 3, "arm_chapters_running": 1, "paragraph_diagnostics": 705}
[2026-09-12T15:51:43Z] phase done at 9.5 min; setup={"versions": {"faster-whisper": "1.2.1", "ctranslate2": "4.8.2", "av": "18.1.0"}, "commit": "c43ab3799d5b71c58b770ed22e1bd7bb9b2774cf", "model_tree_sha256": "f1fe271c349229677131d389a96d0a28062a6a2c2fee54a8ce119c43538315c5", "ld_library_path": "/usr/local/lib/python3.11/dist-packages/nvidia/cublas/l
[2026-09-12T15:51:43Z] 9.5 min: done {"arm_chapters_passed": 4, "arm_chapters_rejected": 6, "arm_chapters_running": 0, "paragraph_diagnostics": 724}
[2026-09-12T15:51:49Z] fetched out.tar.gz (2731928 bytes)
[2026-09-12T15:51:50Z] stop yro0oaxasxcsb6: HTTP 200
[2026-09-12T15:51:51Z] terminate yro0oaxasxcsb6: HTTP 204
[2026-09-12T15:51:51Z] pod yro0oaxasxcsb6 done: outcome=done uptime=9.6m est $0.08
