[2026-09-12T15:41:51Z] created cwn9y8lpoexq3c tinct-words-run3-58 gpu=None $0.49/hr
[2026-09-12T15:41:52Z] waiting: pod RUNNING agent HTTP 404
[2026-09-12T15:42:09Z] waiting: pod RUNNING agent HTTP 404
[2026-09-12T15:42:26Z] phase cohort at 0.6 min; setup={"versions": {"faster-whisper": "1.2.1", "ctranslate2": "4.8.2", "av": "18.1.0"}, "commit": "c43ab3799d5b71c58b770ed22e1bd7bb9b2774cf", "model_tree_sha256": "f1fe271c349229677131d389a96d0a28062a6a2c2fee54a8ce119c43538315c5", "ld_library_path": "/usr/local/lib/python3.11/dist-packages/nvidia/cublas/l
[2026-09-12T15:42:26Z] 0.6 min: cohort {"arm_chapters_passed": 0, "arm_chapters_rejected": 0, "arm_chapters_running": 0}
[2026-09-12T15:42:57Z] 1.1 min: cohort {"arm_chapters_passed": 0, "arm_chapters_rejected": 0, "arm_chapters_running": 0}
[2026-09-12T15:43:28Z] 1.6 min: cohort {"arm_chapters_passed": 0, "arm_chapters_rejected": 0, "arm_chapters_running": 0}
[2026-09-12T15:43:59Z] 2.1 min: cohort {"arm_chapters_passed": 0, "arm_chapters_rejected": 0, "arm_chapters_running": 0}
[2026-09-12T15:44:29Z] phase aligning at 2.6 min; setup={"versions": {"faster-whisper": "1.2.1", "ctranslate2": "4.8.2", "av": "18.1.0"}, "commit": "c43ab3799d5b71c58b770ed22e1bd7bb9b2774cf", "model_tree_sha256": "f1fe271c349229677131d389a96d0a28062a6a2c2fee54a8ce119c43538315c5", "ld_library_path": "/usr/local/lib/python3.11/dist-packages/nvidia/cublas/l
[2026-09-12T15:44:29Z] 2.6 min: aligning {"arm_chapters_passed": 0, "arm_chapters_rejected": 0, "arm_chapters_running": 1, "paragraph_diagnostics": 17}
[2026-09-12T15:45:00Z] 3.1 min: aligning {"arm_chapters_passed": 0, "arm_chapters_rejected": 0, "arm_chapters_running": 1, "paragraph_diagnostics": 82}
[2026-09-12T15:45:31Z] 3.7 min: aligning {"arm_chapters_passed": 0, "arm_chapters_rejected": 0, "arm_chapters_running": 1, "paragraph_diagnostics": 152}
[2026-09-12T15:46:02Z] 4.2 min: aligning {"arm_chapters_passed": 0, "arm_chapters_rejected": 0, "arm_chapters_running": 1, "paragraph_diagnostics": 227}
[2026-09-12T15:46:35Z] snapshot 876831 bytes
[2026-09-12T15:46:35Z] 4.7 min: aligning {"arm_chapters_passed": 0, "arm_chapters_rejected": 1, "arm_chapters_running": 1, "paragraph_diagnostics": 318}
[2026-09-12T15:47:06Z] 5.2 min: aligning {"arm_chapters_passed": 0, "arm_chapters_rejected": 1, "arm_chapters_running": 1, "paragraph_diagnostics": 341}
[2026-09-12T15:47:37Z] 5.8 min: aligning {"arm_chapters_passed": 0, "arm_chapters_rejected": 1, "arm_chapters_running": 1, "paragraph_diagnostics": 405}
[2026-09-12T15:48:08Z] 6.3 min: aligning {"arm_chapters_passed": 0, "arm_chapters_rejected": 1, "arm_chapters_running": 1, "paragraph_diagnostics": 469}
[2026-09-12T15:48:38Z] 6.8 min: aligning {"arm_chapters_passed": 0, "arm_chapters_rejected": 1, "arm_chapters_running": 1, "paragraph_diagnostics": 508}
[2026-09-12T15:49:09Z] 7.3 min: aligning {"arm_chapters_passed": 0, "arm_chapters_rejected": 1, "arm_chapters_running": 1, "paragraph_diagnostics": 612}
[2026-09-12T15:49:40Z] 7.8 min: aligning {"arm_chapters_passed": 3, "arm_chapters_rejected": 1, "arm_chapters_running": 1, "paragraph_diagnostics": 646}
[2026-09-12T15:50:11Z] 8.3 min: aligning {"arm_chapters_passed": 3, "arm_chapters_rejected": 1, "arm_chapters_running": 1, "paragraph_diagnostics": 696}
[2026-09-12T15:50:46Z] snapshot 2268774 bytes
[2026-09-12T15:50:46Z] 8.8 min: aligning {"arm_chapters_passed": 3, "arm_chapters_rejected": 2, "arm_chapters_running": 1, "paragraph_diagnostics": 746}
[2026-09-12T15:51:17Z] 9.4 min: aligning {"arm_chapters_passed": 3, "arm_chapters_rejected": 2, "arm_chapters_running": 1, "paragraph_diagnostics": 788}
[2026-09-12T15:51:48Z] 9.9 min: aligning {"arm_chapters_passed": 4, "arm_chapters_rejected": 2, "arm_chapters_running": 1, "paragraph_diagnostics": 830}
