[2026-09-12T13:35:48Z] created s1rjq3m5xl9bz1 tinct-words-run3-10 gpu=None $0.49/hr
[2026-09-12T13:35:49Z] waiting: pod RUNNING agent HTTP 404
[2026-09-12T13:36:05Z] waiting: pod RUNNING agent HTTP 404
[2026-09-12T13:36:21Z] phase cohort at 0.5 min; setup={"versions": {"faster-whisper": "1.2.1", "ctranslate2": "4.8.2", "av": "18.1.0"}, "commit": "c43ab3799d5b71c58b770ed22e1bd7bb9b2774cf", "model_tree_sha256": "f1fe271c349229677131d389a96d0a28062a6a2c2fee54a8ce119c43538315c5", "ld_library_path": "/usr/local/lib/python3.11/dist-packages/nvidia/cublas/l
[2026-09-12T13:36:21Z] 0.5 min: cohort {"arm_chapters_passed": 0, "arm_chapters_rejected": 0, "arm_chapters_running": 0}
[2026-09-12T13:36:51Z] 1.0 min: cohort {"arm_chapters_passed": 0, "arm_chapters_rejected": 0, "arm_chapters_running": 0}
[2026-09-12T13:37:22Z] 1.6 min: cohort {"arm_chapters_passed": 0, "arm_chapters_rejected": 0, "arm_chapters_running": 0}
[2026-09-12T13:37:52Z] phase aligning at 2.1 min; setup={"versions": {"faster-whisper": "1.2.1", "ctranslate2": "4.8.2", "av": "18.1.0"}, "commit": "c43ab3799d5b71c58b770ed22e1bd7bb9b2774cf", "model_tree_sha256": "f1fe271c349229677131d389a96d0a28062a6a2c2fee54a8ce119c43538315c5", "ld_library_path": "/usr/local/lib/python3.11/dist-packages/nvidia/cublas/l
[2026-09-12T13:37:52Z] 2.1 min: aligning {"arm_chapters_passed": 0, "arm_chapters_rejected": 0, "arm_chapters_running": 1, "paragraph_diagnostics": 14}
[2026-09-12T13:38:23Z] 2.6 min: aligning {"arm_chapters_passed": 0, "arm_chapters_rejected": 1, "arm_chapters_running": 1, "paragraph_diagnostics": 49}
[2026-09-12T13:38:53Z] 3.1 min: aligning {"arm_chapters_passed": 1, "arm_chapters_rejected": 2, "arm_chapters_running": 1, "paragraph_diagnostics": 78}
[2026-09-12T13:39:24Z] 3.6 min: aligning {"arm_chapters_passed": 2, "arm_chapters_rejected": 2, "arm_chapters_running": 1, "paragraph_diagnostics": 110}
[2026-09-12T13:39:55Z] 4.1 min: aligning {"arm_chapters_passed": 3, "arm_chapters_rejected": 2, "arm_chapters_running": 1, "paragraph_diagnostics": 160}
[2026-09-12T13:40:27Z] snapshot 965121 bytes
[2026-09-12T13:40:27Z] 4.6 min: aligning {"arm_chapters_passed": 4, "arm_chapters_rejected": 3, "arm_chapters_running": 1, "paragraph_diagnostics": 230}
[2026-09-12T13:40:57Z] 5.2 min: aligning {"arm_chapters_passed": 4, "arm_chapters_rejected": 3, "arm_chapters_running": 1, "paragraph_diagnostics": 281}
[2026-09-12T13:41:28Z] 5.7 min: aligning {"arm_chapters_passed": 5, "arm_chapters_rejected": 4, "arm_chapters_running": 1, "paragraph_diagnostics": 305}
[2026-09-12T13:41:58Z] 6.2 min: aligning {"arm_chapters_passed": 6, "arm_chapters_rejected": 4, "arm_chapters_running": 1, "paragraph_diagnostics": 373}
[2026-09-12T13:42:28Z] 6.7 min: aligning {"arm_chapters_passed": 6, "arm_chapters_rejected": 5, "arm_chapters_running": 1, "paragraph_diagnostics": 426}
[2026-09-12T13:42:59Z] 7.2 min: aligning {"arm_chapters_passed": 7, "arm_chapters_rejected": 6, "arm_chapters_running": 1, "paragraph_diagnostics": 464}
[2026-09-12T13:43:29Z] 7.7 min: aligning {"arm_chapters_passed": 8, "arm_chapters_rejected": 6, "arm_chapters_running": 1, "paragraph_diagnostics": 499}
[2026-09-12T13:44:00Z] 8.2 min: aligning {"arm_chapters_passed": 8, "arm_chapters_rejected": 8, "arm_chapters_running": 1, "paragraph_diagnostics": 552}
[2026-09-12T13:44:34Z] snapshot 2434895 bytes
[2026-09-12T13:44:34Z] 8.7 min: aligning {"arm_chapters_passed": 9, "arm_chapters_rejected": 9, "arm_chapters_running": 1, "paragraph_diagnostics": 602}
[2026-09-12T13:45:04Z] 9.3 min: aligning {"arm_chapters_passed": 9, "arm_chapters_rejected": 10, "arm_chapters_running": 1, "paragraph_diagnostics": 655}
[2026-09-12T13:45:35Z] 9.8 min: aligning {"arm_chapters_passed": 10, "arm_chapters_rejected": 11, "arm_chapters_running": 1, "paragraph_diagnostics": 700}
[2026-09-12T13:46:05Z] 10.3 min: aligning {"arm_chapters_passed": 11, "arm_chapters_rejected": 12, "arm_chapters_running": 1, "paragraph_diagnostics": 748}
[2026-09-12T13:46:35Z] 10.8 min: aligning {"arm_chapters_passed": 12, "arm_chapters_rejected": 13, "arm_chapters_running": 1, "paragraph_diagnostics": 795}
[2026-09-12T13:47:06Z] 11.3 min: aligning {"arm_chapters_passed": 12, "arm_chapters_rejected": 14, "arm_chapters_running": 1, "paragraph_diagnostics": 828}
[2026-09-12T13:47:36Z] 11.8 min: aligning {"arm_chapters_passed": 13, "arm_chapters_rejected": 15, "arm_chapters_running": 1, "paragraph_diagnostics": 881}
[2026-09-12T13:48:07Z] 12.3 min: aligning {"arm_chapters_passed": 13, "arm_chapters_rejected": 16, "arm_chapters_running": 1, "paragraph_diagnostics": 924}
[2026-09-12T13:48:42Z] snapshot 3854718 bytes
[2026-09-12T13:48:42Z] 12.8 min: aligning {"arm_chapters_passed": 14, "arm_chapters_rejected": 17, "arm_chapters_running": 1, "paragraph_diagnostics": 971}
[2026-09-12T13:49:12Z] 13.4 min: aligning {"arm_chapters_passed": 15, "arm_chapters_rejected": 18, "arm_chapters_running": 1, "paragraph_diagnostics": 1025}
[2026-09-12T13:49:42Z] 13.9 min: aligning {"arm_chapters_passed": 16, "arm_chapters_rejected": 19, "arm_chapters_running": 1, "paragraph_diagnostics": 1073}
[2026-09-12T13:50:13Z] 14.4 min: aligning {"arm_chapters_passed": 16, "arm_chapters_rejected": 19, "arm_chapters_running": 1, "paragraph_diagnostics": 1101}
[2026-09-12T13:50:43Z] 14.9 min: aligning {"arm_chapters_passed": 17, "arm_chapters_rejected": 20, "arm_chapters_running": 1, "paragraph_diagnostics": 1160}
[2026-09-12T13:51:13Z] 15.4 min: aligning {"arm_chapters_passed": 17, "arm_chapters_rejected": 20, "arm_chapters_running": 1, "paragraph_diagnostics": 1206}
[2026-09-12T13:51:44Z] 15.9 min: aligning {"arm_chapters_passed": 18, "arm_chapters_rejected": 22, "arm_chapters_running": 1, "paragraph_diagnostics": 1236}
[2026-09-12T13:52:14Z] 16.4 min: aligning {"arm_chapters_passed": 18, "arm_chapters_rejected": 23, "arm_chapters_running": 1, "paragraph_diagnostics": 1271}
[2026-09-12T13:52:52Z] snapshot 5387345 bytes
[2026-09-12T13:52:52Z] 16.9 min: aligning {"arm_chapters_passed": 19, "arm_chapters_rejected": 24, "arm_chapters_running": 1, "paragraph_diagnostics": 1343}
[2026-09-12T13:53:22Z] 17.6 min: aligning {"arm_chapters_passed": 20, "arm_chapters_rejected": 24, "arm_chapters_running": 1, "paragraph_diagnostics": 1425}
[2026-09-12T13:53:53Z] 18.1 min: aligning {"arm_chapters_passed": 20, "arm_chapters_rejected": 25, "arm_chapters_running": 1, "paragraph_diagnostics": 1480}
[2026-09-12T13:54:23Z] 18.6 min: aligning {"arm_chapters_passed": 21, "arm_chapters_rejected": 26, "arm_chapters_running": 1, "paragraph_diagnostics": 1549}
[2026-09-12T13:54:53Z] 19.1 min: aligning {"arm_chapters_passed": 22, "arm_chapters_rejected": 26, "arm_chapters_running": 1, "paragraph_diagnostics": 1587}
[2026-09-12T13:55:24Z] 19.6 min: aligning {"arm_chapters_passed": 22, "arm_chapters_rejected": 27, "arm_chapters_running": 1, "paragraph_diagnostics": 1634}
[2026-09-12T13:55:54Z] 20.1 min: aligning {"arm_chapters_passed": 23, "arm_chapters_rejected": 28, "arm_chapters_running": 1, "paragraph_diagnostics": 1673}
[2026-09-12T13:56:25Z] 20.6 min: aligning {"arm_chapters_passed": 24, "arm_chapters_rejected": 29, "arm_chapters_running": 1, "paragraph_diagnostics": 1692}
[2026-09-12T13:57:04Z] snapshot 7016703 bytes
[2026-09-12T13:57:04Z] 21.1 min: aligning {"arm_chapters_passed": 25, "arm_chapters_rejected": 30, "arm_chapters_running": 1, "paragraph_diagnostics": 1719}
[2026-09-12T13:57:34Z] 21.8 min: aligning {"arm_chapters_passed": 26, "arm_chapters_rejected": 30, "arm_chapters_running": 1, "paragraph_diagnostics": 1753}
[2026-09-12T13:58:05Z] 22.3 min: aligning {"arm_chapters_passed": 27, "arm_chapters_rejected": 32, "arm_chapters_running": 1, "paragraph_diagnostics": 1801}
