[2026-09-12T15:39:20Z] created qo9odmog8dbrb4 tinct-words-run3-51 gpu=None $0.49/hr
[2026-09-12T15:39:21Z] waiting: pod RUNNING agent HTTP 404
[2026-09-12T15:39:36Z] waiting: pod RUNNING agent HTTP 404
[2026-09-12T15:39:53Z] phase cohort at 0.5 min; setup={"versions": {"faster-whisper": "1.2.1", "ctranslate2": "4.8.2", "av": "18.1.0"}, "commit": "c43ab3799d5b71c58b770ed22e1bd7bb9b2774cf", "model_tree_sha256": "f1fe271c349229677131d389a96d0a28062a6a2c2fee54a8ce119c43538315c5", "ld_library_path": "/usr/local/lib/python3.11/dist-packages/nvidia/cublas/l
[2026-09-12T15:39:53Z] 0.5 min: cohort {"arm_chapters_passed": 0, "arm_chapters_rejected": 0, "arm_chapters_running": 0}
[2026-09-12T15:40:23Z] 1.0 min: cohort {"arm_chapters_passed": 0, "arm_chapters_rejected": 0, "arm_chapters_running": 0}
[2026-09-12T15:40:53Z] 1.6 min: cohort {"arm_chapters_passed": 0, "arm_chapters_rejected": 0, "arm_chapters_running": 0}
[2026-09-12T15:41:24Z] 2.1 min: cohort {"arm_chapters_passed": 0, "arm_chapters_rejected": 0, "arm_chapters_running": 0}
[2026-09-12T15:41:54Z] 2.6 min: cohort {"arm_chapters_passed": 0, "arm_chapters_rejected": 0, "arm_chapters_running": 0}
[2026-09-12T15:42:24Z] phase aligning at 3.1 min; setup={"versions": {"faster-whisper": "1.2.1", "ctranslate2": "4.8.2", "av": "18.1.0"}, "commit": "c43ab3799d5b71c58b770ed22e1bd7bb9b2774cf", "model_tree_sha256": "f1fe271c349229677131d389a96d0a28062a6a2c2fee54a8ce119c43538315c5", "ld_library_path": "/usr/local/lib/python3.11/dist-packages/nvidia/cublas/l
[2026-09-12T15:42:24Z] 3.1 min: aligning {"arm_chapters_passed": 0, "arm_chapters_rejected": 0, "arm_chapters_running": 1, "paragraph_diagnostics": 8}
[2026-09-12T15:42:55Z] 3.6 min: aligning {"arm_chapters_passed": 0, "arm_chapters_rejected": 1, "arm_chapters_running": 1, "paragraph_diagnostics": 67}
[2026-09-12T15:43:25Z] 4.1 min: aligning {"arm_chapters_passed": 0, "arm_chapters_rejected": 2, "arm_chapters_running": 1, "paragraph_diagnostics": 148}
[2026-09-12T15:43:56Z] snapshot 516861 bytes
[2026-09-12T15:43:56Z] 4.6 min: aligning {"arm_chapters_passed": 0, "arm_chapters_rejected": 3, "arm_chapters_running": 1, "paragraph_diagnostics": 233}
[2026-09-12T15:44:27Z] 5.1 min: aligning {"arm_chapters_passed": 0, "arm_chapters_rejected": 3, "arm_chapters_running": 1, "paragraph_diagnostics": 252}
[2026-09-12T15:44:57Z] 5.6 min: aligning {"arm_chapters_passed": 0, "arm_chapters_rejected": 3, "arm_chapters_running": 1, "paragraph_diagnostics": 311}
[2026-09-12T15:45:27Z] 6.1 min: aligning {"arm_chapters_passed": 0, "arm_chapters_rejected": 4, "arm_chapters_running": 1, "paragraph_diagnostics": 391}
[2026-09-12T15:45:58Z] 6.6 min: aligning {"arm_chapters_passed": 0, "arm_chapters_rejected": 5, "arm_chapters_running": 1, "paragraph_diagnostics": 495}
[2026-09-12T15:46:28Z] 7.1 min: aligning {"arm_chapters_passed": 0, "arm_chapters_rejected": 5, "arm_chapters_running": 1, "paragraph_diagnostics": 538}
[2026-09-12T15:46:58Z] 7.6 min: aligning {"arm_chapters_passed": 0, "arm_chapters_rejected": 5, "arm_chapters_running": 1, "paragraph_diagnostics": 600}
[2026-09-12T15:47:29Z] 8.1 min: aligning {"arm_chapters_passed": 1, "arm_chapters_rejected": 5, "arm_chapters_running": 1, "paragraph_diagnostics": 662}
[2026-09-12T15:48:01Z] snapshot 1231843 bytes
[2026-09-12T15:48:01Z] 8.7 min: aligning {"arm_chapters_passed": 1, "arm_chapters_rejected": 6, "arm_chapters_running": 1, "paragraph_diagnostics": 713}
[2026-09-12T15:48:32Z] 9.2 min: aligning {"arm_chapters_passed": 1, "arm_chapters_rejected": 7, "arm_chapters_running": 1, "paragraph_diagnostics": 775}
[2026-09-12T15:49:02Z] 9.7 min: aligning {"arm_chapters_passed": 1, "arm_chapters_rejected": 8, "arm_chapters_running": 1, "paragraph_diagnostics": 839}
[2026-09-12T15:49:32Z] 10.2 min: aligning {"arm_chapters_passed": 1, "arm_chapters_rejected": 8, "arm_chapters_running": 1, "paragraph_diagnostics": 873}
[2026-09-12T15:50:03Z] 10.7 min: aligning {"arm_chapters_passed": 1, "arm_chapters_rejected": 8, "arm_chapters_running": 1, "paragraph_diagnostics": 907}
[2026-09-12T15:50:33Z] 11.2 min: aligning {"arm_chapters_passed": 1, "arm_chapters_rejected": 9, "arm_chapters_running": 1, "paragraph_diagnostics": 963}
[2026-09-12T15:51:04Z] 11.7 min: aligning {"arm_chapters_passed": 1, "arm_chapters_rejected": 10, "arm_chapters_running": 1, "paragraph_diagnostics": 1040}
[2026-09-12T15:51:34Z] 12.2 min: aligning {"arm_chapters_passed": 1, "arm_chapters_rejected": 10, "arm_chapters_running": 1, "paragraph_diagnostics": 1094}
[2026-09-12T15:52:08Z] snapshot 2425244 bytes
[2026-09-12T15:52:08Z] 12.7 min: aligning {"arm_chapters_passed": 1, "arm_chapters_rejected": 10, "arm_chapters_running": 1, "paragraph_diagnostics": 1127}
[2026-09-12T15:52:39Z] 13.3 min: aligning {"arm_chapters_passed": 1, "arm_chapters_rejected": 11, "arm_chapters_running": 1, "paragraph_diagnostics": 1222}
[2026-09-12T15:53:09Z] 13.8 min: aligning {"arm_chapters_passed": 1, "arm_chapters_rejected": 12, "arm_chapters_running": 1, "paragraph_diagnostics": 1278}
[2026-09-12T15:53:39Z] 14.3 min: aligning {"arm_chapters_passed": 1, "arm_chapters_rejected": 12, "arm_chapters_running": 1, "paragraph_diagnostics": 1354}
[2026-09-12T15:54:10Z] 14.8 min: aligning {"arm_chapters_passed": 1, "arm_chapters_rejected": 12, "arm_chapters_running": 1, "paragraph_diagnostics": 1394}
[2026-09-12T15:54:40Z] 15.3 min: aligning {"arm_chapters_passed": 1, "arm_chapters_rejected": 14, "arm_chapters_running": 1, "paragraph_diagnostics": 1469}
[2026-09-12T15:55:11Z] 15.8 min: aligning {"arm_chapters_passed": 3, "arm_chapters_rejected": 15, "arm_chapters_running": 1, "paragraph_diagnostics": 1559}
[2026-09-12T15:55:41Z] 16.4 min: aligning {"arm_chapters_passed": 3, "arm_chapters_rejected": 15, "arm_chapters_running": 1, "paragraph_diagnostics": 1636}
[2026-09-12T15:56:16Z] snapshot 3624014 bytes
[2026-09-12T15:56:16Z] 16.9 min: aligning {"arm_chapters_passed": 3, "arm_chapters_rejected": 16, "arm_chapters_running": 1, "paragraph_diagnostics": 1689}
[2026-09-12T15:56:47Z] 17.4 min: aligning {"arm_chapters_passed": 3, "arm_chapters_rejected": 16, "arm_chapters_running": 1, "paragraph_diagnostics": 1742}
[2026-09-12T15:57:17Z] 18.0 min: aligning {"arm_chapters_passed": 3, "arm_chapters_rejected": 16, "arm_chapters_running": 1, "paragraph_diagnostics": 1766}
[2026-09-12T15:57:47Z] 18.5 min: aligning {"arm_chapters_passed": 3, "arm_chapters_rejected": 16, "arm_chapters_running": 1, "paragraph_diagnostics": 1818}
[2026-09-12T15:58:18Z] 19.0 min: aligning {"arm_chapters_passed": 3, "arm_chapters_rejected": 17, "arm_chapters_running": 1, "paragraph_diagnostics": 1869}
[2026-09-12T15:58:48Z] 19.5 min: aligning {"arm_chapters_passed": 3, "arm_chapters_rejected": 17, "arm_chapters_running": 1, "paragraph_diagnostics": 1952}
[2026-09-12T15:59:19Z] 20.0 min: aligning {"arm_chapters_passed": 3, "arm_chapters_rejected": 17, "arm_chapters_running": 1, "paragraph_diagnostics": 2046}
[2026-09-12T15:59:49Z] 20.5 min: aligning {"arm_chapters_passed": 3, "arm_chapters_rejected": 18, "arm_chapters_running": 1, "paragraph_diagnostics": 2106}
[2026-09-12T16:00:25Z] snapshot 4706803 bytes
[2026-09-12T16:00:25Z] 21.0 min: aligning {"arm_chapters_passed": 3, "arm_chapters_rejected": 18, "arm_chapters_running": 1, "paragraph_diagnostics": 2172}
[2026-09-12T16:00:56Z] 21.6 min: aligning {"arm_chapters_passed": 3, "arm_chapters_rejected": 18, "arm_chapters_running": 1, "paragraph_diagnostics": 2256}
[2026-09-12T16:01:26Z] 22.1 min: aligning {"arm_chapters_passed": 5, "arm_chapters_rejected": 19, "arm_chapters_running": 1, "paragraph_diagnostics": 2341}
[2026-09-12T16:01:56Z] 22.6 min: aligning {"arm_chapters_passed": 5, "arm_chapters_rejected": 19, "arm_chapters_running": 1, "paragraph_diagnostics": 2440}
[2026-09-12T16:02:27Z] 23.1 min: aligning {"arm_chapters_passed": 5, "arm_chapters_rejected": 20, "arm_chapters_running": 1, "paragraph_diagnostics": 2511}
[2026-09-12T16:02:57Z] 23.6 min: aligning {"arm_chapters_passed": 5, "arm_chapters_rejected": 20, "arm_chapters_running": 1, "paragraph_diagnostics": 2578}
[2026-09-12T16:03:27Z] phase done at 24.1 min; setup={"versions": {"faster-whisper": "1.2.1", "ctranslate2": "4.8.2", "av": "18.1.0"}, "commit": "c43ab3799d5b71c58b770ed22e1bd7bb9b2774cf", "model_tree_sha256": "f1fe271c349229677131d389a96d0a28062a6a2c2fee54a8ce119c43538315c5", "ld_library_path": "/usr/local/lib/python3.11/dist-packages/nvidia/cublas/l
[2026-09-12T16:03:27Z] 24.1 min: done {"arm_chapters_passed": 6, "arm_chapters_rejected": 20, "arm_chapters_running": 0, "paragraph_diagnostics": 2630}
[2026-09-12T16:03:36Z] fetched out.tar.gz (5623729 bytes)
[2026-09-12T16:03:37Z] stop qo9odmog8dbrb4: HTTP 200
[2026-09-12T16:03:43Z] poll after stop: <urlopen error [Errno 104] Connection reset by peer>
[2026-09-12T16:03:49Z] terminate qo9odmog8dbrb4: HTTP 204
[2026-09-12T16:03:49Z] pod qo9odmog8dbrb4 done: outcome=done uptime=24.3m est $0.20
