[2026-09-12T15:22:35Z] created us3nrdlc9vdydv tinct-words-run3-42 gpu=None $0.49/hr
[2026-09-12T15:22:36Z] waiting: pod RUNNING agent HTTP 404
[2026-09-12T15:22:52Z] waiting: pod RUNNING agent HTTP 404
[2026-09-12T15:23:08Z] phase cohort at 0.5 min; setup={"versions": {"faster-whisper": "1.2.1", "ctranslate2": "4.8.2", "av": "18.1.0"}, "commit": "c43ab3799d5b71c58b770ed22e1bd7bb9b2774cf", "model_tree_sha256": "f1fe271c349229677131d389a96d0a28062a6a2c2fee54a8ce119c43538315c5", "ld_library_path": "/usr/local/lib/python3.11/dist-packages/nvidia/cublas/l
[2026-09-12T15:23:08Z] 0.5 min: cohort {"arm_chapters_passed": 0, "arm_chapters_rejected": 0, "arm_chapters_running": 0}
[2026-09-12T15:23:39Z] 1.0 min: cohort {"arm_chapters_passed": 0, "arm_chapters_rejected": 0, "arm_chapters_running": 0}
[2026-09-12T15:24:09Z] 1.6 min: cohort {"arm_chapters_passed": 0, "arm_chapters_rejected": 0, "arm_chapters_running": 0}
[2026-09-12T15:24:39Z] 2.1 min: cohort {"arm_chapters_passed": 0, "arm_chapters_rejected": 0, "arm_chapters_running": 0}
[2026-09-12T15:25:10Z] phase aligning at 2.6 min; setup={"versions": {"faster-whisper": "1.2.1", "ctranslate2": "4.8.2", "av": "18.1.0"}, "commit": "c43ab3799d5b71c58b770ed22e1bd7bb9b2774cf", "model_tree_sha256": "f1fe271c349229677131d389a96d0a28062a6a2c2fee54a8ce119c43538315c5", "ld_library_path": "/usr/local/lib/python3.11/dist-packages/nvidia/cublas/l
[2026-09-12T15:25:10Z] 2.6 min: aligning {"arm_chapters_passed": 0, "arm_chapters_rejected": 0, "arm_chapters_running": 1, "paragraph_diagnostics": 62}
[2026-09-12T15:25:40Z] 3.1 min: aligning {"arm_chapters_passed": 0, "arm_chapters_rejected": 1, "arm_chapters_running": 1, "paragraph_diagnostics": 140}
[2026-09-12T15:26:11Z] 3.6 min: aligning {"arm_chapters_passed": 0, "arm_chapters_rejected": 1, "arm_chapters_running": 1, "paragraph_diagnostics": 174}
[2026-09-12T15:26:42Z] 4.1 min: aligning {"arm_chapters_passed": 1, "arm_chapters_rejected": 1, "arm_chapters_running": 1, "paragraph_diagnostics": 253}
[2026-09-12T15:27:13Z] snapshot 511012 bytes
[2026-09-12T15:27:13Z] 4.6 min: aligning {"arm_chapters_passed": 1, "arm_chapters_rejected": 2, "arm_chapters_running": 1, "paragraph_diagnostics": 299}
[2026-09-12T15:27:44Z] 5.1 min: aligning {"arm_chapters_passed": 2, "arm_chapters_rejected": 2, "arm_chapters_running": 1, "paragraph_diagnostics": 355}
[2026-09-12T15:28:14Z] 5.6 min: aligning {"arm_chapters_passed": 2, "arm_chapters_rejected": 3, "arm_chapters_running": 1, "paragraph_diagnostics": 395}
[2026-09-12T15:28:44Z] 6.1 min: aligning {"arm_chapters_passed": 3, "arm_chapters_rejected": 3, "arm_chapters_running": 1, "paragraph_diagnostics": 448}
[2026-09-12T15:29:15Z] 6.6 min: aligning {"arm_chapters_passed": 4, "arm_chapters_rejected": 3, "arm_chapters_running": 1, "paragraph_diagnostics": 498}
[2026-09-12T15:29:45Z] 7.2 min: aligning {"arm_chapters_passed": 6, "arm_chapters_rejected": 4, "arm_chapters_running": 1, "paragraph_diagnostics": 564}
[2026-09-12T15:30:15Z] 7.7 min: aligning {"arm_chapters_passed": 6, "arm_chapters_rejected": 5, "arm_chapters_running": 1, "paragraph_diagnostics": 609}
[2026-09-12T15:30:46Z] 8.2 min: aligning {"arm_chapters_passed": 6, "arm_chapters_rejected": 5, "arm_chapters_running": 1, "paragraph_diagnostics": 651}
[2026-09-12T15:31:18Z] snapshot 1599446 bytes
[2026-09-12T15:31:18Z] 8.7 min: aligning {"arm_chapters_passed": 6, "arm_chapters_rejected": 5, "arm_chapters_running": 1, "paragraph_diagnostics": 675}
[2026-09-12T15:31:49Z] 9.2 min: aligning {"arm_chapters_passed": 7, "arm_chapters_rejected": 6, "arm_chapters_running": 1, "paragraph_diagnostics": 739}
[2026-09-12T15:32:20Z] 9.7 min: aligning {"arm_chapters_passed": 8, "arm_chapters_rejected": 7, "arm_chapters_running": 1, "paragraph_diagnostics": 804}
[2026-09-12T15:32:50Z] 10.2 min: aligning {"arm_chapters_passed": 9, "arm_chapters_rejected": 7, "arm_chapters_running": 1, "paragraph_diagnostics": 884}
[2026-09-12T15:33:20Z] 10.7 min: aligning {"arm_chapters_passed": 9, "arm_chapters_rejected": 8, "arm_chapters_running": 1, "paragraph_diagnostics": 957}
[2026-09-12T15:33:51Z] 11.3 min: aligning {"arm_chapters_passed": 9, "arm_chapters_rejected": 8, "arm_chapters_running": 1, "paragraph_diagnostics": 1011}
[2026-09-12T15:34:21Z] 11.8 min: aligning {"arm_chapters_passed": 10, "arm_chapters_rejected": 8, "arm_chapters_running": 1, "paragraph_diagnostics": 1037}
[2026-09-12T15:34:52Z] 12.3 min: aligning {"arm_chapters_passed": 12, "arm_chapters_rejected": 9, "arm_chapters_running": 1, "paragraph_diagnostics": 1100}
[2026-09-12T15:35:26Z] snapshot 2509427 bytes
[2026-09-12T15:35:26Z] 12.8 min: aligning {"arm_chapters_passed": 13, "arm_chapters_rejected": 10, "arm_chapters_running": 1, "paragraph_diagnostics": 1165}
[2026-09-12T15:35:56Z] 13.3 min: aligning {"arm_chapters_passed": 13, "arm_chapters_rejected": 10, "arm_chapters_running": 1, "paragraph_diagnostics": 1206}
[2026-09-12T15:36:26Z] 13.8 min: aligning {"arm_chapters_passed": 14, "arm_chapters_rejected": 11, "arm_chapters_running": 1, "paragraph_diagnostics": 1254}
[2026-09-12T15:36:57Z] 14.3 min: aligning {"arm_chapters_passed": 16, "arm_chapters_rejected": 12, "arm_chapters_running": 1, "paragraph_diagnostics": 1319}
[2026-09-12T15:37:27Z] 14.9 min: aligning {"arm_chapters_passed": 16, "arm_chapters_rejected": 13, "arm_chapters_running": 1, "paragraph_diagnostics": 1398}
[2026-09-12T15:37:58Z] 15.4 min: aligning {"arm_chapters_passed": 16, "arm_chapters_rejected": 13, "arm_chapters_running": 1, "paragraph_diagnostics": 1444}
[2026-09-12T15:38:28Z] 15.9 min: aligning {"arm_chapters_passed": 17, "arm_chapters_rejected": 13, "arm_chapters_running": 1, "paragraph_diagnostics": 1505}
[2026-09-12T15:38:59Z] 16.4 min: aligning {"arm_chapters_passed": 17, "arm_chapters_rejected": 14, "arm_chapters_running": 1, "paragraph_diagnostics": 1557}
[2026-09-12T15:39:33Z] snapshot 3632977 bytes
[2026-09-12T15:39:33Z] 16.9 min: aligning {"arm_chapters_passed": 17, "arm_chapters_rejected": 16, "arm_chapters_running": 1, "paragraph_diagnostics": 1626}
[2026-09-12T15:40:04Z] 17.5 min: aligning {"arm_chapters_passed": 18, "arm_chapters_rejected": 17, "arm_chapters_running": 1, "paragraph_diagnostics": 1707}
[2026-09-12T15:40:34Z] 18.0 min: aligning {"arm_chapters_passed": 18, "arm_chapters_rejected": 17, "arm_chapters_running": 1, "paragraph_diagnostics": 1750}
[2026-09-12T15:41:05Z] 18.5 min: aligning {"arm_chapters_passed": 20, "arm_chapters_rejected": 18, "arm_chapters_running": 1, "paragraph_diagnostics": 1803}
[2026-09-12T15:41:35Z] 19.0 min: aligning {"arm_chapters_passed": 20, "arm_chapters_rejected": 19, "arm_chapters_running": 1, "paragraph_diagnostics": 1864}
[2026-09-12T15:42:06Z] 19.5 min: aligning {"arm_chapters_passed": 20, "arm_chapters_rejected": 19, "arm_chapters_running": 1, "paragraph_diagnostics": 1909}
[2026-09-12T15:42:36Z] 20.0 min: aligning {"arm_chapters_passed": 21, "arm_chapters_rejected": 20, "arm_chapters_running": 1, "paragraph_diagnostics": 1963}
[2026-09-12T15:43:06Z] phase done at 20.5 min; setup={"versions": {"faster-whisper": "1.2.1", "ctranslate2": "4.8.2", "av": "18.1.0"}, "commit": "c43ab3799d5b71c58b770ed22e1bd7bb9b2774cf", "model_tree_sha256": "f1fe271c349229677131d389a96d0a28062a6a2c2fee54a8ce119c43538315c5", "ld_library_path": "/usr/local/lib/python3.11/dist-packages/nvidia/cublas/l
[2026-09-12T15:43:06Z] 20.5 min: done {"arm_chapters_passed": 22, "arm_chapters_rejected": 20, "arm_chapters_running": 0, "paragraph_diagnostics": 1974}
[2026-09-12T15:43:13Z] fetched out.tar.gz (4480316 bytes)
[2026-09-12T15:43:15Z] stop us3nrdlc9vdydv: HTTP 200
[2026-09-12T15:43:16Z] terminate us3nrdlc9vdydv: HTTP 204
[2026-09-12T15:43:16Z] pod us3nrdlc9vdydv done: outcome=done uptime=20.6m est $0.17
