[2026-09-12T15:07:50Z] created hdyzju92cfwv31 tinct-words-run3-40 gpu=None $0.49/hr
[2026-09-12T15:07:51Z] waiting: pod RUNNING agent HTTP 404
[2026-09-12T15:08:07Z] waiting: pod RUNNING agent HTTP 404
[2026-09-12T15:08:23Z] phase cohort at 0.5 min; setup={"versions": {"faster-whisper": "1.2.1", "ctranslate2": "4.8.2", "av": "18.1.0"}, "commit": "c43ab3799d5b71c58b770ed22e1bd7bb9b2774cf", "model_tree_sha256": "f1fe271c349229677131d389a96d0a28062a6a2c2fee54a8ce119c43538315c5", "ld_library_path": "/usr/local/lib/python3.11/dist-packages/nvidia/cublas/l
[2026-09-12T15:08:23Z] 0.5 min: cohort {"arm_chapters_passed": 0, "arm_chapters_rejected": 0, "arm_chapters_running": 0}
[2026-09-12T15:08:53Z] 1.0 min: cohort {"arm_chapters_passed": 0, "arm_chapters_rejected": 0, "arm_chapters_running": 0}
[2026-09-12T15:09:24Z] 1.6 min: cohort {"arm_chapters_passed": 0, "arm_chapters_rejected": 0, "arm_chapters_running": 0}
[2026-09-12T15:09:54Z] 2.1 min: cohort {"arm_chapters_passed": 0, "arm_chapters_rejected": 0, "arm_chapters_running": 0}
[2026-09-12T15:10:25Z] phase aligning at 2.6 min; setup={"versions": {"faster-whisper": "1.2.1", "ctranslate2": "4.8.2", "av": "18.1.0"}, "commit": "c43ab3799d5b71c58b770ed22e1bd7bb9b2774cf", "model_tree_sha256": "f1fe271c349229677131d389a96d0a28062a6a2c2fee54a8ce119c43538315c5", "ld_library_path": "/usr/local/lib/python3.11/dist-packages/nvidia/cublas/l
[2026-09-12T15:10:25Z] 2.6 min: aligning {"arm_chapters_passed": 0, "arm_chapters_rejected": 0, "arm_chapters_running": 0, "paragraph_diagnostics": 0}
[2026-09-12T15:10:55Z] 3.1 min: aligning {"arm_chapters_passed": 1, "arm_chapters_rejected": 1, "arm_chapters_running": 1, "paragraph_diagnostics": 47}
[2026-09-12T15:11:26Z] 3.6 min: aligning {"arm_chapters_passed": 1, "arm_chapters_rejected": 1, "arm_chapters_running": 1, "paragraph_diagnostics": 94}
[2026-09-12T15:11:56Z] 4.1 min: aligning {"arm_chapters_passed": 1, "arm_chapters_rejected": 1, "arm_chapters_running": 1, "paragraph_diagnostics": 142}
[2026-09-12T15:12:28Z] snapshot 633157 bytes
[2026-09-12T15:12:28Z] 4.6 min: aligning {"arm_chapters_passed": 1, "arm_chapters_rejected": 1, "arm_chapters_running": 1, "paragraph_diagnostics": 194}
[2026-09-12T15:12:58Z] 5.1 min: aligning {"arm_chapters_passed": 1, "arm_chapters_rejected": 2, "arm_chapters_running": 1, "paragraph_diagnostics": 230}
[2026-09-12T15:13:29Z] 5.6 min: aligning {"arm_chapters_passed": 1, "arm_chapters_rejected": 2, "arm_chapters_running": 1, "paragraph_diagnostics": 268}
[2026-09-12T15:13:59Z] 6.1 min: aligning {"arm_chapters_passed": 1, "arm_chapters_rejected": 2, "arm_chapters_running": 1, "paragraph_diagnostics": 293}
[2026-09-12T15:14:30Z] 6.6 min: aligning {"arm_chapters_passed": 1, "arm_chapters_rejected": 2, "arm_chapters_running": 1, "paragraph_diagnostics": 328}
[2026-09-12T15:15:00Z] 7.2 min: aligning {"arm_chapters_passed": 1, "arm_chapters_rejected": 2, "arm_chapters_running": 1, "paragraph_diagnostics": 349}
[2026-09-12T15:15:31Z] 7.7 min: aligning {"arm_chapters_passed": 2, "arm_chapters_rejected": 2, "arm_chapters_running": 1, "paragraph_diagnostics": 394}
[2026-09-12T15:16:01Z] 8.2 min: aligning {"arm_chapters_passed": 2, "arm_chapters_rejected": 2, "arm_chapters_running": 1, "paragraph_diagnostics": 436}
[2026-09-12T15:16:34Z] snapshot 1954077 bytes
[2026-09-12T15:16:34Z] 8.7 min: aligning {"arm_chapters_passed": 2, "arm_chapters_rejected": 2, "arm_chapters_running": 1, "paragraph_diagnostics": 472}
[2026-09-12T15:17:04Z] 9.2 min: aligning {"arm_chapters_passed": 2, "arm_chapters_rejected": 2, "arm_chapters_running": 1, "paragraph_diagnostics": 523}
[2026-09-12T15:17:35Z] 9.7 min: aligning {"arm_chapters_passed": 2, "arm_chapters_rejected": 3, "arm_chapters_running": 1, "paragraph_diagnostics": 558}
[2026-09-12T15:18:06Z] 10.2 min: aligning {"arm_chapters_passed": 2, "arm_chapters_rejected": 3, "arm_chapters_running": 1, "paragraph_diagnostics": 577}
[2026-09-12T15:18:36Z] 10.8 min: aligning {"arm_chapters_passed": 2, "arm_chapters_rejected": 3, "arm_chapters_running": 1, "paragraph_diagnostics": 629}
[2026-09-12T15:19:06Z] 11.3 min: aligning {"arm_chapters_passed": 2, "arm_chapters_rejected": 3, "arm_chapters_running": 1, "paragraph_diagnostics": 647}
[2026-09-12T15:19:37Z] 11.8 min: aligning {"arm_chapters_passed": 2, "arm_chapters_rejected": 3, "arm_chapters_running": 1, "paragraph_diagnostics": 682}
[2026-09-12T15:20:07Z] 12.3 min: aligning {"arm_chapters_passed": 3, "arm_chapters_rejected": 3, "arm_chapters_running": 1, "paragraph_diagnostics": 732}
[2026-09-12T15:20:42Z] snapshot 3448406 bytes
[2026-09-12T15:20:42Z] 12.8 min: aligning {"arm_chapters_passed": 3, "arm_chapters_rejected": 3, "arm_chapters_running": 1, "paragraph_diagnostics": 773}
[2026-09-12T15:21:12Z] 13.4 min: aligning {"arm_chapters_passed": 3, "arm_chapters_rejected": 3, "arm_chapters_running": 1, "paragraph_diagnostics": 832}
[2026-09-12T15:21:43Z] 13.9 min: aligning {"arm_chapters_passed": 3, "arm_chapters_rejected": 4, "arm_chapters_running": 1, "paragraph_diagnostics": 856}
[2026-09-12T15:22:13Z] 14.4 min: aligning {"arm_chapters_passed": 3, "arm_chapters_rejected": 4, "arm_chapters_running": 1, "paragraph_diagnostics": 873}
[2026-09-12T15:22:43Z] 14.9 min: aligning {"arm_chapters_passed": 3, "arm_chapters_rejected": 4, "arm_chapters_running": 1, "paragraph_diagnostics": 902}
[2026-09-12T15:23:14Z] 15.4 min: aligning {"arm_chapters_passed": 3, "arm_chapters_rejected": 4, "arm_chapters_running": 1, "paragraph_diagnostics": 940}
[2026-09-12T15:23:44Z] 15.9 min: aligning {"arm_chapters_passed": 4, "arm_chapters_rejected": 4, "arm_chapters_running": 1, "paragraph_diagnostics": 960}
[2026-09-12T15:24:15Z] 16.4 min: aligning {"arm_chapters_passed": 4, "arm_chapters_rejected": 4, "arm_chapters_running": 1, "paragraph_diagnostics": 1003}
[2026-09-12T15:24:52Z] snapshot 4984147 bytes
[2026-09-12T15:24:52Z] 16.9 min: aligning {"arm_chapters_passed": 4, "arm_chapters_rejected": 4, "arm_chapters_running": 1, "paragraph_diagnostics": 1038}
[2026-09-12T15:25:23Z] 17.5 min: aligning {"arm_chapters_passed": 4, "arm_chapters_rejected": 5, "arm_chapters_running": 1, "paragraph_diagnostics": 1079}
[2026-09-12T15:25:53Z] 18.0 min: aligning {"arm_chapters_passed": 4, "arm_chapters_rejected": 5, "arm_chapters_running": 1, "paragraph_diagnostics": 1105}
[2026-09-12T15:26:24Z] 18.6 min: aligning {"arm_chapters_passed": 4, "arm_chapters_rejected": 5, "arm_chapters_running": 1, "paragraph_diagnostics": 1133}
[2026-09-12T15:26:54Z] 19.1 min: aligning {"arm_chapters_passed": 4, "arm_chapters_rejected": 5, "arm_chapters_running": 1, "paragraph_diagnostics": 1153}
[2026-09-12T15:27:24Z] 19.6 min: aligning {"arm_chapters_passed": 4, "arm_chapters_rejected": 5, "arm_chapters_running": 1, "paragraph_diagnostics": 1179}
[2026-09-12T15:27:55Z] 20.1 min: aligning {"arm_chapters_passed": 5, "arm_chapters_rejected": 5, "arm_chapters_running": 1, "paragraph_diagnostics": 1217}
[2026-09-12T15:28:25Z] 20.6 min: aligning {"arm_chapters_passed": 5, "arm_chapters_rejected": 5, "arm_chapters_running": 1, "paragraph_diagnostics": 1265}
[2026-09-12T15:29:05Z] snapshot 6433364 bytes
[2026-09-12T15:29:05Z] 21.1 min: aligning {"arm_chapters_passed": 5, "arm_chapters_rejected": 6, "arm_chapters_running": 1, "paragraph_diagnostics": 1322}
[2026-09-12T15:29:35Z] 21.7 min: aligning {"arm_chapters_passed": 5, "arm_chapters_rejected": 6, "arm_chapters_running": 1, "paragraph_diagnostics": 1354}
[2026-09-12T15:30:05Z] 22.2 min: aligning {"arm_chapters_passed": 5, "arm_chapters_rejected": 6, "arm_chapters_running": 1, "paragraph_diagnostics": 1391}
[2026-09-12T15:30:36Z] 22.8 min: aligning {"arm_chapters_passed": 5, "arm_chapters_rejected": 8, "arm_chapters_running": 1, "paragraph_diagnostics": 1597}
[2026-09-12T15:31:06Z] 23.3 min: aligning {"arm_chapters_passed": 5, "arm_chapters_rejected": 9, "arm_chapters_running": 1, "paragraph_diagnostics": 1666}
[2026-09-12T15:31:37Z] 23.8 min: aligning {"arm_chapters_passed": 5, "arm_chapters_rejected": 9, "arm_chapters_running": 1, "paragraph_diagnostics": 1740}
[2026-09-12T15:32:07Z] 24.3 min: aligning {"arm_chapters_passed": 5, "arm_chapters_rejected": 10, "arm_chapters_running": 1, "paragraph_diagnostics": 1803}
[2026-09-12T15:32:38Z] 24.8 min: aligning {"arm_chapters_passed": 5, "arm_chapters_rejected": 10, "arm_chapters_running": 1, "paragraph_diagnostics": 1837}
[2026-09-12T15:33:18Z] snapshot 7924376 bytes
[2026-09-12T15:33:18Z] 25.3 min: aligning {"arm_chapters_passed": 5, "arm_chapters_rejected": 10, "arm_chapters_running": 1, "paragraph_diagnostics": 1905}
[2026-09-12T15:33:49Z] phase done at 26.0 min; setup={"versions": {"faster-whisper": "1.2.1", "ctranslate2": "4.8.2", "av": "18.1.0"}, "commit": "c43ab3799d5b71c58b770ed22e1bd7bb9b2774cf", "model_tree_sha256": "f1fe271c349229677131d389a96d0a28062a6a2c2fee54a8ce119c43538315c5", "ld_library_path": "/usr/local/lib/python3.11/dist-packages/nvidia/cublas/l
[2026-09-12T15:33:49Z] 26.0 min: done {"arm_chapters_passed": 5, "arm_chapters_rejected": 11, "arm_chapters_running": 0, "paragraph_diagnostics": 1932}
[2026-09-12T15:33:59Z] fetched out.tar.gz (8035737 bytes)
[2026-09-12T15:34:00Z] stop hdyzju92cfwv31: HTTP 200
[2026-09-12T15:34:02Z] terminate hdyzju92cfwv31: HTTP 204
[2026-09-12T15:34:02Z] pod hdyzju92cfwv31 done: outcome=done uptime=26.2m est $0.21
