[2026-09-12T15:41:28Z] created lw0bskvcle65eb tinct-words-run3-57 gpu=None $0.49/hr
[2026-09-12T15:41:29Z] waiting: pod RUNNING agent HTTP 404
[2026-09-12T15:41:45Z] waiting: pod RUNNING agent HTTP 404
[2026-09-12T15:42:01Z] phase cohort at 0.5 min; setup={"versions": {"faster-whisper": "1.2.1", "ctranslate2": "4.8.2", "av": "18.1.0"}, "commit": "c43ab3799d5b71c58b770ed22e1bd7bb9b2774cf", "model_tree_sha256": "f1fe271c349229677131d389a96d0a28062a6a2c2fee54a8ce119c43538315c5", "ld_library_path": "/usr/local/lib/python3.11/dist-packages/nvidia/cublas/l
[2026-09-12T15:42:01Z] 0.5 min: cohort {"arm_chapters_passed": 0, "arm_chapters_rejected": 0, "arm_chapters_running": 0}
[2026-09-12T15:42:31Z] 1.0 min: cohort {"arm_chapters_passed": 0, "arm_chapters_rejected": 0, "arm_chapters_running": 0}
[2026-09-12T15:43:02Z] 1.6 min: cohort {"arm_chapters_passed": 0, "arm_chapters_rejected": 0, "arm_chapters_running": 0}
[2026-09-12T15:43:32Z] 2.1 min: cohort {"arm_chapters_passed": 0, "arm_chapters_rejected": 0, "arm_chapters_running": 0}
[2026-09-12T15:44:02Z] 2.6 min: cohort {"arm_chapters_passed": 0, "arm_chapters_rejected": 0, "arm_chapters_running": 0}
[2026-09-12T15:44:33Z] phase aligning at 3.1 min; setup={"versions": {"faster-whisper": "1.2.1", "ctranslate2": "4.8.2", "av": "18.1.0"}, "commit": "c43ab3799d5b71c58b770ed22e1bd7bb9b2774cf", "model_tree_sha256": "f1fe271c349229677131d389a96d0a28062a6a2c2fee54a8ce119c43538315c5", "ld_library_path": "/usr/local/lib/python3.11/dist-packages/nvidia/cublas/l
[2026-09-12T15:44:33Z] 3.1 min: aligning {"arm_chapters_passed": 0, "arm_chapters_rejected": 0, "arm_chapters_running": 1, "paragraph_diagnostics": 19}
[2026-09-12T15:45:03Z] 3.6 min: aligning {"arm_chapters_passed": 0, "arm_chapters_rejected": 1, "arm_chapters_running": 1, "paragraph_diagnostics": 51}
[2026-09-12T15:45:34Z] 4.1 min: aligning {"arm_chapters_passed": 0, "arm_chapters_rejected": 1, "arm_chapters_running": 1, "paragraph_diagnostics": 67}
[2026-09-12T15:46:05Z] snapshot 727278 bytes
[2026-09-12T15:46:05Z] 4.6 min: aligning {"arm_chapters_passed": 1, "arm_chapters_rejected": 1, "arm_chapters_running": 1, "paragraph_diagnostics": 91}
[2026-09-12T15:46:35Z] 5.1 min: aligning {"arm_chapters_passed": 1, "arm_chapters_rejected": 2, "arm_chapters_running": 1, "paragraph_diagnostics": 104}
[2026-09-12T15:47:06Z] 5.6 min: aligning {"arm_chapters_passed": 1, "arm_chapters_rejected": 3, "arm_chapters_running": 1, "paragraph_diagnostics": 128}
[2026-09-12T15:47:36Z] 6.1 min: aligning {"arm_chapters_passed": 1, "arm_chapters_rejected": 4, "arm_chapters_running": 1, "paragraph_diagnostics": 174}
[2026-09-12T15:48:07Z] 6.6 min: aligning {"arm_chapters_passed": 1, "arm_chapters_rejected": 6, "arm_chapters_running": 1, "paragraph_diagnostics": 214}
[2026-09-12T15:48:37Z] 7.1 min: aligning {"arm_chapters_passed": 2, "arm_chapters_rejected": 6, "arm_chapters_running": 1, "paragraph_diagnostics": 247}
[2026-09-12T15:49:07Z] 7.7 min: aligning {"arm_chapters_passed": 3, "arm_chapters_rejected": 8, "arm_chapters_running": 1, "paragraph_diagnostics": 288}
[2026-09-12T15:49:38Z] 8.2 min: aligning {"arm_chapters_passed": 5, "arm_chapters_rejected": 9, "arm_chapters_running": 1, "paragraph_diagnostics": 346}
[2026-09-12T15:50:11Z] snapshot 2253238 bytes
[2026-09-12T15:50:11Z] 8.7 min: aligning {"arm_chapters_passed": 5, "arm_chapters_rejected": 10, "arm_chapters_running": 1, "paragraph_diagnostics": 385}
[2026-09-12T15:50:42Z] 9.2 min: aligning {"arm_chapters_passed": 9, "arm_chapters_rejected": 11, "arm_chapters_running": 1, "paragraph_diagnostics": 420}
[2026-09-12T15:51:12Z] 9.7 min: aligning {"arm_chapters_passed": 9, "arm_chapters_rejected": 12, "arm_chapters_running": 1, "paragraph_diagnostics": 439}
[2026-09-12T15:51:43Z] 10.2 min: aligning {"arm_chapters_passed": 12, "arm_chapters_rejected": 12, "arm_chapters_running": 1, "paragraph_diagnostics": 489}
