[2026-09-12T15:05:32Z] created 260j7fsiwcekgs tinct-words-run3-37 gpu=None $0.49/hr
[2026-09-12T15:05:33Z] waiting: pod RUNNING agent HTTP 404
[2026-09-12T15:05:49Z] waiting: pod RUNNING agent HTTP 404
[2026-09-12T15:06:05Z] phase cohort at 0.6 min; setup={"versions": {"faster-whisper": "1.2.1", "ctranslate2": "4.8.2", "av": "18.1.0"}, "commit": "c43ab3799d5b71c58b770ed22e1bd7bb9b2774cf", "model_tree_sha256": "f1fe271c349229677131d389a96d0a28062a6a2c2fee54a8ce119c43538315c5", "ld_library_path": "/usr/local/lib/python3.11/dist-packages/nvidia/cublas/l
[2026-09-12T15:06:05Z] 0.6 min: cohort {"arm_chapters_passed": 0, "arm_chapters_rejected": 0, "arm_chapters_running": 0}
[2026-09-12T15:06:35Z] 1.1 min: cohort {"arm_chapters_passed": 0, "arm_chapters_rejected": 0, "arm_chapters_running": 0}
[2026-09-12T15:07:06Z] 1.6 min: cohort {"arm_chapters_passed": 0, "arm_chapters_rejected": 0, "arm_chapters_running": 0}
[2026-09-12T15:07:36Z] phase aligning at 2.1 min; setup={"versions": {"faster-whisper": "1.2.1", "ctranslate2": "4.8.2", "av": "18.1.0"}, "commit": "c43ab3799d5b71c58b770ed22e1bd7bb9b2774cf", "model_tree_sha256": "f1fe271c349229677131d389a96d0a28062a6a2c2fee54a8ce119c43538315c5", "ld_library_path": "/usr/local/lib/python3.11/dist-packages/nvidia/cublas/l
[2026-09-12T15:07:36Z] 2.1 min: aligning {"arm_chapters_passed": 0, "arm_chapters_rejected": 0, "arm_chapters_running": 1, "paragraph_diagnostics": 0}
[2026-09-12T15:08:07Z] 2.6 min: aligning {"arm_chapters_passed": 0, "arm_chapters_rejected": 0, "arm_chapters_running": 1, "paragraph_diagnostics": 41}
[2026-09-12T15:08:37Z] 3.1 min: aligning {"arm_chapters_passed": 0, "arm_chapters_rejected": 1, "arm_chapters_running": 1, "paragraph_diagnostics": 75}
[2026-09-12T15:09:08Z] 3.6 min: aligning {"arm_chapters_passed": 0, "arm_chapters_rejected": 1, "arm_chapters_running": 1, "paragraph_diagnostics": 89}
[2026-09-12T15:09:38Z] 4.1 min: aligning {"arm_chapters_passed": 0, "arm_chapters_rejected": 1, "arm_chapters_running": 1, "paragraph_diagnostics": 101}
[2026-09-12T15:10:10Z] snapshot 1050437 bytes
[2026-09-12T15:10:10Z] 4.6 min: aligning {"arm_chapters_passed": 0, "arm_chapters_rejected": 1, "arm_chapters_running": 1, "paragraph_diagnostics": 117}
[2026-09-12T15:10:41Z] 5.1 min: aligning {"arm_chapters_passed": 0, "arm_chapters_rejected": 1, "arm_chapters_running": 1, "paragraph_diagnostics": 130}
[2026-09-12T15:11:11Z] 5.6 min: aligning {"arm_chapters_passed": 0, "arm_chapters_rejected": 1, "arm_chapters_running": 1, "paragraph_diagnostics": 142}
[2026-09-12T15:11:41Z] 6.2 min: aligning {"arm_chapters_passed": 0, "arm_chapters_rejected": 2, "arm_chapters_running": 1, "paragraph_diagnostics": 184}
[2026-09-12T15:12:12Z] 6.7 min: aligning {"arm_chapters_passed": 0, "arm_chapters_rejected": 3, "arm_chapters_running": 1, "paragraph_diagnostics": 240}
[2026-09-12T15:12:42Z] 7.2 min: aligning {"arm_chapters_passed": 0, "arm_chapters_rejected": 3, "arm_chapters_running": 1, "paragraph_diagnostics": 264}
[2026-09-12T15:13:12Z] 7.7 min: aligning {"arm_chapters_passed": 0, "arm_chapters_rejected": 3, "arm_chapters_running": 1, "paragraph_diagnostics": 286}
[2026-09-12T15:13:43Z] 8.2 min: aligning {"arm_chapters_passed": 0, "arm_chapters_rejected": 3, "arm_chapters_running": 1, "paragraph_diagnostics": 309}
[2026-09-12T15:14:17Z] snapshot 2800132 bytes
[2026-09-12T15:14:17Z] 8.7 min: aligning {"arm_chapters_passed": 0, "arm_chapters_rejected": 4, "arm_chapters_running": 1, "paragraph_diagnostics": 334}
[2026-09-12T15:14:48Z] 9.3 min: aligning {"arm_chapters_passed": 0, "arm_chapters_rejected": 4, "arm_chapters_running": 1, "paragraph_diagnostics": 384}
[2026-09-12T15:15:18Z] 9.8 min: aligning {"arm_chapters_passed": 0, "arm_chapters_rejected": 5, "arm_chapters_running": 1, "paragraph_diagnostics": 420}
[2026-09-12T15:15:48Z] 10.3 min: aligning {"arm_chapters_passed": 0, "arm_chapters_rejected": 5, "arm_chapters_running": 1, "paragraph_diagnostics": 433}
[2026-09-12T15:16:19Z] 10.8 min: aligning {"arm_chapters_passed": 0, "arm_chapters_rejected": 5, "arm_chapters_running": 1, "paragraph_diagnostics": 449}
[2026-09-12T15:16:49Z] 11.3 min: aligning {"arm_chapters_passed": 0, "arm_chapters_rejected": 5, "arm_chapters_running": 1, "paragraph_diagnostics": 464}
[2026-09-12T15:17:19Z] 11.8 min: aligning {"arm_chapters_passed": 0, "arm_chapters_rejected": 5, "arm_chapters_running": 1, "paragraph_diagnostics": 480}
[2026-09-12T15:17:50Z] 12.3 min: aligning {"arm_chapters_passed": 0, "arm_chapters_rejected": 5, "arm_chapters_running": 1, "paragraph_diagnostics": 493}
[2026-09-12T15:18:27Z] snapshot 4397176 bytes
[2026-09-12T15:18:27Z] 12.8 min: aligning {"arm_chapters_passed": 0, "arm_chapters_rejected": 5, "arm_chapters_running": 1, "paragraph_diagnostics": 508}
[2026-09-12T15:18:57Z] 13.4 min: aligning {"arm_chapters_passed": 0, "arm_chapters_rejected": 6, "arm_chapters_running": 1, "paragraph_diagnostics": 559}
[2026-09-12T15:19:28Z] 13.9 min: aligning {"arm_chapters_passed": 0, "arm_chapters_rejected": 7, "arm_chapters_running": 1, "paragraph_diagnostics": 612}
[2026-09-12T15:19:58Z] 14.4 min: aligning {"arm_chapters_passed": 0, "arm_chapters_rejected": 7, "arm_chapters_running": 1, "paragraph_diagnostics": 627}
[2026-09-12T15:20:28Z] 14.9 min: aligning {"arm_chapters_passed": 0, "arm_chapters_rejected": 7, "arm_chapters_running": 1, "paragraph_diagnostics": 644}
[2026-09-12T15:20:59Z] 15.4 min: aligning {"arm_chapters_passed": 0, "arm_chapters_rejected": 7, "arm_chapters_running": 1, "paragraph_diagnostics": 660}
[2026-09-12T15:21:30Z] 16.0 min: aligning {"arm_chapters_passed": 0, "arm_chapters_rejected": 7, "arm_chapters_running": 1, "paragraph_diagnostics": 678}
[2026-09-12T15:22:00Z] 16.5 min: aligning {"arm_chapters_passed": 0, "arm_chapters_rejected": 7, "arm_chapters_running": 1, "paragraph_diagnostics": 696}
[2026-09-12T15:22:40Z] snapshot 6072407 bytes
[2026-09-12T15:22:40Z] 17.0 min: aligning {"arm_chapters_passed": 0, "arm_chapters_rejected": 8, "arm_chapters_running": 1, "paragraph_diagnostics": 719}
[2026-09-12T15:23:10Z] 17.6 min: aligning {"arm_chapters_passed": 0, "arm_chapters_rejected": 8, "arm_chapters_running": 1, "paragraph_diagnostics": 790}
[2026-09-12T15:23:40Z] 18.1 min: aligning {"arm_chapters_passed": 0, "arm_chapters_rejected": 9, "arm_chapters_running": 1, "paragraph_diagnostics": 821}
[2026-09-12T15:24:11Z] 18.6 min: aligning {"arm_chapters_passed": 0, "arm_chapters_rejected": 9, "arm_chapters_running": 1, "paragraph_diagnostics": 837}
[2026-09-12T15:24:41Z] 19.2 min: aligning {"arm_chapters_passed": 0, "arm_chapters_rejected": 9, "arm_chapters_running": 1, "paragraph_diagnostics": 857}
[2026-09-12T15:25:11Z] 19.7 min: aligning {"arm_chapters_passed": 0, "arm_chapters_rejected": 9, "arm_chapters_running": 1, "paragraph_diagnostics": 878}
[2026-09-12T15:25:42Z] 20.2 min: aligning {"arm_chapters_passed": 0, "arm_chapters_rejected": 9, "arm_chapters_running": 1, "paragraph_diagnostics": 900}
[2026-09-12T15:26:12Z] 20.7 min: aligning {"arm_chapters_passed": 0, "arm_chapters_rejected": 10, "arm_chapters_running": 1, "paragraph_diagnostics": 939}
