[2026-09-12T13:33:30Z] created 92x66407grlp3f tinct-words-run3-7 gpu=None $0.49/hr
[2026-09-12T13:33:31Z] waiting: pod RUNNING agent HTTP 404
[2026-09-12T13:33:49Z] phase cohort at 0.3 min; setup={"versions": {"faster-whisper": "1.2.1", "ctranslate2": "4.8.2", "av": "18.1.0"}, "commit": "c43ab3799d5b71c58b770ed22e1bd7bb9b2774cf", "model_tree_sha256": "f1fe271c349229677131d389a96d0a28062a6a2c2fee54a8ce119c43538315c5", "ld_library_path": "/usr/local/lib/python3.11/dist-packages/nvidia/cublas/l
[2026-09-12T13:33:49Z] 0.3 min: cohort {"arm_chapters_passed": 0, "arm_chapters_rejected": 0, "arm_chapters_running": 0}
[2026-09-12T13:34:20Z] 0.8 min: cohort {"arm_chapters_passed": 0, "arm_chapters_rejected": 0, "arm_chapters_running": 0}
[2026-09-12T13:34:51Z] 1.3 min: cohort {"arm_chapters_passed": 0, "arm_chapters_rejected": 0, "arm_chapters_running": 0}
[2026-09-12T13:35:22Z] phase aligning at 1.8 min; setup={"versions": {"faster-whisper": "1.2.1", "ctranslate2": "4.8.2", "av": "18.1.0"}, "commit": "c43ab3799d5b71c58b770ed22e1bd7bb9b2774cf", "model_tree_sha256": "f1fe271c349229677131d389a96d0a28062a6a2c2fee54a8ce119c43538315c5", "ld_library_path": "/usr/local/lib/python3.11/dist-packages/nvidia/cublas/l
[2026-09-12T13:35:22Z] 1.8 min: aligning {"arm_chapters_passed": 0, "arm_chapters_rejected": 0, "arm_chapters_running": 1, "paragraph_diagnostics": 17}
[2026-09-12T13:35:53Z] 2.4 min: aligning {"arm_chapters_passed": 1, "arm_chapters_rejected": 1, "arm_chapters_running": 1, "paragraph_diagnostics": 56}
[2026-09-12T13:36:23Z] 2.9 min: aligning {"arm_chapters_passed": 1, "arm_chapters_rejected": 2, "arm_chapters_running": 1, "paragraph_diagnostics": 114}
[2026-09-12T13:36:54Z] 3.4 min: aligning {"arm_chapters_passed": 2, "arm_chapters_rejected": 3, "arm_chapters_running": 1, "paragraph_diagnostics": 173}
[2026-09-12T13:37:25Z] 3.9 min: aligning {"arm_chapters_passed": 2, "arm_chapters_rejected": 4, "arm_chapters_running": 1, "paragraph_diagnostics": 228}
[2026-09-12T13:37:58Z] snapshot 1120243 bytes
[2026-09-12T13:37:58Z] 4.4 min: aligning {"arm_chapters_passed": 3, "arm_chapters_rejected": 4, "arm_chapters_running": 1, "paragraph_diagnostics": 266}
[2026-09-12T13:38:29Z] 5.0 min: aligning {"arm_chapters_passed": 4, "arm_chapters_rejected": 5, "arm_chapters_running": 1, "paragraph_diagnostics": 302}
[2026-09-12T13:39:00Z] 5.5 min: aligning {"arm_chapters_passed": 5, "arm_chapters_rejected": 5, "arm_chapters_running": 1, "paragraph_diagnostics": 331}
[2026-09-12T13:39:31Z] 6.0 min: aligning {"arm_chapters_passed": 6, "arm_chapters_rejected": 6, "arm_chapters_running": 1, "paragraph_diagnostics": 394}
[2026-09-12T13:40:02Z] 6.5 min: aligning {"arm_chapters_passed": 7, "arm_chapters_rejected": 7, "arm_chapters_running": 1, "paragraph_diagnostics": 450}
[2026-09-12T13:40:33Z] 7.0 min: aligning {"arm_chapters_passed": 7, "arm_chapters_rejected": 8, "arm_chapters_running": 1, "paragraph_diagnostics": 523}
[2026-09-12T13:41:04Z] 7.5 min: aligning {"arm_chapters_passed": 8, "arm_chapters_rejected": 9, "arm_chapters_running": 1, "paragraph_diagnostics": 547}
[2026-09-12T13:41:34Z] 8.1 min: aligning {"arm_chapters_passed": 9, "arm_chapters_rejected": 10, "arm_chapters_running": 1, "paragraph_diagnostics": 597}
[2026-09-12T13:42:10Z] snapshot 2806148 bytes
[2026-09-12T13:42:10Z] 8.6 min: aligning {"arm_chapters_passed": 10, "arm_chapters_rejected": 10, "arm_chapters_running": 1, "paragraph_diagnostics": 652}
[2026-09-12T13:42:41Z] 9.2 min: aligning {"arm_chapters_passed": 10, "arm_chapters_rejected": 11, "arm_chapters_running": 1, "paragraph_diagnostics": 730}
[2026-09-12T13:43:12Z] 9.7 min: aligning {"arm_chapters_passed": 11, "arm_chapters_rejected": 12, "arm_chapters_running": 1, "paragraph_diagnostics": 760}
[2026-09-12T13:43:43Z] 10.2 min: aligning {"arm_chapters_passed": 12, "arm_chapters_rejected": 12, "arm_chapters_running": 1, "paragraph_diagnostics": 797}
[2026-09-12T13:44:14Z] 10.7 min: aligning {"arm_chapters_passed": 12, "arm_chapters_rejected": 13, "arm_chapters_running": 1, "paragraph_diagnostics": 871}
[2026-09-12T13:44:45Z] 11.2 min: aligning {"arm_chapters_passed": 12, "arm_chapters_rejected": 15, "arm_chapters_running": 1, "paragraph_diagnostics": 921}
[2026-09-12T13:45:16Z] 11.7 min: aligning {"arm_chapters_passed": 13, "arm_chapters_rejected": 15, "arm_chapters_running": 1, "paragraph_diagnostics": 988}
[2026-09-12T13:45:46Z] 12.3 min: aligning {"arm_chapters_passed": 13, "arm_chapters_rejected": 16, "arm_chapters_running": 1, "paragraph_diagnostics": 1047}
[2026-09-12T13:46:25Z] snapshot 4412392 bytes
[2026-09-12T13:46:25Z] 12.8 min: aligning {"arm_chapters_passed": 14, "arm_chapters_rejected": 17, "arm_chapters_running": 1, "paragraph_diagnostics": 1103}
[2026-09-12T13:46:55Z] 13.4 min: aligning {"arm_chapters_passed": 15, "arm_chapters_rejected": 17, "arm_chapters_running": 1, "paragraph_diagnostics": 1167}
[2026-09-12T13:47:26Z] 13.9 min: aligning {"arm_chapters_passed": 15, "arm_chapters_rejected": 18, "arm_chapters_running": 1, "paragraph_diagnostics": 1206}
[2026-09-12T13:47:57Z] 14.4 min: aligning {"arm_chapters_passed": 16, "arm_chapters_rejected": 19, "arm_chapters_running": 1, "paragraph_diagnostics": 1250}
[2026-09-12T13:48:28Z] 14.9 min: aligning {"arm_chapters_passed": 17, "arm_chapters_rejected": 19, "arm_chapters_running": 1, "paragraph_diagnostics": 1326}
[2026-09-12T13:48:59Z] 15.5 min: aligning {"arm_chapters_passed": 18, "arm_chapters_rejected": 20, "arm_chapters_running": 1, "paragraph_diagnostics": 1388}
[2026-09-12T13:49:30Z] 16.0 min: aligning {"arm_chapters_passed": 18, "arm_chapters_rejected": 21, "arm_chapters_running": 1, "paragraph_diagnostics": 1418}
[2026-09-12T13:50:01Z] 16.5 min: aligning {"arm_chapters_passed": 19, "arm_chapters_rejected": 22, "arm_chapters_running": 1, "paragraph_diagnostics": 1439}
[2026-09-12T13:50:39Z] snapshot 6192383 bytes
[2026-09-12T13:50:39Z] 17.0 min: aligning {"arm_chapters_passed": 19, "arm_chapters_rejected": 22, "arm_chapters_running": 1, "paragraph_diagnostics": 1448}
[2026-09-12T13:51:10Z] 17.6 min: aligning {"arm_chapters_passed": 20, "arm_chapters_rejected": 23, "arm_chapters_running": 1, "paragraph_diagnostics": 1467}
[2026-09-12T13:51:41Z] 18.2 min: aligning {"arm_chapters_passed": 21, "arm_chapters_rejected": 23, "arm_chapters_running": 1, "paragraph_diagnostics": 1470}
[2026-09-12T13:52:11Z] 18.7 min: aligning {"arm_chapters_passed": 21, "arm_chapters_rejected": 24, "arm_chapters_running": 1, "paragraph_diagnostics": 1500}
[2026-09-12T13:52:42Z] 19.2 min: aligning {"arm_chapters_passed": 22, "arm_chapters_rejected": 24, "arm_chapters_running": 1, "paragraph_diagnostics": 1535}
[2026-09-12T13:53:13Z] 19.7 min: aligning {"arm_chapters_passed": 22, "arm_chapters_rejected": 25, "arm_chapters_running": 1, "paragraph_diagnostics": 1575}
[2026-09-12T13:53:44Z] 20.2 min: aligning {"arm_chapters_passed": 23, "arm_chapters_rejected": 25, "arm_chapters_running": 1, "paragraph_diagnostics": 1624}
[2026-09-12T13:54:15Z] 20.7 min: aligning {"arm_chapters_passed": 23, "arm_chapters_rejected": 26, "arm_chapters_running": 1, "paragraph_diagnostics": 1689}
[2026-09-12T13:54:56Z] snapshot 7883643 bytes
[2026-09-12T13:54:56Z] 21.2 min: aligning {"arm_chapters_passed": 23, "arm_chapters_rejected": 26, "arm_chapters_running": 1, "paragraph_diagnostics": 1720}
[2026-09-12T13:55:27Z] 21.9 min: aligning {"arm_chapters_passed": 24, "arm_chapters_rejected": 27, "arm_chapters_running": 1, "paragraph_diagnostics": 1775}
[2026-09-12T13:55:58Z] 22.4 min: aligning {"arm_chapters_passed": 26, "arm_chapters_rejected": 27, "arm_chapters_running": 1, "paragraph_diagnostics": 1836}
[2026-09-12T13:56:29Z] 23.0 min: aligning {"arm_chapters_passed": 26, "arm_chapters_rejected": 27, "arm_chapters_running": 1, "paragraph_diagnostics": 1873}
[2026-09-12T13:56:59Z] 23.5 min: aligning {"arm_chapters_passed": 27, "arm_chapters_rejected": 28, "arm_chapters_running": 1, "paragraph_diagnostics": 1928}
[2026-09-12T13:57:30Z] 24.0 min: aligning {"arm_chapters_passed": 27, "arm_chapters_rejected": 28, "arm_chapters_running": 1, "paragraph_diagnostics": 1961}
[2026-09-12T13:58:01Z] phase done at 24.5 min; setup={"versions": {"faster-whisper": "1.2.1", "ctranslate2": "4.8.2", "av": "18.1.0"}, "commit": "c43ab3799d5b71c58b770ed22e1bd7bb9b2774cf", "model_tree_sha256": "f1fe271c349229677131d389a96d0a28062a6a2c2fee54a8ce119c43538315c5", "ld_library_path": "/usr/local/lib/python3.11/dist-packages/nvidia/cublas/l
[2026-09-12T13:58:01Z] 24.5 min: done {"arm_chapters_passed": 28, "arm_chapters_rejected": 28, "arm_chapters_running": 0, "paragraph_diagnostics": 1962}
[2026-09-12T13:58:14Z] fetched out.tar.gz (8905523 bytes)
[2026-09-12T13:58:17Z] stop 92x66407grlp3f: HTTP 200
[2026-09-12T13:58:19Z] terminate 92x66407grlp3f: HTTP 204
[2026-09-12T13:58:19Z] pod 92x66407grlp3f done: outcome=done uptime=24.8m est $0.20
