[2026-09-12T13:30:27Z] created 8x4ci76wbtnc6y tinct-words-run3-3 gpu=None $0.49/hr
[2026-09-12T13:30:28Z] waiting: pod RUNNING agent HTTP 404
[2026-09-12T13:30:43Z] waiting: pod RUNNING agent HTTP 404
[2026-09-12T13:31:00Z] phase cohort at 0.5 min; setup={"versions": {"faster-whisper": "1.2.1", "ctranslate2": "4.8.2", "av": "18.1.0"}, "commit": "c43ab3799d5b71c58b770ed22e1bd7bb9b2774cf", "model_tree_sha256": "f1fe271c349229677131d389a96d0a28062a6a2c2fee54a8ce119c43538315c5", "ld_library_path": "/usr/local/lib/python3.11/dist-packages/nvidia/cublas/l
[2026-09-12T13:31:00Z] 0.5 min: cohort {"arm_chapters_passed": 0, "arm_chapters_rejected": 0, "arm_chapters_running": 0}
[2026-09-12T13:31:30Z] 1.1 min: cohort {"arm_chapters_passed": 0, "arm_chapters_rejected": 0, "arm_chapters_running": 0}
[2026-09-12T13:32:01Z] 1.6 min: cohort {"arm_chapters_passed": 0, "arm_chapters_rejected": 0, "arm_chapters_running": 0}
[2026-09-12T13:32:31Z] 2.1 min: cohort {"arm_chapters_passed": 0, "arm_chapters_rejected": 0, "arm_chapters_running": 0}
[2026-09-12T13:33:01Z] 2.6 min: cohort {"arm_chapters_passed": 0, "arm_chapters_rejected": 0, "arm_chapters_running": 0}
[2026-09-12T13:33:32Z] phase aligning at 3.1 min; setup={"versions": {"faster-whisper": "1.2.1", "ctranslate2": "4.8.2", "av": "18.1.0"}, "commit": "c43ab3799d5b71c58b770ed22e1bd7bb9b2774cf", "model_tree_sha256": "f1fe271c349229677131d389a96d0a28062a6a2c2fee54a8ce119c43538315c5", "ld_library_path": "/usr/local/lib/python3.11/dist-packages/nvidia/cublas/l
[2026-09-12T13:33:32Z] 3.1 min: aligning {"arm_chapters_passed": 0, "arm_chapters_rejected": 1, "arm_chapters_running": 1, "paragraph_diagnostics": 9}
[2026-09-12T13:34:02Z] 3.6 min: aligning {"arm_chapters_passed": 4, "arm_chapters_rejected": 1, "arm_chapters_running": 1, "paragraph_diagnostics": 32}
[2026-09-12T13:34:33Z] 4.1 min: aligning {"arm_chapters_passed": 7, "arm_chapters_rejected": 2, "arm_chapters_running": 1, "paragraph_diagnostics": 59}
[2026-09-12T13:35:04Z] snapshot 636361 bytes
[2026-09-12T13:35:04Z] 4.6 min: aligning {"arm_chapters_passed": 15, "arm_chapters_rejected": 2, "arm_chapters_running": 1, "paragraph_diagnostics": 96}
[2026-09-12T13:35:35Z] 5.1 min: aligning {"arm_chapters_passed": 19, "arm_chapters_rejected": 2, "arm_chapters_running": 1, "paragraph_diagnostics": 123}
[2026-09-12T13:36:05Z] 5.6 min: aligning {"arm_chapters_passed": 22, "arm_chapters_rejected": 2, "arm_chapters_running": 1, "paragraph_diagnostics": 147}
[2026-09-12T13:36:36Z] 6.1 min: aligning {"arm_chapters_passed": 23, "arm_chapters_rejected": 4, "arm_chapters_running": 1, "paragraph_diagnostics": 173}
[2026-09-12T13:37:06Z] 6.6 min: aligning {"arm_chapters_passed": 25, "arm_chapters_rejected": 5, "arm_chapters_running": 1, "paragraph_diagnostics": 198}
[2026-09-12T13:37:36Z] 7.2 min: aligning {"arm_chapters_passed": 25, "arm_chapters_rejected": 7, "arm_chapters_running": 1, "paragraph_diagnostics": 218}
[2026-09-12T13:38:07Z] 7.7 min: aligning {"arm_chapters_passed": 26, "arm_chapters_rejected": 8, "arm_chapters_running": 1, "paragraph_diagnostics": 243}
[2026-09-12T13:38:37Z] 8.2 min: aligning {"arm_chapters_passed": 26, "arm_chapters_rejected": 11, "arm_chapters_running": 1, "paragraph_diagnostics": 271}
[2026-09-12T13:39:11Z] snapshot 2284230 bytes
[2026-09-12T13:39:11Z] 8.7 min: aligning {"arm_chapters_passed": 29, "arm_chapters_rejected": 12, "arm_chapters_running": 1, "paragraph_diagnostics": 292}
[2026-09-12T13:39:41Z] 9.2 min: aligning {"arm_chapters_passed": 32, "arm_chapters_rejected": 14, "arm_chapters_running": 1, "paragraph_diagnostics": 321}
[2026-09-12T13:40:11Z] 9.7 min: aligning {"arm_chapters_passed": 38, "arm_chapters_rejected": 14, "arm_chapters_running": 1, "paragraph_diagnostics": 351}
[2026-09-12T13:40:42Z] 10.2 min: aligning {"arm_chapters_passed": 39, "arm_chapters_rejected": 16, "arm_chapters_running": 1, "paragraph_diagnostics": 377}
[2026-09-12T13:41:12Z] 10.7 min: aligning {"arm_chapters_passed": 40, "arm_chapters_rejected": 18, "arm_chapters_running": 1, "paragraph_diagnostics": 400}
[2026-09-12T13:41:42Z] 11.3 min: aligning {"arm_chapters_passed": 40, "arm_chapters_rejected": 20, "arm_chapters_running": 1, "paragraph_diagnostics": 419}
[2026-09-12T13:42:13Z] 11.8 min: aligning {"arm_chapters_passed": 40, "arm_chapters_rejected": 21, "arm_chapters_running": 1, "paragraph_diagnostics": 437}
[2026-09-12T13:42:43Z] 12.3 min: aligning {"arm_chapters_passed": 40, "arm_chapters_rejected": 25, "arm_chapters_running": 1, "paragraph_diagnostics": 461}
[2026-09-12T13:43:19Z] snapshot 3925533 bytes
[2026-09-12T13:43:19Z] 12.8 min: aligning {"arm_chapters_passed": 42, "arm_chapters_rejected": 28, "arm_chapters_running": 1, "paragraph_diagnostics": 495}
[2026-09-12T13:43:50Z] 13.4 min: aligning {"arm_chapters_passed": 45, "arm_chapters_rejected": 28, "arm_chapters_running": 1, "paragraph_diagnostics": 521}
[2026-09-12T13:44:20Z] 13.9 min: aligning {"arm_chapters_passed": 48, "arm_chapters_rejected": 29, "arm_chapters_running": 1, "paragraph_diagnostics": 552}
[2026-09-12T13:44:51Z] 14.4 min: aligning {"arm_chapters_passed": 49, "arm_chapters_rejected": 31, "arm_chapters_running": 1, "paragraph_diagnostics": 569}
[2026-09-12T13:45:21Z] 14.9 min: aligning {"arm_chapters_passed": 49, "arm_chapters_rejected": 34, "arm_chapters_running": 1, "paragraph_diagnostics": 594}
[2026-09-12T13:45:52Z] 15.4 min: aligning {"arm_chapters_passed": 51, "arm_chapters_rejected": 36, "arm_chapters_running": 1, "paragraph_diagnostics": 618}
[2026-09-12T13:46:22Z] 15.9 min: aligning {"arm_chapters_passed": 56, "arm_chapters_rejected": 37, "arm_chapters_running": 1, "paragraph_diagnostics": 644}
[2026-09-12T13:46:52Z] 16.4 min: aligning {"arm_chapters_passed": 57, "arm_chapters_rejected": 40, "arm_chapters_running": 1, "paragraph_diagnostics": 667}
[2026-09-12T13:47:31Z] snapshot 5494371 bytes
[2026-09-12T13:47:31Z] 16.9 min: aligning {"arm_chapters_passed": 67, "arm_chapters_rejected": 40, "arm_chapters_running": 1, "paragraph_diagnostics": 705}
[2026-09-12T13:48:01Z] 17.6 min: aligning {"arm_chapters_passed": 70, "arm_chapters_rejected": 40, "arm_chapters_running": 1, "paragraph_diagnostics": 742}
[2026-09-12T13:48:31Z] 18.1 min: aligning {"arm_chapters_passed": 70, "arm_chapters_rejected": 40, "arm_chapters_running": 1, "paragraph_diagnostics": 774}
[2026-09-12T13:49:02Z] 18.6 min: aligning {"arm_chapters_passed": 71, "arm_chapters_rejected": 40, "arm_chapters_running": 1, "paragraph_diagnostics": 799}
[2026-09-12T13:49:32Z] 19.1 min: aligning {"arm_chapters_passed": 71, "arm_chapters_rejected": 40, "arm_chapters_running": 1, "paragraph_diagnostics": 817}
[2026-09-12T13:50:02Z] 19.6 min: aligning {"arm_chapters_passed": 71, "arm_chapters_rejected": 40, "arm_chapters_running": 1, "paragraph_diagnostics": 836}
[2026-09-12T13:50:33Z] 20.1 min: aligning {"arm_chapters_passed": 71, "arm_chapters_rejected": 40, "arm_chapters_running": 1, "paragraph_diagnostics": 858}
[2026-09-12T13:51:04Z] 20.6 min: aligning {"arm_chapters_passed": 71, "arm_chapters_rejected": 40, "arm_chapters_running": 1, "paragraph_diagnostics": 873}
[2026-09-12T13:51:43Z] snapshot 7032991 bytes
[2026-09-12T13:51:43Z] 21.1 min: aligning {"arm_chapters_passed": 72, "arm_chapters_rejected": 40, "arm_chapters_running": 1, "paragraph_diagnostics": 882}
[2026-09-12T13:52:13Z] 21.8 min: aligning {"arm_chapters_passed": 72, "arm_chapters_rejected": 40, "arm_chapters_running": 1, "paragraph_diagnostics": 915}
[2026-09-12T13:52:43Z] 22.3 min: aligning {"arm_chapters_passed": 72, "arm_chapters_rejected": 40, "arm_chapters_running": 1, "paragraph_diagnostics": 938}
[2026-09-12T13:53:14Z] 22.8 min: aligning {"arm_chapters_passed": 72, "arm_chapters_rejected": 40, "arm_chapters_running": 1, "paragraph_diagnostics": 961}
[2026-09-12T13:53:44Z] 23.3 min: aligning {"arm_chapters_passed": 73, "arm_chapters_rejected": 40, "arm_chapters_running": 1, "paragraph_diagnostics": 973}
[2026-09-12T13:54:15Z] 23.8 min: aligning {"arm_chapters_passed": 73, "arm_chapters_rejected": 40, "arm_chapters_running": 1, "paragraph_diagnostics": 987}
[2026-09-12T13:54:45Z] 24.3 min: aligning {"arm_chapters_passed": 73, "arm_chapters_rejected": 40, "arm_chapters_running": 1, "paragraph_diagnostics": 992}
[2026-09-12T13:55:16Z] 24.8 min: aligning {"arm_chapters_passed": 73, "arm_chapters_rejected": 40, "arm_chapters_running": 1, "paragraph_diagnostics": 1009}
[2026-09-12T13:55:58Z] snapshot 8793597 bytes
[2026-09-12T13:55:58Z] 25.3 min: aligning {"arm_chapters_passed": 73, "arm_chapters_rejected": 40, "arm_chapters_running": 1, "paragraph_diagnostics": 1020}
[2026-09-12T13:56:28Z] 26.0 min: aligning {"arm_chapters_passed": 73, "arm_chapters_rejected": 40, "arm_chapters_running": 1, "paragraph_diagnostics": 1033}
[2026-09-12T13:56:58Z] 26.5 min: aligning {"arm_chapters_passed": 73, "arm_chapters_rejected": 40, "arm_chapters_running": 1, "paragraph_diagnostics": 1040}
[2026-09-12T13:57:29Z] 27.0 min: aligning {"arm_chapters_passed": 73, "arm_chapters_rejected": 40, "arm_chapters_running": 1, "paragraph_diagnostics": 1047}
[2026-09-12T13:57:59Z] 27.5 min: aligning {"arm_chapters_passed": 74, "arm_chapters_rejected": 40, "arm_chapters_running": 1, "paragraph_diagnostics": 1057}
[2026-09-12T13:58:30Z] 28.0 min: aligning {"arm_chapters_passed": 74, "arm_chapters_rejected": 40, "arm_chapters_running": 1, "paragraph_diagnostics": 1083}
[2026-09-12T13:59:00Z] 28.5 min: aligning {"arm_chapters_passed": 74, "arm_chapters_rejected": 40, "arm_chapters_running": 1, "paragraph_diagnostics": 1108}
[2026-09-12T13:59:30Z] 29.1 min: aligning {"arm_chapters_passed": 74, "arm_chapters_rejected": 40, "arm_chapters_running": 1, "paragraph_diagnostics": 1143}
[2026-09-12T14:00:15Z] snapshot 10419862 bytes
[2026-09-12T14:00:15Z] 29.6 min: aligning {"arm_chapters_passed": 74, "arm_chapters_rejected": 40, "arm_chapters_running": 1, "paragraph_diagnostics": 1174}
[2026-09-12T14:00:45Z] 30.3 min: aligning {"arm_chapters_passed": 74, "arm_chapters_rejected": 40, "arm_chapters_running": 1, "paragraph_diagnostics": 1210}
[2026-09-12T14:01:15Z] 30.8 min: aligning {"arm_chapters_passed": 74, "arm_chapters_rejected": 41, "arm_chapters_running": 1, "paragraph_diagnostics": 1232}
[2026-09-12T14:01:46Z] 31.3 min: aligning {"arm_chapters_passed": 74, "arm_chapters_rejected": 41, "arm_chapters_running": 1, "paragraph_diagnostics": 1247}
[2026-09-12T14:02:16Z] 31.8 min: aligning {"arm_chapters_passed": 74, "arm_chapters_rejected": 41, "arm_chapters_running": 1, "paragraph_diagnostics": 1259}
[2026-09-12T14:02:47Z] 32.3 min: aligning {"arm_chapters_passed": 74, "arm_chapters_rejected": 41, "arm_chapters_running": 1, "paragraph_diagnostics": 1271}
[2026-09-12T14:03:17Z] 32.8 min: aligning {"arm_chapters_passed": 74, "arm_chapters_rejected": 41, "arm_chapters_running": 1, "paragraph_diagnostics": 1290}
[2026-09-12T14:03:47Z] 33.3 min: aligning {"arm_chapters_passed": 74, "arm_chapters_rejected": 41, "arm_chapters_running": 1, "paragraph_diagnostics": 1303}
[2026-09-12T14:04:34Z] snapshot 11993159 bytes
[2026-09-12T14:04:34Z] 33.8 min: aligning {"arm_chapters_passed": 74, "arm_chapters_rejected": 41, "arm_chapters_running": 1, "paragraph_diagnostics": 1324}
[2026-09-12T14:05:04Z] 34.6 min: aligning {"arm_chapters_passed": 74, "arm_chapters_rejected": 41, "arm_chapters_running": 1, "paragraph_diagnostics": 1349}
[2026-09-12T14:05:35Z] 35.1 min: aligning {"arm_chapters_passed": 74, "arm_chapters_rejected": 41, "arm_chapters_running": 1, "paragraph_diagnostics": 1364}
[2026-09-12T14:06:05Z] 35.6 min: aligning {"arm_chapters_passed": 74, "arm_chapters_rejected": 41, "arm_chapters_running": 1, "paragraph_diagnostics": 1377}
[2026-09-12T14:06:36Z] 36.1 min: aligning {"arm_chapters_passed": 74, "arm_chapters_rejected": 41, "arm_chapters_running": 1, "paragraph_diagnostics": 1389}
[2026-09-12T14:07:06Z] 36.7 min: aligning {"arm_chapters_passed": 74, "arm_chapters_rejected": 42, "arm_chapters_running": 1, "paragraph_diagnostics": 1409}
[2026-09-12T14:07:37Z] 37.2 min: aligning {"arm_chapters_passed": 75, "arm_chapters_rejected": 42, "arm_chapters_running": 1, "paragraph_diagnostics": 1419}
[2026-09-12T14:08:07Z] 37.7 min: aligning {"arm_chapters_passed": 75, "arm_chapters_rejected": 42, "arm_chapters_running": 1, "paragraph_diagnostics": 1429}
[2026-09-12T14:08:38Z] phase done-with-errors at 38.2 min; setup={"versions": {"faster-whisper": "1.2.1", "ctranslate2": "4.8.2", "av": "18.1.0"}, "commit": "c43ab3799d5b71c58b770ed22e1bd7bb9b2774cf", "model_tree_sha256": "f1fe271c349229677131d389a96d0a28062a6a2c2fee54a8ce119c43538315c5", "ld_library_path": "/usr/local/lib/python3.11/dist-packages/nvidia/cublas/l
[2026-09-12T14:08:38Z] 38.2 min: done-with-errors {"arm_chapters_passed": 75, "arm_chapters_rejected": 42, "arm_chapters_running": 1, "paragraph_diagnostics": 1431}
[2026-09-12T14:08:55Z] fetched out.tar.gz (13472666 bytes)
[2026-09-12T14:08:56Z] stop 8x4ci76wbtnc6y: HTTP 200
[2026-09-12T14:08:58Z] terminate 8x4ci76wbtnc6y: HTTP 204
[2026-09-12T14:08:58Z] pod 8x4ci76wbtnc6y done: outcome=done-with-errors uptime=38.5m est $0.31
