[2026-09-12T15:06:18Z] created ftl8x9zzsfm6pa tinct-words-run3-38 gpu=None $0.49/hr
[2026-09-12T15:06:19Z] waiting: pod RUNNING agent HTTP 404
[2026-09-12T15:06:35Z] waiting: pod RUNNING agent HTTP 404
[2026-09-12T15:06:53Z] phase cohort at 0.6 min; setup={"versions": {"faster-whisper": "1.2.1", "ctranslate2": "4.8.2", "av": "18.1.0"}, "commit": "c43ab3799d5b71c58b770ed22e1bd7bb9b2774cf", "model_tree_sha256": "f1fe271c349229677131d389a96d0a28062a6a2c2fee54a8ce119c43538315c5", "ld_library_path": "/usr/local/lib/python3.11/dist-packages/nvidia/cublas/l
[2026-09-12T15:06:53Z] 0.6 min: cohort {"arm_chapters_passed": 0, "arm_chapters_rejected": 0, "arm_chapters_running": 0}
[2026-09-12T15:07:23Z] 1.1 min: cohort {"arm_chapters_passed": 0, "arm_chapters_rejected": 0, "arm_chapters_running": 0}
[2026-09-12T15:07:54Z] 1.6 min: cohort {"arm_chapters_passed": 0, "arm_chapters_rejected": 0, "arm_chapters_running": 0}
[2026-09-12T15:08:25Z] 2.1 min: cohort {"arm_chapters_passed": 0, "arm_chapters_rejected": 0, "arm_chapters_running": 0}
[2026-09-12T15:08:56Z] phase aligning at 2.6 min; setup={"versions": {"faster-whisper": "1.2.1", "ctranslate2": "4.8.2", "av": "18.1.0"}, "commit": "c43ab3799d5b71c58b770ed22e1bd7bb9b2774cf", "model_tree_sha256": "f1fe271c349229677131d389a96d0a28062a6a2c2fee54a8ce119c43538315c5", "ld_library_path": "/usr/local/lib/python3.11/dist-packages/nvidia/cublas/l
[2026-09-12T15:08:56Z] 2.6 min: aligning {"arm_chapters_passed": 0, "arm_chapters_rejected": 1, "arm_chapters_running": 1, "paragraph_diagnostics": 49}
[2026-09-12T15:09:27Z] 3.1 min: aligning {"arm_chapters_passed": 0, "arm_chapters_rejected": 2, "arm_chapters_running": 1, "paragraph_diagnostics": 93}
[2026-09-12T15:09:57Z] 3.6 min: aligning {"arm_chapters_passed": 1, "arm_chapters_rejected": 3, "arm_chapters_running": 1, "paragraph_diagnostics": 192}
[2026-09-12T15:10:28Z] 4.2 min: aligning {"arm_chapters_passed": 1, "arm_chapters_rejected": 3, "arm_chapters_running": 1, "paragraph_diagnostics": 261}
[2026-09-12T15:11:01Z] snapshot 830278 bytes
[2026-09-12T15:11:01Z] 4.7 min: aligning {"arm_chapters_passed": 1, "arm_chapters_rejected": 3, "arm_chapters_running": 1, "paragraph_diagnostics": 358}
[2026-09-12T15:11:32Z] 5.2 min: aligning {"arm_chapters_passed": 1, "arm_chapters_rejected": 3, "arm_chapters_running": 1, "paragraph_diagnostics": 461}
[2026-09-12T15:12:03Z] 5.7 min: aligning {"arm_chapters_passed": 1, "arm_chapters_rejected": 4, "arm_chapters_running": 1, "paragraph_diagnostics": 520}
[2026-09-12T15:12:34Z] 6.2 min: aligning {"arm_chapters_passed": 1, "arm_chapters_rejected": 4, "arm_chapters_running": 1, "paragraph_diagnostics": 570}
[2026-09-12T15:13:05Z] 6.8 min: aligning {"arm_chapters_passed": 1, "arm_chapters_rejected": 4, "arm_chapters_running": 1, "paragraph_diagnostics": 612}
[2026-09-12T15:13:35Z] 7.3 min: aligning {"arm_chapters_passed": 1, "arm_chapters_rejected": 4, "arm_chapters_running": 1, "paragraph_diagnostics": 652}
[2026-09-12T15:14:06Z] 7.8 min: aligning {"arm_chapters_passed": 1, "arm_chapters_rejected": 4, "arm_chapters_running": 1, "paragraph_diagnostics": 712}
[2026-09-12T15:14:37Z] 8.3 min: aligning {"arm_chapters_passed": 1, "arm_chapters_rejected": 5, "arm_chapters_running": 1, "paragraph_diagnostics": 772}
[2026-09-12T15:15:11Z] snapshot 1997913 bytes
[2026-09-12T15:15:11Z] 8.8 min: aligning {"arm_chapters_passed": 1, "arm_chapters_rejected": 6, "arm_chapters_running": 1, "paragraph_diagnostics": 842}
[2026-09-12T15:15:42Z] 9.4 min: aligning {"arm_chapters_passed": 1, "arm_chapters_rejected": 7, "arm_chapters_running": 1, "paragraph_diagnostics": 904}
[2026-09-12T15:16:13Z] 9.9 min: aligning {"arm_chapters_passed": 1, "arm_chapters_rejected": 8, "arm_chapters_running": 1, "paragraph_diagnostics": 959}
[2026-09-12T15:16:44Z] 10.4 min: aligning {"arm_chapters_passed": 2, "arm_chapters_rejected": 8, "arm_chapters_running": 1, "paragraph_diagnostics": 1027}
[2026-09-12T15:17:14Z] 10.9 min: aligning {"arm_chapters_passed": 2, "arm_chapters_rejected": 9, "arm_chapters_running": 1, "paragraph_diagnostics": 1082}
[2026-09-12T15:17:45Z] 11.4 min: aligning {"arm_chapters_passed": 3, "arm_chapters_rejected": 10, "arm_chapters_running": 1, "paragraph_diagnostics": 1160}
[2026-09-12T15:18:16Z] 12.0 min: aligning {"arm_chapters_passed": 3, "arm_chapters_rejected": 10, "arm_chapters_running": 1, "paragraph_diagnostics": 1206}
[2026-09-12T15:18:47Z] 12.5 min: aligning {"arm_chapters_passed": 3, "arm_chapters_rejected": 12, "arm_chapters_running": 1, "paragraph_diagnostics": 1281}
[2026-09-12T15:19:23Z] snapshot 3311330 bytes
[2026-09-12T15:19:23Z] 13.0 min: aligning {"arm_chapters_passed": 3, "arm_chapters_rejected": 12, "arm_chapters_running": 1, "paragraph_diagnostics": 1331}
[2026-09-12T15:19:54Z] 13.6 min: aligning {"arm_chapters_passed": 5, "arm_chapters_rejected": 13, "arm_chapters_running": 1, "paragraph_diagnostics": 1408}
[2026-09-12T15:20:25Z] 14.1 min: aligning {"arm_chapters_passed": 5, "arm_chapters_rejected": 14, "arm_chapters_running": 1, "paragraph_diagnostics": 1450}
[2026-09-12T15:20:56Z] 14.6 min: aligning {"arm_chapters_passed": 5, "arm_chapters_rejected": 16, "arm_chapters_running": 1, "paragraph_diagnostics": 1511}
[2026-09-12T15:21:27Z] phase done at 15.1 min; setup={"versions": {"faster-whisper": "1.2.1", "ctranslate2": "4.8.2", "av": "18.1.0"}, "commit": "c43ab3799d5b71c58b770ed22e1bd7bb9b2774cf", "model_tree_sha256": "f1fe271c349229677131d389a96d0a28062a6a2c2fee54a8ce119c43538315c5", "ld_library_path": "/usr/local/lib/python3.11/dist-packages/nvidia/cublas/l
[2026-09-12T15:21:27Z] 15.1 min: done {"arm_chapters_passed": 6, "arm_chapters_rejected": 16, "arm_chapters_running": 0, "paragraph_diagnostics": 1540}
[2026-09-12T15:21:36Z] fetched out.tar.gz (4031377 bytes)
[2026-09-12T15:21:38Z] stop ftl8x9zzsfm6pa: HTTP 200
[2026-09-12T15:21:39Z] terminate ftl8x9zzsfm6pa: HTTP 204
[2026-09-12T15:21:39Z] pod ftl8x9zzsfm6pa done: outcome=done uptime=15.3m est $0.12
