[2026-09-12T07:27:07Z] created k317ozsocubyzg tinct-words-run2-81 gpu=None $0.49/hr
[2026-09-12T07:27:08Z] waiting: pod RUNNING agent HTTP 404
[2026-09-12T07:27:24Z] waiting: pod RUNNING agent HTTP 404
[2026-09-12T07:27:40Z] phase cohort at 0.5 min; setup={"versions": {"faster-whisper": "1.2.1", "ctranslate2": "4.8.2", "av": "18.1.0"}, "commit": "f53d744782e3c369fffd2980a013a7f199c0476e", "model_tree_sha256": "f1fe271c349229677131d389a96d0a28062a6a2c2fee54a8ce119c43538315c5", "ld_library_path": "/usr/local/lib/python3.11/dist-packages/nvidia/cublas/l
[2026-09-12T07:27:40Z] 0.5 min: cohort {"arm_chapters_passed": 0, "arm_chapters_rejected": 0, "arm_chapters_running": 0}
[2026-09-12T07:28:10Z] 1.0 min: cohort {"arm_chapters_passed": 0, "arm_chapters_rejected": 0, "arm_chapters_running": 0}
[2026-09-12T07:28:41Z] 1.6 min: cohort {"arm_chapters_passed": 0, "arm_chapters_rejected": 0, "arm_chapters_running": 0}
[2026-09-12T07:29:11Z] phase aligning at 2.1 min; setup={"versions": {"faster-whisper": "1.2.1", "ctranslate2": "4.8.2", "av": "18.1.0"}, "commit": "f53d744782e3c369fffd2980a013a7f199c0476e", "model_tree_sha256": "f1fe271c349229677131d389a96d0a28062a6a2c2fee54a8ce119c43538315c5", "ld_library_path": "/usr/local/lib/python3.11/dist-packages/nvidia/cublas/l
[2026-09-12T07:29:11Z] 2.1 min: aligning {"arm_chapters_passed": 0, "arm_chapters_rejected": 0, "arm_chapters_running": 0, "paragraph_diagnostics": 0}
[2026-09-12T07:29:41Z] 2.6 min: aligning {"arm_chapters_passed": 0, "arm_chapters_rejected": 0, "arm_chapters_running": 1, "paragraph_diagnostics": 55}
[2026-09-12T07:30:12Z] 3.1 min: aligning {"arm_chapters_passed": 0, "arm_chapters_rejected": 0, "arm_chapters_running": 1, "paragraph_diagnostics": 98}
[2026-09-12T07:30:42Z] 3.6 min: aligning {"arm_chapters_passed": 0, "arm_chapters_rejected": 1, "arm_chapters_running": 1, "paragraph_diagnostics": 126}
[2026-09-12T07:31:12Z] 4.1 min: aligning {"arm_chapters_passed": 0, "arm_chapters_rejected": 1, "arm_chapters_running": 1, "paragraph_diagnostics": 167}
[2026-09-12T07:31:44Z] snapshot 801800 bytes
[2026-09-12T07:31:44Z] 4.6 min: aligning {"arm_chapters_passed": 0, "arm_chapters_rejected": 1, "arm_chapters_running": 1, "paragraph_diagnostics": 184}
[2026-09-12T07:32:15Z] 5.1 min: aligning {"arm_chapters_passed": 0, "arm_chapters_rejected": 2, "arm_chapters_running": 1, "paragraph_diagnostics": 253}
[2026-09-12T07:32:45Z] 5.6 min: aligning {"arm_chapters_passed": 0, "arm_chapters_rejected": 2, "arm_chapters_running": 1, "paragraph_diagnostics": 305}
[2026-09-12T07:33:16Z] 6.1 min: aligning {"arm_chapters_passed": 0, "arm_chapters_rejected": 3, "arm_chapters_running": 1, "paragraph_diagnostics": 341}
[2026-09-12T07:33:46Z] 6.6 min: aligning {"arm_chapters_passed": 0, "arm_chapters_rejected": 3, "arm_chapters_running": 1, "paragraph_diagnostics": 382}
[2026-09-12T07:34:17Z] 7.1 min: aligning {"arm_chapters_passed": 0, "arm_chapters_rejected": 3, "arm_chapters_running": 1, "paragraph_diagnostics": 425}
[2026-09-12T07:34:47Z] 7.7 min: aligning {"arm_chapters_passed": 1, "arm_chapters_rejected": 3, "arm_chapters_running": 1, "paragraph_diagnostics": 446}
[2026-09-12T07:35:17Z] 8.2 min: aligning {"arm_chapters_passed": 1, "arm_chapters_rejected": 4, "arm_chapters_running": 1, "paragraph_diagnostics": 499}
[2026-09-12T07:35:51Z] snapshot 2379075 bytes
[2026-09-12T07:35:51Z] 8.7 min: aligning {"arm_chapters_passed": 2, "arm_chapters_rejected": 4, "arm_chapters_running": 1, "paragraph_diagnostics": 553}
[2026-09-12T07:36:22Z] 9.2 min: aligning {"arm_chapters_passed": 2, "arm_chapters_rejected": 5, "arm_chapters_running": 1, "paragraph_diagnostics": 598}
[2026-09-12T07:36:52Z] 9.7 min: aligning {"arm_chapters_passed": 2, "arm_chapters_rejected": 5, "arm_chapters_running": 1, "paragraph_diagnostics": 613}
[2026-09-12T07:37:22Z] 10.2 min: aligning {"arm_chapters_passed": 2, "arm_chapters_rejected": 5, "arm_chapters_running": 1, "paragraph_diagnostics": 628}
