[2026-09-21T12:33:14Z] created 4bo0xt6dkphk67 tinct-bella-completion-35600091801 gpu=None $0.49/hr
[2026-09-21T12:33:15Z] waiting: pod RUNNING agent HTTP 404
[2026-09-21T12:33:30Z] waiting: pod RUNNING agent HTTP 404
[2026-09-21T12:33:47Z] phase cohort at 0.5 min; setup={"versions": {"faster-whisper": "1.2.1", "ctranslate2": "4.8.2", "av": "18.1.0"}, "commit": "53afd917a50ba040b74ab4ff1b37df7d599ddedb", "model_tree_sha256": "2cb92e2f7d762a12ad0b3b5360cd93f78bb20b7181be86e253db854a29d41572", "ld_library_path": "/usr/local/lib/python3.11/dist-packages/nvidia/cublas/l
[2026-09-21T12:33:47Z] 0.5 min: cohort {"arm_chapters_passed": 0, "arm_chapters_rejected": 0, "arm_chapters_running": 0}
[2026-09-21T12:34:17Z] 1.0 min: cohort {"arm_chapters_passed": 0, "arm_chapters_rejected": 0, "arm_chapters_running": 0}
[2026-09-21T12:34:48Z] 1.6 min: cohort {"arm_chapters_passed": 0, "arm_chapters_rejected": 0, "arm_chapters_running": 0}
[2026-09-21T12:35:18Z] 2.1 min: cohort {"arm_chapters_passed": 0, "arm_chapters_rejected": 0, "arm_chapters_running": 0}
[2026-09-21T12:35:48Z] 2.6 min: cohort {"arm_chapters_passed": 0, "arm_chapters_rejected": 0, "arm_chapters_running": 0}
[2026-09-21T12:36:19Z] 3.1 min: cohort {"arm_chapters_passed": 0, "arm_chapters_rejected": 0, "arm_chapters_running": 0}
[2026-09-21T12:36:49Z] 3.6 min: cohort {"arm_chapters_passed": 0, "arm_chapters_rejected": 0, "arm_chapters_running": 0}
[2026-09-21T12:37:20Z] 4.1 min: cohort {"arm_chapters_passed": 0, "arm_chapters_rejected": 0, "arm_chapters_running": 0}
[2026-09-21T12:37:50Z] 4.6 min: cohort {"arm_chapters_passed": 0, "arm_chapters_rejected": 0, "arm_chapters_running": 0}
[2026-09-21T12:38:21Z] 5.1 min: cohort {"arm_chapters_passed": 0, "arm_chapters_rejected": 0, "arm_chapters_running": 0}
[2026-09-21T12:38:51Z] 5.6 min: cohort {"arm_chapters_passed": 0, "arm_chapters_rejected": 0, "arm_chapters_running": 0}
[2026-09-21T12:39:21Z] 6.1 min: cohort {"arm_chapters_passed": 0, "arm_chapters_rejected": 0, "arm_chapters_running": 0}
[2026-09-21T12:39:52Z] 6.6 min: cohort {"arm_chapters_passed": 0, "arm_chapters_rejected": 0, "arm_chapters_running": 0}
[2026-09-21T12:40:22Z] snapshot 15169 bytes
[2026-09-21T12:40:22Z] phase aligning at 7.1 min; setup={"versions": {"faster-whisper": "1.2.1", "ctranslate2": "4.8.2", "av": "18.1.0"}, "commit": "53afd917a50ba040b74ab4ff1b37df7d599ddedb", "model_tree_sha256": "2cb92e2f7d762a12ad0b3b5360cd93f78bb20b7181be86e253db854a29d41572", "ld_library_path": "/usr/local/lib/python3.11/dist-packages/nvidia/cublas/l
[2026-09-21T12:40:22Z] 7.1 min: aligning {"arm_chapters_passed": 1, "arm_chapters_rejected": 0, "arm_chapters_running": 1, "paragraph_diagnostics": 6}
[2026-09-21T12:40:53Z] 7.6 min: aligning {"arm_chapters_passed": 4, "arm_chapters_rejected": 2, "arm_chapters_running": 1, "paragraph_diagnostics": 40}
[2026-09-21T12:41:23Z] 8.1 min: aligning {"arm_chapters_passed": 6, "arm_chapters_rejected": 2, "arm_chapters_running": 1, "paragraph_diagnostics": 58}
[2026-09-21T12:41:53Z] 8.7 min: aligning {"arm_chapters_passed": 9, "arm_chapters_rejected": 2, "arm_chapters_running": 1, "paragraph_diagnostics": 81}
[2026-09-21T12:42:24Z] 9.2 min: aligning {"arm_chapters_passed": 9, "arm_chapters_rejected": 3, "arm_chapters_running": 1, "paragraph_diagnostics": 108}
[2026-09-21T12:42:54Z] 9.7 min: aligning {"arm_chapters_passed": 11, "arm_chapters_rejected": 3, "arm_chapters_running": 1, "paragraph_diagnostics": 123}
[2026-09-21T12:43:25Z] 10.2 min: aligning {"arm_chapters_passed": 11, "arm_chapters_rejected": 4, "arm_chapters_running": 1, "paragraph_diagnostics": 135}
[2026-09-21T12:43:55Z] 10.7 min: aligning {"arm_chapters_passed": 14, "arm_chapters_rejected": 4, "arm_chapters_running": 1, "paragraph_diagnostics": 151}
[2026-09-21T12:44:27Z] snapshot 902646 bytes
[2026-09-21T12:44:27Z] 11.2 min: aligning {"arm_chapters_passed": 15, "arm_chapters_rejected": 4, "arm_chapters_running": 1, "paragraph_diagnostics": 173}
[2026-09-21T12:44:58Z] 11.7 min: aligning {"arm_chapters_passed": 15, "arm_chapters_rejected": 5, "arm_chapters_running": 1, "paragraph_diagnostics": 206}
[2026-09-21T12:45:28Z] 12.2 min: aligning {"arm_chapters_passed": 16, "arm_chapters_rejected": 5, "arm_chapters_running": 1, "paragraph_diagnostics": 237}
[2026-09-21T12:45:59Z] 12.7 min: aligning {"arm_chapters_passed": 18, "arm_chapters_rejected": 5, "arm_chapters_running": 1, "paragraph_diagnostics": 252}
[2026-09-21T12:46:29Z] 13.2 min: aligning {"arm_chapters_passed": 19, "arm_chapters_rejected": 5, "arm_chapters_running": 1, "paragraph_diagnostics": 258}
[2026-09-21T12:46:59Z] 13.8 min: aligning {"arm_chapters_passed": 19, "arm_chapters_rejected": 6, "arm_chapters_running": 1, "paragraph_diagnostics": 297}
[2026-09-21T12:47:30Z] 14.3 min: aligning {"arm_chapters_passed": 19, "arm_chapters_rejected": 7, "arm_chapters_running": 1, "paragraph_diagnostics": 342}
[2026-09-21T12:48:00Z] 14.8 min: aligning {"arm_chapters_passed": 20, "arm_chapters_rejected": 7, "arm_chapters_running": 1, "paragraph_diagnostics": 378}
[2026-09-21T12:48:34Z] snapshot 1803027 bytes
[2026-09-21T12:48:34Z] 15.3 min: aligning {"arm_chapters_passed": 21, "arm_chapters_rejected": 7, "arm_chapters_running": 1, "paragraph_diagnostics": 409}
[2026-09-21T12:49:05Z] 15.8 min: aligning {"arm_chapters_passed": 22, "arm_chapters_rejected": 7, "arm_chapters_running": 1, "paragraph_diagnostics": 449}
[2026-09-21T12:49:35Z] 16.3 min: aligning {"arm_chapters_passed": 23, "arm_chapters_rejected": 7, "arm_chapters_running": 1, "paragraph_diagnostics": 472}
[2026-09-21T12:50:05Z] 16.9 min: aligning {"arm_chapters_passed": 23, "arm_chapters_rejected": 8, "arm_chapters_running": 1, "paragraph_diagnostics": 480}
[2026-09-21T12:50:36Z] 17.4 min: aligning {"arm_chapters_passed": 24, "arm_chapters_rejected": 8, "arm_chapters_running": 1, "paragraph_diagnostics": 490}
[2026-09-21T12:51:06Z] 17.9 min: aligning {"arm_chapters_passed": 25, "arm_chapters_rejected": 8, "arm_chapters_running": 1, "paragraph_diagnostics": 527}
[2026-09-21T12:51:37Z] 18.4 min: aligning {"arm_chapters_passed": 25, "arm_chapters_rejected": 9, "arm_chapters_running": 1, "paragraph_diagnostics": 565}
[2026-09-21T12:52:07Z] 18.9 min: aligning {"arm_chapters_passed": 25, "arm_chapters_rejected": 10, "arm_chapters_running": 1, "paragraph_diagnostics": 589}
[2026-09-21T12:52:41Z] snapshot 2791000 bytes
[2026-09-21T12:52:41Z] 19.4 min: aligning {"arm_chapters_passed": 26, "arm_chapters_rejected": 10, "arm_chapters_running": 1, "paragraph_diagnostics": 594}
[2026-09-21T12:53:12Z] 20.0 min: aligning {"arm_chapters_passed": 27, "arm_chapters_rejected": 10, "arm_chapters_running": 1, "paragraph_diagnostics": 607}
[2026-09-21T12:53:42Z] 20.5 min: aligning {"arm_chapters_passed": 27, "arm_chapters_rejected": 10, "arm_chapters_running": 1, "paragraph_diagnostics": 645}
[2026-09-21T12:54:12Z] 21.0 min: aligning {"arm_chapters_passed": 28, "arm_chapters_rejected": 10, "arm_chapters_running": 1, "paragraph_diagnostics": 657}
[2026-09-21T12:54:43Z] 21.5 min: aligning {"arm_chapters_passed": 29, "arm_chapters_rejected": 10, "arm_chapters_running": 1, "paragraph_diagnostics": 662}
[2026-09-21T12:55:13Z] phase acoustic-review at 22.0 min; setup={"versions": {"faster-whisper": "1.2.1", "ctranslate2": "4.8.2", "av": "18.1.0"}, "commit": "53afd917a50ba040b74ab4ff1b37df7d599ddedb", "model_tree_sha256": "2cb92e2f7d762a12ad0b3b5360cd93f78bb20b7181be86e253db854a29d41572", "ld_library_path": "/usr/local/lib/python3.11/dist-packages/nvidia/cublas/l
[2026-09-21T12:55:13Z] 22.0 min: acoustic-review {"arm_chapters_passed": 30, "arm_chapters_rejected": 10, "arm_chapters_running": 0, "paragraph_diagnostics": 672}
[2026-09-21T12:55:44Z] 22.5 min: acoustic-review {"arm_chapters_passed": 30, "arm_chapters_rejected": 10, "arm_chapters_running": 0, "paragraph_diagnostics": 672}
[2026-09-21T12:56:14Z] 23.0 min: acoustic-review {"arm_chapters_passed": 30, "arm_chapters_rejected": 10, "arm_chapters_running": 0, "paragraph_diagnostics": 672}
[2026-09-21T12:56:45Z] 23.5 min: acoustic-review {"arm_chapters_passed": 30, "arm_chapters_rejected": 10, "arm_chapters_running": 0, "paragraph_diagnostics": 672}
[2026-09-21T12:57:15Z] 24.0 min: acoustic-review {"arm_chapters_passed": 30, "arm_chapters_rejected": 10, "arm_chapters_running": 0, "paragraph_diagnostics": 672}
[2026-09-21T12:57:45Z] 24.5 min: acoustic-review {"arm_chapters_passed": 30, "arm_chapters_rejected": 10, "arm_chapters_running": 0, "paragraph_diagnostics": 672}
[2026-09-21T12:58:16Z] phase done at 25.0 min; setup={"versions": {"faster-whisper": "1.2.1", "ctranslate2": "4.8.2", "av": "18.1.0"}, "commit": "53afd917a50ba040b74ab4ff1b37df7d599ddedb", "model_tree_sha256": "2cb92e2f7d762a12ad0b3b5360cd93f78bb20b7181be86e253db854a29d41572", "ld_library_path": "/usr/local/lib/python3.11/dist-packages/nvidia/cublas/l
[2026-09-21T12:58:16Z] 25.0 min: done {"arm_chapters_passed": 30, "arm_chapters_rejected": 10, "arm_chapters_running": 0, "paragraph_diagnostics": 672}
[2026-09-21T12:58:23Z] fetched out.tar.gz (3806506 bytes)
[2026-09-21T12:58:24Z] stop 4bo0xt6dkphk67: HTTP 200
[2026-09-21T12:58:25Z] terminate 4bo0xt6dkphk67: HTTP 204
[2026-09-21T12:58:25Z] pod 4bo0xt6dkphk67 done: outcome=done uptime=25.2m est $0.21
