[2026-09-12T07:54:51Z] created 7shn4vuqel8gu6 tinct-words-run2-83 gpu=None $0.49/hr
[2026-09-12T07:54:52Z] waiting: pod RUNNING agent HTTP 404
[2026-09-12T07:55:08Z] waiting: pod RUNNING agent HTTP 404
[2026-09-12T07:55:26Z] phase cohort at 0.6 min; setup={"versions": {"faster-whisper": "1.2.1", "ctranslate2": "4.8.2", "av": "18.1.0"}, "commit": "f53d744782e3c369fffd2980a013a7f199c0476e", "model_tree_sha256": "f1fe271c349229677131d389a96d0a28062a6a2c2fee54a8ce119c43538315c5", "ld_library_path": "/usr/local/lib/python3.11/dist-packages/nvidia/cublas/l
[2026-09-12T07:55:26Z] 0.6 min: cohort {"arm_chapters_passed": 0, "arm_chapters_rejected": 0, "arm_chapters_running": 0}
[2026-09-12T07:55:56Z] 1.1 min: cohort {"arm_chapters_passed": 0, "arm_chapters_rejected": 0, "arm_chapters_running": 0}
[2026-09-12T07:56:27Z] 1.6 min: cohort {"arm_chapters_passed": 0, "arm_chapters_rejected": 0, "arm_chapters_running": 0}
[2026-09-12T07:56:58Z] phase aligning at 2.1 min; setup={"versions": {"faster-whisper": "1.2.1", "ctranslate2": "4.8.2", "av": "18.1.0"}, "commit": "f53d744782e3c369fffd2980a013a7f199c0476e", "model_tree_sha256": "f1fe271c349229677131d389a96d0a28062a6a2c2fee54a8ce119c43538315c5", "ld_library_path": "/usr/local/lib/python3.11/dist-packages/nvidia/cublas/l
[2026-09-12T07:56:58Z] 2.1 min: aligning {"arm_chapters_passed": 0, "arm_chapters_rejected": 0, "arm_chapters_running": 1, "paragraph_diagnostics": 2}
[2026-09-12T07:57:29Z] 2.6 min: aligning {"arm_chapters_passed": 0, "arm_chapters_rejected": 0, "arm_chapters_running": 1, "paragraph_diagnostics": 23}
[2026-09-12T07:57:59Z] 3.1 min: aligning {"arm_chapters_passed": 0, "arm_chapters_rejected": 0, "arm_chapters_running": 1, "paragraph_diagnostics": 43}
[2026-09-12T07:58:30Z] 3.6 min: aligning {"arm_chapters_passed": 0, "arm_chapters_rejected": 1, "arm_chapters_running": 1, "paragraph_diagnostics": 53}
[2026-09-12T07:59:01Z] 4.2 min: aligning {"arm_chapters_passed": 0, "arm_chapters_rejected": 1, "arm_chapters_running": 1, "paragraph_diagnostics": 68}
[2026-09-12T07:59:34Z] snapshot 1318440 bytes
[2026-09-12T07:59:34Z] 4.7 min: aligning {"arm_chapters_passed": 0, "arm_chapters_rejected": 1, "arm_chapters_running": 1, "paragraph_diagnostics": 73}
[2026-09-12T08:00:05Z] 5.2 min: aligning {"arm_chapters_passed": 0, "arm_chapters_rejected": 1, "arm_chapters_running": 1, "paragraph_diagnostics": 83}
[2026-09-12T08:00:36Z] 5.7 min: aligning {"arm_chapters_passed": 0, "arm_chapters_rejected": 1, "arm_chapters_running": 1, "paragraph_diagnostics": 91}
[2026-09-12T08:01:06Z] 6.2 min: aligning {"arm_chapters_passed": 1, "arm_chapters_rejected": 1, "arm_chapters_running": 1, "paragraph_diagnostics": 115}
[2026-09-12T08:01:37Z] 6.8 min: aligning {"arm_chapters_passed": 1, "arm_chapters_rejected": 2, "arm_chapters_running": 1, "paragraph_diagnostics": 130}
[2026-09-12T08:02:08Z] 7.3 min: aligning {"arm_chapters_passed": 1, "arm_chapters_rejected": 2, "arm_chapters_running": 1, "paragraph_diagnostics": 137}
[2026-09-12T08:02:39Z] 7.8 min: aligning {"arm_chapters_passed": 2, "arm_chapters_rejected": 2, "arm_chapters_running": 1, "paragraph_diagnostics": 164}
[2026-09-12T08:03:10Z] 8.3 min: aligning {"arm_chapters_passed": 2, "arm_chapters_rejected": 3, "arm_chapters_running": 1, "paragraph_diagnostics": 186}
[2026-09-12T08:03:45Z] snapshot 3458315 bytes
[2026-09-12T08:03:45Z] 8.8 min: aligning {"arm_chapters_passed": 2, "arm_chapters_rejected": 3, "arm_chapters_running": 1, "paragraph_diagnostics": 208}
[2026-09-12T08:04:16Z] 9.4 min: aligning {"arm_chapters_passed": 2, "arm_chapters_rejected": 3, "arm_chapters_running": 1, "paragraph_diagnostics": 221}
[2026-09-12T08:04:47Z] 9.9 min: aligning {"arm_chapters_passed": 3, "arm_chapters_rejected": 3, "arm_chapters_running": 1, "paragraph_diagnostics": 244}
[2026-09-12T08:05:18Z] 10.4 min: aligning {"arm_chapters_passed": 3, "arm_chapters_rejected": 3, "arm_chapters_running": 1, "paragraph_diagnostics": 268}
[2026-09-12T08:05:49Z] 11.0 min: aligning {"arm_chapters_passed": 3, "arm_chapters_rejected": 4, "arm_chapters_running": 1, "paragraph_diagnostics": 280}
[2026-09-12T08:06:20Z] 11.5 min: aligning {"arm_chapters_passed": 3, "arm_chapters_rejected": 4, "arm_chapters_running": 1, "paragraph_diagnostics": 300}
[2026-09-12T08:06:51Z] 12.0 min: aligning {"arm_chapters_passed": 3, "arm_chapters_rejected": 4, "arm_chapters_running": 1, "paragraph_diagnostics": 307}
[2026-09-12T08:07:22Z] 12.5 min: aligning {"arm_chapters_passed": 3, "arm_chapters_rejected": 4, "arm_chapters_running": 1, "paragraph_diagnostics": 320}
[2026-09-12T08:08:00Z] snapshot 5602963 bytes
[2026-09-12T08:08:00Z] 13.0 min: aligning {"arm_chapters_passed": 3, "arm_chapters_rejected": 4, "arm_chapters_running": 1, "paragraph_diagnostics": 326}
[2026-09-12T08:08:31Z] 13.7 min: aligning {"arm_chapters_passed": 4, "arm_chapters_rejected": 4, "arm_chapters_running": 1, "paragraph_diagnostics": 348}
[2026-09-12T08:09:01Z] 14.2 min: aligning {"arm_chapters_passed": 4, "arm_chapters_rejected": 5, "arm_chapters_running": 1, "paragraph_diagnostics": 369}
[2026-09-12T08:09:32Z] 14.7 min: aligning {"arm_chapters_passed": 4, "arm_chapters_rejected": 5, "arm_chapters_running": 1, "paragraph_diagnostics": 374}
[2026-09-12T08:10:03Z] 15.2 min: aligning {"arm_chapters_passed": 5, "arm_chapters_rejected": 5, "arm_chapters_running": 1, "paragraph_diagnostics": 404}
[2026-09-12T08:10:34Z] 15.7 min: aligning {"arm_chapters_passed": 6, "arm_chapters_rejected": 5, "arm_chapters_running": 1, "paragraph_diagnostics": 428}
[2026-09-12T08:11:05Z] 16.2 min: aligning {"arm_chapters_passed": 6, "arm_chapters_rejected": 5, "arm_chapters_running": 1, "paragraph_diagnostics": 446}
[2026-09-12T08:11:35Z] 16.7 min: aligning {"arm_chapters_passed": 7, "arm_chapters_rejected": 5, "arm_chapters_running": 1, "paragraph_diagnostics": 479}
[2026-09-12T08:12:16Z] snapshot 7805429 bytes
[2026-09-12T08:12:16Z] 17.2 min: aligning {"arm_chapters_passed": 8, "arm_chapters_rejected": 5, "arm_chapters_running": 1, "paragraph_diagnostics": 500}
[2026-09-12T08:12:47Z] 17.9 min: aligning {"arm_chapters_passed": 8, "arm_chapters_rejected": 5, "arm_chapters_running": 1, "paragraph_diagnostics": 512}
[2026-09-12T08:13:18Z] 18.4 min: aligning {"arm_chapters_passed": 9, "arm_chapters_rejected": 6, "arm_chapters_running": 1, "paragraph_diagnostics": 535}
[2026-09-12T08:13:48Z] 18.9 min: aligning {"arm_chapters_passed": 9, "arm_chapters_rejected": 6, "arm_chapters_running": 1, "paragraph_diagnostics": 549}
[2026-09-12T08:14:19Z] 19.5 min: aligning {"arm_chapters_passed": 10, "arm_chapters_rejected": 6, "arm_chapters_running": 1, "paragraph_diagnostics": 564}
[2026-09-12T08:14:50Z] 20.0 min: aligning {"arm_chapters_passed": 10, "arm_chapters_rejected": 6, "arm_chapters_running": 1, "paragraph_diagnostics": 606}
[2026-09-12T08:15:21Z] 20.5 min: aligning {"arm_chapters_passed": 10, "arm_chapters_rejected": 7, "arm_chapters_running": 1, "paragraph_diagnostics": 622}
[2026-09-12T08:15:52Z] 21.0 min: aligning {"arm_chapters_passed": 10, "arm_chapters_rejected": 7, "arm_chapters_running": 1, "paragraph_diagnostics": 629}
[2026-09-12T08:16:33Z] snapshot 9882743 bytes
[2026-09-12T08:16:33Z] 21.5 min: aligning {"arm_chapters_passed": 10, "arm_chapters_rejected": 7, "arm_chapters_running": 1, "paragraph_diagnostics": 652}
[2026-09-12T08:17:04Z] 22.2 min: aligning {"arm_chapters_passed": 10, "arm_chapters_rejected": 7, "arm_chapters_running": 1, "paragraph_diagnostics": 677}
[2026-09-12T08:17:35Z] 22.7 min: aligning {"arm_chapters_passed": 11, "arm_chapters_rejected": 7, "arm_chapters_running": 1, "paragraph_diagnostics": 698}
[2026-09-12T08:18:06Z] 23.2 min: aligning {"arm_chapters_passed": 11, "arm_chapters_rejected": 8, "arm_chapters_running": 1, "paragraph_diagnostics": 725}
[2026-09-12T08:18:36Z] 23.7 min: aligning {"arm_chapters_passed": 11, "arm_chapters_rejected": 8, "arm_chapters_running": 1, "paragraph_diagnostics": 742}
[2026-09-12T08:19:07Z] 24.3 min: aligning {"arm_chapters_passed": 11, "arm_chapters_rejected": 8, "arm_chapters_running": 1, "paragraph_diagnostics": 755}
[2026-09-12T08:19:38Z] 24.8 min: aligning {"arm_chapters_passed": 12, "arm_chapters_rejected": 8, "arm_chapters_running": 1, "paragraph_diagnostics": 785}
[2026-09-12T08:20:09Z] 25.3 min: aligning {"arm_chapters_passed": 12, "arm_chapters_rejected": 9, "arm_chapters_running": 1, "paragraph_diagnostics": 823}
[2026-09-12T08:20:54Z] snapshot 11858581 bytes
[2026-09-12T08:20:54Z] 25.8 min: aligning {"arm_chapters_passed": 13, "arm_chapters_rejected": 9, "arm_chapters_running": 1, "paragraph_diagnostics": 866}
[2026-09-12T08:21:25Z] 26.6 min: aligning {"arm_chapters_passed": 13, "arm_chapters_rejected": 10, "arm_chapters_running": 1, "paragraph_diagnostics": 919}
[2026-09-12T08:21:56Z] 27.1 min: aligning {"arm_chapters_passed": 14, "arm_chapters_rejected": 10, "arm_chapters_running": 1, "paragraph_diagnostics": 947}
[2026-09-12T08:22:27Z] 27.6 min: aligning {"arm_chapters_passed": 14, "arm_chapters_rejected": 11, "arm_chapters_running": 1, "paragraph_diagnostics": 977}
[2026-09-12T08:22:58Z] 28.1 min: aligning {"arm_chapters_passed": 14, "arm_chapters_rejected": 11, "arm_chapters_running": 1, "paragraph_diagnostics": 983}
[2026-09-12T08:23:29Z] 28.6 min: aligning {"arm_chapters_passed": 15, "arm_chapters_rejected": 11, "arm_chapters_running": 1, "paragraph_diagnostics": 1023}
[2026-09-12T08:24:00Z] 29.1 min: aligning {"arm_chapters_passed": 15, "arm_chapters_rejected": 12, "arm_chapters_running": 1, "paragraph_diagnostics": 1049}
[2026-09-12T08:24:30Z] 29.6 min: aligning {"arm_chapters_passed": 16, "arm_chapters_rejected": 12, "arm_chapters_running": 1, "paragraph_diagnostics": 1082}
[2026-09-12T08:25:16Z] snapshot 13631358 bytes
[2026-09-12T08:25:16Z] 30.2 min: aligning {"arm_chapters_passed": 16, "arm_chapters_rejected": 13, "arm_chapters_running": 1, "paragraph_diagnostics": 1115}
[2026-09-12T08:25:47Z] 30.9 min: aligning {"arm_chapters_passed": 17, "arm_chapters_rejected": 13, "arm_chapters_running": 1, "paragraph_diagnostics": 1176}
[2026-09-12T08:26:18Z] 31.4 min: aligning {"arm_chapters_passed": 17, "arm_chapters_rejected": 14, "arm_chapters_running": 1, "paragraph_diagnostics": 1202}
[2026-09-12T08:26:49Z] 31.9 min: aligning {"arm_chapters_passed": 17, "arm_chapters_rejected": 14, "arm_chapters_running": 1, "paragraph_diagnostics": 1224}
[2026-09-12T08:27:19Z] 32.5 min: aligning {"arm_chapters_passed": 17, "arm_chapters_rejected": 14, "arm_chapters_running": 1, "paragraph_diagnostics": 1236}
[2026-09-12T08:27:50Z] 33.0 min: aligning {"arm_chapters_passed": 18, "arm_chapters_rejected": 14, "arm_chapters_running": 1, "paragraph_diagnostics": 1267}
[2026-09-12T08:28:22Z] 33.5 min: aligning {"arm_chapters_passed": 18, "arm_chapters_rejected": 15, "arm_chapters_running": 1, "paragraph_diagnostics": 1289}
[2026-09-12T08:28:53Z] 34.0 min: aligning {"arm_chapters_passed": 18, "arm_chapters_rejected": 15, "arm_chapters_running": 1, "paragraph_diagnostics": 1302}
[2026-09-12T08:29:40Z] snapshot 15627837 bytes
[2026-09-12T08:29:40Z] 34.5 min: aligning {"arm_chapters_passed": 19, "arm_chapters_rejected": 15, "arm_chapters_running": 1, "paragraph_diagnostics": 1335}
[2026-09-12T08:30:11Z] 35.3 min: aligning {"arm_chapters_passed": 19, "arm_chapters_rejected": 16, "arm_chapters_running": 1, "paragraph_diagnostics": 1361}
[2026-09-12T08:30:41Z] 35.8 min: aligning {"arm_chapters_passed": 19, "arm_chapters_rejected": 16, "arm_chapters_running": 1, "paragraph_diagnostics": 1384}
[2026-09-12T08:31:12Z] phase done at 36.3 min; setup={"versions": {"faster-whisper": "1.2.1", "ctranslate2": "4.8.2", "av": "18.1.0"}, "commit": "f53d744782e3c369fffd2980a013a7f199c0476e", "model_tree_sha256": "f1fe271c349229677131d389a96d0a28062a6a2c2fee54a8ce119c43538315c5", "ld_library_path": "/usr/local/lib/python3.11/dist-packages/nvidia/cublas/l
[2026-09-12T08:31:12Z] 36.3 min: done {"arm_chapters_passed": 20, "arm_chapters_rejected": 16, "arm_chapters_running": 0, "paragraph_diagnostics": 1390}
[2026-09-12T08:31:31Z] fetched out.tar.gz (16356961 bytes)
[2026-09-12T08:31:33Z] stop 7shn4vuqel8gu6: HTTP 200
[2026-09-12T08:31:34Z] terminate 7shn4vuqel8gu6: HTTP 204
[2026-09-12T08:31:34Z] pod 7shn4vuqel8gu6 done: outcome=done uptime=36.7m est $0.30
