[2026-09-12T08:01:03Z] created hjuc9rkc23mrro tinct-words-run2-91 gpu=None $0.49/hr
[2026-09-12T08:01:04Z] waiting: pod RUNNING agent HTTP 404
[2026-09-12T08:01:20Z] waiting: pod RUNNING agent HTTP 404
[2026-09-12T08:01:37Z] phase cohort at 0.6 min; setup={"versions": {"faster-whisper": "1.2.1", "ctranslate2": "4.8.2", "av": "18.1.0"}, "commit": "f53d744782e3c369fffd2980a013a7f199c0476e", "model_tree_sha256": "f1fe271c349229677131d389a96d0a28062a6a2c2fee54a8ce119c43538315c5", "ld_library_path": "/usr/local/lib/python3.11/dist-packages/nvidia/cublas/l
[2026-09-12T08:01:37Z] 0.6 min: cohort {"arm_chapters_passed": 0, "arm_chapters_rejected": 0, "arm_chapters_running": 0}
[2026-09-12T08:02:08Z] 1.1 min: cohort {"arm_chapters_passed": 0, "arm_chapters_rejected": 0, "arm_chapters_running": 0}
[2026-09-12T08:02:39Z] 1.6 min: cohort {"arm_chapters_passed": 0, "arm_chapters_rejected": 0, "arm_chapters_running": 0}
[2026-09-12T08:03:10Z] phase aligning at 2.1 min; setup={"versions": {"faster-whisper": "1.2.1", "ctranslate2": "4.8.2", "av": "18.1.0"}, "commit": "f53d744782e3c369fffd2980a013a7f199c0476e", "model_tree_sha256": "f1fe271c349229677131d389a96d0a28062a6a2c2fee54a8ce119c43538315c5", "ld_library_path": "/usr/local/lib/python3.11/dist-packages/nvidia/cublas/l
[2026-09-12T08:03:10Z] 2.1 min: aligning {"arm_chapters_passed": 0, "arm_chapters_rejected": 0, "arm_chapters_running": 1, "paragraph_diagnostics": 3}
[2026-09-12T08:03:41Z] 2.6 min: aligning {"arm_chapters_passed": 0, "arm_chapters_rejected": 0, "arm_chapters_running": 1, "paragraph_diagnostics": 42}
[2026-09-12T08:04:12Z] 3.1 min: aligning {"arm_chapters_passed": 0, "arm_chapters_rejected": 1, "arm_chapters_running": 1, "paragraph_diagnostics": 71}
[2026-09-12T08:04:42Z] 3.7 min: aligning {"arm_chapters_passed": 0, "arm_chapters_rejected": 1, "arm_chapters_running": 1, "paragraph_diagnostics": 81}
[2026-09-12T08:05:13Z] 4.2 min: aligning {"arm_chapters_passed": 0, "arm_chapters_rejected": 1, "arm_chapters_running": 1, "paragraph_diagnostics": 113}
[2026-09-12T08:05:47Z] snapshot 962836 bytes
[2026-09-12T08:05:47Z] 4.7 min: aligning {"arm_chapters_passed": 0, "arm_chapters_rejected": 2, "arm_chapters_running": 1, "paragraph_diagnostics": 143}
[2026-09-12T08:06:17Z] 5.2 min: aligning {"arm_chapters_passed": 1, "arm_chapters_rejected": 2, "arm_chapters_running": 1, "paragraph_diagnostics": 193}
[2026-09-12T08:06:48Z] 5.7 min: aligning {"arm_chapters_passed": 2, "arm_chapters_rejected": 2, "arm_chapters_running": 1, "paragraph_diagnostics": 236}
[2026-09-12T08:07:19Z] 6.3 min: aligning {"arm_chapters_passed": 2, "arm_chapters_rejected": 3, "arm_chapters_running": 1, "paragraph_diagnostics": 301}
[2026-09-12T08:07:50Z] 6.8 min: aligning {"arm_chapters_passed": 2, "arm_chapters_rejected": 3, "arm_chapters_running": 1, "paragraph_diagnostics": 341}
[2026-09-12T08:08:21Z] 7.3 min: aligning {"arm_chapters_passed": 3, "arm_chapters_rejected": 3, "arm_chapters_running": 1, "paragraph_diagnostics": 372}
[2026-09-12T08:08:52Z] 7.8 min: aligning {"arm_chapters_passed": 3, "arm_chapters_rejected": 3, "arm_chapters_running": 1, "paragraph_diagnostics": 406}
[2026-09-12T08:09:22Z] 8.3 min: aligning {"arm_chapters_passed": 3, "arm_chapters_rejected": 4, "arm_chapters_running": 1, "paragraph_diagnostics": 431}
[2026-09-12T08:09:58Z] snapshot 2367953 bytes
[2026-09-12T08:09:58Z] 8.8 min: aligning {"arm_chapters_passed": 3, "arm_chapters_rejected": 4, "arm_chapters_running": 1, "paragraph_diagnostics": 446}
[2026-09-12T08:10:29Z] 9.4 min: aligning {"arm_chapters_passed": 3, "arm_chapters_rejected": 4, "arm_chapters_running": 1, "paragraph_diagnostics": 465}
[2026-09-12T08:10:59Z] 9.9 min: aligning {"arm_chapters_passed": 3, "arm_chapters_rejected": 4, "arm_chapters_running": 1, "paragraph_diagnostics": 483}
[2026-09-12T08:11:30Z] 10.4 min: aligning {"arm_chapters_passed": 3, "arm_chapters_rejected": 5, "arm_chapters_running": 1, "paragraph_diagnostics": 518}
[2026-09-12T08:12:01Z] 11.0 min: aligning {"arm_chapters_passed": 3, "arm_chapters_rejected": 6, "arm_chapters_running": 1, "paragraph_diagnostics": 550}
[2026-09-12T08:12:32Z] 11.5 min: aligning {"arm_chapters_passed": 3, "arm_chapters_rejected": 6, "arm_chapters_running": 1, "paragraph_diagnostics": 558}
[2026-09-12T08:13:03Z] 12.0 min: aligning {"arm_chapters_passed": 3, "arm_chapters_rejected": 6, "arm_chapters_running": 1, "paragraph_diagnostics": 594}
[2026-09-12T08:13:34Z] 12.5 min: aligning {"arm_chapters_passed": 4, "arm_chapters_rejected": 6, "arm_chapters_running": 1, "paragraph_diagnostics": 619}
[2026-09-12T08:14:11Z] snapshot 3794421 bytes
[2026-09-12T08:14:11Z] 13.0 min: aligning {"arm_chapters_passed": 4, "arm_chapters_rejected": 6, "arm_chapters_running": 1, "paragraph_diagnostics": 680}
[2026-09-12T08:14:42Z] 13.6 min: aligning {"arm_chapters_passed": 4, "arm_chapters_rejected": 7, "arm_chapters_running": 1, "paragraph_diagnostics": 714}
[2026-09-12T08:15:13Z] 14.2 min: aligning {"arm_chapters_passed": 4, "arm_chapters_rejected": 7, "arm_chapters_running": 1, "paragraph_diagnostics": 743}
[2026-09-12T08:15:44Z] 14.7 min: aligning {"arm_chapters_passed": 4, "arm_chapters_rejected": 7, "arm_chapters_running": 1, "paragraph_diagnostics": 795}
[2026-09-12T08:16:15Z] 15.2 min: aligning {"arm_chapters_passed": 4, "arm_chapters_rejected": 8, "arm_chapters_running": 1, "paragraph_diagnostics": 834}
[2026-09-12T08:16:45Z] 15.7 min: aligning {"arm_chapters_passed": 4, "arm_chapters_rejected": 9, "arm_chapters_running": 1, "paragraph_diagnostics": 880}
[2026-09-12T08:17:16Z] 16.2 min: aligning {"arm_chapters_passed": 4, "arm_chapters_rejected": 9, "arm_chapters_running": 1, "paragraph_diagnostics": 918}
[2026-09-12T08:17:47Z] 16.7 min: aligning {"arm_chapters_passed": 4, "arm_chapters_rejected": 10, "arm_chapters_running": 1, "paragraph_diagnostics": 971}
[2026-09-12T08:18:26Z] snapshot 5340054 bytes
[2026-09-12T08:18:26Z] 17.2 min: aligning {"arm_chapters_passed": 4, "arm_chapters_rejected": 11, "arm_chapters_running": 1, "paragraph_diagnostics": 1014}
[2026-09-12T08:18:57Z] 17.9 min: aligning {"arm_chapters_passed": 4, "arm_chapters_rejected": 11, "arm_chapters_running": 1, "paragraph_diagnostics": 1038}
[2026-09-12T08:19:28Z] 18.4 min: aligning {"arm_chapters_passed": 4, "arm_chapters_rejected": 11, "arm_chapters_running": 1, "paragraph_diagnostics": 1063}
[2026-09-12T08:19:59Z] 18.9 min: aligning {"arm_chapters_passed": 5, "arm_chapters_rejected": 11, "arm_chapters_running": 1, "paragraph_diagnostics": 1075}
[2026-09-12T08:20:30Z] 19.4 min: aligning {"arm_chapters_passed": 5, "arm_chapters_rejected": 11, "arm_chapters_running": 1, "paragraph_diagnostics": 1119}
[2026-09-12T08:21:01Z] 20.0 min: aligning {"arm_chapters_passed": 5, "arm_chapters_rejected": 12, "arm_chapters_running": 1, "paragraph_diagnostics": 1140}
[2026-09-12T08:21:32Z] 20.5 min: aligning {"arm_chapters_passed": 5, "arm_chapters_rejected": 12, "arm_chapters_running": 1, "paragraph_diagnostics": 1160}
[2026-09-12T08:22:03Z] 21.0 min: aligning {"arm_chapters_passed": 5, "arm_chapters_rejected": 12, "arm_chapters_running": 1, "paragraph_diagnostics": 1182}
[2026-09-12T08:22:43Z] snapshot 6844330 bytes
[2026-09-12T08:22:43Z] 21.5 min: aligning {"arm_chapters_passed": 5, "arm_chapters_rejected": 12, "arm_chapters_running": 1, "paragraph_diagnostics": 1202}
[2026-09-12T08:23:14Z] 22.2 min: aligning {"arm_chapters_passed": 6, "arm_chapters_rejected": 12, "arm_chapters_running": 1, "paragraph_diagnostics": 1246}
[2026-09-12T08:23:46Z] 22.7 min: aligning {"arm_chapters_passed": 6, "arm_chapters_rejected": 13, "arm_chapters_running": 1, "paragraph_diagnostics": 1258}
[2026-09-12T08:24:16Z] 23.2 min: aligning {"arm_chapters_passed": 6, "arm_chapters_rejected": 13, "arm_chapters_running": 1, "paragraph_diagnostics": 1273}
[2026-09-12T08:24:47Z] 23.7 min: aligning {"arm_chapters_passed": 6, "arm_chapters_rejected": 13, "arm_chapters_running": 1, "paragraph_diagnostics": 1286}
[2026-09-12T08:25:18Z] 24.2 min: aligning {"arm_chapters_passed": 6, "arm_chapters_rejected": 13, "arm_chapters_running": 1, "paragraph_diagnostics": 1306}
[2026-09-12T08:25:49Z] 24.8 min: aligning {"arm_chapters_passed": 6, "arm_chapters_rejected": 13, "arm_chapters_running": 1, "paragraph_diagnostics": 1308}
[2026-09-12T08:26:21Z] 25.3 min: aligning {"arm_chapters_passed": 7, "arm_chapters_rejected": 13, "arm_chapters_running": 1, "paragraph_diagnostics": 1319}
[2026-09-12T08:27:03Z] snapshot 8608209 bytes
[2026-09-12T08:27:03Z] 25.8 min: aligning {"arm_chapters_passed": 7, "arm_chapters_rejected": 13, "arm_chapters_running": 1, "paragraph_diagnostics": 1372}
[2026-09-12T08:27:34Z] 26.5 min: aligning {"arm_chapters_passed": 7, "arm_chapters_rejected": 13, "arm_chapters_running": 1, "paragraph_diagnostics": 1427}
[2026-09-12T08:28:05Z] 27.0 min: aligning {"arm_chapters_passed": 7, "arm_chapters_rejected": 14, "arm_chapters_running": 1, "paragraph_diagnostics": 1476}
[2026-09-12T08:28:36Z] 27.5 min: aligning {"arm_chapters_passed": 7, "arm_chapters_rejected": 14, "arm_chapters_running": 1, "paragraph_diagnostics": 1485}
[2026-09-12T08:29:07Z] 28.1 min: aligning {"arm_chapters_passed": 7, "arm_chapters_rejected": 14, "arm_chapters_running": 1, "paragraph_diagnostics": 1512}
[2026-09-12T08:29:37Z] 28.6 min: aligning {"arm_chapters_passed": 7, "arm_chapters_rejected": 14, "arm_chapters_running": 1, "paragraph_diagnostics": 1549}
[2026-09-12T08:30:08Z] 29.1 min: aligning {"arm_chapters_passed": 7, "arm_chapters_rejected": 14, "arm_chapters_running": 1, "paragraph_diagnostics": 1568}
[2026-09-12T08:30:39Z] 29.6 min: aligning {"arm_chapters_passed": 7, "arm_chapters_rejected": 14, "arm_chapters_running": 1, "paragraph_diagnostics": 1576}
[2026-09-12T08:31:23Z] snapshot 10016712 bytes
[2026-09-12T08:31:23Z] 30.1 min: aligning {"arm_chapters_passed": 7, "arm_chapters_rejected": 14, "arm_chapters_running": 1, "paragraph_diagnostics": 1623}
[2026-09-12T08:31:54Z] 30.8 min: aligning {"arm_chapters_passed": 7, "arm_chapters_rejected": 15, "arm_chapters_running": 1, "paragraph_diagnostics": 1653}
