[2026-09-12T06:17:54Z] created 3m824lngfp8dxi tinct-words-run2-47 gpu=None $0.49/hr
[2026-09-12T06:17:55Z] waiting: pod RUNNING agent HTTP 404
[2026-09-12T06:18:11Z] waiting: pod RUNNING agent HTTP 404
[2026-09-12T06:18:27Z] phase cohort at 0.5 min; setup={"versions": {"faster-whisper": "1.2.1", "ctranslate2": "4.8.2", "av": "18.1.0"}, "commit": "f53d744782e3c369fffd2980a013a7f199c0476e", "model_tree_sha256": "f1fe271c349229677131d389a96d0a28062a6a2c2fee54a8ce119c43538315c5", "ld_library_path": "/usr/local/lib/python3.11/dist-packages/nvidia/cublas/l
[2026-09-12T06:18:27Z] 0.5 min: cohort {"arm_chapters_passed": 0, "arm_chapters_rejected": 0, "arm_chapters_running": 0}
[2026-09-12T06:18:58Z] 1.0 min: cohort {"arm_chapters_passed": 0, "arm_chapters_rejected": 0, "arm_chapters_running": 0}
[2026-09-12T06:19:28Z] 1.6 min: cohort {"arm_chapters_passed": 0, "arm_chapters_rejected": 0, "arm_chapters_running": 0}
[2026-09-12T06:19:58Z] phase aligning at 2.1 min; setup={"versions": {"faster-whisper": "1.2.1", "ctranslate2": "4.8.2", "av": "18.1.0"}, "commit": "f53d744782e3c369fffd2980a013a7f199c0476e", "model_tree_sha256": "f1fe271c349229677131d389a96d0a28062a6a2c2fee54a8ce119c43538315c5", "ld_library_path": "/usr/local/lib/python3.11/dist-packages/nvidia/cublas/l
[2026-09-12T06:19:58Z] 2.1 min: aligning {"arm_chapters_passed": 0, "arm_chapters_rejected": 0, "arm_chapters_running": 0}
[2026-09-12T06:20:29Z] 2.6 min: aligning {"arm_chapters_passed": 1, "arm_chapters_rejected": 1, "arm_chapters_running": 1, "paragraph_diagnostics": 49}
[2026-09-12T06:20:59Z] 3.1 min: aligning {"arm_chapters_passed": 1, "arm_chapters_rejected": 1, "arm_chapters_running": 1, "paragraph_diagnostics": 123}
[2026-09-12T06:21:30Z] 3.6 min: aligning {"arm_chapters_passed": 1, "arm_chapters_rejected": 2, "arm_chapters_running": 1, "paragraph_diagnostics": 186}
[2026-09-12T06:22:00Z] 4.1 min: aligning {"arm_chapters_passed": 1, "arm_chapters_rejected": 2, "arm_chapters_running": 1, "paragraph_diagnostics": 217}
[2026-09-12T06:22:32Z] snapshot 776089 bytes
[2026-09-12T06:22:32Z] 4.6 min: aligning {"arm_chapters_passed": 1, "arm_chapters_rejected": 3, "arm_chapters_running": 1, "paragraph_diagnostics": 263}
[2026-09-12T06:23:02Z] 5.1 min: aligning {"arm_chapters_passed": 1, "arm_chapters_rejected": 4, "arm_chapters_running": 1, "paragraph_diagnostics": 309}
[2026-09-12T06:23:33Z] 5.6 min: aligning {"arm_chapters_passed": 2, "arm_chapters_rejected": 5, "arm_chapters_running": 1, "paragraph_diagnostics": 346}
[2026-09-12T06:24:03Z] 6.1 min: aligning {"arm_chapters_passed": 3, "arm_chapters_rejected": 5, "arm_chapters_running": 1, "paragraph_diagnostics": 390}
[2026-09-12T06:24:34Z] 6.6 min: aligning {"arm_chapters_passed": 3, "arm_chapters_rejected": 6, "arm_chapters_running": 1, "paragraph_diagnostics": 443}
[2026-09-12T06:25:04Z] 7.2 min: aligning {"arm_chapters_passed": 3, "arm_chapters_rejected": 6, "arm_chapters_running": 1, "paragraph_diagnostics": 454}
[2026-09-12T06:25:35Z] 7.7 min: aligning {"arm_chapters_passed": 3, "arm_chapters_rejected": 6, "arm_chapters_running": 1, "paragraph_diagnostics": 467}
[2026-09-12T06:26:05Z] 8.2 min: aligning {"arm_chapters_passed": 3, "arm_chapters_rejected": 7, "arm_chapters_running": 1, "paragraph_diagnostics": 492}
[2026-09-12T06:26:39Z] snapshot 2076641 bytes
[2026-09-12T06:26:39Z] 8.7 min: aligning {"arm_chapters_passed": 3, "arm_chapters_rejected": 8, "arm_chapters_running": 1, "paragraph_diagnostics": 553}
[2026-09-12T06:27:09Z] 9.2 min: aligning {"arm_chapters_passed": 3, "arm_chapters_rejected": 10, "arm_chapters_running": 1, "paragraph_diagnostics": 607}
[2026-09-12T06:27:40Z] 9.8 min: aligning {"arm_chapters_passed": 4, "arm_chapters_rejected": 10, "arm_chapters_running": 1, "paragraph_diagnostics": 634}
[2026-09-12T06:28:10Z] 10.3 min: aligning {"arm_chapters_passed": 4, "arm_chapters_rejected": 11, "arm_chapters_running": 1, "paragraph_diagnostics": 683}
[2026-09-12T06:28:40Z] 10.8 min: aligning {"arm_chapters_passed": 4, "arm_chapters_rejected": 11, "arm_chapters_running": 1, "paragraph_diagnostics": 712}
[2026-09-12T06:29:11Z] 11.3 min: aligning {"arm_chapters_passed": 5, "arm_chapters_rejected": 11, "arm_chapters_running": 1, "paragraph_diagnostics": 739}
[2026-09-12T06:29:41Z] 11.8 min: aligning {"arm_chapters_passed": 5, "arm_chapters_rejected": 11, "arm_chapters_running": 1, "paragraph_diagnostics": 799}
[2026-09-12T06:30:12Z] 12.3 min: aligning {"arm_chapters_passed": 5, "arm_chapters_rejected": 12, "arm_chapters_running": 1, "paragraph_diagnostics": 852}
[2026-09-12T06:30:47Z] snapshot 3443542 bytes
[2026-09-12T06:30:47Z] 12.8 min: aligning {"arm_chapters_passed": 5, "arm_chapters_rejected": 12, "arm_chapters_running": 1, "paragraph_diagnostics": 877}
[2026-09-12T06:31:18Z] 13.4 min: aligning {"arm_chapters_passed": 5, "arm_chapters_rejected": 12, "arm_chapters_running": 1, "paragraph_diagnostics": 908}
[2026-09-12T06:31:48Z] 13.9 min: aligning {"arm_chapters_passed": 5, "arm_chapters_rejected": 12, "arm_chapters_running": 1, "paragraph_diagnostics": 937}
[2026-09-12T06:32:18Z] 14.4 min: aligning {"arm_chapters_passed": 6, "arm_chapters_rejected": 12, "arm_chapters_running": 1, "paragraph_diagnostics": 957}
[2026-09-12T06:32:49Z] 14.9 min: aligning {"arm_chapters_passed": 7, "arm_chapters_rejected": 13, "arm_chapters_running": 1, "paragraph_diagnostics": 968}
[2026-09-12T06:33:19Z] 15.4 min: aligning {"arm_chapters_passed": 8, "arm_chapters_rejected": 13, "arm_chapters_running": 1, "paragraph_diagnostics": 1003}
[2026-09-12T06:33:49Z] 15.9 min: aligning {"arm_chapters_passed": 8, "arm_chapters_rejected": 13, "arm_chapters_running": 1, "paragraph_diagnostics": 1025}
[2026-09-12T06:34:20Z] 16.4 min: aligning {"arm_chapters_passed": 9, "arm_chapters_rejected": 13, "arm_chapters_running": 1, "paragraph_diagnostics": 1048}
[2026-09-12T06:34:56Z] snapshot 4711501 bytes
[2026-09-12T06:34:56Z] 16.9 min: aligning {"arm_chapters_passed": 9, "arm_chapters_rejected": 14, "arm_chapters_running": 1, "paragraph_diagnostics": 1083}
