[2026-09-12T06:55:25Z] created fu5usqe9wi22nk tinct-words-run2-65 gpu=None $0.74/hr
[2026-09-12T06:55:26Z] waiting: pod RUNNING agent HTTP 404
[2026-09-12T06:55:42Z] waiting: pod RUNNING agent HTTP 404
[2026-09-12T06:55:59Z] phase cohort at 0.6 min; setup={"versions": {"faster-whisper": "1.2.1", "ctranslate2": "4.8.2", "av": "18.1.0"}, "commit": "f53d744782e3c369fffd2980a013a7f199c0476e", "model_tree_sha256": "f1fe271c349229677131d389a96d0a28062a6a2c2fee54a8ce119c43538315c5", "ld_library_path": "/usr/local/lib/python3.11/dist-packages/nvidia/cublas/l
[2026-09-12T06:55:59Z] 0.6 min: cohort {"arm_chapters_passed": 0, "arm_chapters_rejected": 0, "arm_chapters_running": 0}
[2026-09-12T06:56:30Z] 1.1 min: cohort {"arm_chapters_passed": 0, "arm_chapters_rejected": 0, "arm_chapters_running": 0}
[2026-09-12T06:57:01Z] 1.6 min: cohort {"arm_chapters_passed": 0, "arm_chapters_rejected": 0, "arm_chapters_running": 0}
[2026-09-12T06:57:31Z] phase aligning at 2.1 min; setup={"versions": {"faster-whisper": "1.2.1", "ctranslate2": "4.8.2", "av": "18.1.0"}, "commit": "f53d744782e3c369fffd2980a013a7f199c0476e", "model_tree_sha256": "f1fe271c349229677131d389a96d0a28062a6a2c2fee54a8ce119c43538315c5", "ld_library_path": "/usr/local/lib/python3.11/dist-packages/nvidia/cublas/l
[2026-09-12T06:57:31Z] 2.1 min: aligning {"arm_chapters_passed": 0, "arm_chapters_rejected": 0, "arm_chapters_running": 1, "paragraph_diagnostics": 0}
[2026-09-12T06:58:02Z] 2.6 min: aligning {"arm_chapters_passed": 3, "arm_chapters_rejected": 0, "arm_chapters_running": 1, "paragraph_diagnostics": 38}
[2026-09-12T06:58:33Z] 3.1 min: aligning {"arm_chapters_passed": 4, "arm_chapters_rejected": 0, "arm_chapters_running": 1, "paragraph_diagnostics": 103}
[2026-09-12T06:59:03Z] 3.6 min: aligning {"arm_chapters_passed": 4, "arm_chapters_rejected": 1, "arm_chapters_running": 1, "paragraph_diagnostics": 135}
[2026-09-12T06:59:34Z] 4.1 min: aligning {"arm_chapters_passed": 5, "arm_chapters_rejected": 1, "arm_chapters_running": 1, "paragraph_diagnostics": 201}
[2026-09-12T07:00:06Z] snapshot 870573 bytes
[2026-09-12T07:00:06Z] 4.6 min: aligning {"arm_chapters_passed": 5, "arm_chapters_rejected": 2, "arm_chapters_running": 1, "paragraph_diagnostics": 289}
[2026-09-12T07:00:37Z] 5.2 min: aligning {"arm_chapters_passed": 5, "arm_chapters_rejected": 2, "arm_chapters_running": 1, "paragraph_diagnostics": 351}
[2026-09-12T07:01:08Z] 5.7 min: aligning {"arm_chapters_passed": 5, "arm_chapters_rejected": 3, "arm_chapters_running": 1, "paragraph_diagnostics": 440}
[2026-09-12T07:01:38Z] 6.2 min: aligning {"arm_chapters_passed": 5, "arm_chapters_rejected": 4, "arm_chapters_running": 1, "paragraph_diagnostics": 562}
[2026-09-12T07:02:09Z] 6.7 min: aligning {"arm_chapters_passed": 5, "arm_chapters_rejected": 4, "arm_chapters_running": 1, "paragraph_diagnostics": 606}
[2026-09-12T07:02:39Z] 7.2 min: aligning {"arm_chapters_passed": 5, "arm_chapters_rejected": 4, "arm_chapters_running": 1, "paragraph_diagnostics": 658}
[2026-09-12T07:03:10Z] 7.7 min: aligning {"arm_chapters_passed": 5, "arm_chapters_rejected": 5, "arm_chapters_running": 1, "paragraph_diagnostics": 737}
[2026-09-12T07:03:40Z] 8.2 min: aligning {"arm_chapters_passed": 5, "arm_chapters_rejected": 6, "arm_chapters_running": 1, "paragraph_diagnostics": 812}
[2026-09-12T07:04:14Z] snapshot 2022472 bytes
[2026-09-12T07:04:14Z] 8.8 min: aligning {"arm_chapters_passed": 6, "arm_chapters_rejected": 7, "arm_chapters_running": 1, "paragraph_diagnostics": 901}
[2026-09-12T07:04:45Z] 9.3 min: aligning {"arm_chapters_passed": 6, "arm_chapters_rejected": 8, "arm_chapters_running": 1, "paragraph_diagnostics": 969}
[2026-09-12T07:05:15Z] 9.8 min: aligning {"arm_chapters_passed": 8, "arm_chapters_rejected": 9, "arm_chapters_running": 1, "paragraph_diagnostics": 1066}
[2026-09-12T07:05:46Z] 10.3 min: aligning {"arm_chapters_passed": 11, "arm_chapters_rejected": 11, "arm_chapters_running": 1, "paragraph_diagnostics": 1192}
[2026-09-12T07:06:16Z] 10.8 min: aligning {"arm_chapters_passed": 11, "arm_chapters_rejected": 12, "arm_chapters_running": 1, "paragraph_diagnostics": 1288}
[2026-09-12T07:06:47Z] 11.4 min: aligning {"arm_chapters_passed": 11, "arm_chapters_rejected": 12, "arm_chapters_running": 1, "paragraph_diagnostics": 1331}
[2026-09-12T07:07:18Z] 11.9 min: aligning {"arm_chapters_passed": 11, "arm_chapters_rejected": 14, "arm_chapters_running": 1, "paragraph_diagnostics": 1447}
[2026-09-12T07:07:48Z] 12.4 min: aligning {"arm_chapters_passed": 11, "arm_chapters_rejected": 14, "arm_chapters_running": 1, "paragraph_diagnostics": 1508}
[2026-09-12T07:08:23Z] snapshot 3312554 bytes
[2026-09-12T07:08:23Z] 12.9 min: aligning {"arm_chapters_passed": 12, "arm_chapters_rejected": 16, "arm_chapters_running": 1, "paragraph_diagnostics": 1548}
[2026-09-12T07:08:53Z] 13.5 min: aligning {"arm_chapters_passed": 13, "arm_chapters_rejected": 17, "arm_chapters_running": 1, "paragraph_diagnostics": 1596}
[2026-09-12T07:09:24Z] 14.0 min: aligning {"arm_chapters_passed": 13, "arm_chapters_rejected": 18, "arm_chapters_running": 1, "paragraph_diagnostics": 1654}
[2026-09-12T07:09:55Z] 14.5 min: aligning {"arm_chapters_passed": 14, "arm_chapters_rejected": 19, "arm_chapters_running": 1, "paragraph_diagnostics": 1728}
[2026-09-12T07:10:25Z] 15.0 min: aligning {"arm_chapters_passed": 14, "arm_chapters_rejected": 19, "arm_chapters_running": 1, "paragraph_diagnostics": 1765}
[2026-09-12T07:10:56Z] 15.5 min: aligning {"arm_chapters_passed": 15, "arm_chapters_rejected": 20, "arm_chapters_running": 1, "paragraph_diagnostics": 1816}
[2026-09-12T07:11:26Z] 16.0 min: aligning {"arm_chapters_passed": 17, "arm_chapters_rejected": 21, "arm_chapters_running": 1, "paragraph_diagnostics": 1864}
[2026-09-12T07:11:57Z] 16.5 min: aligning {"arm_chapters_passed": 17, "arm_chapters_rejected": 22, "arm_chapters_running": 1, "paragraph_diagnostics": 1949}
[2026-09-12T07:12:28Z] phase done at 17.0 min; setup={"versions": {"faster-whisper": "1.2.1", "ctranslate2": "4.8.2", "av": "18.1.0"}, "commit": "f53d744782e3c369fffd2980a013a7f199c0476e", "model_tree_sha256": "f1fe271c349229677131d389a96d0a28062a6a2c2fee54a8ce119c43538315c5", "ld_library_path": "/usr/local/lib/python3.11/dist-packages/nvidia/cublas/l
[2026-09-12T07:12:28Z] 17.0 min: done {"arm_chapters_passed": 17, "arm_chapters_rejected": 23, "arm_chapters_running": 0, "paragraph_diagnostics": 1974}
