[2026-09-12T15:42:58Z] created hsmc1d1pk5wxfg tinct-words-run3-61 gpu=None $0.49/hr
[2026-09-12T15:42:59Z] waiting: pod RUNNING agent HTTP 404
[2026-09-12T15:43:15Z] waiting: pod RUNNING agent HTTP 404
[2026-09-12T15:43:31Z] phase cohort at 0.5 min; setup={"versions": {"faster-whisper": "1.2.1", "ctranslate2": "4.8.2", "av": "18.1.0"}, "commit": "c43ab3799d5b71c58b770ed22e1bd7bb9b2774cf", "model_tree_sha256": "f1fe271c349229677131d389a96d0a28062a6a2c2fee54a8ce119c43538315c5", "ld_library_path": "/usr/local/lib/python3.11/dist-packages/nvidia/cublas/l
[2026-09-12T15:43:31Z] 0.5 min: cohort {"arm_chapters_passed": 0, "arm_chapters_rejected": 0, "arm_chapters_running": 0}
[2026-09-12T15:44:01Z] 1.1 min: cohort {"arm_chapters_passed": 0, "arm_chapters_rejected": 0, "arm_chapters_running": 0}
[2026-09-12T15:44:32Z] 1.6 min: cohort {"arm_chapters_passed": 0, "arm_chapters_rejected": 0, "arm_chapters_running": 0}
[2026-09-12T15:45:02Z] 2.1 min: cohort {"arm_chapters_passed": 0, "arm_chapters_rejected": 0, "arm_chapters_running": 0}
[2026-09-12T15:45:32Z] 2.6 min: cohort {"arm_chapters_passed": 0, "arm_chapters_rejected": 0, "arm_chapters_running": 0}
[2026-09-12T15:46:03Z] 3.1 min: cohort {"arm_chapters_passed": 0, "arm_chapters_rejected": 0, "arm_chapters_running": 0}
[2026-09-12T15:46:33Z] 3.6 min: cohort {"arm_chapters_passed": 0, "arm_chapters_rejected": 0, "arm_chapters_running": 0}
[2026-09-12T15:47:04Z] 4.1 min: cohort {"arm_chapters_passed": 0, "arm_chapters_rejected": 0, "arm_chapters_running": 0}
[2026-09-12T15:47:35Z] snapshot 114184 bytes
[2026-09-12T15:47:35Z] phase aligning at 4.6 min; setup={"versions": {"faster-whisper": "1.2.1", "ctranslate2": "4.8.2", "av": "18.1.0"}, "commit": "c43ab3799d5b71c58b770ed22e1bd7bb9b2774cf", "model_tree_sha256": "f1fe271c349229677131d389a96d0a28062a6a2c2fee54a8ce119c43538315c5", "ld_library_path": "/usr/local/lib/python3.11/dist-packages/nvidia/cublas/l
[2026-09-12T15:47:35Z] 4.6 min: aligning {"arm_chapters_passed": 0, "arm_chapters_rejected": 0, "arm_chapters_running": 1, "paragraph_diagnostics": 17}
[2026-09-12T15:48:05Z] 5.1 min: aligning {"arm_chapters_passed": 0, "arm_chapters_rejected": 0, "arm_chapters_running": 1, "paragraph_diagnostics": 42}
[2026-09-12T15:48:35Z] 5.6 min: aligning {"arm_chapters_passed": 0, "arm_chapters_rejected": 0, "arm_chapters_running": 1, "paragraph_diagnostics": 60}
[2026-09-12T15:49:06Z] 6.1 min: aligning {"arm_chapters_passed": 0, "arm_chapters_rejected": 0, "arm_chapters_running": 1, "paragraph_diagnostics": 83}
[2026-09-12T15:49:36Z] 6.6 min: aligning {"arm_chapters_passed": 0, "arm_chapters_rejected": 0, "arm_chapters_running": 1, "paragraph_diagnostics": 110}
[2026-09-12T15:50:06Z] 7.1 min: aligning {"arm_chapters_passed": 0, "arm_chapters_rejected": 0, "arm_chapters_running": 1, "paragraph_diagnostics": 131}
[2026-09-12T15:50:37Z] 7.6 min: aligning {"arm_chapters_passed": 0, "arm_chapters_rejected": 0, "arm_chapters_running": 1, "paragraph_diagnostics": 152}
[2026-09-12T15:51:07Z] 8.1 min: aligning {"arm_chapters_passed": 0, "arm_chapters_rejected": 0, "arm_chapters_running": 1, "paragraph_diagnostics": 169}
[2026-09-12T15:51:39Z] snapshot 1797661 bytes
[2026-09-12T15:51:39Z] 8.7 min: aligning {"arm_chapters_passed": 0, "arm_chapters_rejected": 0, "arm_chapters_running": 1, "paragraph_diagnostics": 185}
