[2026-09-12T05:20:42Z] created zajjlwk12kr99z tinct-words-run2-11 gpu=None $0.49/hr
[2026-09-12T05:20:44Z] waiting: pod RUNNING agent HTTP 404
[2026-09-12T05:21:02Z] phase cohort at 0.3 min; setup={"versions": {"faster-whisper": "1.2.1", "ctranslate2": "4.8.2", "av": "18.1.0"}, "commit": "f53d744782e3c369fffd2980a013a7f199c0476e", "model_tree_sha256": "f1fe271c349229677131d389a96d0a28062a6a2c2fee54a8ce119c43538315c5", "ld_library_path": "/usr/local/lib/python3.11/dist-packages/nvidia/cublas/l
[2026-09-12T05:21:02Z] 0.3 min: cohort {"arm_chapters_passed": 0, "arm_chapters_rejected": 0, "arm_chapters_running": 0}
[2026-09-12T05:21:33Z] 0.8 min: cohort {"arm_chapters_passed": 0, "arm_chapters_rejected": 0, "arm_chapters_running": 0}
[2026-09-12T05:22:03Z] 1.3 min: cohort {"arm_chapters_passed": 0, "arm_chapters_rejected": 0, "arm_chapters_running": 0}
[2026-09-12T05:22:34Z] 1.8 min: cohort {"arm_chapters_passed": 0, "arm_chapters_rejected": 0, "arm_chapters_running": 0}
[2026-09-12T05:23:05Z] phase aligning at 2.4 min; setup={"versions": {"faster-whisper": "1.2.1", "ctranslate2": "4.8.2", "av": "18.1.0"}, "commit": "f53d744782e3c369fffd2980a013a7f199c0476e", "model_tree_sha256": "f1fe271c349229677131d389a96d0a28062a6a2c2fee54a8ce119c43538315c5", "ld_library_path": "/usr/local/lib/python3.11/dist-packages/nvidia/cublas/l
[2026-09-12T05:23:05Z] 2.4 min: aligning {"arm_chapters_passed": 0, "arm_chapters_rejected": 0, "arm_chapters_running": 1, "paragraph_diagnostics": 30}
[2026-09-12T05:23:36Z] 2.9 min: aligning {"arm_chapters_passed": 0, "arm_chapters_rejected": 0, "arm_chapters_running": 1, "paragraph_diagnostics": 110}
[2026-09-12T05:24:07Z] 3.4 min: aligning {"arm_chapters_passed": 0, "arm_chapters_rejected": 1, "arm_chapters_running": 1, "paragraph_diagnostics": 183}
[2026-09-12T05:24:38Z] 3.9 min: aligning {"arm_chapters_passed": 0, "arm_chapters_rejected": 1, "arm_chapters_running": 1, "paragraph_diagnostics": 242}
[2026-09-12T05:25:08Z] URLError: <urlopen error [Errno 111] Connection refused>
[2026-09-12T05:26:22Z] adopted zajjlwk12kr99z tinct-words-run2-11 gpu=None $0.49/hr batch=13
[2026-09-12T05:26:23Z] phase aligning at 5.6 min; setup={"versions": {"faster-whisper": "1.2.1", "ctranslate2": "4.8.2", "av": "18.1.0"}, "commit": "f53d744782e3c369fffd2980a013a7f199c0476e", "model_tree_sha256": "f1fe271c349229677131d389a96d0a28062a6a2c2fee54a8ce119c43538315c5", "ld_library_path": "/usr/local/lib/python3.11/dist-packages/nvidia/cublas/l
[2026-09-12T05:26:23Z] 5.6 min: aligning {"arm_chapters_passed": 1, "arm_chapters_rejected": 4, "arm_chapters_running": 1, "paragraph_diagnostics": 279}
[2026-09-12T05:26:53Z] 6.1 min: aligning {"arm_chapters_passed": 1, "arm_chapters_rejected": 4, "arm_chapters_running": 1, "paragraph_diagnostics": 282}
[2026-09-12T05:27:24Z] 6.6 min: aligning {"arm_chapters_passed": 1, "arm_chapters_rejected": 4, "arm_chapters_running": 1, "paragraph_diagnostics": 284}
[2026-09-12T05:27:55Z] 7.1 min: aligning {"arm_chapters_passed": 1, "arm_chapters_rejected": 4, "arm_chapters_running": 1, "paragraph_diagnostics": 293}
[2026-09-12T05:28:26Z] 7.7 min: aligning {"arm_chapters_passed": 1, "arm_chapters_rejected": 4, "arm_chapters_running": 1, "paragraph_diagnostics": 296}
[2026-09-12T05:29:00Z] 8.2 min: aligning {"arm_chapters_passed": 2, "arm_chapters_rejected": 5, "arm_chapters_running": 1, "paragraph_diagnostics": 311}
[2026-09-12T05:29:30Z] 8.7 min: aligning {"arm_chapters_passed": 2, "arm_chapters_rejected": 5, "arm_chapters_running": 1, "paragraph_diagnostics": 314}
[2026-09-12T05:30:01Z] 9.2 min: aligning {"arm_chapters_passed": 3, "arm_chapters_rejected": 5, "arm_chapters_running": 1, "paragraph_diagnostics": 326}
[2026-09-12T05:30:36Z] snapshot 2940015 bytes
[2026-09-12T05:30:36Z] 9.8 min: aligning {"arm_chapters_passed": 3, "arm_chapters_rejected": 6, "arm_chapters_running": 1, "paragraph_diagnostics": 335}
[2026-09-12T05:31:07Z] 10.3 min: aligning {"arm_chapters_passed": 3, "arm_chapters_rejected": 6, "arm_chapters_running": 1, "paragraph_diagnostics": 339}
[2026-09-12T05:31:38Z] 10.8 min: aligning {"arm_chapters_passed": 3, "arm_chapters_rejected": 6, "arm_chapters_running": 1, "paragraph_diagnostics": 342}
[2026-09-12T05:32:08Z] 11.4 min: aligning {"arm_chapters_passed": 4, "arm_chapters_rejected": 6, "arm_chapters_running": 1, "paragraph_diagnostics": 351}
[2026-09-12T05:32:40Z] 11.9 min: aligning {"arm_chapters_passed": 4, "arm_chapters_rejected": 6, "arm_chapters_running": 1, "paragraph_diagnostics": 359}
[2026-09-12T05:33:10Z] 12.4 min: aligning {"arm_chapters_passed": 4, "arm_chapters_rejected": 6, "arm_chapters_running": 1, "paragraph_diagnostics": 362}
[2026-09-12T05:33:41Z] 12.9 min: aligning {"arm_chapters_passed": 4, "arm_chapters_rejected": 7, "arm_chapters_running": 1, "paragraph_diagnostics": 384}
[2026-09-12T05:34:13Z] 13.4 min: aligning {"arm_chapters_passed": 4, "arm_chapters_rejected": 7, "arm_chapters_running": 1, "paragraph_diagnostics": 390}
[2026-09-12T05:34:49Z] snapshot 4845709 bytes
[2026-09-12T05:34:49Z] 14.0 min: aligning {"arm_chapters_passed": 4, "arm_chapters_rejected": 7, "arm_chapters_running": 1, "paragraph_diagnostics": 393}
[2026-09-12T05:35:20Z] 14.6 min: aligning {"arm_chapters_passed": 4, "arm_chapters_rejected": 7, "arm_chapters_running": 1, "paragraph_diagnostics": 396}
[2026-09-12T05:35:51Z] 15.1 min: aligning {"arm_chapters_passed": 4, "arm_chapters_rejected": 7, "arm_chapters_running": 1, "paragraph_diagnostics": 399}
[2026-09-12T05:36:22Z] 15.6 min: aligning {"arm_chapters_passed": 4, "arm_chapters_rejected": 7, "arm_chapters_running": 1, "paragraph_diagnostics": 400}
[2026-09-12T05:36:53Z] 16.1 min: aligning {"arm_chapters_passed": 4, "arm_chapters_rejected": 7, "arm_chapters_running": 1, "paragraph_diagnostics": 402}
[2026-09-12T05:37:24Z] 16.6 min: aligning {"arm_chapters_passed": 4, "arm_chapters_rejected": 7, "arm_chapters_running": 1, "paragraph_diagnostics": 406}
[2026-09-12T05:37:55Z] 17.1 min: aligning {"arm_chapters_passed": 4, "arm_chapters_rejected": 7, "arm_chapters_running": 1, "paragraph_diagnostics": 417}
[2026-09-12T05:38:26Z] 17.7 min: aligning {"arm_chapters_passed": 4, "arm_chapters_rejected": 7, "arm_chapters_running": 1, "paragraph_diagnostics": 420}
[2026-09-12T05:39:04Z] snapshot 6658735 bytes
[2026-09-12T05:39:04Z] 18.2 min: aligning {"arm_chapters_passed": 4, "arm_chapters_rejected": 8, "arm_chapters_running": 1, "paragraph_diagnostics": 427}
[2026-09-12T05:39:34Z] 18.8 min: aligning {"arm_chapters_passed": 4, "arm_chapters_rejected": 8, "arm_chapters_running": 1, "paragraph_diagnostics": 445}
[2026-09-12T05:40:06Z] 19.3 min: aligning {"arm_chapters_passed": 4, "arm_chapters_rejected": 8, "arm_chapters_running": 1, "paragraph_diagnostics": 467}
[2026-09-12T05:40:37Z] 19.8 min: aligning {"arm_chapters_passed": 4, "arm_chapters_rejected": 8, "arm_chapters_running": 1, "paragraph_diagnostics": 484}
[2026-09-12T05:41:07Z] 20.3 min: aligning {"arm_chapters_passed": 4, "arm_chapters_rejected": 9, "arm_chapters_running": 1, "paragraph_diagnostics": 514}
[2026-09-12T05:41:38Z] 20.9 min: aligning {"arm_chapters_passed": 4, "arm_chapters_rejected": 9, "arm_chapters_running": 1, "paragraph_diagnostics": 516}
[2026-09-12T05:42:09Z] 21.4 min: aligning {"arm_chapters_passed": 4, "arm_chapters_rejected": 9, "arm_chapters_running": 1, "paragraph_diagnostics": 524}
[2026-09-12T05:42:40Z] 21.9 min: aligning {"arm_chapters_passed": 4, "arm_chapters_rejected": 9, "arm_chapters_running": 1, "paragraph_diagnostics": 533}
[2026-09-12T05:43:19Z] snapshot 8620104 bytes
[2026-09-12T05:43:19Z] 22.4 min: aligning {"arm_chapters_passed": 4, "arm_chapters_rejected": 9, "arm_chapters_running": 1, "paragraph_diagnostics": 540}
[2026-09-12T05:43:50Z] 23.1 min: aligning {"arm_chapters_passed": 4, "arm_chapters_rejected": 9, "arm_chapters_running": 1, "paragraph_diagnostics": 551}
[2026-09-12T05:44:24Z] 23.6 min: aligning {"arm_chapters_passed": 4, "arm_chapters_rejected": 9, "arm_chapters_running": 1, "paragraph_diagnostics": 560}
[2026-09-12T05:44:55Z] 24.1 min: aligning {"arm_chapters_passed": 4, "arm_chapters_rejected": 9, "arm_chapters_running": 1, "paragraph_diagnostics": 564}
[2026-09-12T05:45:26Z] 24.6 min: aligning {"arm_chapters_passed": 4, "arm_chapters_rejected": 9, "arm_chapters_running": 1, "paragraph_diagnostics": 587}
[2026-09-12T05:45:56Z] 25.2 min: aligning {"arm_chapters_passed": 4, "arm_chapters_rejected": 10, "arm_chapters_running": 1, "paragraph_diagnostics": 617}
[2026-09-12T05:46:27Z] 25.7 min: aligning {"arm_chapters_passed": 4, "arm_chapters_rejected": 11, "arm_chapters_running": 1, "paragraph_diagnostics": 642}
[2026-09-12T05:46:58Z] 26.2 min: aligning {"arm_chapters_passed": 4, "arm_chapters_rejected": 11, "arm_chapters_running": 1, "paragraph_diagnostics": 651}
[2026-09-12T05:47:42Z] snapshot 10539135 bytes
[2026-09-12T05:47:42Z] 26.7 min: aligning {"arm_chapters_passed": 4, "arm_chapters_rejected": 11, "arm_chapters_running": 1, "paragraph_diagnostics": 663}
[2026-09-12T05:48:13Z] 27.4 min: aligning {"arm_chapters_passed": 4, "arm_chapters_rejected": 12, "arm_chapters_running": 1, "paragraph_diagnostics": 691}
[2026-09-12T05:48:44Z] 27.9 min: aligning {"arm_chapters_passed": 4, "arm_chapters_rejected": 12, "arm_chapters_running": 1, "paragraph_diagnostics": 714}
[2026-09-12T05:49:14Z] 28.5 min: aligning {"arm_chapters_passed": 4, "arm_chapters_rejected": 13, "arm_chapters_running": 1, "paragraph_diagnostics": 731}
[2026-09-12T05:49:45Z] 29.0 min: aligning {"arm_chapters_passed": 4, "arm_chapters_rejected": 13, "arm_chapters_running": 1, "paragraph_diagnostics": 741}
[2026-09-12T05:50:16Z] 29.5 min: aligning {"arm_chapters_passed": 4, "arm_chapters_rejected": 13, "arm_chapters_running": 1, "paragraph_diagnostics": 751}
[2026-09-12T05:50:47Z] 30.0 min: aligning {"arm_chapters_passed": 4, "arm_chapters_rejected": 14, "arm_chapters_running": 1, "paragraph_diagnostics": 804}
[2026-09-12T05:51:18Z] 30.5 min: aligning {"arm_chapters_passed": 4, "arm_chapters_rejected": 15, "arm_chapters_running": 1, "paragraph_diagnostics": 851}
[2026-09-12T05:52:03Z] snapshot 12241990 bytes
[2026-09-12T05:52:03Z] 31.0 min: aligning {"arm_chapters_passed": 4, "arm_chapters_rejected": 16, "arm_chapters_running": 1, "paragraph_diagnostics": 892}
[2026-09-12T05:52:34Z] 31.8 min: aligning {"arm_chapters_passed": 5, "arm_chapters_rejected": 17, "arm_chapters_running": 1, "paragraph_diagnostics": 970}
[2026-09-12T05:53:05Z] 32.3 min: aligning {"arm_chapters_passed": 5, "arm_chapters_rejected": 17, "arm_chapters_running": 1, "paragraph_diagnostics": 985}
[2026-09-12T05:53:36Z] 32.8 min: aligning {"arm_chapters_passed": 5, "arm_chapters_rejected": 17, "arm_chapters_running": 1, "paragraph_diagnostics": 1002}
[2026-09-12T05:54:06Z] 33.3 min: aligning {"arm_chapters_passed": 5, "arm_chapters_rejected": 18, "arm_chapters_running": 1, "paragraph_diagnostics": 1013}
[2026-09-12T05:54:37Z] 33.8 min: aligning {"arm_chapters_passed": 5, "arm_chapters_rejected": 18, "arm_chapters_running": 1, "paragraph_diagnostics": 1022}
[2026-09-12T05:55:08Z] 34.4 min: aligning {"arm_chapters_passed": 5, "arm_chapters_rejected": 18, "arm_chapters_running": 1, "paragraph_diagnostics": 1027}
[2026-09-12T05:55:39Z] 34.9 min: aligning {"arm_chapters_passed": 5, "arm_chapters_rejected": 18, "arm_chapters_running": 1, "paragraph_diagnostics": 1034}
[2026-09-12T05:56:24Z] snapshot 13849297 bytes
[2026-09-12T05:56:24Z] 35.4 min: aligning {"arm_chapters_passed": 5, "arm_chapters_rejected": 18, "arm_chapters_running": 1, "paragraph_diagnostics": 1038}
[2026-09-12T05:56:55Z] 36.1 min: aligning {"arm_chapters_passed": 5, "arm_chapters_rejected": 18, "arm_chapters_running": 1, "paragraph_diagnostics": 1053}
