[2026-09-12T15:38:59Z] created itzf6obbcd8k4l tinct-words-run3-50 gpu=None $0.49/hr
[2026-09-12T15:39:00Z] waiting: pod RUNNING agent HTTP 404
[2026-09-12T15:39:16Z] waiting: pod RUNNING agent HTTP 404
[2026-09-12T15:39:32Z] phase cohort at 0.5 min; setup={"versions": {"faster-whisper": "1.2.1", "ctranslate2": "4.8.2", "av": "18.1.0"}, "commit": "c43ab3799d5b71c58b770ed22e1bd7bb9b2774cf", "model_tree_sha256": "f1fe271c349229677131d389a96d0a28062a6a2c2fee54a8ce119c43538315c5", "ld_library_path": "/usr/local/lib/python3.11/dist-packages/nvidia/cublas/l
[2026-09-12T15:39:32Z] 0.5 min: cohort {"arm_chapters_passed": 0, "arm_chapters_rejected": 0, "arm_chapters_running": 0}
[2026-09-12T15:40:03Z] 1.0 min: cohort {"arm_chapters_passed": 0, "arm_chapters_rejected": 0, "arm_chapters_running": 0}
[2026-09-12T15:40:33Z] 1.6 min: cohort {"arm_chapters_passed": 0, "arm_chapters_rejected": 0, "arm_chapters_running": 0}
[2026-09-12T15:41:03Z] 2.1 min: cohort {"arm_chapters_passed": 0, "arm_chapters_rejected": 0, "arm_chapters_running": 0}
[2026-09-12T15:41:34Z] phase aligning at 2.6 min; setup={"versions": {"faster-whisper": "1.2.1", "ctranslate2": "4.8.2", "av": "18.1.0"}, "commit": "c43ab3799d5b71c58b770ed22e1bd7bb9b2774cf", "model_tree_sha256": "f1fe271c349229677131d389a96d0a28062a6a2c2fee54a8ce119c43538315c5", "ld_library_path": "/usr/local/lib/python3.11/dist-packages/nvidia/cublas/l
[2026-09-12T15:41:34Z] 2.6 min: aligning {"arm_chapters_passed": 0, "arm_chapters_rejected": 0, "arm_chapters_running": 0}
[2026-09-12T15:42:04Z] 3.1 min: aligning {"arm_chapters_passed": 0, "arm_chapters_rejected": 1, "arm_chapters_running": 1, "paragraph_diagnostics": 88}
[2026-09-12T15:42:35Z] 3.6 min: aligning {"arm_chapters_passed": 0, "arm_chapters_rejected": 1, "arm_chapters_running": 1, "paragraph_diagnostics": 138}
[2026-09-12T15:43:05Z] 4.1 min: aligning {"arm_chapters_passed": 0, "arm_chapters_rejected": 2, "arm_chapters_running": 1, "paragraph_diagnostics": 179}
[2026-09-12T15:43:37Z] snapshot 407811 bytes
[2026-09-12T15:43:37Z] 4.6 min: aligning {"arm_chapters_passed": 1, "arm_chapters_rejected": 3, "arm_chapters_running": 1, "paragraph_diagnostics": 214}
[2026-09-12T15:44:07Z] 5.1 min: aligning {"arm_chapters_passed": 1, "arm_chapters_rejected": 4, "arm_chapters_running": 1, "paragraph_diagnostics": 237}
[2026-09-12T15:44:37Z] 5.6 min: aligning {"arm_chapters_passed": 2, "arm_chapters_rejected": 5, "arm_chapters_running": 1, "paragraph_diagnostics": 309}
[2026-09-12T15:45:08Z] 6.1 min: aligning {"arm_chapters_passed": 3, "arm_chapters_rejected": 5, "arm_chapters_running": 1, "paragraph_diagnostics": 362}
[2026-09-12T15:45:38Z] 6.6 min: aligning {"arm_chapters_passed": 3, "arm_chapters_rejected": 6, "arm_chapters_running": 1, "paragraph_diagnostics": 421}
[2026-09-12T15:46:08Z] 7.2 min: aligning {"arm_chapters_passed": 4, "arm_chapters_rejected": 6, "arm_chapters_running": 1, "paragraph_diagnostics": 449}
[2026-09-12T15:46:39Z] 7.7 min: aligning {"arm_chapters_passed": 4, "arm_chapters_rejected": 7, "arm_chapters_running": 1, "paragraph_diagnostics": 494}
[2026-09-12T15:47:09Z] 8.2 min: aligning {"arm_chapters_passed": 4, "arm_chapters_rejected": 8, "arm_chapters_running": 1, "paragraph_diagnostics": 537}
[2026-09-12T15:47:42Z] snapshot 1388796 bytes
[2026-09-12T15:47:42Z] 8.7 min: aligning {"arm_chapters_passed": 4, "arm_chapters_rejected": 9, "arm_chapters_running": 1, "paragraph_diagnostics": 599}
[2026-09-12T15:48:12Z] 9.2 min: aligning {"arm_chapters_passed": 5, "arm_chapters_rejected": 9, "arm_chapters_running": 1, "paragraph_diagnostics": 655}
[2026-09-12T15:48:42Z] 9.7 min: aligning {"arm_chapters_passed": 5, "arm_chapters_rejected": 10, "arm_chapters_running": 1, "paragraph_diagnostics": 703}
[2026-09-12T15:49:13Z] 10.2 min: aligning {"arm_chapters_passed": 6, "arm_chapters_rejected": 11, "arm_chapters_running": 1, "paragraph_diagnostics": 794}
[2026-09-12T15:49:43Z] 10.7 min: aligning {"arm_chapters_passed": 7, "arm_chapters_rejected": 13, "arm_chapters_running": 1, "paragraph_diagnostics": 876}
[2026-09-12T15:50:13Z] 11.2 min: aligning {"arm_chapters_passed": 7, "arm_chapters_rejected": 14, "arm_chapters_running": 1, "paragraph_diagnostics": 936}
[2026-09-12T15:50:44Z] 11.7 min: aligning {"arm_chapters_passed": 8, "arm_chapters_rejected": 15, "arm_chapters_running": 1, "paragraph_diagnostics": 1000}
[2026-09-12T15:51:14Z] 12.2 min: aligning {"arm_chapters_passed": 9, "arm_chapters_rejected": 16, "arm_chapters_running": 1, "paragraph_diagnostics": 1075}
[2026-09-12T15:51:48Z] snapshot 2573107 bytes
[2026-09-12T15:51:48Z] 12.8 min: aligning {"arm_chapters_passed": 9, "arm_chapters_rejected": 16, "arm_chapters_running": 1, "paragraph_diagnostics": 1109}
[2026-09-12T15:52:18Z] 13.3 min: aligning {"arm_chapters_passed": 10, "arm_chapters_rejected": 16, "arm_chapters_running": 1, "paragraph_diagnostics": 1165}
[2026-09-12T15:52:49Z] 13.8 min: aligning {"arm_chapters_passed": 11, "arm_chapters_rejected": 17, "arm_chapters_running": 1, "paragraph_diagnostics": 1248}
[2026-09-12T15:53:19Z] 14.3 min: aligning {"arm_chapters_passed": 11, "arm_chapters_rejected": 18, "arm_chapters_running": 1, "paragraph_diagnostics": 1352}
[2026-09-12T15:53:49Z] 14.8 min: aligning {"arm_chapters_passed": 12, "arm_chapters_rejected": 20, "arm_chapters_running": 1, "paragraph_diagnostics": 1417}
[2026-09-12T15:54:20Z] 15.3 min: aligning {"arm_chapters_passed": 12, "arm_chapters_rejected": 21, "arm_chapters_running": 1, "paragraph_diagnostics": 1516}
[2026-09-12T15:54:50Z] 15.8 min: aligning {"arm_chapters_passed": 12, "arm_chapters_rejected": 21, "arm_chapters_running": 1, "paragraph_diagnostics": 1563}
[2026-09-12T15:55:20Z] 16.4 min: aligning {"arm_chapters_passed": 13, "arm_chapters_rejected": 21, "arm_chapters_running": 1, "paragraph_diagnostics": 1626}
[2026-09-12T15:55:56Z] snapshot 3778634 bytes
[2026-09-12T15:55:56Z] 16.9 min: aligning {"arm_chapters_passed": 13, "arm_chapters_rejected": 21, "arm_chapters_running": 1, "paragraph_diagnostics": 1700}
[2026-09-12T15:56:27Z] 17.5 min: aligning {"arm_chapters_passed": 13, "arm_chapters_rejected": 22, "arm_chapters_running": 1, "paragraph_diagnostics": 1787}
[2026-09-12T15:56:57Z] 18.0 min: aligning {"arm_chapters_passed": 13, "arm_chapters_rejected": 22, "arm_chapters_running": 1, "paragraph_diagnostics": 1833}
[2026-09-12T15:57:27Z] 18.5 min: aligning {"arm_chapters_passed": 13, "arm_chapters_rejected": 23, "arm_chapters_running": 1, "paragraph_diagnostics": 1894}
[2026-09-12T15:57:58Z] 19.0 min: aligning {"arm_chapters_passed": 13, "arm_chapters_rejected": 23, "arm_chapters_running": 1, "paragraph_diagnostics": 1986}
[2026-09-12T15:58:28Z] 19.5 min: aligning {"arm_chapters_passed": 13, "arm_chapters_rejected": 24, "arm_chapters_running": 1, "paragraph_diagnostics": 2041}
[2026-09-12T15:58:59Z] 20.0 min: aligning {"arm_chapters_passed": 14, "arm_chapters_rejected": 24, "arm_chapters_running": 1, "paragraph_diagnostics": 2110}
[2026-09-12T15:59:29Z] 20.5 min: aligning {"arm_chapters_passed": 14, "arm_chapters_rejected": 25, "arm_chapters_running": 1, "paragraph_diagnostics": 2169}
[2026-09-12T16:00:07Z] snapshot 5030371 bytes
[2026-09-12T16:00:07Z] 21.0 min: aligning {"arm_chapters_passed": 15, "arm_chapters_rejected": 25, "arm_chapters_running": 1, "paragraph_diagnostics": 2229}
[2026-09-12T16:00:37Z] 21.6 min: aligning {"arm_chapters_passed": 16, "arm_chapters_rejected": 26, "arm_chapters_running": 1, "paragraph_diagnostics": 2321}
[2026-09-12T16:01:07Z] 22.1 min: aligning {"arm_chapters_passed": 17, "arm_chapters_rejected": 27, "arm_chapters_running": 1, "paragraph_diagnostics": 2412}
