[2026-09-12T15:44:51Z] created akvdrgw81r9b7x tinct-words-run3-66 gpu=None $0.49/hr
[2026-09-12T15:44:51Z] waiting: pod RUNNING agent HTTP 404
[2026-09-12T15:45:07Z] waiting: pod RUNNING agent HTTP 404
[2026-09-12T15:45:24Z] phase cohort at 0.5 min; setup={"versions": {"faster-whisper": "1.2.1", "ctranslate2": "4.8.2", "av": "18.1.0"}, "commit": "c43ab3799d5b71c58b770ed22e1bd7bb9b2774cf", "model_tree_sha256": "f1fe271c349229677131d389a96d0a28062a6a2c2fee54a8ce119c43538315c5", "ld_library_path": "/usr/local/lib/python3.11/dist-packages/nvidia/cublas/l
[2026-09-12T15:45:24Z] 0.5 min: cohort {"arm_chapters_passed": 0, "arm_chapters_rejected": 0, "arm_chapters_running": 0}
[2026-09-12T15:45:54Z] 1.1 min: cohort {"arm_chapters_passed": 0, "arm_chapters_rejected": 0, "arm_chapters_running": 0}
[2026-09-12T15:46:24Z] 1.6 min: cohort {"arm_chapters_passed": 0, "arm_chapters_rejected": 0, "arm_chapters_running": 0}
[2026-09-12T15:46:55Z] 2.1 min: cohort {"arm_chapters_passed": 0, "arm_chapters_rejected": 0, "arm_chapters_running": 0}
[2026-09-12T15:47:25Z] 2.6 min: cohort {"arm_chapters_passed": 0, "arm_chapters_rejected": 0, "arm_chapters_running": 0}
[2026-09-12T15:47:55Z] phase aligning at 3.1 min; setup={"versions": {"faster-whisper": "1.2.1", "ctranslate2": "4.8.2", "av": "18.1.0"}, "commit": "c43ab3799d5b71c58b770ed22e1bd7bb9b2774cf", "model_tree_sha256": "f1fe271c349229677131d389a96d0a28062a6a2c2fee54a8ce119c43538315c5", "ld_library_path": "/usr/local/lib/python3.11/dist-packages/nvidia/cublas/l
[2026-09-12T15:47:55Z] 3.1 min: aligning {"arm_chapters_passed": 0, "arm_chapters_rejected": 1, "arm_chapters_running": 1, "paragraph_diagnostics": 59}
[2026-09-12T15:48:26Z] 3.6 min: aligning {"arm_chapters_passed": 1, "arm_chapters_rejected": 1, "arm_chapters_running": 1, "paragraph_diagnostics": 133}
[2026-09-12T15:48:56Z] 4.1 min: aligning {"arm_chapters_passed": 2, "arm_chapters_rejected": 2, "arm_chapters_running": 1, "paragraph_diagnostics": 199}
[2026-09-12T15:49:28Z] snapshot 456864 bytes
[2026-09-12T15:49:28Z] 4.6 min: aligning {"arm_chapters_passed": 2, "arm_chapters_rejected": 3, "arm_chapters_running": 1, "paragraph_diagnostics": 275}
[2026-09-12T15:49:58Z] 5.1 min: aligning {"arm_chapters_passed": 3, "arm_chapters_rejected": 4, "arm_chapters_running": 1, "paragraph_diagnostics": 353}
[2026-09-12T15:50:28Z] 5.6 min: aligning {"arm_chapters_passed": 4, "arm_chapters_rejected": 4, "arm_chapters_running": 1, "paragraph_diagnostics": 424}
[2026-09-12T15:50:59Z] 6.1 min: aligning {"arm_chapters_passed": 5, "arm_chapters_rejected": 5, "arm_chapters_running": 1, "paragraph_diagnostics": 503}
[2026-09-12T15:51:29Z] 6.6 min: aligning {"arm_chapters_passed": 5, "arm_chapters_rejected": 6, "arm_chapters_running": 1, "paragraph_diagnostics": 578}
[2026-09-12T15:51:59Z] 7.1 min: aligning {"arm_chapters_passed": 6, "arm_chapters_rejected": 7, "arm_chapters_running": 1, "paragraph_diagnostics": 658}
[2026-09-12T15:52:30Z] 7.6 min: aligning {"arm_chapters_passed": 7, "arm_chapters_rejected": 7, "arm_chapters_running": 1, "paragraph_diagnostics": 724}
[2026-09-12T15:53:00Z] 8.2 min: aligning {"arm_chapters_passed": 8, "arm_chapters_rejected": 8, "arm_chapters_running": 1, "paragraph_diagnostics": 795}
[2026-09-12T15:53:33Z] snapshot 1460914 bytes
[2026-09-12T15:53:33Z] 8.7 min: aligning {"arm_chapters_passed": 8, "arm_chapters_rejected": 9, "arm_chapters_running": 1, "paragraph_diagnostics": 871}
[2026-09-12T15:54:04Z] 9.2 min: aligning {"arm_chapters_passed": 9, "arm_chapters_rejected": 10, "arm_chapters_running": 1, "paragraph_diagnostics": 958}
[2026-09-12T15:54:34Z] 9.7 min: aligning {"arm_chapters_passed": 10, "arm_chapters_rejected": 11, "arm_chapters_running": 1, "paragraph_diagnostics": 1035}
[2026-09-12T15:55:05Z] 10.2 min: aligning {"arm_chapters_passed": 11, "arm_chapters_rejected": 11, "arm_chapters_running": 1, "paragraph_diagnostics": 1112}
[2026-09-12T15:55:35Z] 10.7 min: aligning {"arm_chapters_passed": 13, "arm_chapters_rejected": 11, "arm_chapters_running": 1, "paragraph_diagnostics": 1187}
[2026-09-12T15:56:05Z] 11.2 min: aligning {"arm_chapters_passed": 13, "arm_chapters_rejected": 12, "arm_chapters_running": 1, "paragraph_diagnostics": 1263}
[2026-09-12T15:56:36Z] 11.7 min: aligning {"arm_chapters_passed": 14, "arm_chapters_rejected": 13, "arm_chapters_running": 1, "paragraph_diagnostics": 1338}
[2026-09-12T15:57:06Z] 12.3 min: aligning {"arm_chapters_passed": 15, "arm_chapters_rejected": 13, "arm_chapters_running": 1, "paragraph_diagnostics": 1417}
[2026-09-12T15:57:41Z] snapshot 2516052 bytes
[2026-09-12T15:57:41Z] 12.8 min: aligning {"arm_chapters_passed": 16, "arm_chapters_rejected": 14, "arm_chapters_running": 1, "paragraph_diagnostics": 1497}
[2026-09-12T15:58:11Z] 13.3 min: aligning {"arm_chapters_passed": 17, "arm_chapters_rejected": 15, "arm_chapters_running": 1, "paragraph_diagnostics": 1589}
[2026-09-12T15:58:42Z] 13.8 min: aligning {"arm_chapters_passed": 18, "arm_chapters_rejected": 16, "arm_chapters_running": 1, "paragraph_diagnostics": 1673}
[2026-09-12T15:59:12Z] 14.4 min: aligning {"arm_chapters_passed": 18, "arm_chapters_rejected": 17, "arm_chapters_running": 1, "paragraph_diagnostics": 1754}
[2026-09-12T15:59:42Z] 14.9 min: aligning {"arm_chapters_passed": 19, "arm_chapters_rejected": 18, "arm_chapters_running": 1, "paragraph_diagnostics": 1831}
[2026-09-12T16:00:13Z] 15.4 min: aligning {"arm_chapters_passed": 20, "arm_chapters_rejected": 18, "arm_chapters_running": 1, "paragraph_diagnostics": 1901}
[2026-09-12T16:00:43Z] 15.9 min: aligning {"arm_chapters_passed": 20, "arm_chapters_rejected": 20, "arm_chapters_running": 1, "paragraph_diagnostics": 1985}
[2026-09-12T16:01:13Z] 16.4 min: aligning {"arm_chapters_passed": 20, "arm_chapters_rejected": 21, "arm_chapters_running": 1, "paragraph_diagnostics": 2062}
[2026-09-12T16:01:49Z] snapshot 3627760 bytes
[2026-09-12T16:01:49Z] 16.9 min: aligning {"arm_chapters_passed": 21, "arm_chapters_rejected": 22, "arm_chapters_running": 1, "paragraph_diagnostics": 2113}
[2026-09-12T16:02:20Z] 17.5 min: aligning {"arm_chapters_passed": 22, "arm_chapters_rejected": 22, "arm_chapters_running": 1, "paragraph_diagnostics": 2156}
[2026-09-12T16:02:50Z] 18.0 min: aligning {"arm_chapters_passed": 22, "arm_chapters_rejected": 22, "arm_chapters_running": 1, "paragraph_diagnostics": 2197}
[2026-09-12T16:03:20Z] 18.5 min: aligning {"arm_chapters_passed": 23, "arm_chapters_rejected": 22, "arm_chapters_running": 1, "paragraph_diagnostics": 2221}
[2026-09-12T16:03:51Z] 19.0 min: aligning {"arm_chapters_passed": 23, "arm_chapters_rejected": 22, "arm_chapters_running": 1, "paragraph_diagnostics": 2249}
[2026-09-12T16:04:21Z] 19.5 min: aligning {"arm_chapters_passed": 24, "arm_chapters_rejected": 22, "arm_chapters_running": 1, "paragraph_diagnostics": 2297}
[2026-09-12T16:04:51Z] 20.0 min: aligning {"arm_chapters_passed": 24, "arm_chapters_rejected": 23, "arm_chapters_running": 1, "paragraph_diagnostics": 2340}
[2026-09-12T16:05:22Z] 20.5 min: aligning {"arm_chapters_passed": 24, "arm_chapters_rejected": 23, "arm_chapters_running": 1, "paragraph_diagnostics": 2374}
[2026-09-12T16:06:00Z] snapshot 5035617 bytes
[2026-09-12T16:06:00Z] 21.0 min: aligning {"arm_chapters_passed": 24, "arm_chapters_rejected": 23, "arm_chapters_running": 1, "paragraph_diagnostics": 2405}
[2026-09-12T16:06:30Z] phase done at 21.6 min; setup={"versions": {"faster-whisper": "1.2.1", "ctranslate2": "4.8.2", "av": "18.1.0"}, "commit": "c43ab3799d5b71c58b770ed22e1bd7bb9b2774cf", "model_tree_sha256": "f1fe271c349229677131d389a96d0a28062a6a2c2fee54a8ce119c43538315c5", "ld_library_path": "/usr/local/lib/python3.11/dist-packages/nvidia/cublas/l
[2026-09-12T16:06:30Z] 21.6 min: done {"arm_chapters_passed": 25, "arm_chapters_rejected": 23, "arm_chapters_running": 0, "paragraph_diagnostics": 2412}
[2026-09-12T16:06:38Z] fetched out.tar.gz (5101077 bytes)
[2026-09-12T16:06:39Z] stop akvdrgw81r9b7x: HTTP 200
[2026-09-12T16:06:40Z] terminate akvdrgw81r9b7x: HTTP 204
[2026-09-12T16:06:40Z] pod akvdrgw81r9b7x done: outcome=done uptime=21.8m est $0.18
