[2026-09-12T06:42:18Z] created lg09ol530wrm5k tinct-words-run2-60 gpu=None $0.49/hr
[2026-09-12T06:42:19Z] waiting: pod RUNNING agent HTTP 404
[2026-09-12T06:42:35Z] waiting: pod RUNNING agent HTTP 404
[2026-09-12T06:42:51Z] phase cohort at 0.5 min; setup={"versions": {"faster-whisper": "1.2.1", "ctranslate2": "4.8.2", "av": "18.1.0"}, "commit": "f53d744782e3c369fffd2980a013a7f199c0476e", "model_tree_sha256": "f1fe271c349229677131d389a96d0a28062a6a2c2fee54a8ce119c43538315c5", "ld_library_path": "/usr/local/lib/python3.11/dist-packages/nvidia/cublas/l
[2026-09-12T06:42:51Z] 0.5 min: cohort {"arm_chapters_passed": 0, "arm_chapters_rejected": 0, "arm_chapters_running": 0}
[2026-09-12T06:43:21Z] 1.0 min: cohort {"arm_chapters_passed": 0, "arm_chapters_rejected": 0, "arm_chapters_running": 0}
[2026-09-12T06:43:52Z] 1.6 min: cohort {"arm_chapters_passed": 0, "arm_chapters_rejected": 0, "arm_chapters_running": 0}
[2026-09-12T06:44:22Z] phase aligning at 2.1 min; setup={"versions": {"faster-whisper": "1.2.1", "ctranslate2": "4.8.2", "av": "18.1.0"}, "commit": "f53d744782e3c369fffd2980a013a7f199c0476e", "model_tree_sha256": "f1fe271c349229677131d389a96d0a28062a6a2c2fee54a8ce119c43538315c5", "ld_library_path": "/usr/local/lib/python3.11/dist-packages/nvidia/cublas/l
[2026-09-12T06:44:22Z] 2.1 min: aligning {"arm_chapters_passed": 0, "arm_chapters_rejected": 0, "arm_chapters_running": 1, "paragraph_diagnostics": 4}
[2026-09-12T06:44:53Z] 2.6 min: aligning {"arm_chapters_passed": 7, "arm_chapters_rejected": 0, "arm_chapters_running": 1, "paragraph_diagnostics": 24}
[2026-09-12T06:45:23Z] 3.1 min: aligning {"arm_chapters_passed": 11, "arm_chapters_rejected": 0, "arm_chapters_running": 1, "paragraph_diagnostics": 39}
[2026-09-12T06:45:54Z] 3.6 min: aligning {"arm_chapters_passed": 13, "arm_chapters_rejected": 0, "arm_chapters_running": 1, "paragraph_diagnostics": 50}
[2026-09-12T06:46:24Z] 4.1 min: aligning {"arm_chapters_passed": 17, "arm_chapters_rejected": 0, "arm_chapters_running": 1, "paragraph_diagnostics": 68}
[2026-09-12T06:46:56Z] snapshot 1087211 bytes
[2026-09-12T06:46:56Z] 4.6 min: aligning {"arm_chapters_passed": 20, "arm_chapters_rejected": 0, "arm_chapters_running": 1, "paragraph_diagnostics": 82}
[2026-09-12T06:47:27Z] 5.1 min: aligning {"arm_chapters_passed": 26, "arm_chapters_rejected": 0, "arm_chapters_running": 1, "paragraph_diagnostics": 109}
[2026-09-12T06:47:57Z] 5.6 min: aligning {"arm_chapters_passed": 26, "arm_chapters_rejected": 1, "arm_chapters_running": 1, "paragraph_diagnostics": 124}
[2026-09-12T06:48:27Z] 6.2 min: aligning {"arm_chapters_passed": 27, "arm_chapters_rejected": 2, "arm_chapters_running": 1, "paragraph_diagnostics": 132}
[2026-09-12T06:48:58Z] 6.7 min: aligning {"arm_chapters_passed": 27, "arm_chapters_rejected": 2, "arm_chapters_running": 1, "paragraph_diagnostics": 135}
[2026-09-12T06:49:28Z] 7.2 min: aligning {"arm_chapters_passed": 30, "arm_chapters_rejected": 3, "arm_chapters_running": 1, "paragraph_diagnostics": 148}
[2026-09-12T06:49:58Z] 7.7 min: aligning {"arm_chapters_passed": 31, "arm_chapters_rejected": 3, "arm_chapters_running": 1, "paragraph_diagnostics": 165}
[2026-09-12T06:50:29Z] 8.2 min: aligning {"arm_chapters_passed": 31, "arm_chapters_rejected": 4, "arm_chapters_running": 1, "paragraph_diagnostics": 180}
[2026-09-12T06:51:03Z] snapshot 2472282 bytes
[2026-09-12T06:51:03Z] 8.7 min: aligning {"arm_chapters_passed": 32, "arm_chapters_rejected": 4, "arm_chapters_running": 1, "paragraph_diagnostics": 191}
[2026-09-12T06:51:33Z] 9.2 min: aligning {"arm_chapters_passed": 36, "arm_chapters_rejected": 4, "arm_chapters_running": 1, "paragraph_diagnostics": 208}
[2026-09-12T06:52:03Z] 9.8 min: aligning {"arm_chapters_passed": 37, "arm_chapters_rejected": 4, "arm_chapters_running": 1, "paragraph_diagnostics": 218}
[2026-09-12T06:52:34Z] 10.3 min: aligning {"arm_chapters_passed": 41, "arm_chapters_rejected": 4, "arm_chapters_running": 1, "paragraph_diagnostics": 240}
[2026-09-12T06:53:04Z] 10.8 min: aligning {"arm_chapters_passed": 45, "arm_chapters_rejected": 4, "arm_chapters_running": 1, "paragraph_diagnostics": 254}
[2026-09-12T06:53:35Z] 11.3 min: aligning {"arm_chapters_passed": 48, "arm_chapters_rejected": 4, "arm_chapters_running": 1, "paragraph_diagnostics": 293}
[2026-09-12T06:54:05Z] 11.8 min: aligning {"arm_chapters_passed": 49, "arm_chapters_rejected": 4, "arm_chapters_running": 1, "paragraph_diagnostics": 362}
[2026-09-12T06:54:36Z] 12.3 min: aligning {"arm_chapters_passed": 50, "arm_chapters_rejected": 4, "arm_chapters_running": 1, "paragraph_diagnostics": 416}
[2026-09-12T06:55:11Z] snapshot 4124428 bytes
[2026-09-12T06:55:11Z] 12.8 min: aligning {"arm_chapters_passed": 50, "arm_chapters_rejected": 5, "arm_chapters_running": 1, "paragraph_diagnostics": 451}
[2026-09-12T06:55:41Z] 13.4 min: aligning {"arm_chapters_passed": 51, "arm_chapters_rejected": 5, "arm_chapters_running": 1, "paragraph_diagnostics": 497}
[2026-09-12T06:56:11Z] 13.9 min: aligning {"arm_chapters_passed": 52, "arm_chapters_rejected": 5, "arm_chapters_running": 1, "paragraph_diagnostics": 532}
[2026-09-12T06:56:42Z] 14.4 min: aligning {"arm_chapters_passed": 52, "arm_chapters_rejected": 5, "arm_chapters_running": 1, "paragraph_diagnostics": 559}
[2026-09-12T06:57:12Z] 14.9 min: aligning {"arm_chapters_passed": 53, "arm_chapters_rejected": 6, "arm_chapters_running": 1, "paragraph_diagnostics": 600}
[2026-09-12T06:57:43Z] 15.4 min: aligning {"arm_chapters_passed": 53, "arm_chapters_rejected": 8, "arm_chapters_running": 1, "paragraph_diagnostics": 652}
[2026-09-12T06:58:13Z] 15.9 min: aligning {"arm_chapters_passed": 55, "arm_chapters_rejected": 8, "arm_chapters_running": 1, "paragraph_diagnostics": 681}
[2026-09-12T06:58:44Z] 16.4 min: aligning {"arm_chapters_passed": 56, "arm_chapters_rejected": 8, "arm_chapters_running": 1, "paragraph_diagnostics": 715}
[2026-09-12T06:59:21Z] snapshot 5559148 bytes
[2026-09-12T06:59:21Z] 16.9 min: aligning {"arm_chapters_passed": 56, "arm_chapters_rejected": 9, "arm_chapters_running": 1, "paragraph_diagnostics": 760}
[2026-09-12T06:59:52Z] 17.6 min: aligning {"arm_chapters_passed": 57, "arm_chapters_rejected": 9, "arm_chapters_running": 1, "paragraph_diagnostics": 814}
