[2026-09-11T14:32:01Z] created vkvg9inr5ci3g5 tinct-words-run1-16 gpu=None $0.49/hr
[2026-09-11T14:32:02Z] waiting: pod RUNNING agent HTTP 404
[2026-09-11T14:32:20Z] phase cohort at 0.3 min; setup={"versions": {"faster-whisper": "1.2.1", "ctranslate2": "4.8.2", "av": "18.1.0"}, "commit": "a3780bee4a0683ed3968478e442bfbd2f861173e", "model_tree_sha256": "f1fe271c349229677131d389a96d0a28062a6a2c2fee54a8ce119c43538315c5", "ld_library_path": "/usr/local/lib/python3.11/dist-packages/nvidia/cublas/l
[2026-09-11T14:32:20Z] 0.3 min: cohort {"arm_chapters_passed": 0, "arm_chapters_rejected": 0, "arm_chapters_running": 0}
[2026-09-11T14:32:50Z] 0.8 min: cohort {"arm_chapters_passed": 0, "arm_chapters_rejected": 0, "arm_chapters_running": 0}
[2026-09-11T14:33:21Z] 1.3 min: cohort {"arm_chapters_passed": 0, "arm_chapters_rejected": 0, "arm_chapters_running": 0}
[2026-09-11T14:33:52Z] 1.8 min: cohort {"arm_chapters_passed": 0, "arm_chapters_rejected": 0, "arm_chapters_running": 0}
[2026-09-11T14:34:24Z] phase aligning at 2.4 min; setup={"versions": {"faster-whisper": "1.2.1", "ctranslate2": "4.8.2", "av": "18.1.0"}, "commit": "a3780bee4a0683ed3968478e442bfbd2f861173e", "model_tree_sha256": "f1fe271c349229677131d389a96d0a28062a6a2c2fee54a8ce119c43538315c5", "ld_library_path": "/usr/local/lib/python3.11/dist-packages/nvidia/cublas/l
[2026-09-11T14:34:24Z] 2.4 min: aligning {"arm_chapters_passed": 0, "arm_chapters_rejected": 0, "arm_chapters_running": 1, "paragraph_diagnostics": 9}
[2026-09-11T14:34:55Z] 2.9 min: aligning {"arm_chapters_passed": 0, "arm_chapters_rejected": 0, "arm_chapters_running": 1, "paragraph_diagnostics": 28}
[2026-09-11T14:35:26Z] 3.4 min: aligning {"arm_chapters_passed": 0, "arm_chapters_rejected": 0, "arm_chapters_running": 1, "paragraph_diagnostics": 46}
[2026-09-11T14:35:57Z] 3.9 min: aligning {"arm_chapters_passed": 0, "arm_chapters_rejected": 0, "arm_chapters_running": 1, "paragraph_diagnostics": 59}
[2026-09-11T14:36:30Z] snapshot 932205 bytes
[2026-09-11T14:36:30Z] 4.4 min: aligning {"arm_chapters_passed": 0, "arm_chapters_rejected": 1, "arm_chapters_running": 1, "paragraph_diagnostics": 78}
[2026-09-11T14:37:01Z] 5.0 min: aligning {"arm_chapters_passed": 0, "arm_chapters_rejected": 1, "arm_chapters_running": 1, "paragraph_diagnostics": 84}
[2026-09-11T14:37:32Z] 5.5 min: aligning {"arm_chapters_passed": 0, "arm_chapters_rejected": 1, "arm_chapters_running": 1, "paragraph_diagnostics": 93}
[2026-09-11T14:38:04Z] 6.0 min: aligning {"arm_chapters_passed": 0, "arm_chapters_rejected": 1, "arm_chapters_running": 1, "paragraph_diagnostics": 99}
[2026-09-11T14:38:35Z] 6.5 min: aligning {"arm_chapters_passed": 0, "arm_chapters_rejected": 1, "arm_chapters_running": 1, "paragraph_diagnostics": 104}
[2026-09-11T14:39:05Z] 7.1 min: aligning {"arm_chapters_passed": 0, "arm_chapters_rejected": 1, "arm_chapters_running": 1, "paragraph_diagnostics": 110}
[2026-09-11T14:39:36Z] 7.6 min: aligning {"arm_chapters_passed": 0, "arm_chapters_rejected": 1, "arm_chapters_running": 1, "paragraph_diagnostics": 115}
[2026-09-11T14:40:07Z] 8.1 min: aligning {"arm_chapters_passed": 0, "arm_chapters_rejected": 1, "arm_chapters_running": 1, "paragraph_diagnostics": 123}
[2026-09-11T14:40:41Z] snapshot 2172052 bytes
[2026-09-11T14:40:41Z] 8.6 min: aligning {"arm_chapters_passed": 0, "arm_chapters_rejected": 1, "arm_chapters_running": 1, "paragraph_diagnostics": 126}
[2026-09-11T14:41:12Z] 9.2 min: aligning {"arm_chapters_passed": 0, "arm_chapters_rejected": 1, "arm_chapters_running": 1, "paragraph_diagnostics": 131}
[2026-09-11T14:41:43Z] 9.7 min: aligning {"arm_chapters_passed": 0, "arm_chapters_rejected": 1, "arm_chapters_running": 1, "paragraph_diagnostics": 135}
[2026-09-11T14:42:14Z] 10.2 min: aligning {"arm_chapters_passed": 0, "arm_chapters_rejected": 1, "arm_chapters_running": 1, "paragraph_diagnostics": 143}
[2026-09-11T14:42:45Z] 10.7 min: aligning {"arm_chapters_passed": 1, "arm_chapters_rejected": 1, "arm_chapters_running": 1, "paragraph_diagnostics": 149}
[2026-09-11T14:43:16Z] 11.2 min: aligning {"arm_chapters_passed": 1, "arm_chapters_rejected": 1, "arm_chapters_running": 1, "paragraph_diagnostics": 160}
[2026-09-11T14:43:47Z] 11.7 min: aligning {"arm_chapters_passed": 1, "arm_chapters_rejected": 1, "arm_chapters_running": 1, "paragraph_diagnostics": 171}
[2026-09-11T14:44:18Z] 12.3 min: aligning {"arm_chapters_passed": 1, "arm_chapters_rejected": 1, "arm_chapters_running": 1, "paragraph_diagnostics": 183}
[2026-09-11T14:44:54Z] snapshot 3867124 bytes
[2026-09-11T14:44:54Z] 12.8 min: aligning {"arm_chapters_passed": 2, "arm_chapters_rejected": 1, "arm_chapters_running": 1, "paragraph_diagnostics": 187}
[2026-09-11T14:45:25Z] 13.4 min: aligning {"arm_chapters_passed": 2, "arm_chapters_rejected": 1, "arm_chapters_running": 1, "paragraph_diagnostics": 192}
[2026-09-11T14:45:56Z] 13.9 min: aligning {"arm_chapters_passed": 2, "arm_chapters_rejected": 1, "arm_chapters_running": 1, "paragraph_diagnostics": 194}
[2026-09-11T14:46:27Z] 14.4 min: aligning {"arm_chapters_passed": 2, "arm_chapters_rejected": 1, "arm_chapters_running": 1, "paragraph_diagnostics": 198}
[2026-09-11T14:46:59Z] 14.9 min: aligning {"arm_chapters_passed": 2, "arm_chapters_rejected": 1, "arm_chapters_running": 1, "paragraph_diagnostics": 200}
[2026-09-11T14:47:30Z] 15.5 min: aligning {"arm_chapters_passed": 2, "arm_chapters_rejected": 1, "arm_chapters_running": 1, "paragraph_diagnostics": 205}
[2026-09-11T14:48:01Z] 16.0 min: aligning {"arm_chapters_passed": 2, "arm_chapters_rejected": 1, "arm_chapters_running": 1, "paragraph_diagnostics": 207}
[2026-09-11T14:48:32Z] 16.5 min: aligning {"arm_chapters_passed": 2, "arm_chapters_rejected": 1, "arm_chapters_running": 1, "paragraph_diagnostics": 213}
[2026-09-11T14:49:11Z] snapshot 5281438 bytes
[2026-09-11T14:49:11Z] 17.0 min: aligning {"arm_chapters_passed": 2, "arm_chapters_rejected": 1, "arm_chapters_running": 1, "paragraph_diagnostics": 215}
[2026-09-11T14:49:42Z] 17.7 min: aligning {"arm_chapters_passed": 2, "arm_chapters_rejected": 1, "arm_chapters_running": 1, "paragraph_diagnostics": 221}
[2026-09-11T14:50:13Z] 18.2 min: aligning {"arm_chapters_passed": 3, "arm_chapters_rejected": 1, "arm_chapters_running": 1, "paragraph_diagnostics": 230}
[2026-09-11T14:50:44Z] 18.7 min: aligning {"arm_chapters_passed": 3, "arm_chapters_rejected": 1, "arm_chapters_running": 1, "paragraph_diagnostics": 249}
[2026-09-11T14:51:15Z] 19.2 min: aligning {"arm_chapters_passed": 3, "arm_chapters_rejected": 1, "arm_chapters_running": 1, "paragraph_diagnostics": 270}
[2026-09-11T14:51:46Z] 19.7 min: aligning {"arm_chapters_passed": 3, "arm_chapters_rejected": 1, "arm_chapters_running": 1, "paragraph_diagnostics": 307}
[2026-09-11T14:52:17Z] 20.2 min: aligning {"arm_chapters_passed": 3, "arm_chapters_rejected": 2, "arm_chapters_running": 1, "paragraph_diagnostics": 312}
[2026-09-11T14:52:48Z] 20.8 min: aligning {"arm_chapters_passed": 3, "arm_chapters_rejected": 2, "arm_chapters_running": 1, "paragraph_diagnostics": 313}
[2026-09-11T14:53:28Z] snapshot 6743605 bytes
[2026-09-11T14:53:28Z] 21.3 min: aligning {"arm_chapters_passed": 3, "arm_chapters_rejected": 2, "arm_chapters_running": 1, "paragraph_diagnostics": 319}
[2026-09-11T14:54:00Z] pod is EXITED (Exited by user: Fri Sep 11 2026 14:53:40 GMT+0000 (Coordinated Universal Time)); using last snapshot
[2026-09-11T14:54:04Z] final fetch failed (HTTP 404); extracted last snapshot from 2026-09-11T14:53:28Z
[2026-09-11T14:54:05Z] stop vkvg9inr5ci3g5: HTTP 200
[2026-09-11T14:54:06Z] terminate vkvg9inr5ci3g5: HTTP 204
[2026-09-11T14:54:06Z] pod vkvg9inr5ci3g5 done: outcome=pod-exited-externally uptime=22.0m est $0.18
