[2026-09-11T12:19:57Z] created 5smmp2998eevju tinct-words-run1-1 gpu=None $0.19/hr
[2026-09-11T12:19:58Z] waiting: pod RUNNING agent HTTP 404
[2026-09-11T12:20:21Z] phase cohort at 0.3 min; setup={"versions": {"faster-whisper": "1.2.1", "ctranslate2": "4.8.2", "av": "18.1.0"}, "commit": "a3780bee4a0683ed3968478e442bfbd2f861173e", "model_tree_sha256": "f1fe271c349229677131d389a96d0a28062a6a2c2fee54a8ce119c43538315c5", "ld_library_path": "/usr/local/lib/python3.11/dist-packages/nvidia/cublas/l
[2026-09-11T12:20:21Z] 0.3 min: cohort {"arm_chapters_passed": 0, "arm_chapters_rejected": 0, "arm_chapters_running": 0}
[2026-09-11T12:20:51Z] 0.9 min: cohort {"arm_chapters_passed": 0, "arm_chapters_rejected": 0, "arm_chapters_running": 0}
[2026-09-11T12:21:23Z] phase aligning at 1.4 min; setup={"versions": {"faster-whisper": "1.2.1", "ctranslate2": "4.8.2", "av": "18.1.0"}, "commit": "a3780bee4a0683ed3968478e442bfbd2f861173e", "model_tree_sha256": "f1fe271c349229677131d389a96d0a28062a6a2c2fee54a8ce119c43538315c5", "ld_library_path": "/usr/local/lib/python3.11/dist-packages/nvidia/cublas/l
[2026-09-11T12:21:23Z] 1.4 min: aligning {"arm_chapters_passed": 0, "arm_chapters_rejected": 0, "arm_chapters_running": 1, "paragraph_diagnostics": 28}
[2026-09-11T12:21:53Z] 1.9 min: aligning {"arm_chapters_passed": 0, "arm_chapters_rejected": 1, "arm_chapters_running": 1, "paragraph_diagnostics": 112}
[2026-09-11T12:22:24Z] 2.4 min: aligning {"arm_chapters_passed": 1, "arm_chapters_rejected": 3, "arm_chapters_running": 1, "paragraph_diagnostics": 218}
[2026-09-11T12:22:55Z] 3.0 min: aligning {"arm_chapters_passed": 1, "arm_chapters_rejected": 4, "arm_chapters_running": 1, "paragraph_diagnostics": 285}
[2026-09-11T12:23:26Z] 3.5 min: aligning {"arm_chapters_passed": 2, "arm_chapters_rejected": 4, "arm_chapters_running": 1, "paragraph_diagnostics": 342}
[2026-09-11T12:23:57Z] 4.0 min: aligning {"arm_chapters_passed": 2, "arm_chapters_rejected": 5, "arm_chapters_running": 1, "paragraph_diagnostics": 353}
[2026-09-11T12:24:29Z] 4.5 min: aligning {"arm_chapters_passed": 3, "arm_chapters_rejected": 6, "arm_chapters_running": 1, "paragraph_diagnostics": 370}
[2026-09-11T12:25:00Z] 5.0 min: aligning {"arm_chapters_passed": 4, "arm_chapters_rejected": 6, "arm_chapters_running": 1, "paragraph_diagnostics": 384}
[2026-09-11T12:25:31Z] 5.5 min: aligning {"arm_chapters_passed": 4, "arm_chapters_rejected": 7, "arm_chapters_running": 1, "paragraph_diagnostics": 414}
[2026-09-11T12:26:02Z] 6.1 min: aligning {"arm_chapters_passed": 4, "arm_chapters_rejected": 7, "arm_chapters_running": 1, "paragraph_diagnostics": 427}
[2026-09-11T12:26:38Z] 6.6 min: aligning {"arm_chapters_passed": 5, "arm_chapters_rejected": 7, "arm_chapters_running": 1, "paragraph_diagnostics": 448}
[2026-09-11T12:27:09Z] 7.2 min: aligning {"arm_chapters_passed": 5, "arm_chapters_rejected": 8, "arm_chapters_running": 1, "paragraph_diagnostics": 496}
[2026-09-11T12:27:40Z] 7.7 min: aligning {"arm_chapters_passed": 5, "arm_chapters_rejected": 8, "arm_chapters_running": 1, "paragraph_diagnostics": 514}
[2026-09-11T12:28:11Z] 8.2 min: aligning {"arm_chapters_passed": 5, "arm_chapters_rejected": 8, "arm_chapters_running": 1, "paragraph_diagnostics": 532}
[2026-09-11T12:28:42Z] 8.7 min: aligning {"arm_chapters_passed": 6, "arm_chapters_rejected": 8, "arm_chapters_running": 1, "paragraph_diagnostics": 583}
[2026-09-11T12:29:13Z] 9.2 min: aligning {"arm_chapters_passed": 6, "arm_chapters_rejected": 9, "arm_chapters_running": 1, "paragraph_diagnostics": 622}
[2026-09-11T12:29:44Z] 9.8 min: aligning {"arm_chapters_passed": 7, "arm_chapters_rejected": 9, "arm_chapters_running": 1, "paragraph_diagnostics": 639}
[2026-09-11T12:30:14Z] 10.3 min: aligning {"arm_chapters_passed": 7, "arm_chapters_rejected": 10, "arm_chapters_running": 1, "paragraph_diagnostics": 760}
[2026-09-11T12:30:45Z] 10.8 min: aligning {"arm_chapters_passed": 7, "arm_chapters_rejected": 10, "arm_chapters_running": 1, "paragraph_diagnostics": 854}
[2026-09-11T12:31:16Z] 11.3 min: aligning {"arm_chapters_passed": 7, "arm_chapters_rejected": 12, "arm_chapters_running": 1, "paragraph_diagnostics": 919}
[2026-09-11T12:31:47Z] 11.8 min: aligning {"arm_chapters_passed": 8, "arm_chapters_rejected": 12, "arm_chapters_running": 1, "paragraph_diagnostics": 1015}
[2026-09-11T12:32:18Z] 12.3 min: aligning {"arm_chapters_passed": 9, "arm_chapters_rejected": 12, "arm_chapters_running": 1, "paragraph_diagnostics": 1085}
[2026-09-11T12:32:49Z] 12.9 min: aligning {"arm_chapters_passed": 12, "arm_chapters_rejected": 12, "arm_chapters_running": 1, "paragraph_diagnostics": 1138}
[2026-09-11T12:33:20Z] 13.4 min: aligning {"arm_chapters_passed": 13, "arm_chapters_rejected": 12, "arm_chapters_running": 1, "paragraph_diagnostics": 1163}
[2026-09-11T12:33:51Z] phase done at 13.9 min; setup={"versions": {"faster-whisper": "1.2.1", "ctranslate2": "4.8.2", "av": "18.1.0"}, "commit": "a3780bee4a0683ed3968478e442bfbd2f861173e", "model_tree_sha256": "f1fe271c349229677131d389a96d0a28062a6a2c2fee54a8ce119c43538315c5", "ld_library_path": "/usr/local/lib/python3.11/dist-packages/nvidia/cublas/l
[2026-09-11T12:33:51Z] 13.9 min: done {"arm_chapters_passed": 14, "arm_chapters_rejected": 12, "arm_chapters_running": 0, "paragraph_diagnostics": 1170}
[2026-09-11T12:34:00Z] fetched out.tar.gz (6314847 bytes)
[2026-09-11T12:34:02Z] stop 5smmp2998eevju: HTTP 200
[2026-09-11T12:34:03Z] terminate 5smmp2998eevju: HTTP 204
[2026-09-11T12:34:03Z] pod 5smmp2998eevju done: outcome=done uptime=14.1m est $0.04
