6 candidates, 5 excluded, 11 chapters seen
  excluded jungle-book/original-en/ch1: observed_alignment_below_85_percent
  excluded jungle-book/original-en/ch2: observed_alignment_below_85_percent
  excluded jungle-book/original-en/ch4: observed_alignment_below_85_percent
  excluded jungle-book/original-en/ch6: observed_alignment_below_85_percent
  excluded jungle-book/original-en/ch7: observed_alignment_below_85_percent
published            jungle-book/original-en/ch3/words.json  served bytes match
published            on-liberty/original-en/ch1/words.json  served bytes match
published            on-liberty/original-en/ch2/words.json  served bytes match
published            on-liberty/original-en/ch3/words.json  served bytes match
published            on-liberty/original-en/ch4/words.json  served bytes match
published            on-liberty/original-en/ch5/words.json  served bytes match

published 6, skipped 0, journal /home/user/tinct/artifacts/audio-highlight-run1-2026-09-11/publication-journal.json (148 entries)
### `jungle-book/original-en/ch1` — auto arm: 1 of 154 paragraphs below the gate

- p149 ratio 0.80
  - text: Hunting-Song of the Seeonee Pack
  - heard: Hunting -Song of the Seeonee Pack

### `jungle-book/original-en/ch2` — auto arm: 4 of 181 paragraphs below the gate

- p17 ratio 0.83
  - text: "Now for the Snake-People," said Bagheera.
  - heard: Now for the Snake -People, said Bagheera.
- p38 ratio 0.82
  - text: "The Monkey-People are forbidden," said Baloo, "forbidden to the Jungle-People. Remember."
  - heard: The Monkey -People are forbidden, said Baloo, forbidden to the Jungle -People. Remember.
- p105 ratio 0.80
  - text: "Worm--earth-worm, and yellow to boot."
  - heard: Worm -earth -worm, and yellow to boot.
- p175 ratio 0.50
  - text: Road-Song of the Bandar-Log
  - heard: Road -Song of the Bandar -Log

### `jungle-book/original-en/ch4` — auto arm: 1 of 115 paragraphs below the gate

- p46 ratio 0.83
  - text: "Scoochnie! Ochen scoochnie!" ("I'm lonesome, very lonesome!") said Kotick. "They're killing all the holluschickie on all the beaches!"
  - heard: I'm lonesome, very lonesome! said Kotick. They're killing all the holluschickie on all the beaches!

### `jungle-book/original-en/ch6` — auto arm: 1 of 89 paragraphs below the gate

- p18 ratio 0.83
  - text: "What--what will happen?" said Little Toomai.
  - heard: What will happen? said Little Toomai.

### `jungle-book/original-en/ch7` — auto arm: 1 of 165 paragraphs below the gate

- p35 ratio 0.83
  - text: "What's bridle-wise?" said the young mule.
  - heard: What's bridle -wise? said the young mule.

