[2026-09-12T05:24:18Z] created siq39a3lr1wjtu tinct-words-run2-17 gpu=None $0.49/hr
[2026-09-12T05:24:19Z] waiting: pod RUNNING agent HTTP 404
[2026-09-12T05:24:37Z] phase cohort at 0.3 min; setup={"versions": {"faster-whisper": "1.2.1", "ctranslate2": "4.8.2", "av": "18.1.0"}, "commit": "f53d744782e3c369fffd2980a013a7f199c0476e", "model_tree_sha256": "f1fe271c349229677131d389a96d0a28062a6a2c2fee54a8ce119c43538315c5", "ld_library_path": "/usr/local/lib/python3.11/dist-packages/nvidia/cublas/l
[2026-09-12T05:24:37Z] 0.3 min: cohort {"arm_chapters_passed": 0, "arm_chapters_rejected": 0, "arm_chapters_running": 0}
[2026-09-12T05:27:31Z] adopted siq39a3lr1wjtu tinct-words-run2-17 gpu=None $0.49/hr batch=4
[2026-09-12T05:27:32Z] phase aligning at 3.0 min; setup={"versions": {"faster-whisper": "1.2.1", "ctranslate2": "4.8.2", "av": "18.1.0"}, "commit": "f53d744782e3c369fffd2980a013a7f199c0476e", "model_tree_sha256": "f1fe271c349229677131d389a96d0a28062a6a2c2fee54a8ce119c43538315c5", "ld_library_path": "/usr/local/lib/python3.11/dist-packages/nvidia/cublas/l
[2026-09-12T05:27:32Z] 3.0 min: aligning {"arm_chapters_passed": 0, "arm_chapters_rejected": 0, "arm_chapters_running": 1, "paragraph_diagnostics": 79}
[2026-09-12T05:28:03Z] 3.5 min: aligning {"arm_chapters_passed": 0, "arm_chapters_rejected": 0, "arm_chapters_running": 1, "paragraph_diagnostics": 129}
[2026-09-12T05:28:34Z] 4.0 min: aligning {"arm_chapters_passed": 0, "arm_chapters_rejected": 1, "arm_chapters_running": 1, "paragraph_diagnostics": 165}
[2026-09-12T05:29:05Z] 4.5 min: aligning {"arm_chapters_passed": 0, "arm_chapters_rejected": 1, "arm_chapters_running": 1, "paragraph_diagnostics": 201}
[2026-09-12T05:29:35Z] 5.1 min: aligning {"arm_chapters_passed": 0, "arm_chapters_rejected": 1, "arm_chapters_running": 1, "paragraph_diagnostics": 225}
[2026-09-12T05:30:06Z] 5.6 min: aligning {"arm_chapters_passed": 0, "arm_chapters_rejected": 1, "arm_chapters_running": 1, "paragraph_diagnostics": 249}
[2026-09-12T05:30:37Z] 6.1 min: aligning {"arm_chapters_passed": 0, "arm_chapters_rejected": 1, "arm_chapters_running": 1, "paragraph_diagnostics": 286}
[2026-09-12T05:31:08Z] 6.6 min: aligning {"arm_chapters_passed": 1, "arm_chapters_rejected": 1, "arm_chapters_running": 1, "paragraph_diagnostics": 310}
[2026-09-12T05:31:42Z] snapshot 1545973 bytes
[2026-09-12T05:31:42Z] 7.1 min: aligning {"arm_chapters_passed": 1, "arm_chapters_rejected": 1, "arm_chapters_running": 1, "paragraph_diagnostics": 351}
[2026-09-12T05:32:13Z] 7.7 min: aligning {"arm_chapters_passed": 1, "arm_chapters_rejected": 1, "arm_chapters_running": 1, "paragraph_diagnostics": 404}
[2026-09-12T05:32:44Z] 8.2 min: aligning {"arm_chapters_passed": 1, "arm_chapters_rejected": 1, "arm_chapters_running": 1, "paragraph_diagnostics": 431}
[2026-09-12T05:33:15Z] 8.7 min: aligning {"arm_chapters_passed": 1, "arm_chapters_rejected": 1, "arm_chapters_running": 1, "paragraph_diagnostics": 484}
[2026-09-12T05:33:45Z] 9.2 min: aligning {"arm_chapters_passed": 1, "arm_chapters_rejected": 2, "arm_chapters_running": 1, "paragraph_diagnostics": 514}
[2026-09-12T05:34:16Z] 9.7 min: aligning {"arm_chapters_passed": 1, "arm_chapters_rejected": 2, "arm_chapters_running": 1, "paragraph_diagnostics": 533}
[2026-09-12T05:34:47Z] 10.2 min: aligning {"arm_chapters_passed": 1, "arm_chapters_rejected": 2, "arm_chapters_running": 1, "paragraph_diagnostics": 575}
[2026-09-12T05:35:17Z] 10.8 min: aligning {"arm_chapters_passed": 1, "arm_chapters_rejected": 2, "arm_chapters_running": 1, "paragraph_diagnostics": 601}
[2026-09-12T05:35:53Z] snapshot 2846432 bytes
[2026-09-12T05:35:53Z] 11.3 min: aligning {"arm_chapters_passed": 1, "arm_chapters_rejected": 2, "arm_chapters_running": 1, "paragraph_diagnostics": 612}
[2026-09-12T05:36:24Z] 11.9 min: aligning {"arm_chapters_passed": 1, "arm_chapters_rejected": 2, "arm_chapters_running": 1, "paragraph_diagnostics": 654}
[2026-09-12T05:36:54Z] 12.4 min: aligning {"arm_chapters_passed": 2, "arm_chapters_rejected": 2, "arm_chapters_running": 1, "paragraph_diagnostics": 693}
[2026-09-12T05:37:25Z] 12.9 min: aligning {"arm_chapters_passed": 2, "arm_chapters_rejected": 2, "arm_chapters_running": 1, "paragraph_diagnostics": 727}
[2026-09-12T05:37:56Z] 13.4 min: aligning {"arm_chapters_passed": 2, "arm_chapters_rejected": 2, "arm_chapters_running": 1, "paragraph_diagnostics": 766}
[2026-09-12T05:38:27Z] 13.9 min: aligning {"arm_chapters_passed": 2, "arm_chapters_rejected": 3, "arm_chapters_running": 1, "paragraph_diagnostics": 806}
[2026-09-12T05:38:58Z] 14.4 min: aligning {"arm_chapters_passed": 2, "arm_chapters_rejected": 3, "arm_chapters_running": 1, "paragraph_diagnostics": 830}
[2026-09-12T05:39:29Z] 14.9 min: aligning {"arm_chapters_passed": 2, "arm_chapters_rejected": 3, "arm_chapters_running": 1, "paragraph_diagnostics": 859}
[2026-09-12T05:40:07Z] snapshot 4374876 bytes
[2026-09-12T05:40:07Z] 15.5 min: aligning {"arm_chapters_passed": 2, "arm_chapters_rejected": 3, "arm_chapters_running": 1, "paragraph_diagnostics": 884}
[2026-09-12T05:40:37Z] 16.1 min: aligning {"arm_chapters_passed": 3, "arm_chapters_rejected": 3, "arm_chapters_running": 1, "paragraph_diagnostics": 902}
[2026-09-12T05:41:08Z] 16.6 min: aligning {"arm_chapters_passed": 3, "arm_chapters_rejected": 3, "arm_chapters_running": 1, "paragraph_diagnostics": 952}
[2026-09-12T05:41:39Z] 17.1 min: aligning {"arm_chapters_passed": 3, "arm_chapters_rejected": 3, "arm_chapters_running": 1, "paragraph_diagnostics": 1053}
[2026-09-12T05:42:10Z] 17.6 min: aligning {"arm_chapters_passed": 3, "arm_chapters_rejected": 3, "arm_chapters_running": 1, "paragraph_diagnostics": 1137}
[2026-09-12T05:42:41Z] 18.1 min: aligning {"arm_chapters_passed": 3, "arm_chapters_rejected": 3, "arm_chapters_running": 1, "paragraph_diagnostics": 1220}
[2026-09-12T05:43:11Z] 18.7 min: aligning {"arm_chapters_passed": 3, "arm_chapters_rejected": 3, "arm_chapters_running": 1, "paragraph_diagnostics": 1321}
[2026-09-12T05:43:42Z] 19.2 min: aligning {"arm_chapters_passed": 3, "arm_chapters_rejected": 4, "arm_chapters_running": 1, "paragraph_diagnostics": 1373}
[2026-09-12T05:44:24Z] snapshot 5715192 bytes
[2026-09-12T05:44:24Z] 19.7 min: aligning {"arm_chapters_passed": 3, "arm_chapters_rejected": 4, "arm_chapters_running": 1, "paragraph_diagnostics": 1401}
[2026-09-12T05:44:55Z] 20.4 min: aligning {"arm_chapters_passed": 3, "arm_chapters_rejected": 4, "arm_chapters_running": 1, "paragraph_diagnostics": 1509}
[2026-09-12T05:45:26Z] 20.9 min: aligning {"arm_chapters_passed": 3, "arm_chapters_rejected": 4, "arm_chapters_running": 1, "paragraph_diagnostics": 1563}
[2026-09-12T05:45:57Z] 21.4 min: aligning {"arm_chapters_passed": 3, "arm_chapters_rejected": 4, "arm_chapters_running": 1, "paragraph_diagnostics": 1634}
[2026-09-12T05:46:28Z] 21.9 min: aligning {"arm_chapters_passed": 3, "arm_chapters_rejected": 4, "arm_chapters_running": 1, "paragraph_diagnostics": 1707}
[2026-09-12T05:46:59Z] 22.4 min: aligning {"arm_chapters_passed": 3, "arm_chapters_rejected": 4, "arm_chapters_running": 1, "paragraph_diagnostics": 1766}
[2026-09-12T05:47:30Z] phase done at 23.0 min; setup={"versions": {"faster-whisper": "1.2.1", "ctranslate2": "4.8.2", "av": "18.1.0"}, "commit": "f53d744782e3c369fffd2980a013a7f199c0476e", "model_tree_sha256": "f1fe271c349229677131d389a96d0a28062a6a2c2fee54a8ce119c43538315c5", "ld_library_path": "/usr/local/lib/python3.11/dist-packages/nvidia/cublas/l
[2026-09-12T05:47:30Z] 23.0 min: done {"arm_chapters_passed": 3, "arm_chapters_rejected": 5, "arm_chapters_running": 0, "paragraph_diagnostics": 1794}
[2026-09-12T05:47:43Z] fetched out.tar.gz (6552836 bytes)
[2026-09-12T05:47:45Z] stop siq39a3lr1wjtu: HTTP 200
[2026-09-12T05:47:46Z] terminate siq39a3lr1wjtu: HTTP 204
[2026-09-12T05:47:46Z] pod siq39a3lr1wjtu done: outcome=done uptime=23.2m est $0.19
