[2026-09-12T15:41:05Z] created 4ba1xntrgin41r tinct-words-run3-56 gpu=None $0.49/hr
[2026-09-12T15:41:06Z] waiting: pod RUNNING agent HTTP 404
[2026-09-12T15:41:22Z] waiting: pod RUNNING agent HTTP 404
[2026-09-12T15:41:38Z] phase cohort at 0.5 min; setup={"versions": {"faster-whisper": "1.2.1", "ctranslate2": "4.8.2", "av": "18.1.0"}, "commit": "c43ab3799d5b71c58b770ed22e1bd7bb9b2774cf", "model_tree_sha256": "f1fe271c349229677131d389a96d0a28062a6a2c2fee54a8ce119c43538315c5", "ld_library_path": "/usr/local/lib/python3.11/dist-packages/nvidia/cublas/l
[2026-09-12T15:41:38Z] 0.5 min: cohort {"arm_chapters_passed": 0, "arm_chapters_rejected": 0, "arm_chapters_running": 0}
[2026-09-12T15:42:08Z] 1.0 min: cohort {"arm_chapters_passed": 0, "arm_chapters_rejected": 0, "arm_chapters_running": 0}
[2026-09-12T15:42:39Z] 1.6 min: cohort {"arm_chapters_passed": 0, "arm_chapters_rejected": 0, "arm_chapters_running": 0}
[2026-09-12T15:43:09Z] 2.1 min: cohort {"arm_chapters_passed": 0, "arm_chapters_rejected": 0, "arm_chapters_running": 0}
[2026-09-12T15:43:40Z] 2.6 min: cohort {"arm_chapters_passed": 0, "arm_chapters_rejected": 0, "arm_chapters_running": 0}
[2026-09-12T15:44:10Z] 3.1 min: cohort {"arm_chapters_passed": 0, "arm_chapters_rejected": 0, "arm_chapters_running": 0}
[2026-09-12T15:44:41Z] 3.6 min: cohort {"arm_chapters_passed": 0, "arm_chapters_rejected": 0, "arm_chapters_running": 0}
[2026-09-12T15:45:11Z] phase aligning at 4.1 min; setup={"versions": {"faster-whisper": "1.2.1", "ctranslate2": "4.8.2", "av": "18.1.0"}, "commit": "c43ab3799d5b71c58b770ed22e1bd7bb9b2774cf", "model_tree_sha256": "f1fe271c349229677131d389a96d0a28062a6a2c2fee54a8ce119c43538315c5", "ld_library_path": "/usr/local/lib/python3.11/dist-packages/nvidia/cublas/l
[2026-09-12T15:45:11Z] 4.1 min: aligning {"arm_chapters_passed": 0, "arm_chapters_rejected": 0, "arm_chapters_running": 1, "paragraph_diagnostics": 11}
[2026-09-12T15:45:43Z] snapshot 296885 bytes
[2026-09-12T15:45:43Z] 4.6 min: aligning {"arm_chapters_passed": 0, "arm_chapters_rejected": 1, "arm_chapters_running": 1, "paragraph_diagnostics": 31}
[2026-09-12T15:46:13Z] 5.1 min: aligning {"arm_chapters_passed": 0, "arm_chapters_rejected": 1, "arm_chapters_running": 1, "paragraph_diagnostics": 42}
[2026-09-12T15:46:43Z] 5.6 min: aligning {"arm_chapters_passed": 1, "arm_chapters_rejected": 3, "arm_chapters_running": 1, "paragraph_diagnostics": 55}
[2026-09-12T15:47:14Z] 6.1 min: aligning {"arm_chapters_passed": 1, "arm_chapters_rejected": 4, "arm_chapters_running": 1, "paragraph_diagnostics": 71}
[2026-09-12T15:47:44Z] 6.6 min: aligning {"arm_chapters_passed": 1, "arm_chapters_rejected": 5, "arm_chapters_running": 1, "paragraph_diagnostics": 82}
[2026-09-12T15:48:14Z] 7.1 min: aligning {"arm_chapters_passed": 1, "arm_chapters_rejected": 7, "arm_chapters_running": 1, "paragraph_diagnostics": 97}
[2026-09-12T15:48:45Z] 7.7 min: aligning {"arm_chapters_passed": 2, "arm_chapters_rejected": 8, "arm_chapters_running": 1, "paragraph_diagnostics": 110}
[2026-09-12T15:49:15Z] 8.2 min: aligning {"arm_chapters_passed": 2, "arm_chapters_rejected": 9, "arm_chapters_running": 1, "paragraph_diagnostics": 125}
[2026-09-12T15:49:48Z] snapshot 2081355 bytes
[2026-09-12T15:49:48Z] 8.7 min: aligning {"arm_chapters_passed": 3, "arm_chapters_rejected": 9, "arm_chapters_running": 1, "paragraph_diagnostics": 132}
[2026-09-12T15:50:19Z] 9.2 min: aligning {"arm_chapters_passed": 3, "arm_chapters_rejected": 10, "arm_chapters_running": 1, "paragraph_diagnostics": 140}
[2026-09-12T15:50:49Z] 9.7 min: aligning {"arm_chapters_passed": 4, "arm_chapters_rejected": 10, "arm_chapters_running": 1, "paragraph_diagnostics": 162}
[2026-09-12T15:51:19Z] 10.2 min: aligning {"arm_chapters_passed": 4, "arm_chapters_rejected": 10, "arm_chapters_running": 1, "paragraph_diagnostics": 210}
[2026-09-12T15:51:50Z] 10.7 min: aligning {"arm_chapters_passed": 4, "arm_chapters_rejected": 11, "arm_chapters_running": 1, "paragraph_diagnostics": 228}
[2026-09-12T15:52:20Z] 11.2 min: aligning {"arm_chapters_passed": 4, "arm_chapters_rejected": 11, "arm_chapters_running": 1, "paragraph_diagnostics": 264}
[2026-09-12T15:52:50Z] 11.7 min: aligning {"arm_chapters_passed": 4, "arm_chapters_rejected": 11, "arm_chapters_running": 1, "paragraph_diagnostics": 279}
[2026-09-12T15:53:21Z] 12.3 min: aligning {"arm_chapters_passed": 4, "arm_chapters_rejected": 11, "arm_chapters_running": 1, "paragraph_diagnostics": 304}
[2026-09-12T15:53:55Z] snapshot 3758459 bytes
[2026-09-12T15:53:55Z] 12.8 min: aligning {"arm_chapters_passed": 5, "arm_chapters_rejected": 11, "arm_chapters_running": 1, "paragraph_diagnostics": 329}
[2026-09-12T15:54:26Z] 13.3 min: aligning {"arm_chapters_passed": 5, "arm_chapters_rejected": 12, "arm_chapters_running": 1, "paragraph_diagnostics": 356}
[2026-09-12T15:54:56Z] 13.8 min: aligning {"arm_chapters_passed": 6, "arm_chapters_rejected": 12, "arm_chapters_running": 1, "paragraph_diagnostics": 391}
[2026-09-12T15:55:26Z] 14.4 min: aligning {"arm_chapters_passed": 7, "arm_chapters_rejected": 13, "arm_chapters_running": 1, "paragraph_diagnostics": 430}
[2026-09-12T15:55:57Z] 14.9 min: aligning {"arm_chapters_passed": 8, "arm_chapters_rejected": 13, "arm_chapters_running": 1, "paragraph_diagnostics": 477}
[2026-09-12T15:56:27Z] 15.4 min: aligning {"arm_chapters_passed": 9, "arm_chapters_rejected": 13, "arm_chapters_running": 1, "paragraph_diagnostics": 525}
[2026-09-12T15:56:58Z] 15.9 min: aligning {"arm_chapters_passed": 9, "arm_chapters_rejected": 15, "arm_chapters_running": 1, "paragraph_diagnostics": 572}
[2026-09-12T15:57:28Z] 16.4 min: aligning {"arm_chapters_passed": 9, "arm_chapters_rejected": 16, "arm_chapters_running": 1, "paragraph_diagnostics": 598}
[2026-09-12T15:58:05Z] snapshot 5186865 bytes
[2026-09-12T15:58:05Z] 16.9 min: aligning {"arm_chapters_passed": 10, "arm_chapters_rejected": 16, "arm_chapters_running": 1, "paragraph_diagnostics": 620}
[2026-09-12T15:58:35Z] 17.5 min: aligning {"arm_chapters_passed": 10, "arm_chapters_rejected": 16, "arm_chapters_running": 1, "paragraph_diagnostics": 668}
[2026-09-12T15:59:06Z] 18.0 min: aligning {"arm_chapters_passed": 10, "arm_chapters_rejected": 17, "arm_chapters_running": 1, "paragraph_diagnostics": 690}
[2026-09-12T15:59:36Z] 18.5 min: aligning {"arm_chapters_passed": 10, "arm_chapters_rejected": 17, "arm_chapters_running": 1, "paragraph_diagnostics": 712}
[2026-09-12T16:00:07Z] 19.0 min: aligning {"arm_chapters_passed": 10, "arm_chapters_rejected": 17, "arm_chapters_running": 1, "paragraph_diagnostics": 735}
[2026-09-12T16:00:38Z] 19.5 min: aligning {"arm_chapters_passed": 10, "arm_chapters_rejected": 17, "arm_chapters_running": 1, "paragraph_diagnostics": 744}
[2026-09-12T16:01:08Z] 20.0 min: aligning {"arm_chapters_passed": 11, "arm_chapters_rejected": 18, "arm_chapters_running": 1, "paragraph_diagnostics": 766}
[2026-09-12T16:01:38Z] phase done at 20.5 min; setup={"versions": {"faster-whisper": "1.2.1", "ctranslate2": "4.8.2", "av": "18.1.0"}, "commit": "c43ab3799d5b71c58b770ed22e1bd7bb9b2774cf", "model_tree_sha256": "f1fe271c349229677131d389a96d0a28062a6a2c2fee54a8ce119c43538315c5", "ld_library_path": "/usr/local/lib/python3.11/dist-packages/nvidia/cublas/l
[2026-09-12T16:01:38Z] 20.5 min: done {"arm_chapters_passed": 12, "arm_chapters_rejected": 18, "arm_chapters_running": 0, "paragraph_diagnostics": 772}
[2026-09-12T16:01:47Z] fetched out.tar.gz (6403939 bytes)
[2026-09-12T16:01:48Z] stop 4ba1xntrgin41r: HTTP 200
[2026-09-12T16:01:49Z] terminate 4ba1xntrgin41r: HTTP 204
[2026-09-12T16:01:49Z] pod 4ba1xntrgin41r done: outcome=done uptime=20.7m est $0.17
