[2026-09-12T06:22:32Z] created qwgyeb81g3gk4r tinct-words-run2-53 gpu=None $0.49/hr
[2026-09-12T06:22:33Z] waiting: pod RUNNING agent HTTP 404
[2026-09-12T06:22:49Z] waiting: pod RUNNING agent HTTP 404
[2026-09-12T06:23:07Z] phase cohort at 0.6 min; setup={"versions": {"faster-whisper": "1.2.1", "ctranslate2": "4.8.2", "av": "18.1.0"}, "commit": "f53d744782e3c369fffd2980a013a7f199c0476e", "model_tree_sha256": "f1fe271c349229677131d389a96d0a28062a6a2c2fee54a8ce119c43538315c5", "ld_library_path": "/usr/local/lib/python3.11/dist-packages/nvidia/cublas/l
[2026-09-12T06:23:07Z] 0.6 min: cohort {"arm_chapters_passed": 0, "arm_chapters_rejected": 0, "arm_chapters_running": 0}
[2026-09-12T06:23:38Z] 1.1 min: cohort {"arm_chapters_passed": 0, "arm_chapters_rejected": 0, "arm_chapters_running": 0}
[2026-09-12T06:24:08Z] 1.6 min: cohort {"arm_chapters_passed": 0, "arm_chapters_rejected": 0, "arm_chapters_running": 0}
[2026-09-12T06:24:39Z] phase aligning at 2.1 min; setup={"versions": {"faster-whisper": "1.2.1", "ctranslate2": "4.8.2", "av": "18.1.0"}, "commit": "f53d744782e3c369fffd2980a013a7f199c0476e", "model_tree_sha256": "f1fe271c349229677131d389a96d0a28062a6a2c2fee54a8ce119c43538315c5", "ld_library_path": "/usr/local/lib/python3.11/dist-packages/nvidia/cublas/l
[2026-09-12T06:24:39Z] 2.1 min: aligning {"arm_chapters_passed": 0, "arm_chapters_rejected": 0, "arm_chapters_running": 1, "paragraph_diagnostics": 11}
[2026-09-12T06:25:10Z] 2.6 min: aligning {"arm_chapters_passed": 0, "arm_chapters_rejected": 0, "arm_chapters_running": 1, "paragraph_diagnostics": 63}
[2026-09-12T06:25:41Z] 3.1 min: aligning {"arm_chapters_passed": 0, "arm_chapters_rejected": 1, "arm_chapters_running": 1, "paragraph_diagnostics": 129}
[2026-09-12T06:26:12Z] 3.6 min: aligning {"arm_chapters_passed": 0, "arm_chapters_rejected": 1, "arm_chapters_running": 1, "paragraph_diagnostics": 163}
[2026-09-12T06:26:42Z] 4.2 min: aligning {"arm_chapters_passed": 0, "arm_chapters_rejected": 1, "arm_chapters_running": 1, "paragraph_diagnostics": 209}
[2026-09-12T06:27:16Z] snapshot 974243 bytes
[2026-09-12T06:27:16Z] 4.7 min: aligning {"arm_chapters_passed": 0, "arm_chapters_rejected": 2, "arm_chapters_running": 1, "paragraph_diagnostics": 272}
[2026-09-12T06:27:47Z] 5.2 min: aligning {"arm_chapters_passed": 0, "arm_chapters_rejected": 3, "arm_chapters_running": 1, "paragraph_diagnostics": 360}
[2026-09-12T06:28:18Z] 5.7 min: aligning {"arm_chapters_passed": 1, "arm_chapters_rejected": 3, "arm_chapters_running": 1, "paragraph_diagnostics": 433}
[2026-09-12T06:28:49Z] 6.3 min: aligning {"arm_chapters_passed": 1, "arm_chapters_rejected": 3, "arm_chapters_running": 1, "paragraph_diagnostics": 512}
[2026-09-12T06:29:19Z] 6.8 min: aligning {"arm_chapters_passed": 1, "arm_chapters_rejected": 4, "arm_chapters_running": 1, "paragraph_diagnostics": 577}
[2026-09-12T06:29:50Z] 7.3 min: aligning {"arm_chapters_passed": 1, "arm_chapters_rejected": 4, "arm_chapters_running": 1, "paragraph_diagnostics": 637}
[2026-09-12T06:30:21Z] 7.8 min: aligning {"arm_chapters_passed": 2, "arm_chapters_rejected": 4, "arm_chapters_running": 1, "paragraph_diagnostics": 674}
[2026-09-12T06:30:52Z] 8.3 min: aligning {"arm_chapters_passed": 3, "arm_chapters_rejected": 4, "arm_chapters_running": 1, "paragraph_diagnostics": 718}
[2026-09-12T06:31:28Z] snapshot 2429331 bytes
[2026-09-12T06:31:28Z] 8.8 min: aligning {"arm_chapters_passed": 5, "arm_chapters_rejected": 5, "arm_chapters_running": 1, "paragraph_diagnostics": 772}
[2026-09-12T06:32:00Z] 9.4 min: aligning {"arm_chapters_passed": 5, "arm_chapters_rejected": 6, "arm_chapters_running": 1, "paragraph_diagnostics": 828}
[2026-09-12T06:32:31Z] 10.0 min: aligning {"arm_chapters_passed": 5, "arm_chapters_rejected": 6, "arm_chapters_running": 1, "paragraph_diagnostics": 858}
[2026-09-12T06:33:02Z] 10.5 min: aligning {"arm_chapters_passed": 5, "arm_chapters_rejected": 6, "arm_chapters_running": 1, "paragraph_diagnostics": 865}
[2026-09-12T06:33:33Z] 11.0 min: aligning {"arm_chapters_passed": 6, "arm_chapters_rejected": 7, "arm_chapters_running": 1, "paragraph_diagnostics": 895}
[2026-09-12T06:34:04Z] 11.5 min: aligning {"arm_chapters_passed": 6, "arm_chapters_rejected": 7, "arm_chapters_running": 1, "paragraph_diagnostics": 914}
[2026-09-12T06:34:34Z] 12.0 min: aligning {"arm_chapters_passed": 7, "arm_chapters_rejected": 7, "arm_chapters_running": 1, "paragraph_diagnostics": 925}
[2026-09-12T06:35:05Z] 12.5 min: aligning {"arm_chapters_passed": 7, "arm_chapters_rejected": 7, "arm_chapters_running": 1, "paragraph_diagnostics": 957}
[2026-09-12T06:35:44Z] snapshot 4333984 bytes
[2026-09-12T06:35:44Z] 13.1 min: aligning {"arm_chapters_passed": 7, "arm_chapters_rejected": 8, "arm_chapters_running": 1, "paragraph_diagnostics": 970}
[2026-09-12T06:36:15Z] 13.7 min: aligning {"arm_chapters_passed": 7, "arm_chapters_rejected": 8, "arm_chapters_running": 1, "paragraph_diagnostics": 981}
[2026-09-12T06:36:45Z] 14.2 min: aligning {"arm_chapters_passed": 7, "arm_chapters_rejected": 8, "arm_chapters_running": 1, "paragraph_diagnostics": 991}
[2026-09-12T06:37:16Z] 14.7 min: aligning {"arm_chapters_passed": 8, "arm_chapters_rejected": 8, "arm_chapters_running": 1, "paragraph_diagnostics": 1008}
[2026-09-12T06:37:47Z] 15.2 min: aligning {"arm_chapters_passed": 8, "arm_chapters_rejected": 9, "arm_chapters_running": 1, "paragraph_diagnostics": 1028}
[2026-09-12T06:38:18Z] 15.7 min: aligning {"arm_chapters_passed": 9, "arm_chapters_rejected": 9, "arm_chapters_running": 1, "paragraph_diagnostics": 1049}
[2026-09-12T06:38:49Z] 16.3 min: aligning {"arm_chapters_passed": 9, "arm_chapters_rejected": 9, "arm_chapters_running": 1, "paragraph_diagnostics": 1075}
[2026-09-12T06:39:19Z] 16.8 min: aligning {"arm_chapters_passed": 9, "arm_chapters_rejected": 10, "arm_chapters_running": 1, "paragraph_diagnostics": 1090}
[2026-09-12T06:39:58Z] snapshot 6209137 bytes
[2026-09-12T06:39:58Z] 17.3 min: aligning {"arm_chapters_passed": 9, "arm_chapters_rejected": 10, "arm_chapters_running": 1, "paragraph_diagnostics": 1099}
[2026-09-12T06:40:29Z] 17.9 min: aligning {"arm_chapters_passed": 9, "arm_chapters_rejected": 10, "arm_chapters_running": 1, "paragraph_diagnostics": 1111}
[2026-09-12T06:40:59Z] 18.4 min: aligning {"arm_chapters_passed": 10, "arm_chapters_rejected": 10, "arm_chapters_running": 1, "paragraph_diagnostics": 1126}
[2026-09-12T06:41:30Z] 19.0 min: aligning {"arm_chapters_passed": 10, "arm_chapters_rejected": 11, "arm_chapters_running": 1, "paragraph_diagnostics": 1137}
[2026-09-12T06:42:01Z] 19.5 min: aligning {"arm_chapters_passed": 11, "arm_chapters_rejected": 11, "arm_chapters_running": 1, "paragraph_diagnostics": 1152}
[2026-09-12T06:42:32Z] 20.0 min: aligning {"arm_chapters_passed": 11, "arm_chapters_rejected": 11, "arm_chapters_running": 1, "paragraph_diagnostics": 1180}
[2026-09-12T06:43:03Z] 20.5 min: aligning {"arm_chapters_passed": 11, "arm_chapters_rejected": 12, "arm_chapters_running": 1, "paragraph_diagnostics": 1201}
[2026-09-12T06:43:34Z] 21.0 min: aligning {"arm_chapters_passed": 11, "arm_chapters_rejected": 12, "arm_chapters_running": 1, "paragraph_diagnostics": 1217}
