[2026-09-12T14:17:45Z] created wlrnwitce0xogu tinct-words-run3-21 gpu=None $0.49/hr
[2026-09-12T14:17:46Z] waiting: pod RUNNING agent HTTP 404
[2026-09-12T14:18:03Z] phase cohort at 0.3 min; setup={"versions": {"faster-whisper": "1.2.1", "ctranslate2": "4.8.2", "av": "18.1.0"}, "commit": "c43ab3799d5b71c58b770ed22e1bd7bb9b2774cf", "model_tree_sha256": "f1fe271c349229677131d389a96d0a28062a6a2c2fee54a8ce119c43538315c5", "ld_library_path": "/usr/local/lib/python3.11/dist-packages/nvidia/cublas/l
[2026-09-12T14:18:03Z] 0.3 min: cohort {"arm_chapters_passed": 0, "arm_chapters_rejected": 0, "arm_chapters_running": 0}
[2026-09-12T14:18:34Z] 0.8 min: cohort {"arm_chapters_passed": 0, "arm_chapters_rejected": 0, "arm_chapters_running": 0}
[2026-09-12T14:19:05Z] 1.3 min: cohort {"arm_chapters_passed": 0, "arm_chapters_rejected": 0, "arm_chapters_running": 0}
[2026-09-12T14:19:36Z] phase aligning at 1.8 min; setup={"versions": {"faster-whisper": "1.2.1", "ctranslate2": "4.8.2", "av": "18.1.0"}, "commit": "c43ab3799d5b71c58b770ed22e1bd7bb9b2774cf", "model_tree_sha256": "f1fe271c349229677131d389a96d0a28062a6a2c2fee54a8ce119c43538315c5", "ld_library_path": "/usr/local/lib/python3.11/dist-packages/nvidia/cublas/l
[2026-09-12T14:19:36Z] 1.8 min: aligning {"arm_chapters_passed": 0, "arm_chapters_rejected": 1, "arm_chapters_running": 1, "paragraph_diagnostics": 28}
[2026-09-12T14:20:07Z] 2.3 min: aligning {"arm_chapters_passed": 1, "arm_chapters_rejected": 2, "arm_chapters_running": 1, "paragraph_diagnostics": 52}
[2026-09-12T14:20:37Z] 2.9 min: aligning {"arm_chapters_passed": 2, "arm_chapters_rejected": 3, "arm_chapters_running": 1, "paragraph_diagnostics": 104}
[2026-09-12T14:21:08Z] 3.4 min: aligning {"arm_chapters_passed": 3, "arm_chapters_rejected": 4, "arm_chapters_running": 1, "paragraph_diagnostics": 157}
[2026-09-12T14:21:39Z] 3.9 min: aligning {"arm_chapters_passed": 4, "arm_chapters_rejected": 4, "arm_chapters_running": 1, "paragraph_diagnostics": 199}
[2026-09-12T14:22:13Z] snapshot 1155391 bytes
[2026-09-12T14:22:13Z] 4.4 min: aligning {"arm_chapters_passed": 5, "arm_chapters_rejected": 5, "arm_chapters_running": 1, "paragraph_diagnostics": 242}
[2026-09-12T14:22:44Z] 5.0 min: aligning {"arm_chapters_passed": 5, "arm_chapters_rejected": 6, "arm_chapters_running": 1, "paragraph_diagnostics": 298}
[2026-09-12T14:23:14Z] 5.5 min: aligning {"arm_chapters_passed": 7, "arm_chapters_rejected": 7, "arm_chapters_running": 1, "paragraph_diagnostics": 345}
[2026-09-12T14:23:45Z] 6.0 min: aligning {"arm_chapters_passed": 7, "arm_chapters_rejected": 7, "arm_chapters_running": 1, "paragraph_diagnostics": 424}
[2026-09-12T14:24:16Z] 6.5 min: aligning {"arm_chapters_passed": 7, "arm_chapters_rejected": 8, "arm_chapters_running": 1, "paragraph_diagnostics": 473}
[2026-09-12T14:24:47Z] 7.0 min: aligning {"arm_chapters_passed": 8, "arm_chapters_rejected": 8, "arm_chapters_running": 1, "paragraph_diagnostics": 535}
[2026-09-12T14:25:19Z] 7.5 min: aligning {"arm_chapters_passed": 9, "arm_chapters_rejected": 10, "arm_chapters_running": 1, "paragraph_diagnostics": 601}
[2026-09-12T14:25:50Z] 8.1 min: aligning {"arm_chapters_passed": 10, "arm_chapters_rejected": 10, "arm_chapters_running": 1, "paragraph_diagnostics": 663}
[2026-09-12T14:26:25Z] snapshot 2775724 bytes
[2026-09-12T14:26:25Z] 8.6 min: aligning {"arm_chapters_passed": 11, "arm_chapters_rejected": 11, "arm_chapters_running": 1, "paragraph_diagnostics": 737}
[2026-09-12T14:26:56Z] 9.2 min: aligning {"arm_chapters_passed": 12, "arm_chapters_rejected": 12, "arm_chapters_running": 1, "paragraph_diagnostics": 798}
[2026-09-12T14:27:26Z] 9.7 min: aligning {"arm_chapters_passed": 12, "arm_chapters_rejected": 13, "arm_chapters_running": 1, "paragraph_diagnostics": 839}
[2026-09-12T14:27:57Z] 10.2 min: aligning {"arm_chapters_passed": 12, "arm_chapters_rejected": 15, "arm_chapters_running": 1, "paragraph_diagnostics": 886}
[2026-09-12T14:28:28Z] 10.7 min: aligning {"arm_chapters_passed": 13, "arm_chapters_rejected": 16, "arm_chapters_running": 1, "paragraph_diagnostics": 907}
[2026-09-12T14:28:59Z] 11.2 min: aligning {"arm_chapters_passed": 14, "arm_chapters_rejected": 16, "arm_chapters_running": 1, "paragraph_diagnostics": 973}
[2026-09-12T14:29:30Z] 11.7 min: aligning {"arm_chapters_passed": 14, "arm_chapters_rejected": 17, "arm_chapters_running": 1, "paragraph_diagnostics": 1050}
[2026-09-12T14:30:01Z] 12.3 min: aligning {"arm_chapters_passed": 15, "arm_chapters_rejected": 18, "arm_chapters_running": 1, "paragraph_diagnostics": 1115}
[2026-09-12T14:30:37Z] snapshot 4152337 bytes
[2026-09-12T14:30:37Z] 12.8 min: aligning {"arm_chapters_passed": 15, "arm_chapters_rejected": 18, "arm_chapters_running": 1, "paragraph_diagnostics": 1165}
[2026-09-12T14:31:08Z] 13.4 min: aligning {"arm_chapters_passed": 16, "arm_chapters_rejected": 19, "arm_chapters_running": 1, "paragraph_diagnostics": 1249}
[2026-09-12T14:31:39Z] 13.9 min: aligning {"arm_chapters_passed": 16, "arm_chapters_rejected": 20, "arm_chapters_running": 1, "paragraph_diagnostics": 1339}
[2026-09-12T14:32:10Z] 14.4 min: aligning {"arm_chapters_passed": 16, "arm_chapters_rejected": 21, "arm_chapters_running": 1, "paragraph_diagnostics": 1398}
[2026-09-12T14:32:40Z] 14.9 min: aligning {"arm_chapters_passed": 17, "arm_chapters_rejected": 21, "arm_chapters_running": 1, "paragraph_diagnostics": 1483}
[2026-09-12T14:33:11Z] 15.4 min: aligning {"arm_chapters_passed": 17, "arm_chapters_rejected": 22, "arm_chapters_running": 1, "paragraph_diagnostics": 1545}
[2026-09-12T14:33:42Z] 15.9 min: aligning {"arm_chapters_passed": 18, "arm_chapters_rejected": 22, "arm_chapters_running": 1, "paragraph_diagnostics": 1584}
[2026-09-12T14:34:13Z] 16.5 min: aligning {"arm_chapters_passed": 18, "arm_chapters_rejected": 23, "arm_chapters_running": 1, "paragraph_diagnostics": 1692}
[2026-09-12T14:34:52Z] snapshot 5311643 bytes
[2026-09-12T14:34:52Z] 17.0 min: aligning {"arm_chapters_passed": 20, "arm_chapters_rejected": 24, "arm_chapters_running": 1, "paragraph_diagnostics": 1785}
[2026-09-12T14:35:23Z] phase done at 17.6 min; setup={"versions": {"faster-whisper": "1.2.1", "ctranslate2": "4.8.2", "av": "18.1.0"}, "commit": "c43ab3799d5b71c58b770ed22e1bd7bb9b2774cf", "model_tree_sha256": "f1fe271c349229677131d389a96d0a28062a6a2c2fee54a8ce119c43538315c5", "ld_library_path": "/usr/local/lib/python3.11/dist-packages/nvidia/cublas/l
[2026-09-12T14:35:23Z] 17.6 min: done {"arm_chapters_passed": 21, "arm_chapters_rejected": 25, "arm_chapters_running": 0, "paragraph_diagnostics": 1842}
[2026-09-12T14:35:34Z] fetched out.tar.gz (5357130 bytes)
[2026-09-12T14:35:36Z] stop wlrnwitce0xogu: HTTP 200
[2026-09-12T14:35:37Z] terminate wlrnwitce0xogu: HTTP 204
[2026-09-12T14:35:37Z] pod wlrnwitce0xogu done: outcome=done uptime=17.8m est $0.15
