[2026-09-12T07:54:05Z] created sxel97c36hazep tinct-words-run2-82 gpu=None $0.49/hr
[2026-09-12T07:54:06Z] waiting: pod RUNNING agent HTTP 404
[2026-09-12T07:54:21Z] waiting: pod RUNNING agent HTTP 404
[2026-09-12T07:54:38Z] phase cohort at 0.5 min; setup={"versions": {"faster-whisper": "1.2.1", "ctranslate2": "4.8.2", "av": "18.1.0"}, "commit": "f53d744782e3c369fffd2980a013a7f199c0476e", "model_tree_sha256": "f1fe271c349229677131d389a96d0a28062a6a2c2fee54a8ce119c43538315c5", "ld_library_path": "/usr/local/lib/python3.11/dist-packages/nvidia/cublas/l
[2026-09-12T07:54:38Z] 0.5 min: cohort {"arm_chapters_passed": 0, "arm_chapters_rejected": 0, "arm_chapters_running": 0}
[2026-09-12T07:55:08Z] 1.0 min: cohort {"arm_chapters_passed": 0, "arm_chapters_rejected": 0, "arm_chapters_running": 0}
[2026-09-12T07:55:39Z] 1.6 min: cohort {"arm_chapters_passed": 0, "arm_chapters_rejected": 0, "arm_chapters_running": 0}
[2026-09-12T07:56:09Z] phase aligning at 2.1 min; setup={"versions": {"faster-whisper": "1.2.1", "ctranslate2": "4.8.2", "av": "18.1.0"}, "commit": "f53d744782e3c369fffd2980a013a7f199c0476e", "model_tree_sha256": "f1fe271c349229677131d389a96d0a28062a6a2c2fee54a8ce119c43538315c5", "ld_library_path": "/usr/local/lib/python3.11/dist-packages/nvidia/cublas/l
[2026-09-12T07:56:09Z] 2.1 min: aligning {"arm_chapters_passed": 0, "arm_chapters_rejected": 0, "arm_chapters_running": 1, "paragraph_diagnostics": 6}
[2026-09-12T07:56:39Z] 2.6 min: aligning {"arm_chapters_passed": 1, "arm_chapters_rejected": 0, "arm_chapters_running": 1, "paragraph_diagnostics": 41}
[2026-09-12T07:57:10Z] 3.1 min: aligning {"arm_chapters_passed": 2, "arm_chapters_rejected": 0, "arm_chapters_running": 1, "paragraph_diagnostics": 75}
[2026-09-12T07:57:40Z] 3.6 min: aligning {"arm_chapters_passed": 2, "arm_chapters_rejected": 1, "arm_chapters_running": 1, "paragraph_diagnostics": 106}
[2026-09-12T07:58:11Z] 4.1 min: aligning {"arm_chapters_passed": 2, "arm_chapters_rejected": 1, "arm_chapters_running": 1, "paragraph_diagnostics": 114}
[2026-09-12T07:58:43Z] snapshot 1121464 bytes
[2026-09-12T07:58:43Z] 4.6 min: aligning {"arm_chapters_passed": 3, "arm_chapters_rejected": 1, "arm_chapters_running": 1, "paragraph_diagnostics": 129}
[2026-09-12T07:59:13Z] 5.1 min: aligning {"arm_chapters_passed": 3, "arm_chapters_rejected": 2, "arm_chapters_running": 1, "paragraph_diagnostics": 154}
[2026-09-12T07:59:43Z] 5.6 min: aligning {"arm_chapters_passed": 3, "arm_chapters_rejected": 2, "arm_chapters_running": 1, "paragraph_diagnostics": 165}
[2026-09-12T08:00:14Z] 6.1 min: aligning {"arm_chapters_passed": 3, "arm_chapters_rejected": 2, "arm_chapters_running": 1, "paragraph_diagnostics": 176}
[2026-09-12T08:00:44Z] 6.6 min: aligning {"arm_chapters_passed": 4, "arm_chapters_rejected": 2, "arm_chapters_running": 1, "paragraph_diagnostics": 199}
[2026-09-12T08:01:14Z] 7.2 min: aligning {"arm_chapters_passed": 4, "arm_chapters_rejected": 2, "arm_chapters_running": 1, "paragraph_diagnostics": 226}
[2026-09-12T08:01:45Z] 7.7 min: aligning {"arm_chapters_passed": 4, "arm_chapters_rejected": 3, "arm_chapters_running": 1, "paragraph_diagnostics": 254}
[2026-09-12T08:02:15Z] 8.2 min: aligning {"arm_chapters_passed": 4, "arm_chapters_rejected": 3, "arm_chapters_running": 1, "paragraph_diagnostics": 262}
[2026-09-12T08:02:49Z] snapshot 2862043 bytes
[2026-09-12T08:02:49Z] 8.7 min: aligning {"arm_chapters_passed": 5, "arm_chapters_rejected": 3, "arm_chapters_running": 1, "paragraph_diagnostics": 303}
[2026-09-12T08:03:20Z] 9.2 min: aligning {"arm_chapters_passed": 5, "arm_chapters_rejected": 4, "arm_chapters_running": 1, "paragraph_diagnostics": 338}
[2026-09-12T08:03:50Z] 9.7 min: aligning {"arm_chapters_passed": 5, "arm_chapters_rejected": 4, "arm_chapters_running": 1, "paragraph_diagnostics": 369}
[2026-09-12T08:04:20Z] 10.3 min: aligning {"arm_chapters_passed": 6, "arm_chapters_rejected": 4, "arm_chapters_running": 1, "paragraph_diagnostics": 403}
[2026-09-12T08:04:51Z] 10.8 min: aligning {"arm_chapters_passed": 6, "arm_chapters_rejected": 5, "arm_chapters_running": 1, "paragraph_diagnostics": 429}
[2026-09-12T08:05:21Z] 11.3 min: aligning {"arm_chapters_passed": 6, "arm_chapters_rejected": 5, "arm_chapters_running": 1, "paragraph_diagnostics": 456}
[2026-09-12T08:05:51Z] 11.8 min: aligning {"arm_chapters_passed": 6, "arm_chapters_rejected": 5, "arm_chapters_running": 1, "paragraph_diagnostics": 461}
[2026-09-12T08:06:22Z] 12.3 min: aligning {"arm_chapters_passed": 6, "arm_chapters_rejected": 5, "arm_chapters_running": 1, "paragraph_diagnostics": 473}
[2026-09-12T08:06:58Z] snapshot 4595925 bytes
[2026-09-12T08:06:58Z] 12.8 min: aligning {"arm_chapters_passed": 7, "arm_chapters_rejected": 5, "arm_chapters_running": 1, "paragraph_diagnostics": 514}
[2026-09-12T08:07:28Z] 13.4 min: aligning {"arm_chapters_passed": 7, "arm_chapters_rejected": 6, "arm_chapters_running": 1, "paragraph_diagnostics": 569}
[2026-09-12T08:07:59Z] 13.9 min: aligning {"arm_chapters_passed": 7, "arm_chapters_rejected": 6, "arm_chapters_running": 1, "paragraph_diagnostics": 599}
[2026-09-12T08:08:29Z] 14.4 min: aligning {"arm_chapters_passed": 7, "arm_chapters_rejected": 6, "arm_chapters_running": 1, "paragraph_diagnostics": 608}
[2026-09-12T08:09:00Z] 14.9 min: aligning {"arm_chapters_passed": 8, "arm_chapters_rejected": 6, "arm_chapters_running": 1, "paragraph_diagnostics": 629}
[2026-09-12T08:09:30Z] 15.4 min: aligning {"arm_chapters_passed": 8, "arm_chapters_rejected": 6, "arm_chapters_running": 1, "paragraph_diagnostics": 655}
[2026-09-12T08:10:00Z] 15.9 min: aligning {"arm_chapters_passed": 8, "arm_chapters_rejected": 7, "arm_chapters_running": 1, "paragraph_diagnostics": 689}
[2026-09-12T08:10:31Z] 16.4 min: aligning {"arm_chapters_passed": 8, "arm_chapters_rejected": 7, "arm_chapters_running": 1, "paragraph_diagnostics": 700}
[2026-09-12T08:11:08Z] snapshot 6403192 bytes
[2026-09-12T08:11:08Z] 16.9 min: aligning {"arm_chapters_passed": 8, "arm_chapters_rejected": 7, "arm_chapters_running": 1, "paragraph_diagnostics": 714}
[2026-09-12T08:11:39Z] 17.6 min: aligning {"arm_chapters_passed": 8, "arm_chapters_rejected": 7, "arm_chapters_running": 1, "paragraph_diagnostics": 725}
[2026-09-12T08:12:09Z] 18.1 min: aligning {"arm_chapters_passed": 9, "arm_chapters_rejected": 7, "arm_chapters_running": 1, "paragraph_diagnostics": 755}
[2026-09-12T08:12:39Z] 18.6 min: aligning {"arm_chapters_passed": 9, "arm_chapters_rejected": 7, "arm_chapters_running": 1, "paragraph_diagnostics": 771}
[2026-09-12T08:13:10Z] 19.1 min: aligning {"arm_chapters_passed": 9, "arm_chapters_rejected": 8, "arm_chapters_running": 1, "paragraph_diagnostics": 782}
[2026-09-12T08:13:40Z] 19.6 min: aligning {"arm_chapters_passed": 9, "arm_chapters_rejected": 8, "arm_chapters_running": 1, "paragraph_diagnostics": 791}
[2026-09-12T08:14:11Z] 20.1 min: aligning {"arm_chapters_passed": 9, "arm_chapters_rejected": 8, "arm_chapters_running": 1, "paragraph_diagnostics": 797}
[2026-09-12T08:14:41Z] 20.6 min: aligning {"arm_chapters_passed": 9, "arm_chapters_rejected": 8, "arm_chapters_running": 1, "paragraph_diagnostics": 803}
[2026-09-12T08:15:20Z] snapshot 8306373 bytes
[2026-09-12T08:15:20Z] 21.1 min: aligning {"arm_chapters_passed": 9, "arm_chapters_rejected": 8, "arm_chapters_running": 1, "paragraph_diagnostics": 807}
[2026-09-12T08:15:50Z] 21.7 min: aligning {"arm_chapters_passed": 9, "arm_chapters_rejected": 9, "arm_chapters_running": 1, "paragraph_diagnostics": 829}
[2026-09-12T08:16:20Z] 22.3 min: aligning {"arm_chapters_passed": 9, "arm_chapters_rejected": 10, "arm_chapters_running": 1, "paragraph_diagnostics": 869}
[2026-09-12T08:16:51Z] 22.8 min: aligning {"arm_chapters_passed": 9, "arm_chapters_rejected": 10, "arm_chapters_running": 1, "paragraph_diagnostics": 890}
[2026-09-12T08:17:21Z] 23.3 min: aligning {"arm_chapters_passed": 9, "arm_chapters_rejected": 10, "arm_chapters_running": 1, "paragraph_diagnostics": 913}
[2026-09-12T08:17:51Z] 23.8 min: aligning {"arm_chapters_passed": 10, "arm_chapters_rejected": 10, "arm_chapters_running": 1, "paragraph_diagnostics": 954}
[2026-09-12T08:18:22Z] 24.3 min: aligning {"arm_chapters_passed": 10, "arm_chapters_rejected": 11, "arm_chapters_running": 1, "paragraph_diagnostics": 992}
[2026-09-12T08:18:52Z] 24.8 min: aligning {"arm_chapters_passed": 11, "arm_chapters_rejected": 11, "arm_chapters_running": 1, "paragraph_diagnostics": 1012}
[2026-09-12T08:19:34Z] snapshot 10163250 bytes
[2026-09-12T08:19:34Z] 25.3 min: aligning {"arm_chapters_passed": 11, "arm_chapters_rejected": 11, "arm_chapters_running": 1, "paragraph_diagnostics": 1024}
[2026-09-12T08:20:04Z] 26.0 min: aligning {"arm_chapters_passed": 11, "arm_chapters_rejected": 12, "arm_chapters_running": 1, "paragraph_diagnostics": 1049}
[2026-09-12T08:20:34Z] 26.5 min: aligning {"arm_chapters_passed": 11, "arm_chapters_rejected": 12, "arm_chapters_running": 1, "paragraph_diagnostics": 1053}
[2026-09-12T08:21:05Z] 27.0 min: aligning {"arm_chapters_passed": 11, "arm_chapters_rejected": 12, "arm_chapters_running": 1, "paragraph_diagnostics": 1057}
[2026-09-12T08:21:35Z] 27.5 min: aligning {"arm_chapters_passed": 11, "arm_chapters_rejected": 12, "arm_chapters_running": 1, "paragraph_diagnostics": 1061}
[2026-09-12T08:22:06Z] 28.0 min: aligning {"arm_chapters_passed": 11, "arm_chapters_rejected": 12, "arm_chapters_running": 1, "paragraph_diagnostics": 1067}
[2026-09-12T08:22:36Z] 28.5 min: aligning {"arm_chapters_passed": 11, "arm_chapters_rejected": 12, "arm_chapters_running": 1, "paragraph_diagnostics": 1072}
[2026-09-12T08:23:07Z] 29.0 min: aligning {"arm_chapters_passed": 11, "arm_chapters_rejected": 12, "arm_chapters_running": 1, "paragraph_diagnostics": 1082}
[2026-09-12T08:23:51Z] snapshot 12138895 bytes
[2026-09-12T08:23:51Z] 29.5 min: aligning {"arm_chapters_passed": 12, "arm_chapters_rejected": 12, "arm_chapters_running": 1, "paragraph_diagnostics": 1136}
[2026-09-12T08:24:22Z] 30.3 min: aligning {"arm_chapters_passed": 12, "arm_chapters_rejected": 13, "arm_chapters_running": 1, "paragraph_diagnostics": 1198}
[2026-09-12T08:24:52Z] 30.8 min: aligning {"arm_chapters_passed": 13, "arm_chapters_rejected": 13, "arm_chapters_running": 1, "paragraph_diagnostics": 1253}
[2026-09-12T08:25:22Z] 31.3 min: aligning {"arm_chapters_passed": 13, "arm_chapters_rejected": 14, "arm_chapters_running": 1, "paragraph_diagnostics": 1309}
[2026-09-12T08:25:53Z] 31.8 min: aligning {"arm_chapters_passed": 13, "arm_chapters_rejected": 14, "arm_chapters_running": 1, "paragraph_diagnostics": 1345}
[2026-09-12T08:26:23Z] 32.3 min: aligning {"arm_chapters_passed": 13, "arm_chapters_rejected": 14, "arm_chapters_running": 1, "paragraph_diagnostics": 1382}
[2026-09-12T08:26:53Z] 32.8 min: aligning {"arm_chapters_passed": 13, "arm_chapters_rejected": 14, "arm_chapters_running": 1, "paragraph_diagnostics": 1415}
[2026-09-12T08:27:24Z] 33.3 min: aligning {"arm_chapters_passed": 13, "arm_chapters_rejected": 15, "arm_chapters_running": 1, "paragraph_diagnostics": 1457}
[2026-09-12T08:28:11Z] snapshot 13774569 bytes
[2026-09-12T08:28:11Z] 33.8 min: aligning {"arm_chapters_passed": 14, "arm_chapters_rejected": 15, "arm_chapters_running": 1, "paragraph_diagnostics": 1493}
[2026-09-12T08:28:41Z] 34.6 min: aligning {"arm_chapters_passed": 15, "arm_chapters_rejected": 15, "arm_chapters_running": 1, "paragraph_diagnostics": 1554}
[2026-09-12T08:29:12Z] 35.1 min: aligning {"arm_chapters_passed": 15, "arm_chapters_rejected": 16, "arm_chapters_running": 1, "paragraph_diagnostics": 1606}
[2026-09-12T08:29:42Z] phase done at 35.6 min; setup={"versions": {"faster-whisper": "1.2.1", "ctranslate2": "4.8.2", "av": "18.1.0"}, "commit": "f53d744782e3c369fffd2980a013a7f199c0476e", "model_tree_sha256": "f1fe271c349229677131d389a96d0a28062a6a2c2fee54a8ce119c43538315c5", "ld_library_path": "/usr/local/lib/python3.11/dist-packages/nvidia/cublas/l
[2026-09-12T08:29:42Z] 35.6 min: done {"arm_chapters_passed": 16, "arm_chapters_rejected": 16, "arm_chapters_running": 0, "paragraph_diagnostics": 1636}
[2026-09-12T08:29:57Z] fetched out.tar.gz (14178600 bytes)
[2026-09-12T08:29:58Z] stop sxel97c36hazep: HTTP 200
[2026-09-12T08:30:00Z] terminate sxel97c36hazep: HTTP 204
[2026-09-12T08:30:00Z] pod sxel97c36hazep done: outcome=done uptime=35.9m est $0.29
