[2026-09-12T06:00:43Z] created bbemmo0afy3k3x tinct-words-run2-38 gpu=None $0.74/hr
[2026-09-12T06:00:45Z] waiting: pod RUNNING agent HTTP 404
[2026-09-12T06:01:03Z] phase model at 0.3 min; setup={"versions": {"faster-whisper": "1.2.1", "ctranslate2": "4.8.2", "av": "18.1.0"}, "commit": "f53d744782e3c369fffd2980a013a7f199c0476e"}
[2026-09-12T06:01:03Z] 0.3 min: model {"arm_chapters_passed": 0, "arm_chapters_rejected": 0, "arm_chapters_running": 0}
[2026-09-12T06:01:34Z] phase cohort at 0.8 min; setup={"versions": {"faster-whisper": "1.2.1", "ctranslate2": "4.8.2", "av": "18.1.0"}, "commit": "f53d744782e3c369fffd2980a013a7f199c0476e", "model_tree_sha256": "f1fe271c349229677131d389a96d0a28062a6a2c2fee54a8ce119c43538315c5", "ld_library_path": "/usr/local/lib/python3.11/dist-packages/nvidia/cublas/l
[2026-09-12T06:01:34Z] 0.8 min: cohort {"arm_chapters_passed": 0, "arm_chapters_rejected": 0, "arm_chapters_running": 0}
[2026-09-12T06:02:05Z] 1.4 min: cohort {"arm_chapters_passed": 0, "arm_chapters_rejected": 0, "arm_chapters_running": 0}
[2026-09-12T06:02:36Z] 1.9 min: cohort {"arm_chapters_passed": 0, "arm_chapters_rejected": 0, "arm_chapters_running": 0}
[2026-09-12T06:03:07Z] 2.4 min: cohort {"arm_chapters_passed": 0, "arm_chapters_rejected": 0, "arm_chapters_running": 0}
[2026-09-12T06:03:38Z] phase aligning at 2.9 min; setup={"versions": {"faster-whisper": "1.2.1", "ctranslate2": "4.8.2", "av": "18.1.0"}, "commit": "f53d744782e3c369fffd2980a013a7f199c0476e", "model_tree_sha256": "f1fe271c349229677131d389a96d0a28062a6a2c2fee54a8ce119c43538315c5", "ld_library_path": "/usr/local/lib/python3.11/dist-packages/nvidia/cublas/l
[2026-09-12T06:03:38Z] 2.9 min: aligning {"arm_chapters_passed": 0, "arm_chapters_rejected": 0, "arm_chapters_running": 1, "paragraph_diagnostics": 67}
[2026-09-12T06:04:09Z] 3.4 min: aligning {"arm_chapters_passed": 0, "arm_chapters_rejected": 0, "arm_chapters_running": 1, "paragraph_diagnostics": 188}
[2026-09-12T06:04:40Z] 3.9 min: aligning {"arm_chapters_passed": 0, "arm_chapters_rejected": 0, "arm_chapters_running": 1, "paragraph_diagnostics": 296}
[2026-09-12T06:05:12Z] snapshot 692370 bytes
[2026-09-12T06:05:12Z] 4.4 min: aligning {"arm_chapters_passed": 0, "arm_chapters_rejected": 0, "arm_chapters_running": 1, "paragraph_diagnostics": 368}
[2026-09-12T06:05:43Z] 5.0 min: aligning {"arm_chapters_passed": 0, "arm_chapters_rejected": 1, "arm_chapters_running": 1, "paragraph_diagnostics": 427}
[2026-09-12T06:06:14Z] 5.5 min: aligning {"arm_chapters_passed": 0, "arm_chapters_rejected": 1, "arm_chapters_running": 1, "paragraph_diagnostics": 492}
[2026-09-12T06:06:45Z] 6.0 min: aligning {"arm_chapters_passed": 0, "arm_chapters_rejected": 1, "arm_chapters_running": 1, "paragraph_diagnostics": 580}
[2026-09-12T06:07:16Z] 6.5 min: aligning {"arm_chapters_passed": 0, "arm_chapters_rejected": 1, "arm_chapters_running": 1, "paragraph_diagnostics": 649}
[2026-09-12T06:07:47Z] 7.0 min: aligning {"arm_chapters_passed": 0, "arm_chapters_rejected": 1, "arm_chapters_running": 1, "paragraph_diagnostics": 693}
[2026-09-12T06:08:17Z] 7.6 min: aligning {"arm_chapters_passed": 0, "arm_chapters_rejected": 1, "arm_chapters_running": 1, "paragraph_diagnostics": 736}
[2026-09-12T06:08:48Z] 8.1 min: aligning {"arm_chapters_passed": 0, "arm_chapters_rejected": 1, "arm_chapters_running": 1, "paragraph_diagnostics": 758}
[2026-09-12T06:09:22Z] snapshot 2161314 bytes
[2026-09-12T06:09:22Z] 8.6 min: aligning {"arm_chapters_passed": 0, "arm_chapters_rejected": 1, "arm_chapters_running": 1, "paragraph_diagnostics": 792}
[2026-09-12T06:09:53Z] 9.2 min: aligning {"arm_chapters_passed": 0, "arm_chapters_rejected": 2, "arm_chapters_running": 1, "paragraph_diagnostics": 945}
[2026-09-12T06:10:24Z] 9.7 min: aligning {"arm_chapters_passed": 0, "arm_chapters_rejected": 2, "arm_chapters_running": 1, "paragraph_diagnostics": 1091}
[2026-09-12T06:10:55Z] 10.2 min: aligning {"arm_chapters_passed": 0, "arm_chapters_rejected": 2, "arm_chapters_running": 1, "paragraph_diagnostics": 1219}
[2026-09-12T06:11:26Z] 10.7 min: aligning {"arm_chapters_passed": 0, "arm_chapters_rejected": 3, "arm_chapters_running": 1, "paragraph_diagnostics": 1350}
[2026-09-12T06:11:57Z] 11.2 min: aligning {"arm_chapters_passed": 0, "arm_chapters_rejected": 3, "arm_chapters_running": 1, "paragraph_diagnostics": 1386}
[2026-09-12T06:12:28Z] 11.7 min: aligning {"arm_chapters_passed": 0, "arm_chapters_rejected": 3, "arm_chapters_running": 1, "paragraph_diagnostics": 1455}
[2026-09-12T06:12:59Z] 12.2 min: aligning {"arm_chapters_passed": 0, "arm_chapters_rejected": 3, "arm_chapters_running": 1, "paragraph_diagnostics": 1519}
[2026-09-12T06:13:34Z] snapshot 3559069 bytes
[2026-09-12T06:13:34Z] 12.8 min: aligning {"arm_chapters_passed": 0, "arm_chapters_rejected": 3, "arm_chapters_running": 1, "paragraph_diagnostics": 1594}
[2026-09-12T06:14:05Z] 13.3 min: aligning {"arm_chapters_passed": 0, "arm_chapters_rejected": 3, "arm_chapters_running": 1, "paragraph_diagnostics": 1631}
[2026-09-12T06:14:36Z] 13.9 min: aligning {"arm_chapters_passed": 0, "arm_chapters_rejected": 3, "arm_chapters_running": 1, "paragraph_diagnostics": 1708}
[2026-09-12T06:15:07Z] 14.4 min: aligning {"arm_chapters_passed": 0, "arm_chapters_rejected": 3, "arm_chapters_running": 1, "paragraph_diagnostics": 1756}
[2026-09-12T06:15:38Z] pod is EXITED (Exited by user: Sat Sep 12 2026 06:15:09 GMT+0000 (Coordinated Universal Time)); using last snapshot
[2026-09-12T06:15:40Z] final fetch failed (HTTP 404); extracted last snapshot from 2026-09-12T06:13:34Z
[2026-09-12T06:15:41Z] stop bbemmo0afy3k3x: HTTP 200
[2026-09-12T06:15:44Z] terminate bbemmo0afy3k3x: HTTP 204
[2026-09-12T06:15:44Z] pod bbemmo0afy3k3x done: outcome=pod-exited-externally uptime=15.0m est $0.18
