[2026-09-12T08:16:11Z] created 0o270zylnhl0ow tinct-words-run2-96 gpu=None $0.49/hr
[2026-09-12T08:16:12Z] waiting: pod RUNNING agent HTTP 404
[2026-09-12T08:16:28Z] waiting: pod RUNNING agent HTTP 404
[2026-09-12T08:16:44Z] waiting: pod RUNNING agent HTTP 404
[2026-09-12T08:17:00Z] waiting: pod RUNNING agent HTTP 404
[2026-09-12T08:17:15Z] waiting: pod RUNNING agent HTTP 404
[2026-09-12T08:17:31Z] waiting: pod RUNNING agent HTTP 404
[2026-09-12T08:17:47Z] phase cohort at 1.6 min; setup={"versions": {"faster-whisper": "1.2.1", "ctranslate2": "4.8.2", "av": "18.1.0"}, "commit": "f53d744782e3c369fffd2980a013a7f199c0476e", "model_tree_sha256": "f1fe271c349229677131d389a96d0a28062a6a2c2fee54a8ce119c43538315c5", "ld_library_path": "/usr/local/lib/python3.11/dist-packages/nvidia/cublas/l
[2026-09-12T08:17:47Z] 1.6 min: cohort {"arm_chapters_passed": 0, "arm_chapters_rejected": 0, "arm_chapters_running": 0}
[2026-09-12T08:18:18Z] 2.1 min: cohort {"arm_chapters_passed": 0, "arm_chapters_rejected": 0, "arm_chapters_running": 0}
[2026-09-12T08:18:48Z] phase aligning at 2.6 min; setup={"versions": {"faster-whisper": "1.2.1", "ctranslate2": "4.8.2", "av": "18.1.0"}, "commit": "f53d744782e3c369fffd2980a013a7f199c0476e", "model_tree_sha256": "f1fe271c349229677131d389a96d0a28062a6a2c2fee54a8ce119c43538315c5", "ld_library_path": "/usr/local/lib/python3.11/dist-packages/nvidia/cublas/l
[2026-09-12T08:18:48Z] 2.6 min: aligning {"arm_chapters_passed": 0, "arm_chapters_rejected": 0, "arm_chapters_running": 1, "paragraph_diagnostics": 5}
[2026-09-12T08:19:19Z] 3.1 min: aligning {"arm_chapters_passed": 0, "arm_chapters_rejected": 0, "arm_chapters_running": 1, "paragraph_diagnostics": 23}
[2026-09-12T08:19:49Z] 3.6 min: aligning {"arm_chapters_passed": 1, "arm_chapters_rejected": 0, "arm_chapters_running": 1, "paragraph_diagnostics": 37}
[2026-09-12T08:20:20Z] 4.1 min: aligning {"arm_chapters_passed": 1, "arm_chapters_rejected": 0, "arm_chapters_running": 1, "paragraph_diagnostics": 43}
[2026-09-12T08:20:50Z] 4.6 min: aligning {"arm_chapters_passed": 1, "arm_chapters_rejected": 0, "arm_chapters_running": 1, "paragraph_diagnostics": 48}
[2026-09-12T08:21:20Z] 5.2 min: aligning {"arm_chapters_passed": 1, "arm_chapters_rejected": 0, "arm_chapters_running": 1, "paragraph_diagnostics": 56}
[2026-09-12T08:21:52Z] snapshot 1245064 bytes
[2026-09-12T08:21:52Z] 5.7 min: aligning {"arm_chapters_passed": 1, "arm_chapters_rejected": 0, "arm_chapters_running": 1, "paragraph_diagnostics": 63}
[2026-09-12T08:22:23Z] 6.2 min: aligning {"arm_chapters_passed": 2, "arm_chapters_rejected": 0, "arm_chapters_running": 1, "paragraph_diagnostics": 91}
[2026-09-12T08:22:53Z] 6.7 min: aligning {"arm_chapters_passed": 2, "arm_chapters_rejected": 1, "arm_chapters_running": 1, "paragraph_diagnostics": 108}
[2026-09-12T08:23:24Z] 7.2 min: aligning {"arm_chapters_passed": 2, "arm_chapters_rejected": 1, "arm_chapters_running": 1, "paragraph_diagnostics": 121}
[2026-09-12T08:23:54Z] 7.7 min: aligning {"arm_chapters_passed": 3, "arm_chapters_rejected": 1, "arm_chapters_running": 1, "paragraph_diagnostics": 135}
[2026-09-12T08:24:24Z] 8.2 min: aligning {"arm_chapters_passed": 5, "arm_chapters_rejected": 1, "arm_chapters_running": 1, "paragraph_diagnostics": 159}
[2026-09-12T08:24:54Z] 8.7 min: aligning {"arm_chapters_passed": 6, "arm_chapters_rejected": 1, "arm_chapters_running": 1, "paragraph_diagnostics": 178}
[2026-09-12T08:25:25Z] 9.2 min: aligning {"arm_chapters_passed": 6, "arm_chapters_rejected": 1, "arm_chapters_running": 1, "paragraph_diagnostics": 189}
[2026-09-12T08:25:59Z] snapshot 3003309 bytes
[2026-09-12T08:25:59Z] 9.7 min: aligning {"arm_chapters_passed": 6, "arm_chapters_rejected": 1, "arm_chapters_running": 1, "paragraph_diagnostics": 196}
[2026-09-12T08:26:29Z] 10.3 min: aligning {"arm_chapters_passed": 7, "arm_chapters_rejected": 1, "arm_chapters_running": 1, "paragraph_diagnostics": 234}
[2026-09-12T08:27:00Z] 10.8 min: aligning {"arm_chapters_passed": 7, "arm_chapters_rejected": 1, "arm_chapters_running": 1, "paragraph_diagnostics": 261}
[2026-09-12T08:27:30Z] 11.3 min: aligning {"arm_chapters_passed": 7, "arm_chapters_rejected": 1, "arm_chapters_running": 1, "paragraph_diagnostics": 287}
[2026-09-12T08:28:00Z] 11.8 min: aligning {"arm_chapters_passed": 7, "arm_chapters_rejected": 2, "arm_chapters_running": 1, "paragraph_diagnostics": 321}
[2026-09-12T08:28:31Z] 12.3 min: aligning {"arm_chapters_passed": 7, "arm_chapters_rejected": 2, "arm_chapters_running": 1, "paragraph_diagnostics": 339}
[2026-09-12T08:29:01Z] 12.8 min: aligning {"arm_chapters_passed": 7, "arm_chapters_rejected": 2, "arm_chapters_running": 1, "paragraph_diagnostics": 355}
[2026-09-12T08:29:31Z] 13.3 min: aligning {"arm_chapters_passed": 7, "arm_chapters_rejected": 2, "arm_chapters_running": 1, "paragraph_diagnostics": 362}
[2026-09-12T08:30:08Z] snapshot 4670328 bytes
[2026-09-12T08:30:08Z] 13.8 min: aligning {"arm_chapters_passed": 7, "arm_chapters_rejected": 2, "arm_chapters_running": 1, "paragraph_diagnostics": 381}
