[2026-09-12T07:11:33Z] created b3rd4corrv4pcl tinct-words-run2-74 gpu=None $0.49/hr
[2026-09-12T07:11:34Z] waiting: pod RUNNING agent HTTP 404
[2026-09-12T07:11:50Z] waiting: pod RUNNING agent HTTP 404
[2026-09-12T07:12:06Z] phase cohort at 0.5 min; setup={"versions": {"faster-whisper": "1.2.1", "ctranslate2": "4.8.2", "av": "18.1.0"}, "commit": "f53d744782e3c369fffd2980a013a7f199c0476e", "model_tree_sha256": "f1fe271c349229677131d389a96d0a28062a6a2c2fee54a8ce119c43538315c5", "ld_library_path": "/usr/local/lib/python3.11/dist-packages/nvidia/cublas/l
[2026-09-12T07:12:06Z] 0.5 min: cohort {"arm_chapters_passed": 0, "arm_chapters_rejected": 0, "arm_chapters_running": 0}
[2026-09-12T07:12:37Z] 1.1 min: cohort {"arm_chapters_passed": 0, "arm_chapters_rejected": 0, "arm_chapters_running": 0}
[2026-09-12T07:13:07Z] 1.6 min: cohort {"arm_chapters_passed": 0, "arm_chapters_rejected": 0, "arm_chapters_running": 0}
[2026-09-12T07:13:37Z] phase aligning at 2.1 min; setup={"versions": {"faster-whisper": "1.2.1", "ctranslate2": "4.8.2", "av": "18.1.0"}, "commit": "f53d744782e3c369fffd2980a013a7f199c0476e", "model_tree_sha256": "f1fe271c349229677131d389a96d0a28062a6a2c2fee54a8ce119c43538315c5", "ld_library_path": "/usr/local/lib/python3.11/dist-packages/nvidia/cublas/l
[2026-09-12T07:13:37Z] 2.1 min: aligning {"arm_chapters_passed": 0, "arm_chapters_rejected": 0, "arm_chapters_running": 1, "paragraph_diagnostics": 17}
[2026-09-12T07:14:08Z] 2.6 min: aligning {"arm_chapters_passed": 0, "arm_chapters_rejected": 0, "arm_chapters_running": 1, "paragraph_diagnostics": 58}
[2026-09-12T07:14:38Z] 3.1 min: aligning {"arm_chapters_passed": 0, "arm_chapters_rejected": 1, "arm_chapters_running": 1, "paragraph_diagnostics": 106}
[2026-09-12T07:15:09Z] 3.6 min: aligning {"arm_chapters_passed": 0, "arm_chapters_rejected": 1, "arm_chapters_running": 1, "paragraph_diagnostics": 126}
[2026-09-12T07:15:39Z] 4.1 min: aligning {"arm_chapters_passed": 0, "arm_chapters_rejected": 1, "arm_chapters_running": 1, "paragraph_diagnostics": 142}
[2026-09-12T07:16:11Z] snapshot 995500 bytes
[2026-09-12T07:16:11Z] 4.6 min: aligning {"arm_chapters_passed": 0, "arm_chapters_rejected": 1, "arm_chapters_running": 1, "paragraph_diagnostics": 155}
[2026-09-12T07:16:42Z] 5.1 min: aligning {"arm_chapters_passed": 1, "arm_chapters_rejected": 1, "arm_chapters_running": 1, "paragraph_diagnostics": 183}
[2026-09-12T07:17:12Z] 5.6 min: aligning {"arm_chapters_passed": 1, "arm_chapters_rejected": 1, "arm_chapters_running": 1, "paragraph_diagnostics": 228}
[2026-09-12T07:17:43Z] 6.1 min: aligning {"arm_chapters_passed": 1, "arm_chapters_rejected": 2, "arm_chapters_running": 1, "paragraph_diagnostics": 266}
[2026-09-12T07:18:13Z] 6.7 min: aligning {"arm_chapters_passed": 1, "arm_chapters_rejected": 2, "arm_chapters_running": 1, "paragraph_diagnostics": 295}
[2026-09-12T07:18:44Z] 7.2 min: aligning {"arm_chapters_passed": 1, "arm_chapters_rejected": 2, "arm_chapters_running": 1, "paragraph_diagnostics": 322}
[2026-09-12T07:19:14Z] 7.7 min: aligning {"arm_chapters_passed": 2, "arm_chapters_rejected": 2, "arm_chapters_running": 1, "paragraph_diagnostics": 366}
[2026-09-12T07:19:45Z] 8.2 min: aligning {"arm_chapters_passed": 2, "arm_chapters_rejected": 2, "arm_chapters_running": 1, "paragraph_diagnostics": 436}
[2026-09-12T07:20:19Z] snapshot 2521496 bytes
[2026-09-12T07:20:19Z] 8.7 min: aligning {"arm_chapters_passed": 2, "arm_chapters_rejected": 3, "arm_chapters_running": 1, "paragraph_diagnostics": 491}
[2026-09-12T07:20:49Z] 9.3 min: aligning {"arm_chapters_passed": 2, "arm_chapters_rejected": 3, "arm_chapters_running": 1, "paragraph_diagnostics": 540}
[2026-09-12T07:21:19Z] 9.8 min: aligning {"arm_chapters_passed": 2, "arm_chapters_rejected": 3, "arm_chapters_running": 1, "paragraph_diagnostics": 592}
[2026-09-12T07:21:50Z] 10.3 min: aligning {"arm_chapters_passed": 3, "arm_chapters_rejected": 3, "arm_chapters_running": 1, "paragraph_diagnostics": 641}
[2026-09-12T07:22:20Z] 10.8 min: aligning {"arm_chapters_passed": 3, "arm_chapters_rejected": 3, "arm_chapters_running": 1, "paragraph_diagnostics": 707}
[2026-09-12T07:22:50Z] 11.3 min: aligning {"arm_chapters_passed": 3, "arm_chapters_rejected": 4, "arm_chapters_running": 1, "paragraph_diagnostics": 756}
[2026-09-12T07:23:21Z] 11.8 min: aligning {"arm_chapters_passed": 3, "arm_chapters_rejected": 4, "arm_chapters_running": 1, "paragraph_diagnostics": 812}
[2026-09-12T07:23:51Z] 12.3 min: aligning {"arm_chapters_passed": 3, "arm_chapters_rejected": 4, "arm_chapters_running": 1, "paragraph_diagnostics": 847}
[2026-09-12T07:24:27Z] snapshot 3831095 bytes
[2026-09-12T07:24:27Z] 12.8 min: aligning {"arm_chapters_passed": 4, "arm_chapters_rejected": 4, "arm_chapters_running": 1, "paragraph_diagnostics": 906}
[2026-09-12T07:24:58Z] 13.4 min: aligning {"arm_chapters_passed": 4, "arm_chapters_rejected": 4, "arm_chapters_running": 1, "paragraph_diagnostics": 968}
[2026-09-12T07:25:28Z] 13.9 min: aligning {"arm_chapters_passed": 4, "arm_chapters_rejected": 4, "arm_chapters_running": 1, "paragraph_diagnostics": 1032}
[2026-09-12T07:25:58Z] 14.4 min: aligning {"arm_chapters_passed": 4, "arm_chapters_rejected": 5, "arm_chapters_running": 1, "paragraph_diagnostics": 1059}
[2026-09-12T07:26:29Z] 14.9 min: aligning {"arm_chapters_passed": 4, "arm_chapters_rejected": 5, "arm_chapters_running": 1, "paragraph_diagnostics": 1104}
[2026-09-12T07:26:59Z] 15.4 min: aligning {"arm_chapters_passed": 4, "arm_chapters_rejected": 5, "arm_chapters_running": 1, "paragraph_diagnostics": 1133}
[2026-09-12T07:27:29Z] 15.9 min: aligning {"arm_chapters_passed": 4, "arm_chapters_rejected": 5, "arm_chapters_running": 1, "paragraph_diagnostics": 1153}
[2026-09-12T07:28:00Z] 16.4 min: aligning {"arm_chapters_passed": 5, "arm_chapters_rejected": 5, "arm_chapters_running": 1, "paragraph_diagnostics": 1206}
[2026-09-12T07:28:37Z] snapshot 5356764 bytes
[2026-09-12T07:28:37Z] 16.9 min: aligning {"arm_chapters_passed": 5, "arm_chapters_rejected": 5, "arm_chapters_running": 1, "paragraph_diagnostics": 1266}
[2026-09-12T07:29:07Z] 17.6 min: aligning {"arm_chapters_passed": 5, "arm_chapters_rejected": 6, "arm_chapters_running": 1, "paragraph_diagnostics": 1339}
[2026-09-12T07:29:38Z] 18.1 min: aligning {"arm_chapters_passed": 5, "arm_chapters_rejected": 6, "arm_chapters_running": 1, "paragraph_diagnostics": 1363}
[2026-09-12T07:30:08Z] 18.6 min: aligning {"arm_chapters_passed": 5, "arm_chapters_rejected": 6, "arm_chapters_running": 1, "paragraph_diagnostics": 1397}
[2026-09-12T07:30:39Z] 19.1 min: aligning {"arm_chapters_passed": 5, "arm_chapters_rejected": 6, "arm_chapters_running": 1, "paragraph_diagnostics": 1431}
[2026-09-12T07:31:09Z] 19.6 min: aligning {"arm_chapters_passed": 6, "arm_chapters_rejected": 6, "arm_chapters_running": 1, "paragraph_diagnostics": 1485}
[2026-09-12T07:31:40Z] 20.1 min: aligning {"arm_chapters_passed": 6, "arm_chapters_rejected": 6, "arm_chapters_running": 1, "paragraph_diagnostics": 1541}
[2026-09-12T07:32:10Z] 20.6 min: aligning {"arm_chapters_passed": 6, "arm_chapters_rejected": 7, "arm_chapters_running": 1, "paragraph_diagnostics": 1589}
[2026-09-12T07:32:49Z] snapshot 6772955 bytes
[2026-09-12T07:32:49Z] 21.1 min: aligning {"arm_chapters_passed": 6, "arm_chapters_rejected": 7, "arm_chapters_running": 1, "paragraph_diagnostics": 1631}
[2026-09-12T07:33:19Z] 21.8 min: aligning {"arm_chapters_passed": 6, "arm_chapters_rejected": 7, "arm_chapters_running": 1, "paragraph_diagnostics": 1672}
[2026-09-12T07:33:49Z] 22.3 min: aligning {"arm_chapters_passed": 7, "arm_chapters_rejected": 7, "arm_chapters_running": 1, "paragraph_diagnostics": 1715}
[2026-09-12T07:34:20Z] 22.8 min: aligning {"arm_chapters_passed": 7, "arm_chapters_rejected": 8, "arm_chapters_running": 1, "paragraph_diagnostics": 1741}
[2026-09-12T07:34:50Z] 23.3 min: aligning {"arm_chapters_passed": 7, "arm_chapters_rejected": 8, "arm_chapters_running": 1, "paragraph_diagnostics": 1776}
[2026-09-12T07:35:20Z] phase done at 23.8 min; setup={"versions": {"faster-whisper": "1.2.1", "ctranslate2": "4.8.2", "av": "18.1.0"}, "commit": "f53d744782e3c369fffd2980a013a7f199c0476e", "model_tree_sha256": "f1fe271c349229677131d389a96d0a28062a6a2c2fee54a8ce119c43538315c5", "ld_library_path": "/usr/local/lib/python3.11/dist-packages/nvidia/cublas/l
[2026-09-12T07:35:20Z] 23.8 min: done {"arm_chapters_passed": 8, "arm_chapters_rejected": 8, "arm_chapters_running": 0, "paragraph_diagnostics": 1794}
[2026-09-12T07:35:30Z] fetched out.tar.gz (7673072 bytes)
[2026-09-12T07:35:31Z] stop b3rd4corrv4pcl: HTTP 200
[2026-09-12T07:35:33Z] terminate b3rd4corrv4pcl: HTTP 204
[2026-09-12T07:35:33Z] pod b3rd4corrv4pcl done: outcome=done uptime=24.0m est $0.20
