[2026-09-11T13:18:31Z] created ggg4xioxgq77gu tinct-words-run1-10 gpu=None $0.22/hr
[2026-09-11T13:18:33Z] waiting: pod RUNNING agent HTTP 404
[2026-09-11T13:18:49Z] waiting: pod RUNNING agent HTTP 404
[2026-09-11T13:19:06Z] phase cohort at 0.6 min; setup={"versions": {"faster-whisper": "1.2.1", "ctranslate2": "4.8.2", "av": "18.1.0"}, "commit": "a3780bee4a0683ed3968478e442bfbd2f861173e", "model_tree_sha256": "f1fe271c349229677131d389a96d0a28062a6a2c2fee54a8ce119c43538315c5", "ld_library_path": "/usr/local/lib/python3.11/dist-packages/nvidia/cublas/l
[2026-09-11T13:19:06Z] 0.6 min: cohort {"arm_chapters_passed": 0, "arm_chapters_rejected": 0, "arm_chapters_running": 0}
[2026-09-11T13:19:37Z] 1.1 min: cohort {"arm_chapters_passed": 0, "arm_chapters_rejected": 0, "arm_chapters_running": 0}
[2026-09-11T13:20:08Z] 1.6 min: cohort {"arm_chapters_passed": 0, "arm_chapters_rejected": 0, "arm_chapters_running": 0}
[2026-09-11T13:20:39Z] phase aligning at 2.1 min; setup={"versions": {"faster-whisper": "1.2.1", "ctranslate2": "4.8.2", "av": "18.1.0"}, "commit": "a3780bee4a0683ed3968478e442bfbd2f861173e", "model_tree_sha256": "f1fe271c349229677131d389a96d0a28062a6a2c2fee54a8ce119c43538315c5", "ld_library_path": "/usr/local/lib/python3.11/dist-packages/nvidia/cublas/l
[2026-09-11T13:20:39Z] 2.1 min: aligning {"arm_chapters_passed": 0, "arm_chapters_rejected": 0, "arm_chapters_running": 0, "paragraph_diagnostics": 0}
[2026-09-11T13:21:10Z] 2.6 min: aligning {"arm_chapters_passed": 0, "arm_chapters_rejected": 0, "arm_chapters_running": 1, "paragraph_diagnostics": 39}
[2026-09-11T13:21:41Z] 3.1 min: aligning {"arm_chapters_passed": 0, "arm_chapters_rejected": 0, "arm_chapters_running": 1, "paragraph_diagnostics": 75}
[2026-09-11T13:22:12Z] 3.7 min: aligning {"arm_chapters_passed": 0, "arm_chapters_rejected": 0, "arm_chapters_running": 1, "paragraph_diagnostics": 116}
[2026-09-11T13:22:43Z] 4.2 min: aligning {"arm_chapters_passed": 0, "arm_chapters_rejected": 1, "arm_chapters_running": 1, "paragraph_diagnostics": 141}
[2026-09-11T13:23:14Z] 4.7 min: aligning {"arm_chapters_passed": 0, "arm_chapters_rejected": 1, "arm_chapters_running": 1, "paragraph_diagnostics": 162}
[2026-09-11T13:23:45Z] 5.2 min: aligning {"arm_chapters_passed": 0, "arm_chapters_rejected": 1, "arm_chapters_running": 1, "paragraph_diagnostics": 179}
[2026-09-11T13:24:16Z] 5.7 min: aligning {"arm_chapters_passed": 0, "arm_chapters_rejected": 1, "arm_chapters_running": 1, "paragraph_diagnostics": 196}
[2026-09-11T13:24:46Z] 6.2 min: aligning {"arm_chapters_passed": 0, "arm_chapters_rejected": 1, "arm_chapters_running": 1, "paragraph_diagnostics": 212}
[2026-09-11T13:25:17Z] 6.7 min: aligning {"arm_chapters_passed": 0, "arm_chapters_rejected": 1, "arm_chapters_running": 1, "paragraph_diagnostics": 231}
[2026-09-11T13:25:48Z] 7.3 min: aligning {"arm_chapters_passed": 1, "arm_chapters_rejected": 1, "arm_chapters_running": 1, "paragraph_diagnostics": 244}
[2026-09-11T13:26:19Z] 7.8 min: aligning {"arm_chapters_passed": 1, "arm_chapters_rejected": 1, "arm_chapters_running": 1, "paragraph_diagnostics": 288}
[2026-09-11T13:26:50Z] 8.3 min: aligning {"arm_chapters_passed": 1, "arm_chapters_rejected": 1, "arm_chapters_running": 1, "paragraph_diagnostics": 332}
[2026-09-11T13:27:21Z] 8.8 min: aligning {"arm_chapters_passed": 1, "arm_chapters_rejected": 2, "arm_chapters_running": 1, "paragraph_diagnostics": 362}
[2026-09-11T13:27:52Z] 9.3 min: aligning {"arm_chapters_passed": 1, "arm_chapters_rejected": 2, "arm_chapters_running": 1, "paragraph_diagnostics": 383}
[2026-09-11T13:28:23Z] 9.8 min: aligning {"arm_chapters_passed": 1, "arm_chapters_rejected": 2, "arm_chapters_running": 1, "paragraph_diagnostics": 400}
[2026-09-11T13:28:54Z] 10.4 min: aligning {"arm_chapters_passed": 1, "arm_chapters_rejected": 2, "arm_chapters_running": 1, "paragraph_diagnostics": 425}
[2026-09-11T13:29:25Z] 10.9 min: aligning {"arm_chapters_passed": 1, "arm_chapters_rejected": 2, "arm_chapters_running": 1, "paragraph_diagnostics": 443}
[2026-09-11T13:29:56Z] 11.4 min: aligning {"arm_chapters_passed": 1, "arm_chapters_rejected": 2, "arm_chapters_running": 1, "paragraph_diagnostics": 463}
[2026-09-11T13:30:27Z] 11.9 min: aligning {"arm_chapters_passed": 1, "arm_chapters_rejected": 3, "arm_chapters_running": 1, "paragraph_diagnostics": 496}
[2026-09-11T13:30:58Z] 12.4 min: aligning {"arm_chapters_passed": 1, "arm_chapters_rejected": 3, "arm_chapters_running": 1, "paragraph_diagnostics": 541}
[2026-09-11T13:31:29Z] 12.9 min: aligning {"arm_chapters_passed": 1, "arm_chapters_rejected": 3, "arm_chapters_running": 1, "paragraph_diagnostics": 588}
[2026-09-11T13:32:00Z] 13.5 min: aligning {"arm_chapters_passed": 1, "arm_chapters_rejected": 4, "arm_chapters_running": 1, "paragraph_diagnostics": 626}
[2026-09-11T13:32:30Z] 14.0 min: aligning {"arm_chapters_passed": 1, "arm_chapters_rejected": 4, "arm_chapters_running": 1, "paragraph_diagnostics": 645}
[2026-09-11T13:33:01Z] 14.5 min: aligning {"arm_chapters_passed": 1, "arm_chapters_rejected": 4, "arm_chapters_running": 1, "paragraph_diagnostics": 669}
[2026-09-11T13:33:32Z] 15.0 min: aligning {"arm_chapters_passed": 1, "arm_chapters_rejected": 4, "arm_chapters_running": 1, "paragraph_diagnostics": 684}
[2026-09-11T13:34:03Z] 15.5 min: aligning {"arm_chapters_passed": 1, "arm_chapters_rejected": 4, "arm_chapters_running": 1, "paragraph_diagnostics": 702}
[2026-09-11T13:34:34Z] 16.0 min: aligning {"arm_chapters_passed": 1, "arm_chapters_rejected": 4, "arm_chapters_running": 1, "paragraph_diagnostics": 728}
[2026-09-11T13:35:05Z] 16.5 min: aligning {"arm_chapters_passed": 1, "arm_chapters_rejected": 4, "arm_chapters_running": 1, "paragraph_diagnostics": 744}
[2026-09-11T13:35:36Z] 17.1 min: aligning {"arm_chapters_passed": 1, "arm_chapters_rejected": 4, "arm_chapters_running": 1, "paragraph_diagnostics": 763}
[2026-09-11T13:36:07Z] 17.6 min: aligning {"arm_chapters_passed": 2, "arm_chapters_rejected": 4, "arm_chapters_running": 1, "paragraph_diagnostics": 782}
[2026-09-11T13:36:38Z] 18.1 min: aligning {"arm_chapters_passed": 2, "arm_chapters_rejected": 4, "arm_chapters_running": 1, "paragraph_diagnostics": 797}
[2026-09-11T13:37:09Z] 18.6 min: aligning {"arm_chapters_passed": 2, "arm_chapters_rejected": 4, "arm_chapters_running": 1, "paragraph_diagnostics": 811}
[2026-09-11T13:37:39Z] 19.1 min: aligning {"arm_chapters_passed": 2, "arm_chapters_rejected": 5, "arm_chapters_running": 1, "paragraph_diagnostics": 819}
[2026-09-11T13:38:10Z] 19.6 min: aligning {"arm_chapters_passed": 2, "arm_chapters_rejected": 5, "arm_chapters_running": 1, "paragraph_diagnostics": 825}
[2026-09-11T13:38:41Z] 20.2 min: aligning {"arm_chapters_passed": 2, "arm_chapters_rejected": 5, "arm_chapters_running": 1, "paragraph_diagnostics": 830}
[2026-09-11T13:39:12Z] 20.7 min: aligning {"arm_chapters_passed": 2, "arm_chapters_rejected": 5, "arm_chapters_running": 1, "paragraph_diagnostics": 835}
[2026-09-11T13:39:43Z] 21.2 min: aligning {"arm_chapters_passed": 2, "arm_chapters_rejected": 5, "arm_chapters_running": 1, "paragraph_diagnostics": 840}
[2026-09-11T13:40:14Z] 21.7 min: aligning {"arm_chapters_passed": 2, "arm_chapters_rejected": 5, "arm_chapters_running": 1, "paragraph_diagnostics": 842}
[2026-09-11T13:40:44Z] 22.2 min: aligning {"arm_chapters_passed": 2, "arm_chapters_rejected": 5, "arm_chapters_running": 1, "paragraph_diagnostics": 849}
[2026-09-11T13:41:15Z] 22.7 min: aligning {"arm_chapters_passed": 2, "arm_chapters_rejected": 5, "arm_chapters_running": 1, "paragraph_diagnostics": 852}
[2026-09-11T13:41:46Z] 23.2 min: aligning {"arm_chapters_passed": 3, "arm_chapters_rejected": 5, "arm_chapters_running": 1, "paragraph_diagnostics": 874}
[2026-09-11T13:42:17Z] 23.7 min: aligning {"arm_chapters_passed": 3, "arm_chapters_rejected": 5, "arm_chapters_running": 1, "paragraph_diagnostics": 894}
[2026-09-11T13:42:48Z] 24.3 min: aligning {"arm_chapters_passed": 3, "arm_chapters_rejected": 5, "arm_chapters_running": 1, "paragraph_diagnostics": 913}
[2026-09-11T13:43:18Z] 24.8 min: aligning {"arm_chapters_passed": 3, "arm_chapters_rejected": 6, "arm_chapters_running": 1, "paragraph_diagnostics": 924}
[2026-09-11T13:43:49Z] 25.3 min: aligning {"arm_chapters_passed": 3, "arm_chapters_rejected": 6, "arm_chapters_running": 1, "paragraph_diagnostics": 932}
[2026-09-11T13:44:20Z] 25.8 min: aligning {"arm_chapters_passed": 3, "arm_chapters_rejected": 6, "arm_chapters_running": 1, "paragraph_diagnostics": 942}
[2026-09-11T13:44:51Z] 26.3 min: aligning {"arm_chapters_passed": 3, "arm_chapters_rejected": 6, "arm_chapters_running": 1, "paragraph_diagnostics": 949}
[2026-09-11T13:45:22Z] 26.8 min: aligning {"arm_chapters_passed": 3, "arm_chapters_rejected": 6, "arm_chapters_running": 1, "paragraph_diagnostics": 955}
[2026-09-11T13:45:52Z] 27.3 min: aligning {"arm_chapters_passed": 3, "arm_chapters_rejected": 6, "arm_chapters_running": 1, "paragraph_diagnostics": 963}
[2026-09-11T13:46:23Z] 27.9 min: aligning {"arm_chapters_passed": 3, "arm_chapters_rejected": 6, "arm_chapters_running": 1, "paragraph_diagnostics": 969}
[2026-09-11T13:46:54Z] 28.4 min: aligning {"arm_chapters_passed": 3, "arm_chapters_rejected": 6, "arm_chapters_running": 1, "paragraph_diagnostics": 976}
[2026-09-11T13:47:25Z] 28.9 min: aligning {"arm_chapters_passed": 3, "arm_chapters_rejected": 6, "arm_chapters_running": 1, "paragraph_diagnostics": 983}
[2026-09-11T13:47:56Z] 29.4 min: aligning {"arm_chapters_passed": 4, "arm_chapters_rejected": 6, "arm_chapters_running": 1, "paragraph_diagnostics": 992}
[2026-09-11T13:48:27Z] 29.9 min: aligning {"arm_chapters_passed": 4, "arm_chapters_rejected": 6, "arm_chapters_running": 1, "paragraph_diagnostics": 1013}
[2026-09-11T13:48:57Z] 30.4 min: aligning {"arm_chapters_passed": 4, "arm_chapters_rejected": 6, "arm_chapters_running": 1, "paragraph_diagnostics": 1041}
[2026-09-11T13:49:28Z] 30.9 min: aligning {"arm_chapters_passed": 4, "arm_chapters_rejected": 6, "arm_chapters_running": 1, "paragraph_diagnostics": 1059}
[2026-09-11T13:49:59Z] 31.4 min: aligning {"arm_chapters_passed": 4, "arm_chapters_rejected": 7, "arm_chapters_running": 1, "paragraph_diagnostics": 1075}
[2026-09-11T13:50:30Z] 32.0 min: aligning {"arm_chapters_passed": 4, "arm_chapters_rejected": 7, "arm_chapters_running": 1, "paragraph_diagnostics": 1084}
[2026-09-11T13:51:01Z] 32.5 min: aligning {"arm_chapters_passed": 4, "arm_chapters_rejected": 7, "arm_chapters_running": 1, "paragraph_diagnostics": 1091}
[2026-09-11T13:51:32Z] 33.0 min: aligning {"arm_chapters_passed": 4, "arm_chapters_rejected": 7, "arm_chapters_running": 1, "paragraph_diagnostics": 1099}
[2026-09-11T13:52:03Z] 33.5 min: aligning {"arm_chapters_passed": 4, "arm_chapters_rejected": 7, "arm_chapters_running": 1, "paragraph_diagnostics": 1109}
[2026-09-11T13:52:34Z] 34.0 min: aligning {"arm_chapters_passed": 4, "arm_chapters_rejected": 7, "arm_chapters_running": 1, "paragraph_diagnostics": 1117}
[2026-09-11T13:53:05Z] 34.5 min: aligning {"arm_chapters_passed": 4, "arm_chapters_rejected": 7, "arm_chapters_running": 1, "paragraph_diagnostics": 1128}
[2026-09-11T13:53:36Z] 35.1 min: aligning {"arm_chapters_passed": 4, "arm_chapters_rejected": 7, "arm_chapters_running": 1, "paragraph_diagnostics": 1132}
[2026-09-11T13:54:07Z] 35.6 min: aligning {"arm_chapters_passed": 4, "arm_chapters_rejected": 7, "arm_chapters_running": 1, "paragraph_diagnostics": 1139}
[2026-09-11T13:54:38Z] 36.1 min: aligning {"arm_chapters_passed": 4, "arm_chapters_rejected": 7, "arm_chapters_running": 1, "paragraph_diagnostics": 1144}
[2026-09-11T13:55:10Z] 36.6 min: aligning {"arm_chapters_passed": 5, "arm_chapters_rejected": 7, "arm_chapters_running": 1, "paragraph_diagnostics": 1155}
[2026-09-11T13:55:41Z] phase done-with-errors at 37.1 min; setup={"versions": {"faster-whisper": "1.2.1", "ctranslate2": "4.8.2", "av": "18.1.0"}, "commit": "a3780bee4a0683ed3968478e442bfbd2f861173e", "model_tree_sha256": "f1fe271c349229677131d389a96d0a28062a6a2c2fee54a8ce119c43538315c5", "ld_library_path": "/usr/local/lib/python3.11/dist-packages/nvidia/cublas/l
[2026-09-11T13:55:41Z] 37.1 min: done-with-errors {"arm_chapters_passed": 5, "arm_chapters_rejected": 7, "arm_chapters_running": 1, "paragraph_diagnostics": 1168}
[2026-09-11T13:55:55Z] fetched out.tar.gz (10765410 bytes)
[2026-09-11T13:55:57Z] stop ggg4xioxgq77gu: HTTP 200
[2026-09-11T13:55:58Z] terminate ggg4xioxgq77gu: HTTP 204
[2026-09-11T13:55:58Z] pod ggg4xioxgq77gu done: outcome=done-with-errors uptime=37.4m est $0.14
