[2026-09-12T06:41:32Z] created 4hxpjk3rih288a tinct-words-run2-59 gpu=None $0.49/hr
[2026-09-12T06:41:32Z] waiting: pod RUNNING agent HTTP 404
[2026-09-12T06:41:48Z] waiting: pod RUNNING agent HTTP 404
[2026-09-12T06:42:05Z] phase cohort at 0.5 min; setup={"versions": {"faster-whisper": "1.2.1", "ctranslate2": "4.8.2", "av": "18.1.0"}, "commit": "f53d744782e3c369fffd2980a013a7f199c0476e", "model_tree_sha256": "f1fe271c349229677131d389a96d0a28062a6a2c2fee54a8ce119c43538315c5", "ld_library_path": "/usr/local/lib/python3.11/dist-packages/nvidia/cublas/l
[2026-09-12T06:42:05Z] 0.5 min: cohort {"arm_chapters_passed": 0, "arm_chapters_rejected": 0, "arm_chapters_running": 0}
[2026-09-12T06:42:35Z] 1.0 min: cohort {"arm_chapters_passed": 0, "arm_chapters_rejected": 0, "arm_chapters_running": 0}
[2026-09-12T06:43:05Z] 1.6 min: cohort {"arm_chapters_passed": 0, "arm_chapters_rejected": 0, "arm_chapters_running": 0}
[2026-09-12T06:43:36Z] phase aligning at 2.1 min; setup={"versions": {"faster-whisper": "1.2.1", "ctranslate2": "4.8.2", "av": "18.1.0"}, "commit": "f53d744782e3c369fffd2980a013a7f199c0476e", "model_tree_sha256": "f1fe271c349229677131d389a96d0a28062a6a2c2fee54a8ce119c43538315c5", "ld_library_path": "/usr/local/lib/python3.11/dist-packages/nvidia/cublas/l
[2026-09-12T06:43:36Z] 2.1 min: aligning {"arm_chapters_passed": 0, "arm_chapters_rejected": 1, "arm_chapters_running": 1, "paragraph_diagnostics": 79}
[2026-09-12T06:44:06Z] 2.6 min: aligning {"arm_chapters_passed": 0, "arm_chapters_rejected": 2, "arm_chapters_running": 1, "paragraph_diagnostics": 133}
[2026-09-12T06:44:36Z] 3.1 min: aligning {"arm_chapters_passed": 2, "arm_chapters_rejected": 3, "arm_chapters_running": 1, "paragraph_diagnostics": 212}
[2026-09-12T06:45:07Z] 3.6 min: aligning {"arm_chapters_passed": 3, "arm_chapters_rejected": 3, "arm_chapters_running": 1, "paragraph_diagnostics": 267}
[2026-09-12T06:45:37Z] 4.1 min: aligning {"arm_chapters_passed": 5, "arm_chapters_rejected": 5, "arm_chapters_running": 1, "paragraph_diagnostics": 318}
[2026-09-12T06:46:09Z] snapshot 836375 bytes
[2026-09-12T06:46:09Z] 4.6 min: aligning {"arm_chapters_passed": 5, "arm_chapters_rejected": 6, "arm_chapters_running": 1, "paragraph_diagnostics": 380}
[2026-09-12T06:46:40Z] 5.1 min: aligning {"arm_chapters_passed": 5, "arm_chapters_rejected": 6, "arm_chapters_running": 1, "paragraph_diagnostics": 413}
[2026-09-12T06:47:10Z] 5.6 min: aligning {"arm_chapters_passed": 6, "arm_chapters_rejected": 7, "arm_chapters_running": 1, "paragraph_diagnostics": 487}
[2026-09-12T06:47:40Z] 6.1 min: aligning {"arm_chapters_passed": 6, "arm_chapters_rejected": 7, "arm_chapters_running": 1, "paragraph_diagnostics": 515}
[2026-09-12T06:48:11Z] 6.6 min: aligning {"arm_chapters_passed": 7, "arm_chapters_rejected": 8, "arm_chapters_running": 1, "paragraph_diagnostics": 618}
[2026-09-12T06:48:41Z] 7.2 min: aligning {"arm_chapters_passed": 7, "arm_chapters_rejected": 10, "arm_chapters_running": 1, "paragraph_diagnostics": 694}
[2026-09-12T06:49:12Z] 7.7 min: aligning {"arm_chapters_passed": 8, "arm_chapters_rejected": 10, "arm_chapters_running": 1, "paragraph_diagnostics": 782}
[2026-09-12T06:49:42Z] 8.2 min: aligning {"arm_chapters_passed": 8, "arm_chapters_rejected": 11, "arm_chapters_running": 1, "paragraph_diagnostics": 859}
[2026-09-12T06:50:16Z] snapshot 1943827 bytes
[2026-09-12T06:50:16Z] 8.7 min: aligning {"arm_chapters_passed": 8, "arm_chapters_rejected": 11, "arm_chapters_running": 1, "paragraph_diagnostics": 920}
[2026-09-12T06:50:46Z] 9.2 min: aligning {"arm_chapters_passed": 8, "arm_chapters_rejected": 11, "arm_chapters_running": 1, "paragraph_diagnostics": 968}
[2026-09-12T06:51:16Z] 9.7 min: aligning {"arm_chapters_passed": 8, "arm_chapters_rejected": 12, "arm_chapters_running": 1, "paragraph_diagnostics": 1053}
[2026-09-12T06:51:47Z] 10.2 min: aligning {"arm_chapters_passed": 8, "arm_chapters_rejected": 13, "arm_chapters_running": 1, "paragraph_diagnostics": 1096}
[2026-09-12T06:52:17Z] 10.8 min: aligning {"arm_chapters_passed": 8, "arm_chapters_rejected": 13, "arm_chapters_running": 1, "paragraph_diagnostics": 1174}
[2026-09-12T06:52:48Z] 11.3 min: aligning {"arm_chapters_passed": 8, "arm_chapters_rejected": 14, "arm_chapters_running": 1, "paragraph_diagnostics": 1236}
[2026-09-12T06:53:18Z] 11.8 min: aligning {"arm_chapters_passed": 9, "arm_chapters_rejected": 15, "arm_chapters_running": 1, "paragraph_diagnostics": 1288}
[2026-09-12T06:53:49Z] 12.3 min: aligning {"arm_chapters_passed": 9, "arm_chapters_rejected": 16, "arm_chapters_running": 1, "paragraph_diagnostics": 1360}
[2026-09-12T06:54:24Z] snapshot 3222246 bytes
[2026-09-12T06:54:24Z] 12.8 min: aligning {"arm_chapters_passed": 11, "arm_chapters_rejected": 17, "arm_chapters_running": 1, "paragraph_diagnostics": 1429}
[2026-09-12T06:54:55Z] 13.4 min: aligning {"arm_chapters_passed": 12, "arm_chapters_rejected": 18, "arm_chapters_running": 1, "paragraph_diagnostics": 1530}
[2026-09-12T06:55:25Z] 13.9 min: aligning {"arm_chapters_passed": 12, "arm_chapters_rejected": 19, "arm_chapters_running": 1, "paragraph_diagnostics": 1622}
[2026-09-12T06:55:55Z] 14.4 min: aligning {"arm_chapters_passed": 12, "arm_chapters_rejected": 19, "arm_chapters_running": 1, "paragraph_diagnostics": 1684}
[2026-09-12T06:56:26Z] phase done at 14.9 min; setup={"versions": {"faster-whisper": "1.2.1", "ctranslate2": "4.8.2", "av": "18.1.0"}, "commit": "f53d744782e3c369fffd2980a013a7f199c0476e", "model_tree_sha256": "f1fe271c349229677131d389a96d0a28062a6a2c2fee54a8ce119c43538315c5", "ld_library_path": "/usr/local/lib/python3.11/dist-packages/nvidia/cublas/l
[2026-09-12T06:56:26Z] 14.9 min: done {"arm_chapters_passed": 12, "arm_chapters_rejected": 20, "arm_chapters_running": 0, "paragraph_diagnostics": 1702}
[2026-09-12T06:56:33Z] fetched out.tar.gz (3632999 bytes)
[2026-09-12T06:56:34Z] stop 4hxpjk3rih288a: HTTP 200
[2026-09-12T06:56:35Z] terminate 4hxpjk3rih288a: HTTP 204
[2026-09-12T06:56:35Z] pod 4hxpjk3rih288a done: outcome=done uptime=15.0m est $0.12
