
=== webkit phone 390x844
  books 6 blurbH [ 105.6 ] lines [ 5 ] clamp [ '5' ] moreH [ 18 ] captionH [ 208.2 ] browseTop [ 520.2 ] houseTop [ 564.2 ] titleH [ 27.6 ]
  expandable: 0 of 6 | clamped-but-no-control: 0
  ok   blurb height identical for every featured book
  ok   blurb shows exactly 5 lines
  ok   computed line-clamp is 5
  ok   caption height identical for every featured book
  ok   Browse the library / first shelf never move between books
  ok   Expand shown exactly when the description is cut
  ok   affordance row keeps its height with and without a word
  titles: 100 boxH [ 27.6 ] stepped down: Groundwork of the Metaphysics of Morals (19px); An Enquiry Concerning Human Understanding (17px); Narrative of the Life of Frederick Douglass (18px); Discourse on the Origin of Inequality (21px); Strange Case of Dr Jekyll and Mr Hyde (21px); A Vindication of the Rights of Woman (21px) | cut: []
  ok   title box is one height for all titles
  ok   no title is cut at this width
  descriptions: 100 cut at this width: 37 heights [ 105.59375 ] browseTop [ 520.1875 ]
  ok   all 101 descriptions: block height and Browse position identical
  ok   all 101 descriptions: Expand exactly when cut
  short: "Meditations" descLen=189 more=""
  long: "The Prince" descLen=283 more=""
  injected longest description; control now: Expand
  ok   Expand opens the full description (105.59375 -> 210px)
  ok   Collapse restores the five-line block
  ok   switching book resets an expanded description
  no-recap: {"boot":null,"book":"moby-dick","kind":"fallback","line":"unavailable","text":"The Spouter-Inn · Herman Melville","more":"","blockH":95.4,"textH":67.4,"captionH":251.9,"sectionH":424,"key":"lab-recap-v1/moby-dick/original-en/3/3/5","headline":"You’re at the start of Chapter 3","titleText":"Moby Dick"}
  ok   fallback aside shown: "The Spouter-Inn · Herman Melville"
  ok   fallback is not a control
  switched: true {"boot":null,"book":"odyssey","kind":"fallback","line":"unavailable","text":"Telemachus visits Nestor at Pylos · Homer","more":"","blockH":95.4,"textH":67.4,"captionH":251.9,"sectionH":424,"key":"lab-recap-v1/odyssey/original-en/3/3/0","headline":"You’re at the start of Book 3","titleText":"The Odyssey"}
  ok   switching the focused book keeps the card height
  recap: {"boot":null,"book":"moby-dick","kind":"summary","line":"cached","text":"Ishmael, restless and broke, has left Manhattan for New Bedford meaning to go whaling. He spends a cold night at the Spouter-Inn, where the landlord puts him in a bed with a harpooneer who has not yet come home; the stranger turns out to be Queequeg, a tattooed islander whose arrival terrifies him before the two settle into an unlikely friendship.","more":"Expand","blockH":95.4,"textH":67.4,"captionH":251.9,"sectionH":424,"key":"lab-recap-v1/moby-dick/original-en/3/3/5","headline":"You’re at the start of Chapter 3","titleText":"Moby Dick"}
  ok   cached recap replaces the aside
  ok   card geometry identical with and without recap (block 95.4 vs 95.4, caption 251.9 vs 251.9)
  ok   long recap gets an Expand control
  ok   recap Expand opens (67.4 -> 154px)

=== webkit narrow 320x700
  books 6 blurbH [ 105.6 ] lines [ 5 ] clamp [ '5' ] moreH [ 18 ] captionH [ 208.2 ] browseTop [ 520.2 ] houseTop [ 564.2 ] titleH [ 27.6 ]
  expandable: 4 of 6 | clamped-but-no-control: 0
  ok   blurb height identical for every featured book
  ok   blurb shows exactly 5 lines
  ok   computed line-clamp is 5
  ok   caption height identical for every featured book
  ok   Browse the library / first shelf never move between books
  ok   Expand shown exactly when the description is cut
  ok   affordance row keeps its height with and without a word
  titles: 100 boxH [ 27.6 ] stepped down: A Midsummer Night's Dream (22px); Groundwork of the Metaphysics of Morals (15px); Meditations on First Philosophy (20px); History of the Peloponnesian War (19px); Second Treatise of Government (20px); An Enquiry Concerning Human Understanding (13px); The Sorrows of Young Werther (20px); The US Founding Documents (21px); Narrative of the Life of Frederick Douglass (15px); Around the World in Eighty Days (19px); Discourse on the Origin of Inequality (17px); Strange Case of Dr Jekyll and Mr Hyde (16px); A Vindication of the Rights of Woman (17px); The Merry Wives of Windsor (22px) | cut: []
  ok   title box is one height for all titles
  ok   no title is cut at this width
  descriptions: 100 cut at this width: 67 heights [ 105.59375 ] browseTop [ 520.1875 ]
  ok   all 101 descriptions: block height and Browse position identical
  ok   all 101 descriptions: Expand exactly when cut
  short: "Meditations" descLen=189 more=""
  long: "The Prince" descLen=283 more="Expand"
  ok   Expand opens the full description (105.59375 -> 147px)
  ok   Collapse restores the five-line block
  ok   switching book resets an expanded description
  no-recap: {"boot":null,"book":"moby-dick","kind":"fallback","line":"unavailable","text":"The Spouter-Inn · Herman Melville","more":"","blockH":95.4,"textH":67.4,"captionH":251.9,"sectionH":403.921875,"key":"lab-recap-v1/moby-dick/original-en/3/3/5","headline":"You’re at the start of Chapter 3","titleText":"Moby Dick"}
  ok   fallback aside shown: "The Spouter-Inn · Herman Melville"
  ok   fallback is not a control
  switched: true {"boot":null,"book":"odyssey","kind":"fallback","line":"unavailable","text":"Telemachus visits Nestor at Pylos · Homer","more":"","blockH":95.4,"textH":67.4,"captionH":251.9,"sectionH":403.921875,"key":"lab-recap-v1/odyssey/original-en/3/3/0","headline":"You’re at the start of Book 3","titleText":"The Odyssey"}
  ok   switching the focused book keeps the card height
  recap: {"boot":null,"book":"moby-dick","kind":"summary","line":"cached","text":"Ishmael, restless and broke, has left Manhattan for New Bedford meaning to go whaling. He spends a cold night at the Spouter-Inn, where the landlord puts him in a bed with a harpooneer who has not yet come home; the stranger turns out to be Queequeg, a tattooed islander whose arrival terrifies him before the two settle into an unlikely friendship.","more":"Expand","blockH":95.4,"textH":67.4,"captionH":251.9,"sectionH":403.921875,"key":"lab-recap-v1/moby-dick/original-en/3/3/5","headline":"You’re at the start of Chapter 3","titleText":"Moby Dick"}
  ok   cached recap replaces the aside
  ok   card geometry identical with and without recap (block 95.4 vs 95.4, caption 251.9 vs 251.9)
  ok   long recap gets an Expand control
  ok   recap Expand opens (67.4 -> 176px)

=== webkit desktop 1280x800
  books 6 blurbH [ 119 ] lines [ 5 ] clamp [ '5' ] moreH [ 18 ] captionH [ 233 ] browseTop [ 613 ] houseTop [ 663 ] titleH [ 30 ]
  expandable: 0 of 6 | clamped-but-no-control: 0
  ok   blurb height identical for every featured book
  ok   blurb shows exactly 5 lines
  ok   computed line-clamp is 5
  ok   caption height identical for every featured book
  ok   Browse the library / first shelf never move between books
  ok   Expand shown exactly when the description is cut
  ok   affordance row keeps its height with and without a word
  titles: 100 boxH [ 30 ] stepped down: none | cut: []
  ok   title box is one height for all titles
  ok   no title is cut at this width
  descriptions: 100 cut at this width: 1 heights [ 119 ] browseTop [ 613 ]
  ok   all 101 descriptions: block height and Browse position identical
  ok   all 101 descriptions: Expand exactly when cut
  short: "Meditations" descLen=189 more=""
  long: "The Prince" descLen=283 more=""
  injected longest description; control now: Expand
  ok   Expand opens the full description (119 -> 138px)
  ok   Collapse restores the five-line block
  ok   switching book resets an expanded description
  no-recap: {"boot":null,"book":"moby-dick","kind":"fallback","line":"unavailable","text":"The Spouter-Inn · Herman Melville","more":"","blockH":95.4,"textH":67.4,"captionH":270.5,"sectionH":274,"key":"lab-recap-v1/moby-dick/original-en/3/3/5","headline":"You’re at the start of Chapter 3","titleText":"Moby Dick"}
  ok   fallback aside shown: "The Spouter-Inn · Herman Melville"
  ok   fallback is not a control
  switched: true {"boot":null,"book":"odyssey","kind":"fallback","line":"unavailable","text":"Telemachus visits Nestor at Pylos · Homer","more":"","blockH":95.4,"textH":67.4,"captionH":270.5,"sectionH":274,"key":"lab-recap-v1/odyssey/original-en/3/3/0","headline":"You’re at the start of Book 3","titleText":"The Odyssey"}
  ok   switching the focused book keeps the card height
  recap: {"boot":null,"book":"moby-dick","kind":"summary","line":"cached","text":"Ishmael, restless and broke, has left Manhattan for New Bedford meaning to go whaling. He spends a cold night at the Spouter-Inn, where the landlord puts him in a bed with a harpooneer who has not yet come home; the stranger turns out to be Queequeg, a tattooed islander whose arrival terrifies him before the two settle into an unlikely friendship.","more":"Expand","blockH":95.4,"textH":67.4,"captionH":270.5,"sectionH":274,"key":"lab-recap-v1/moby-dick/original-en/3/3/5","headline":"You’re at the start of Chapter 3","titleText":"Moby Dick"}
  ok   cached recap replaces the aside
  ok   card geometry identical with and without recap (block 95.4 vs 95.4, caption 270.5 vs 270.5)
  ok   long recap gets an Expand control
  ok   recap Expand opens (67.4 -> 132px)

ALL CHECKS PASSED
exit 0
