[2026-09-12T06:18:40Z] created g87o50qi7bejvb tinct-words-run2-48 gpu=None $0.49/hr
[2026-09-12T06:18:42Z] waiting: pod RUNNING agent HTTP 404
[2026-09-12T06:18:59Z] phase cohort at 0.3 min; setup={"versions": {"faster-whisper": "1.2.1", "ctranslate2": "4.8.2", "av": "18.1.0"}, "commit": "f53d744782e3c369fffd2980a013a7f199c0476e", "model_tree_sha256": "f1fe271c349229677131d389a96d0a28062a6a2c2fee54a8ce119c43538315c5", "ld_library_path": "/usr/local/lib/python3.11/dist-packages/nvidia/cublas/l
[2026-09-12T06:18:59Z] 0.3 min: cohort {"arm_chapters_passed": 0, "arm_chapters_rejected": 0, "arm_chapters_running": 0}
[2026-09-12T06:19:29Z] 0.8 min: cohort {"arm_chapters_passed": 0, "arm_chapters_rejected": 0, "arm_chapters_running": 0}
[2026-09-12T06:20:01Z] 1.3 min: cohort {"arm_chapters_passed": 0, "arm_chapters_rejected": 0, "arm_chapters_running": 0}
[2026-09-12T06:20:31Z] phase aligning at 1.8 min; setup={"versions": {"faster-whisper": "1.2.1", "ctranslate2": "4.8.2", "av": "18.1.0"}, "commit": "f53d744782e3c369fffd2980a013a7f199c0476e", "model_tree_sha256": "f1fe271c349229677131d389a96d0a28062a6a2c2fee54a8ce119c43538315c5", "ld_library_path": "/usr/local/lib/python3.11/dist-packages/nvidia/cublas/l
[2026-09-12T06:20:31Z] 1.8 min: aligning {"arm_chapters_passed": 0, "arm_chapters_rejected": 2, "arm_chapters_running": 1, "paragraph_diagnostics": 68}
[2026-09-12T06:21:02Z] 2.3 min: aligning {"arm_chapters_passed": 3, "arm_chapters_rejected": 3, "arm_chapters_running": 1, "paragraph_diagnostics": 147}
[2026-09-12T06:21:33Z] 2.9 min: aligning {"arm_chapters_passed": 3, "arm_chapters_rejected": 3, "arm_chapters_running": 1, "paragraph_diagnostics": 256}
[2026-09-12T06:22:04Z] 3.4 min: aligning {"arm_chapters_passed": 3, "arm_chapters_rejected": 4, "arm_chapters_running": 1, "paragraph_diagnostics": 352}
[2026-09-12T06:22:34Z] 3.9 min: aligning {"arm_chapters_passed": 3, "arm_chapters_rejected": 4, "arm_chapters_running": 1, "paragraph_diagnostics": 403}
[2026-09-12T06:23:08Z] snapshot 675310 bytes
[2026-09-12T06:23:08Z] 4.4 min: aligning {"arm_chapters_passed": 3, "arm_chapters_rejected": 4, "arm_chapters_running": 1, "paragraph_diagnostics": 474}
[2026-09-12T06:23:39Z] 5.0 min: aligning {"arm_chapters_passed": 3, "arm_chapters_rejected": 6, "arm_chapters_running": 1, "paragraph_diagnostics": 566}
[2026-09-12T06:24:09Z] 5.5 min: aligning {"arm_chapters_passed": 4, "arm_chapters_rejected": 8, "arm_chapters_running": 1, "paragraph_diagnostics": 638}
[2026-09-12T06:24:40Z] 6.0 min: aligning {"arm_chapters_passed": 4, "arm_chapters_rejected": 9, "arm_chapters_running": 1, "paragraph_diagnostics": 698}
[2026-09-12T06:25:11Z] 6.5 min: aligning {"arm_chapters_passed": 4, "arm_chapters_rejected": 12, "arm_chapters_running": 1, "paragraph_diagnostics": 804}
[2026-09-12T06:25:42Z] 7.0 min: aligning {"arm_chapters_passed": 4, "arm_chapters_rejected": 14, "arm_chapters_running": 1, "paragraph_diagnostics": 902}
[2026-09-12T06:26:13Z] 7.5 min: aligning {"arm_chapters_passed": 4, "arm_chapters_rejected": 15, "arm_chapters_running": 1, "paragraph_diagnostics": 974}
[2026-09-12T06:26:44Z] 8.0 min: aligning {"arm_chapters_passed": 4, "arm_chapters_rejected": 15, "arm_chapters_running": 1, "paragraph_diagnostics": 1027}
[2026-09-12T06:27:18Z] snapshot 1882202 bytes
[2026-09-12T06:27:18Z] 8.6 min: aligning {"arm_chapters_passed": 4, "arm_chapters_rejected": 15, "arm_chapters_running": 1, "paragraph_diagnostics": 1071}
[2026-09-12T06:27:49Z] 9.1 min: aligning {"arm_chapters_passed": 4, "arm_chapters_rejected": 17, "arm_chapters_running": 1, "paragraph_diagnostics": 1155}
[2026-09-12T06:28:20Z] 9.6 min: aligning {"arm_chapters_passed": 5, "arm_chapters_rejected": 20, "arm_chapters_running": 1, "paragraph_diagnostics": 1211}
[2026-09-12T06:28:50Z] 10.2 min: aligning {"arm_chapters_passed": 5, "arm_chapters_rejected": 21, "arm_chapters_running": 1, "paragraph_diagnostics": 1269}
[2026-09-12T06:29:21Z] 10.7 min: aligning {"arm_chapters_passed": 5, "arm_chapters_rejected": 22, "arm_chapters_running": 1, "paragraph_diagnostics": 1354}
[2026-09-12T06:29:52Z] 11.2 min: aligning {"arm_chapters_passed": 5, "arm_chapters_rejected": 22, "arm_chapters_running": 1, "paragraph_diagnostics": 1396}
[2026-09-12T06:30:23Z] 11.7 min: aligning {"arm_chapters_passed": 5, "arm_chapters_rejected": 22, "arm_chapters_running": 1, "paragraph_diagnostics": 1433}
[2026-09-12T06:30:54Z] 12.2 min: aligning {"arm_chapters_passed": 5, "arm_chapters_rejected": 23, "arm_chapters_running": 1, "paragraph_diagnostics": 1493}
[2026-09-12T06:31:29Z] snapshot 3003720 bytes
[2026-09-12T06:31:29Z] 12.7 min: aligning {"arm_chapters_passed": 5, "arm_chapters_rejected": 24, "arm_chapters_running": 1, "paragraph_diagnostics": 1575}
[2026-09-12T06:32:00Z] 13.3 min: aligning {"arm_chapters_passed": 5, "arm_chapters_rejected": 24, "arm_chapters_running": 1, "paragraph_diagnostics": 1632}
[2026-09-12T06:32:31Z] 13.8 min: aligning {"arm_chapters_passed": 7, "arm_chapters_rejected": 25, "arm_chapters_running": 1, "paragraph_diagnostics": 1702}
[2026-09-12T06:33:02Z] 14.3 min: aligning {"arm_chapters_passed": 9, "arm_chapters_rejected": 25, "arm_chapters_running": 1, "paragraph_diagnostics": 1790}
[2026-09-12T06:33:33Z] 14.9 min: aligning {"arm_chapters_passed": 9, "arm_chapters_rejected": 26, "arm_chapters_running": 1, "paragraph_diagnostics": 1861}
[2026-09-12T06:34:04Z] phase done at 15.4 min; setup={"versions": {"faster-whisper": "1.2.1", "ctranslate2": "4.8.2", "av": "18.1.0"}, "commit": "f53d744782e3c369fffd2980a013a7f199c0476e", "model_tree_sha256": "f1fe271c349229677131d389a96d0a28062a6a2c2fee54a8ce119c43538315c5", "ld_library_path": "/usr/local/lib/python3.11/dist-packages/nvidia/cublas/l
[2026-09-12T06:34:04Z] 15.4 min: done {"arm_chapters_passed": 11, "arm_chapters_rejected": 27, "arm_chapters_running": 0, "paragraph_diagnostics": 1900}
[2026-09-12T06:34:13Z] fetched out.tar.gz (3683425 bytes)
[2026-09-12T06:34:15Z] stop g87o50qi7bejvb: HTTP 200
[2026-09-12T06:34:16Z] terminate g87o50qi7bejvb: HTTP 204
[2026-09-12T06:34:16Z] pod g87o50qi7bejvb done: outcome=done uptime=15.6m est $0.13
