[2026-09-12T08:32:49Z] created 1sa61gzrhh1ikn tinct-words-run2-98 gpu=None $0.49/hr
[2026-09-12T08:32:50Z] waiting: pod RUNNING agent HTTP 404
[2026-09-12T08:33:06Z] waiting: pod RUNNING agent HTTP 404
[2026-09-12T08:33:24Z] phase cohort at 0.6 min; setup={"versions": {"faster-whisper": "1.2.1", "ctranslate2": "4.8.2", "av": "18.1.0"}, "commit": "f53d744782e3c369fffd2980a013a7f199c0476e", "model_tree_sha256": "f1fe271c349229677131d389a96d0a28062a6a2c2fee54a8ce119c43538315c5", "ld_library_path": "/usr/local/lib/python3.11/dist-packages/nvidia/cublas/l
[2026-09-12T08:33:24Z] 0.6 min: cohort {"arm_chapters_passed": 0, "arm_chapters_rejected": 0, "arm_chapters_running": 0}
[2026-09-12T08:33:55Z] 1.1 min: cohort {"arm_chapters_passed": 0, "arm_chapters_rejected": 0, "arm_chapters_running": 0}
[2026-09-12T08:34:26Z] 1.6 min: cohort {"arm_chapters_passed": 0, "arm_chapters_rejected": 0, "arm_chapters_running": 0}
[2026-09-12T08:34:57Z] phase aligning at 2.1 min; setup={"versions": {"faster-whisper": "1.2.1", "ctranslate2": "4.8.2", "av": "18.1.0"}, "commit": "f53d744782e3c369fffd2980a013a7f199c0476e", "model_tree_sha256": "f1fe271c349229677131d389a96d0a28062a6a2c2fee54a8ce119c43538315c5", "ld_library_path": "/usr/local/lib/python3.11/dist-packages/nvidia/cublas/l
[2026-09-12T08:34:57Z] 2.1 min: aligning {"arm_chapters_passed": 0, "arm_chapters_rejected": 0, "arm_chapters_running": 1, "paragraph_diagnostics": 15}
[2026-09-12T08:35:27Z] 2.6 min: aligning {"arm_chapters_passed": 0, "arm_chapters_rejected": 0, "arm_chapters_running": 1, "paragraph_diagnostics": 51}
[2026-09-12T08:35:58Z] 3.1 min: aligning {"arm_chapters_passed": 0, "arm_chapters_rejected": 0, "arm_chapters_running": 1, "paragraph_diagnostics": 74}
[2026-09-12T08:36:29Z] 3.7 min: aligning {"arm_chapters_passed": 0, "arm_chapters_rejected": 1, "arm_chapters_running": 1, "paragraph_diagnostics": 87}
[2026-09-12T08:37:00Z] 4.2 min: aligning {"arm_chapters_passed": 0, "arm_chapters_rejected": 1, "arm_chapters_running": 1, "paragraph_diagnostics": 99}
[2026-09-12T08:37:33Z] snapshot 908628 bytes
[2026-09-12T08:37:33Z] 4.7 min: aligning {"arm_chapters_passed": 0, "arm_chapters_rejected": 1, "arm_chapters_running": 1, "paragraph_diagnostics": 113}
[2026-09-12T08:38:04Z] 5.2 min: aligning {"arm_chapters_passed": 0, "arm_chapters_rejected": 1, "arm_chapters_running": 1, "paragraph_diagnostics": 132}
[2026-09-12T08:38:35Z] 5.8 min: aligning {"arm_chapters_passed": 0, "arm_chapters_rejected": 1, "arm_chapters_running": 1, "paragraph_diagnostics": 144}
[2026-09-12T08:39:06Z] 6.3 min: aligning {"arm_chapters_passed": 0, "arm_chapters_rejected": 1, "arm_chapters_running": 1, "paragraph_diagnostics": 153}
[2026-09-12T08:39:37Z] 6.8 min: aligning {"arm_chapters_passed": 0, "arm_chapters_rejected": 2, "arm_chapters_running": 1, "paragraph_diagnostics": 171}
[2026-09-12T08:40:08Z] 7.3 min: aligning {"arm_chapters_passed": 0, "arm_chapters_rejected": 2, "arm_chapters_running": 1, "paragraph_diagnostics": 192}
[2026-09-12T08:40:38Z] 7.8 min: aligning {"arm_chapters_passed": 0, "arm_chapters_rejected": 2, "arm_chapters_running": 1, "paragraph_diagnostics": 212}
[2026-09-12T08:41:09Z] 8.3 min: aligning {"arm_chapters_passed": 0, "arm_chapters_rejected": 3, "arm_chapters_running": 1, "paragraph_diagnostics": 223}
[2026-09-12T08:41:44Z] snapshot 2299917 bytes
[2026-09-12T08:41:44Z] 8.8 min: aligning {"arm_chapters_passed": 0, "arm_chapters_rejected": 3, "arm_chapters_running": 1, "paragraph_diagnostics": 235}
[2026-09-12T08:42:15Z] 9.4 min: aligning {"arm_chapters_passed": 0, "arm_chapters_rejected": 3, "arm_chapters_running": 1, "paragraph_diagnostics": 245}
[2026-09-12T08:42:46Z] 9.9 min: aligning {"arm_chapters_passed": 0, "arm_chapters_rejected": 3, "arm_chapters_running": 1, "paragraph_diagnostics": 254}
[2026-09-12T08:43:17Z] 10.4 min: aligning {"arm_chapters_passed": 0, "arm_chapters_rejected": 3, "arm_chapters_running": 1, "paragraph_diagnostics": 264}
[2026-09-12T08:43:49Z] 11.0 min: aligning {"arm_chapters_passed": 0, "arm_chapters_rejected": 3, "arm_chapters_running": 1, "paragraph_diagnostics": 271}
[2026-09-12T08:44:19Z] 11.5 min: aligning {"arm_chapters_passed": 0, "arm_chapters_rejected": 4, "arm_chapters_running": 1, "paragraph_diagnostics": 291}
[2026-09-12T08:44:50Z] 12.0 min: aligning {"arm_chapters_passed": 0, "arm_chapters_rejected": 4, "arm_chapters_running": 1, "paragraph_diagnostics": 306}
[2026-09-12T08:45:21Z] 12.5 min: aligning {"arm_chapters_passed": 0, "arm_chapters_rejected": 4, "arm_chapters_running": 1, "paragraph_diagnostics": 335}
[2026-09-12T08:45:57Z] snapshot 3660578 bytes
[2026-09-12T08:45:57Z] 13.0 min: aligning {"arm_chapters_passed": 0, "arm_chapters_rejected": 4, "arm_chapters_running": 1, "paragraph_diagnostics": 356}
[2026-09-12T08:46:28Z] 13.6 min: aligning {"arm_chapters_passed": 0, "arm_chapters_rejected": 4, "arm_chapters_running": 1, "paragraph_diagnostics": 384}
[2026-09-12T08:46:59Z] 14.2 min: aligning {"arm_chapters_passed": 0, "arm_chapters_rejected": 4, "arm_chapters_running": 1, "paragraph_diagnostics": 408}
[2026-09-12T08:47:30Z] 14.7 min: aligning {"arm_chapters_passed": 0, "arm_chapters_rejected": 4, "arm_chapters_running": 1, "paragraph_diagnostics": 426}
[2026-09-12T08:48:00Z] 15.2 min: aligning {"arm_chapters_passed": 0, "arm_chapters_rejected": 5, "arm_chapters_running": 1, "paragraph_diagnostics": 443}
[2026-09-12T08:48:31Z] 15.7 min: aligning {"arm_chapters_passed": 0, "arm_chapters_rejected": 5, "arm_chapters_running": 1, "paragraph_diagnostics": 451}
