[2026-09-12T07:01:49Z] created kehlufs041f7mp tinct-words-run2-72 gpu=None $0.49/hr
[2026-09-12T07:01:50Z] waiting: pod RUNNING agent HTTP 404
[2026-09-12T07:02:06Z] waiting: pod RUNNING agent HTTP 404
[2026-09-12T07:02:22Z] phase cohort at 0.5 min; setup={"versions": {"faster-whisper": "1.2.1", "ctranslate2": "4.8.2", "av": "18.1.0"}, "commit": "f53d744782e3c369fffd2980a013a7f199c0476e", "model_tree_sha256": "f1fe271c349229677131d389a96d0a28062a6a2c2fee54a8ce119c43538315c5", "ld_library_path": "/usr/local/lib/python3.11/dist-packages/nvidia/cublas/l
[2026-09-12T07:02:22Z] 0.5 min: cohort {"arm_chapters_passed": 0, "arm_chapters_rejected": 0, "arm_chapters_running": 0}
[2026-09-12T07:02:53Z] 1.0 min: cohort {"arm_chapters_passed": 0, "arm_chapters_rejected": 0, "arm_chapters_running": 0}
[2026-09-12T07:03:23Z] 1.6 min: cohort {"arm_chapters_passed": 0, "arm_chapters_rejected": 0, "arm_chapters_running": 0}
[2026-09-12T07:03:53Z] phase aligning at 2.1 min; setup={"versions": {"faster-whisper": "1.2.1", "ctranslate2": "4.8.2", "av": "18.1.0"}, "commit": "f53d744782e3c369fffd2980a013a7f199c0476e", "model_tree_sha256": "f1fe271c349229677131d389a96d0a28062a6a2c2fee54a8ce119c43538315c5", "ld_library_path": "/usr/local/lib/python3.11/dist-packages/nvidia/cublas/l
[2026-09-12T07:03:53Z] 2.1 min: aligning {"arm_chapters_passed": 0, "arm_chapters_rejected": 0, "arm_chapters_running": 0, "paragraph_diagnostics": 0}
[2026-09-12T07:04:24Z] 2.6 min: aligning {"arm_chapters_passed": 0, "arm_chapters_rejected": 0, "arm_chapters_running": 1, "paragraph_diagnostics": 56}
[2026-09-12T07:04:54Z] 3.1 min: aligning {"arm_chapters_passed": 0, "arm_chapters_rejected": 1, "arm_chapters_running": 1, "paragraph_diagnostics": 102}
[2026-09-12T07:05:24Z] 3.6 min: aligning {"arm_chapters_passed": 1, "arm_chapters_rejected": 1, "arm_chapters_running": 1, "paragraph_diagnostics": 153}
[2026-09-12T07:05:55Z] 4.1 min: aligning {"arm_chapters_passed": 1, "arm_chapters_rejected": 2, "arm_chapters_running": 1, "paragraph_diagnostics": 221}
[2026-09-12T07:06:26Z] snapshot 763240 bytes
[2026-09-12T07:06:26Z] 4.6 min: aligning {"arm_chapters_passed": 1, "arm_chapters_rejected": 2, "arm_chapters_running": 1, "paragraph_diagnostics": 282}
[2026-09-12T07:06:57Z] 5.1 min: aligning {"arm_chapters_passed": 2, "arm_chapters_rejected": 2, "arm_chapters_running": 1, "paragraph_diagnostics": 344}
[2026-09-12T07:07:27Z] 5.6 min: aligning {"arm_chapters_passed": 2, "arm_chapters_rejected": 3, "arm_chapters_running": 1, "paragraph_diagnostics": 397}
[2026-09-12T07:07:58Z] 6.1 min: aligning {"arm_chapters_passed": 3, "arm_chapters_rejected": 3, "arm_chapters_running": 1, "paragraph_diagnostics": 448}
[2026-09-12T07:08:28Z] 6.6 min: aligning {"arm_chapters_passed": 4, "arm_chapters_rejected": 3, "arm_chapters_running": 1, "paragraph_diagnostics": 480}
[2026-09-12T07:08:58Z] 7.1 min: aligning {"arm_chapters_passed": 5, "arm_chapters_rejected": 3, "arm_chapters_running": 1, "paragraph_diagnostics": 532}
[2026-09-12T07:09:29Z] 7.6 min: aligning {"arm_chapters_passed": 6, "arm_chapters_rejected": 4, "arm_chapters_running": 1, "paragraph_diagnostics": 597}
[2026-09-12T07:09:59Z] 8.2 min: aligning {"arm_chapters_passed": 6, "arm_chapters_rejected": 4, "arm_chapters_running": 1, "paragraph_diagnostics": 655}
[2026-09-12T07:10:33Z] snapshot 2055284 bytes
[2026-09-12T07:10:33Z] 8.7 min: aligning {"arm_chapters_passed": 6, "arm_chapters_rejected": 5, "arm_chapters_running": 1, "paragraph_diagnostics": 671}
[2026-09-12T07:11:03Z] 9.2 min: aligning {"arm_chapters_passed": 6, "arm_chapters_rejected": 5, "arm_chapters_running": 1, "paragraph_diagnostics": 722}
[2026-09-12T07:11:33Z] 9.7 min: aligning {"arm_chapters_passed": 8, "arm_chapters_rejected": 5, "arm_chapters_running": 1, "paragraph_diagnostics": 767}
[2026-09-12T07:12:04Z] 10.2 min: aligning {"arm_chapters_passed": 9, "arm_chapters_rejected": 6, "arm_chapters_running": 1, "paragraph_diagnostics": 827}
[2026-09-12T07:12:34Z] 10.7 min: aligning {"arm_chapters_passed": 10, "arm_chapters_rejected": 6, "arm_chapters_running": 1, "paragraph_diagnostics": 878}
[2026-09-12T07:13:05Z] 11.2 min: aligning {"arm_chapters_passed": 10, "arm_chapters_rejected": 7, "arm_chapters_running": 1, "paragraph_diagnostics": 921}
[2026-09-12T07:13:35Z] 11.8 min: aligning {"arm_chapters_passed": 11, "arm_chapters_rejected": 8, "arm_chapters_running": 1, "paragraph_diagnostics": 990}
[2026-09-12T07:14:06Z] 12.3 min: aligning {"arm_chapters_passed": 11, "arm_chapters_rejected": 9, "arm_chapters_running": 1, "paragraph_diagnostics": 1024}
[2026-09-12T07:14:41Z] snapshot 3344360 bytes
[2026-09-12T07:14:41Z] 12.8 min: aligning {"arm_chapters_passed": 11, "arm_chapters_rejected": 10, "arm_chapters_running": 1, "paragraph_diagnostics": 1071}
[2026-09-12T07:15:11Z] 13.4 min: aligning {"arm_chapters_passed": 11, "arm_chapters_rejected": 10, "arm_chapters_running": 1, "paragraph_diagnostics": 1081}
[2026-09-12T07:15:41Z] 13.9 min: aligning {"arm_chapters_passed": 11, "arm_chapters_rejected": 10, "arm_chapters_running": 1, "paragraph_diagnostics": 1115}
[2026-09-12T07:16:12Z] 14.4 min: aligning {"arm_chapters_passed": 12, "arm_chapters_rejected": 10, "arm_chapters_running": 1, "paragraph_diagnostics": 1142}
