[2026-09-12T06:43:51Z] created tmjer26drnf6aw tinct-words-run2-62 gpu=None $0.74/hr
[2026-09-12T06:43:51Z] waiting: pod RUNNING agent HTTP 404
[2026-09-12T06:44:07Z] waiting: pod RUNNING agent HTTP 404
[2026-09-12T06:44:23Z] phase cohort at 0.5 min; setup={"versions": {"faster-whisper": "1.2.1", "ctranslate2": "4.8.2", "av": "18.1.0"}, "commit": "f53d744782e3c369fffd2980a013a7f199c0476e", "model_tree_sha256": "f1fe271c349229677131d389a96d0a28062a6a2c2fee54a8ce119c43538315c5", "ld_library_path": "/usr/local/lib/python3.11/dist-packages/nvidia/cublas/l
[2026-09-12T06:44:23Z] 0.5 min: cohort {"arm_chapters_passed": 0, "arm_chapters_rejected": 0, "arm_chapters_running": 0}
[2026-09-12T06:44:54Z] 1.0 min: cohort {"arm_chapters_passed": 0, "arm_chapters_rejected": 0, "arm_chapters_running": 0}
[2026-09-12T06:45:24Z] 1.5 min: cohort {"arm_chapters_passed": 0, "arm_chapters_rejected": 0, "arm_chapters_running": 0}
[2026-09-12T06:45:54Z] phase aligning at 2.1 min; setup={"versions": {"faster-whisper": "1.2.1", "ctranslate2": "4.8.2", "av": "18.1.0"}, "commit": "f53d744782e3c369fffd2980a013a7f199c0476e", "model_tree_sha256": "f1fe271c349229677131d389a96d0a28062a6a2c2fee54a8ce119c43538315c5", "ld_library_path": "/usr/local/lib/python3.11/dist-packages/nvidia/cublas/l
[2026-09-12T06:45:54Z] 2.1 min: aligning {"arm_chapters_passed": 1, "arm_chapters_rejected": 1, "arm_chapters_running": 1, "paragraph_diagnostics": 29}
[2026-09-12T06:46:25Z] 2.6 min: aligning {"arm_chapters_passed": 3, "arm_chapters_rejected": 3, "arm_chapters_running": 1, "paragraph_diagnostics": 105}
[2026-09-12T06:46:55Z] 3.1 min: aligning {"arm_chapters_passed": 3, "arm_chapters_rejected": 4, "arm_chapters_running": 1, "paragraph_diagnostics": 188}
[2026-09-12T06:47:26Z] 3.6 min: aligning {"arm_chapters_passed": 5, "arm_chapters_rejected": 5, "arm_chapters_running": 1, "paragraph_diagnostics": 257}
[2026-09-12T06:47:56Z] 4.1 min: aligning {"arm_chapters_passed": 5, "arm_chapters_rejected": 6, "arm_chapters_running": 1, "paragraph_diagnostics": 349}
[2026-09-12T06:48:28Z] snapshot 1121965 bytes
[2026-09-12T06:48:28Z] 4.6 min: aligning {"arm_chapters_passed": 6, "arm_chapters_rejected": 8, "arm_chapters_running": 1, "paragraph_diagnostics": 496}
[2026-09-12T06:48:58Z] 5.1 min: aligning {"arm_chapters_passed": 7, "arm_chapters_rejected": 10, "arm_chapters_running": 1, "paragraph_diagnostics": 627}
[2026-09-12T06:49:29Z] 5.6 min: aligning {"arm_chapters_passed": 8, "arm_chapters_rejected": 13, "arm_chapters_running": 1, "paragraph_diagnostics": 727}
[2026-09-12T06:49:59Z] 6.1 min: aligning {"arm_chapters_passed": 9, "arm_chapters_rejected": 15, "arm_chapters_running": 1, "paragraph_diagnostics": 858}
[2026-09-12T06:50:29Z] 6.6 min: aligning {"arm_chapters_passed": 9, "arm_chapters_rejected": 16, "arm_chapters_running": 1, "paragraph_diagnostics": 942}
[2026-09-12T06:51:00Z] 7.1 min: aligning {"arm_chapters_passed": 9, "arm_chapters_rejected": 17, "arm_chapters_running": 1, "paragraph_diagnostics": 1031}
[2026-09-12T06:51:30Z] 7.7 min: aligning {"arm_chapters_passed": 10, "arm_chapters_rejected": 20, "arm_chapters_running": 1, "paragraph_diagnostics": 1176}
[2026-09-12T06:52:01Z] 8.2 min: aligning {"arm_chapters_passed": 11, "arm_chapters_rejected": 24, "arm_chapters_running": 1, "paragraph_diagnostics": 1344}
[2026-09-12T06:52:34Z] snapshot 2933445 bytes
[2026-09-12T06:52:34Z] 8.7 min: aligning {"arm_chapters_passed": 11, "arm_chapters_rejected": 26, "arm_chapters_running": 1, "paragraph_diagnostics": 1486}
[2026-09-12T06:53:04Z] 9.2 min: aligning {"arm_chapters_passed": 13, "arm_chapters_rejected": 27, "arm_chapters_running": 1, "paragraph_diagnostics": 1583}
[2026-09-12T06:53:35Z] 9.7 min: aligning {"arm_chapters_passed": 13, "arm_chapters_rejected": 28, "arm_chapters_running": 1, "paragraph_diagnostics": 1691}
[2026-09-12T06:54:05Z] phase done at 10.2 min; setup={"versions": {"faster-whisper": "1.2.1", "ctranslate2": "4.8.2", "av": "18.1.0"}, "commit": "f53d744782e3c369fffd2980a013a7f199c0476e", "model_tree_sha256": "f1fe271c349229677131d389a96d0a28062a6a2c2fee54a8ce119c43538315c5", "ld_library_path": "/usr/local/lib/python3.11/dist-packages/nvidia/cublas/l
[2026-09-12T06:54:05Z] 10.2 min: done {"arm_chapters_passed": 13, "arm_chapters_rejected": 29, "arm_chapters_running": 0, "paragraph_diagnostics": 1774}
[2026-09-12T06:54:10Z] fetched out.tar.gz (3622449 bytes)
[2026-09-12T06:54:11Z] stop tmjer26drnf6aw: HTTP 200
[2026-09-12T06:54:12Z] terminate tmjer26drnf6aw: HTTP 204
[2026-09-12T06:54:12Z] pod tmjer26drnf6aw done: outcome=done uptime=10.3m est $0.13
