[2026-09-12T06:54:38Z] created gnboz77x1hlh57 tinct-words-run2-64 gpu=None $0.49/hr
[2026-09-12T06:54:39Z] waiting: pod RUNNING agent HTTP 404
[2026-09-12T06:54:55Z] waiting: pod RUNNING agent HTTP 404
[2026-09-12T06:55:11Z] phase cohort at 0.5 min; setup={"versions": {"faster-whisper": "1.2.1", "ctranslate2": "4.8.2", "av": "18.1.0"}, "commit": "f53d744782e3c369fffd2980a013a7f199c0476e", "model_tree_sha256": "f1fe271c349229677131d389a96d0a28062a6a2c2fee54a8ce119c43538315c5", "ld_library_path": "/usr/local/lib/python3.11/dist-packages/nvidia/cublas/l
[2026-09-12T06:55:11Z] 0.5 min: cohort {"arm_chapters_passed": 0, "arm_chapters_rejected": 0, "arm_chapters_running": 0}
[2026-09-12T06:55:42Z] 1.1 min: cohort {"arm_chapters_passed": 0, "arm_chapters_rejected": 0, "arm_chapters_running": 0}
[2026-09-12T06:56:12Z] 1.6 min: cohort {"arm_chapters_passed": 0, "arm_chapters_rejected": 0, "arm_chapters_running": 0}
[2026-09-12T06:56:42Z] 2.1 min: cohort {"arm_chapters_passed": 0, "arm_chapters_rejected": 0, "arm_chapters_running": 0}
[2026-09-12T06:57:13Z] phase aligning at 2.6 min; setup={"versions": {"faster-whisper": "1.2.1", "ctranslate2": "4.8.2", "av": "18.1.0"}, "commit": "f53d744782e3c369fffd2980a013a7f199c0476e", "model_tree_sha256": "f1fe271c349229677131d389a96d0a28062a6a2c2fee54a8ce119c43538315c5", "ld_library_path": "/usr/local/lib/python3.11/dist-packages/nvidia/cublas/l
[2026-09-12T06:57:13Z] 2.6 min: aligning {"arm_chapters_passed": 0, "arm_chapters_rejected": 0, "arm_chapters_running": 1, "paragraph_diagnostics": 57}
[2026-09-12T06:57:43Z] 3.1 min: aligning {"arm_chapters_passed": 0, "arm_chapters_rejected": 1, "arm_chapters_running": 1, "paragraph_diagnostics": 134}
[2026-09-12T06:58:13Z] 3.6 min: aligning {"arm_chapters_passed": 0, "arm_chapters_rejected": 1, "arm_chapters_running": 1, "paragraph_diagnostics": 171}
[2026-09-12T06:58:44Z] 4.1 min: aligning {"arm_chapters_passed": 1, "arm_chapters_rejected": 2, "arm_chapters_running": 1, "paragraph_diagnostics": 218}
[2026-09-12T06:59:16Z] snapshot 657750 bytes
[2026-09-12T06:59:16Z] 4.6 min: aligning {"arm_chapters_passed": 1, "arm_chapters_rejected": 3, "arm_chapters_running": 1, "paragraph_diagnostics": 308}
[2026-09-12T06:59:46Z] 5.1 min: aligning {"arm_chapters_passed": 1, "arm_chapters_rejected": 4, "arm_chapters_running": 1, "paragraph_diagnostics": 353}
[2026-09-12T07:00:17Z] 5.6 min: aligning {"arm_chapters_passed": 1, "arm_chapters_rejected": 4, "arm_chapters_running": 1, "paragraph_diagnostics": 389}
[2026-09-12T07:00:47Z] 6.1 min: aligning {"arm_chapters_passed": 1, "arm_chapters_rejected": 4, "arm_chapters_running": 1, "paragraph_diagnostics": 439}
[2026-09-12T07:01:17Z] 6.7 min: aligning {"arm_chapters_passed": 2, "arm_chapters_rejected": 6, "arm_chapters_running": 1, "paragraph_diagnostics": 495}
[2026-09-12T07:01:48Z] 7.2 min: aligning {"arm_chapters_passed": 2, "arm_chapters_rejected": 7, "arm_chapters_running": 1, "paragraph_diagnostics": 562}
[2026-09-12T07:02:18Z] 7.7 min: aligning {"arm_chapters_passed": 3, "arm_chapters_rejected": 8, "arm_chapters_running": 1, "paragraph_diagnostics": 639}
[2026-09-12T07:02:48Z] 8.2 min: aligning {"arm_chapters_passed": 4, "arm_chapters_rejected": 10, "arm_chapters_running": 1, "paragraph_diagnostics": 710}
[2026-09-12T07:03:21Z] snapshot 1567280 bytes
[2026-09-12T07:03:21Z] 8.7 min: aligning {"arm_chapters_passed": 4, "arm_chapters_rejected": 11, "arm_chapters_running": 1, "paragraph_diagnostics": 753}
[2026-09-12T07:03:52Z] 9.2 min: aligning {"arm_chapters_passed": 7, "arm_chapters_rejected": 14, "arm_chapters_running": 1, "paragraph_diagnostics": 818}
[2026-09-12T07:04:22Z] 9.7 min: aligning {"arm_chapters_passed": 7, "arm_chapters_rejected": 15, "arm_chapters_running": 1, "paragraph_diagnostics": 886}
[2026-09-12T07:04:52Z] 10.2 min: aligning {"arm_chapters_passed": 7, "arm_chapters_rejected": 16, "arm_chapters_running": 1, "paragraph_diagnostics": 957}
[2026-09-12T07:05:23Z] 10.7 min: aligning {"arm_chapters_passed": 10, "arm_chapters_rejected": 16, "arm_chapters_running": 1, "paragraph_diagnostics": 1017}
[2026-09-12T07:05:53Z] 11.3 min: aligning {"arm_chapters_passed": 11, "arm_chapters_rejected": 19, "arm_chapters_running": 1, "paragraph_diagnostics": 1083}
[2026-09-12T07:06:24Z] 11.8 min: aligning {"arm_chapters_passed": 12, "arm_chapters_rejected": 20, "arm_chapters_running": 1, "paragraph_diagnostics": 1159}
[2026-09-12T07:06:54Z] 12.3 min: aligning {"arm_chapters_passed": 12, "arm_chapters_rejected": 20, "arm_chapters_running": 1, "paragraph_diagnostics": 1225}
[2026-09-12T07:07:30Z] snapshot 2757442 bytes
[2026-09-12T07:07:30Z] 12.8 min: aligning {"arm_chapters_passed": 12, "arm_chapters_rejected": 21, "arm_chapters_running": 1, "paragraph_diagnostics": 1274}
[2026-09-12T07:08:00Z] 13.4 min: aligning {"arm_chapters_passed": 12, "arm_chapters_rejected": 21, "arm_chapters_running": 1, "paragraph_diagnostics": 1329}
[2026-09-12T07:08:30Z] 13.9 min: aligning {"arm_chapters_passed": 12, "arm_chapters_rejected": 21, "arm_chapters_running": 1, "paragraph_diagnostics": 1378}
[2026-09-12T07:09:01Z] 14.4 min: aligning {"arm_chapters_passed": 12, "arm_chapters_rejected": 21, "arm_chapters_running": 1, "paragraph_diagnostics": 1404}
[2026-09-12T07:09:31Z] 14.9 min: aligning {"arm_chapters_passed": 12, "arm_chapters_rejected": 25, "arm_chapters_running": 1, "paragraph_diagnostics": 1453}
[2026-09-12T07:10:01Z] 15.4 min: aligning {"arm_chapters_passed": 15, "arm_chapters_rejected": 26, "arm_chapters_running": 1, "paragraph_diagnostics": 1492}
[2026-09-12T07:10:32Z] 15.9 min: aligning {"arm_chapters_passed": 16, "arm_chapters_rejected": 27, "arm_chapters_running": 1, "paragraph_diagnostics": 1535}
[2026-09-12T07:11:02Z] 16.4 min: aligning {"arm_chapters_passed": 17, "arm_chapters_rejected": 28, "arm_chapters_running": 1, "paragraph_diagnostics": 1600}
[2026-09-12T07:11:38Z] snapshot 3966926 bytes
[2026-09-12T07:11:38Z] 16.9 min: aligning {"arm_chapters_passed": 17, "arm_chapters_rejected": 28, "arm_chapters_running": 1, "paragraph_diagnostics": 1622}
[2026-09-12T07:12:08Z] 17.5 min: aligning {"arm_chapters_passed": 17, "arm_chapters_rejected": 29, "arm_chapters_running": 1, "paragraph_diagnostics": 1684}
[2026-09-12T07:12:39Z] 18.0 min: aligning {"arm_chapters_passed": 17, "arm_chapters_rejected": 29, "arm_chapters_running": 1, "paragraph_diagnostics": 1769}
[2026-09-12T07:13:09Z] 18.5 min: aligning {"arm_chapters_passed": 17, "arm_chapters_rejected": 30, "arm_chapters_running": 1, "paragraph_diagnostics": 1830}
[2026-09-12T07:13:39Z] 19.0 min: aligning {"arm_chapters_passed": 17, "arm_chapters_rejected": 30, "arm_chapters_running": 1, "paragraph_diagnostics": 1871}
[2026-09-12T07:14:10Z] 19.5 min: aligning {"arm_chapters_passed": 17, "arm_chapters_rejected": 30, "arm_chapters_running": 1, "paragraph_diagnostics": 1906}
[2026-09-12T07:14:40Z] 20.0 min: aligning {"arm_chapters_passed": 17, "arm_chapters_rejected": 30, "arm_chapters_running": 1, "paragraph_diagnostics": 1945}
[2026-09-12T07:15:10Z] 20.5 min: aligning {"arm_chapters_passed": 17, "arm_chapters_rejected": 30, "arm_chapters_running": 1, "paragraph_diagnostics": 1968}
[2026-09-12T07:15:41Z] phase done at 21.0 min; setup={"versions": {"faster-whisper": "1.2.1", "ctranslate2": "4.8.2", "av": "18.1.0"}, "commit": "f53d744782e3c369fffd2980a013a7f199c0476e", "model_tree_sha256": "f1fe271c349229677131d389a96d0a28062a6a2c2fee54a8ce119c43538315c5", "ld_library_path": "/usr/local/lib/python3.11/dist-packages/nvidia/cublas/l
[2026-09-12T07:15:41Z] 21.0 min: done {"arm_chapters_passed": 17, "arm_chapters_rejected": 31, "arm_chapters_running": 0, "paragraph_diagnostics": 1974}
[2026-09-12T07:15:49Z] fetched out.tar.gz (4975841 bytes)
[2026-09-12T07:15:50Z] stop gnboz77x1hlh57: HTTP 200
[2026-09-12T07:15:51Z] terminate gnboz77x1hlh57: HTTP 204
[2026-09-12T07:15:51Z] pod gnboz77x1hlh57 done: outcome=done uptime=21.2m est $0.17
