[2026-09-12T06:35:06Z] created s0x3ro273y9jjp tinct-words-run2-56 gpu=None $0.49/hr
[2026-09-12T06:35:07Z] waiting: pod RUNNING agent HTTP 404
[2026-09-12T06:35:23Z] waiting: pod RUNNING agent HTTP 404
[2026-09-12T06:35:39Z] phase cohort at 0.5 min; setup={"versions": {"faster-whisper": "1.2.1", "ctranslate2": "4.8.2", "av": "18.1.0"}, "commit": "f53d744782e3c369fffd2980a013a7f199c0476e", "model_tree_sha256": "f1fe271c349229677131d389a96d0a28062a6a2c2fee54a8ce119c43538315c5", "ld_library_path": "/usr/local/lib/python3.11/dist-packages/nvidia/cublas/l
[2026-09-12T06:35:39Z] 0.5 min: cohort {"arm_chapters_passed": 0, "arm_chapters_rejected": 0, "arm_chapters_running": 0}
[2026-09-12T06:36:09Z] 1.1 min: cohort {"arm_chapters_passed": 0, "arm_chapters_rejected": 0, "arm_chapters_running": 0}
[2026-09-12T06:36:40Z] 1.6 min: cohort {"arm_chapters_passed": 0, "arm_chapters_rejected": 0, "arm_chapters_running": 0}
[2026-09-12T06:37:10Z] phase aligning at 2.1 min; setup={"versions": {"faster-whisper": "1.2.1", "ctranslate2": "4.8.2", "av": "18.1.0"}, "commit": "f53d744782e3c369fffd2980a013a7f199c0476e", "model_tree_sha256": "f1fe271c349229677131d389a96d0a28062a6a2c2fee54a8ce119c43538315c5", "ld_library_path": "/usr/local/lib/python3.11/dist-packages/nvidia/cublas/l
[2026-09-12T06:37:10Z] 2.1 min: aligning {"arm_chapters_passed": 0, "arm_chapters_rejected": 0, "arm_chapters_running": 1, "paragraph_diagnostics": 19}
[2026-09-12T06:37:40Z] 2.6 min: aligning {"arm_chapters_passed": 2, "arm_chapters_rejected": 1, "arm_chapters_running": 1, "paragraph_diagnostics": 89}
[2026-09-12T06:38:11Z] 3.1 min: aligning {"arm_chapters_passed": 2, "arm_chapters_rejected": 1, "arm_chapters_running": 1, "paragraph_diagnostics": 120}
[2026-09-12T06:38:41Z] 3.6 min: aligning {"arm_chapters_passed": 3, "arm_chapters_rejected": 3, "arm_chapters_running": 1, "paragraph_diagnostics": 164}
[2026-09-12T06:39:12Z] 4.1 min: aligning {"arm_chapters_passed": 3, "arm_chapters_rejected": 4, "arm_chapters_running": 1, "paragraph_diagnostics": 224}
[2026-09-12T06:39:44Z] snapshot 792974 bytes
[2026-09-12T06:39:44Z] 4.6 min: aligning {"arm_chapters_passed": 3, "arm_chapters_rejected": 5, "arm_chapters_running": 1, "paragraph_diagnostics": 289}
[2026-09-12T06:40:14Z] 5.1 min: aligning {"arm_chapters_passed": 3, "arm_chapters_rejected": 6, "arm_chapters_running": 1, "paragraph_diagnostics": 336}
[2026-09-12T06:40:44Z] 5.6 min: aligning {"arm_chapters_passed": 3, "arm_chapters_rejected": 6, "arm_chapters_running": 1, "paragraph_diagnostics": 391}
[2026-09-12T06:41:15Z] 6.1 min: aligning {"arm_chapters_passed": 4, "arm_chapters_rejected": 6, "arm_chapters_running": 1, "paragraph_diagnostics": 446}
[2026-09-12T06:41:45Z] 6.6 min: aligning {"arm_chapters_passed": 4, "arm_chapters_rejected": 7, "arm_chapters_running": 1, "paragraph_diagnostics": 506}
[2026-09-12T06:42:16Z] 7.2 min: aligning {"arm_chapters_passed": 4, "arm_chapters_rejected": 7, "arm_chapters_running": 1, "paragraph_diagnostics": 564}
[2026-09-12T06:42:46Z] 7.7 min: aligning {"arm_chapters_passed": 4, "arm_chapters_rejected": 7, "arm_chapters_running": 1, "paragraph_diagnostics": 590}
[2026-09-12T06:43:16Z] 8.2 min: aligning {"arm_chapters_passed": 4, "arm_chapters_rejected": 9, "arm_chapters_running": 1, "paragraph_diagnostics": 640}
[2026-09-12T06:43:49Z] snapshot 1980302 bytes
[2026-09-12T06:43:49Z] 8.7 min: aligning {"arm_chapters_passed": 4, "arm_chapters_rejected": 11, "arm_chapters_running": 1, "paragraph_diagnostics": 687}
[2026-09-12T06:44:20Z] 9.2 min: aligning {"arm_chapters_passed": 5, "arm_chapters_rejected": 12, "arm_chapters_running": 1, "paragraph_diagnostics": 748}
[2026-09-12T06:44:50Z] 9.7 min: aligning {"arm_chapters_passed": 5, "arm_chapters_rejected": 13, "arm_chapters_running": 1, "paragraph_diagnostics": 791}
[2026-09-12T06:45:20Z] 10.2 min: aligning {"arm_chapters_passed": 5, "arm_chapters_rejected": 14, "arm_chapters_running": 1, "paragraph_diagnostics": 826}
[2026-09-12T06:45:51Z] 10.7 min: aligning {"arm_chapters_passed": 5, "arm_chapters_rejected": 14, "arm_chapters_running": 1, "paragraph_diagnostics": 838}
[2026-09-12T06:46:21Z] 11.3 min: aligning {"arm_chapters_passed": 5, "arm_chapters_rejected": 14, "arm_chapters_running": 1, "paragraph_diagnostics": 852}
[2026-09-12T06:46:52Z] 11.8 min: aligning {"arm_chapters_passed": 5, "arm_chapters_rejected": 16, "arm_chapters_running": 1, "paragraph_diagnostics": 917}
[2026-09-12T06:47:22Z] 12.3 min: aligning {"arm_chapters_passed": 6, "arm_chapters_rejected": 16, "arm_chapters_running": 1, "paragraph_diagnostics": 992}
[2026-09-12T06:47:58Z] snapshot 3480125 bytes
[2026-09-12T06:47:58Z] 12.8 min: aligning {"arm_chapters_passed": 6, "arm_chapters_rejected": 17, "arm_chapters_running": 1, "paragraph_diagnostics": 1026}
[2026-09-12T06:48:29Z] 13.4 min: aligning {"arm_chapters_passed": 7, "arm_chapters_rejected": 18, "arm_chapters_running": 1, "paragraph_diagnostics": 1075}
[2026-09-12T06:48:59Z] 13.9 min: aligning {"arm_chapters_passed": 8, "arm_chapters_rejected": 19, "arm_chapters_running": 1, "paragraph_diagnostics": 1119}
[2026-09-12T06:49:29Z] 14.4 min: aligning {"arm_chapters_passed": 8, "arm_chapters_rejected": 20, "arm_chapters_running": 1, "paragraph_diagnostics": 1149}
[2026-09-12T06:49:59Z] 14.9 min: aligning {"arm_chapters_passed": 9, "arm_chapters_rejected": 22, "arm_chapters_running": 1, "paragraph_diagnostics": 1210}
[2026-09-12T06:50:30Z] 15.4 min: aligning {"arm_chapters_passed": 10, "arm_chapters_rejected": 23, "arm_chapters_running": 1, "paragraph_diagnostics": 1246}
[2026-09-12T06:51:00Z] 15.9 min: aligning {"arm_chapters_passed": 11, "arm_chapters_rejected": 23, "arm_chapters_running": 1, "paragraph_diagnostics": 1296}
[2026-09-12T06:51:31Z] 16.4 min: aligning {"arm_chapters_passed": 11, "arm_chapters_rejected": 24, "arm_chapters_running": 1, "paragraph_diagnostics": 1344}
[2026-09-12T06:52:07Z] snapshot 4842957 bytes
[2026-09-12T06:52:07Z] 16.9 min: aligning {"arm_chapters_passed": 11, "arm_chapters_rejected": 24, "arm_chapters_running": 1, "paragraph_diagnostics": 1393}
[2026-09-12T06:52:38Z] 17.5 min: aligning {"arm_chapters_passed": 12, "arm_chapters_rejected": 25, "arm_chapters_running": 1, "paragraph_diagnostics": 1458}
[2026-09-12T06:53:08Z] 18.0 min: aligning {"arm_chapters_passed": 12, "arm_chapters_rejected": 27, "arm_chapters_running": 1, "paragraph_diagnostics": 1519}
[2026-09-12T06:53:38Z] 18.5 min: aligning {"arm_chapters_passed": 13, "arm_chapters_rejected": 28, "arm_chapters_running": 1, "paragraph_diagnostics": 1581}
[2026-09-12T06:54:09Z] 19.0 min: aligning {"arm_chapters_passed": 14, "arm_chapters_rejected": 29, "arm_chapters_running": 1, "paragraph_diagnostics": 1646}
[2026-09-12T06:54:39Z] 19.5 min: aligning {"arm_chapters_passed": 14, "arm_chapters_rejected": 29, "arm_chapters_running": 1, "paragraph_diagnostics": 1691}
[2026-09-12T06:55:10Z] 20.1 min: aligning {"arm_chapters_passed": 15, "arm_chapters_rejected": 32, "arm_chapters_running": 1, "paragraph_diagnostics": 1758}
[2026-09-12T06:55:40Z] 20.6 min: aligning {"arm_chapters_passed": 16, "arm_chapters_rejected": 32, "arm_chapters_running": 1, "paragraph_diagnostics": 1818}
