[2026-09-12T06:43:05Z] created 8qiw8tir39q2ai tinct-words-run2-61 gpu=None $0.49/hr
[2026-09-12T06:43:06Z] waiting: pod RUNNING agent HTTP 404
[2026-09-12T06:43:22Z] waiting: pod RUNNING agent HTTP 404
[2026-09-12T06:43:39Z] phase cohort at 0.6 min; setup={"versions": {"faster-whisper": "1.2.1", "ctranslate2": "4.8.2", "av": "18.1.0"}, "commit": "f53d744782e3c369fffd2980a013a7f199c0476e", "model_tree_sha256": "f1fe271c349229677131d389a96d0a28062a6a2c2fee54a8ce119c43538315c5", "ld_library_path": "/usr/local/lib/python3.11/dist-packages/nvidia/cublas/l
[2026-09-12T06:43:39Z] 0.6 min: cohort {"arm_chapters_passed": 0, "arm_chapters_rejected": 0, "arm_chapters_running": 0}
[2026-09-12T06:44:09Z] 1.1 min: cohort {"arm_chapters_passed": 0, "arm_chapters_rejected": 0, "arm_chapters_running": 0}
[2026-09-12T06:44:39Z] 1.6 min: cohort {"arm_chapters_passed": 0, "arm_chapters_rejected": 0, "arm_chapters_running": 0}
[2026-09-12T06:45:10Z] 2.1 min: cohort {"arm_chapters_passed": 0, "arm_chapters_rejected": 0, "arm_chapters_running": 0}
[2026-09-12T06:45:40Z] phase aligning at 2.6 min; setup={"versions": {"faster-whisper": "1.2.1", "ctranslate2": "4.8.2", "av": "18.1.0"}, "commit": "f53d744782e3c369fffd2980a013a7f199c0476e", "model_tree_sha256": "f1fe271c349229677131d389a96d0a28062a6a2c2fee54a8ce119c43538315c5", "ld_library_path": "/usr/local/lib/python3.11/dist-packages/nvidia/cublas/l
[2026-09-12T06:45:40Z] 2.6 min: aligning {"arm_chapters_passed": 0, "arm_chapters_rejected": 0, "arm_chapters_running": 1, "paragraph_diagnostics": 28}
[2026-09-12T06:46:10Z] 3.1 min: aligning {"arm_chapters_passed": 0, "arm_chapters_rejected": 0, "arm_chapters_running": 1, "paragraph_diagnostics": 102}
[2026-09-12T06:46:41Z] 3.6 min: aligning {"arm_chapters_passed": 0, "arm_chapters_rejected": 1, "arm_chapters_running": 1, "paragraph_diagnostics": 150}
[2026-09-12T06:47:11Z] 4.1 min: aligning {"arm_chapters_passed": 0, "arm_chapters_rejected": 1, "arm_chapters_running": 1, "paragraph_diagnostics": 188}
[2026-09-12T06:47:43Z] snapshot 675738 bytes
[2026-09-12T06:47:43Z] 4.6 min: aligning {"arm_chapters_passed": 0, "arm_chapters_rejected": 3, "arm_chapters_running": 1, "paragraph_diagnostics": 265}
[2026-09-12T06:48:13Z] 5.1 min: aligning {"arm_chapters_passed": 0, "arm_chapters_rejected": 3, "arm_chapters_running": 1, "paragraph_diagnostics": 302}
[2026-09-12T06:48:43Z] 5.6 min: aligning {"arm_chapters_passed": 1, "arm_chapters_rejected": 5, "arm_chapters_running": 1, "paragraph_diagnostics": 396}
[2026-09-12T06:49:14Z] 6.1 min: aligning {"arm_chapters_passed": 1, "arm_chapters_rejected": 5, "arm_chapters_running": 1, "paragraph_diagnostics": 486}
[2026-09-12T06:49:44Z] 6.7 min: aligning {"arm_chapters_passed": 1, "arm_chapters_rejected": 6, "arm_chapters_running": 1, "paragraph_diagnostics": 566}
[2026-09-12T06:50:15Z] 7.2 min: aligning {"arm_chapters_passed": 1, "arm_chapters_rejected": 6, "arm_chapters_running": 1, "paragraph_diagnostics": 608}
[2026-09-12T06:50:45Z] 7.7 min: aligning {"arm_chapters_passed": 1, "arm_chapters_rejected": 6, "arm_chapters_running": 1, "paragraph_diagnostics": 646}
[2026-09-12T06:51:15Z] 8.2 min: aligning {"arm_chapters_passed": 1, "arm_chapters_rejected": 7, "arm_chapters_running": 1, "paragraph_diagnostics": 698}
[2026-09-12T06:51:49Z] snapshot 1771561 bytes
[2026-09-12T06:51:49Z] 8.7 min: aligning {"arm_chapters_passed": 1, "arm_chapters_rejected": 7, "arm_chapters_running": 1, "paragraph_diagnostics": 730}
[2026-09-12T06:52:19Z] 9.2 min: aligning {"arm_chapters_passed": 1, "arm_chapters_rejected": 8, "arm_chapters_running": 1, "paragraph_diagnostics": 777}
[2026-09-12T06:52:49Z] 9.7 min: aligning {"arm_chapters_passed": 1, "arm_chapters_rejected": 8, "arm_chapters_running": 1, "paragraph_diagnostics": 796}
[2026-09-12T06:53:20Z] 10.2 min: aligning {"arm_chapters_passed": 1, "arm_chapters_rejected": 8, "arm_chapters_running": 1, "paragraph_diagnostics": 810}
[2026-09-12T06:53:50Z] 10.8 min: aligning {"arm_chapters_passed": 2, "arm_chapters_rejected": 9, "arm_chapters_running": 1, "paragraph_diagnostics": 848}
[2026-09-12T06:54:21Z] 11.3 min: aligning {"arm_chapters_passed": 3, "arm_chapters_rejected": 9, "arm_chapters_running": 1, "paragraph_diagnostics": 888}
[2026-09-12T06:54:51Z] 11.8 min: aligning {"arm_chapters_passed": 3, "arm_chapters_rejected": 10, "arm_chapters_running": 1, "paragraph_diagnostics": 922}
[2026-09-12T06:55:22Z] 12.3 min: aligning {"arm_chapters_passed": 3, "arm_chapters_rejected": 10, "arm_chapters_running": 1, "paragraph_diagnostics": 938}
