[2026-09-12T05:49:58Z] created 3oqlya6q8wudw4 tinct-words-run2-33 gpu=None $0.49/hr
[2026-09-12T05:49:59Z] waiting: pod RUNNING agent HTTP 404
[2026-09-12T05:50:16Z] waiting: pod RUNNING agent HTTP 404
[2026-09-12T05:50:33Z] phase cohort at 0.6 min; setup={"versions": {"faster-whisper": "1.2.1", "ctranslate2": "4.8.2", "av": "18.1.0"}, "commit": "f53d744782e3c369fffd2980a013a7f199c0476e", "model_tree_sha256": "f1fe271c349229677131d389a96d0a28062a6a2c2fee54a8ce119c43538315c5", "ld_library_path": "/usr/local/lib/python3.11/dist-packages/nvidia/cublas/l
[2026-09-12T05:50:33Z] 0.6 min: cohort {"arm_chapters_passed": 0, "arm_chapters_rejected": 0, "arm_chapters_running": 0}
[2026-09-12T05:51:04Z] 1.1 min: cohort {"arm_chapters_passed": 0, "arm_chapters_rejected": 0, "arm_chapters_running": 0}
[2026-09-12T05:51:35Z] 1.6 min: cohort {"arm_chapters_passed": 0, "arm_chapters_rejected": 0, "arm_chapters_running": 0}
[2026-09-12T05:52:06Z] 2.1 min: cohort {"arm_chapters_passed": 0, "arm_chapters_rejected": 0, "arm_chapters_running": 0}
[2026-09-12T05:52:37Z] phase aligning at 2.6 min; setup={"versions": {"faster-whisper": "1.2.1", "ctranslate2": "4.8.2", "av": "18.1.0"}, "commit": "f53d744782e3c369fffd2980a013a7f199c0476e", "model_tree_sha256": "f1fe271c349229677131d389a96d0a28062a6a2c2fee54a8ce119c43538315c5", "ld_library_path": "/usr/local/lib/python3.11/dist-packages/nvidia/cublas/l
[2026-09-12T05:52:37Z] 2.6 min: aligning {"arm_chapters_passed": 0, "arm_chapters_rejected": 0, "arm_chapters_running": 1, "paragraph_diagnostics": 5}
[2026-09-12T05:53:07Z] 3.2 min: aligning {"arm_chapters_passed": 0, "arm_chapters_rejected": 0, "arm_chapters_running": 1, "paragraph_diagnostics": 57}
[2026-09-12T05:53:38Z] 3.7 min: aligning {"arm_chapters_passed": 0, "arm_chapters_rejected": 1, "arm_chapters_running": 1, "paragraph_diagnostics": 113}
[2026-09-12T05:54:09Z] 4.2 min: aligning {"arm_chapters_passed": 0, "arm_chapters_rejected": 1, "arm_chapters_running": 1, "paragraph_diagnostics": 144}
[2026-09-12T05:54:42Z] snapshot 722353 bytes
[2026-09-12T05:54:42Z] 4.7 min: aligning {"arm_chapters_passed": 0, "arm_chapters_rejected": 1, "arm_chapters_running": 1, "paragraph_diagnostics": 191}
[2026-09-12T05:55:13Z] 5.2 min: aligning {"arm_chapters_passed": 1, "arm_chapters_rejected": 1, "arm_chapters_running": 1, "paragraph_diagnostics": 241}
[2026-09-12T05:55:44Z] 5.8 min: aligning {"arm_chapters_passed": 1, "arm_chapters_rejected": 1, "arm_chapters_running": 1, "paragraph_diagnostics": 283}
[2026-09-12T05:56:15Z] 6.3 min: aligning {"arm_chapters_passed": 2, "arm_chapters_rejected": 1, "arm_chapters_running": 1, "paragraph_diagnostics": 340}
[2026-09-12T05:56:46Z] 6.8 min: aligning {"arm_chapters_passed": 2, "arm_chapters_rejected": 1, "arm_chapters_running": 1, "paragraph_diagnostics": 368}
[2026-09-12T05:57:17Z] 7.3 min: aligning {"arm_chapters_passed": 2, "arm_chapters_rejected": 1, "arm_chapters_running": 1, "paragraph_diagnostics": 399}
[2026-09-12T05:57:48Z] 7.8 min: aligning {"arm_chapters_passed": 2, "arm_chapters_rejected": 1, "arm_chapters_running": 1, "paragraph_diagnostics": 419}
[2026-09-12T05:58:18Z] 8.3 min: aligning {"arm_chapters_passed": 3, "arm_chapters_rejected": 1, "arm_chapters_running": 1, "paragraph_diagnostics": 478}
[2026-09-12T05:58:54Z] snapshot 2163460 bytes
[2026-09-12T05:58:54Z] 8.8 min: aligning {"arm_chapters_passed": 3, "arm_chapters_rejected": 1, "arm_chapters_running": 1, "paragraph_diagnostics": 527}
[2026-09-12T05:59:25Z] 9.4 min: aligning {"arm_chapters_passed": 3, "arm_chapters_rejected": 2, "arm_chapters_running": 1, "paragraph_diagnostics": 580}
[2026-09-12T05:59:56Z] 10.0 min: aligning {"arm_chapters_passed": 4, "arm_chapters_rejected": 2, "arm_chapters_running": 1, "paragraph_diagnostics": 621}
[2026-09-12T06:00:26Z] 10.5 min: aligning {"arm_chapters_passed": 4, "arm_chapters_rejected": 3, "arm_chapters_running": 1, "paragraph_diagnostics": 645}
[2026-09-12T06:00:57Z] 11.0 min: aligning {"arm_chapters_passed": 5, "arm_chapters_rejected": 3, "arm_chapters_running": 1, "paragraph_diagnostics": 664}
[2026-09-12T06:01:28Z] 11.5 min: aligning {"arm_chapters_passed": 6, "arm_chapters_rejected": 3, "arm_chapters_running": 1, "paragraph_diagnostics": 685}
[2026-09-12T06:02:00Z] 12.0 min: aligning {"arm_chapters_passed": 7, "arm_chapters_rejected": 3, "arm_chapters_running": 1, "paragraph_diagnostics": 716}
[2026-09-12T06:02:31Z] 12.5 min: aligning {"arm_chapters_passed": 8, "arm_chapters_rejected": 3, "arm_chapters_running": 1, "paragraph_diagnostics": 740}
[2026-09-12T06:03:08Z] snapshot 3790307 bytes
[2026-09-12T06:03:08Z] 13.1 min: aligning {"arm_chapters_passed": 8, "arm_chapters_rejected": 3, "arm_chapters_running": 1, "paragraph_diagnostics": 753}
[2026-09-12T06:03:39Z] 13.7 min: aligning {"arm_chapters_passed": 9, "arm_chapters_rejected": 3, "arm_chapters_running": 1, "paragraph_diagnostics": 777}
[2026-09-12T06:04:10Z] 14.2 min: aligning {"arm_chapters_passed": 9, "arm_chapters_rejected": 3, "arm_chapters_running": 1, "paragraph_diagnostics": 805}
[2026-09-12T06:04:41Z] 14.7 min: aligning {"arm_chapters_passed": 9, "arm_chapters_rejected": 3, "arm_chapters_running": 1, "paragraph_diagnostics": 831}
