[2026-09-12T07:56:22Z] created bbzns33x76ewlq tinct-words-run2-85 gpu=None $0.49/hr
[2026-09-12T07:56:23Z] waiting: pod RUNNING agent HTTP 404
[2026-09-12T07:56:39Z] waiting: pod RUNNING agent HTTP 404
[2026-09-12T07:56:55Z] phase cohort at 0.5 min; setup={"versions": {"faster-whisper": "1.2.1", "ctranslate2": "4.8.2", "av": "18.1.0"}, "commit": "f53d744782e3c369fffd2980a013a7f199c0476e", "model_tree_sha256": "f1fe271c349229677131d389a96d0a28062a6a2c2fee54a8ce119c43538315c5", "ld_library_path": "/usr/local/lib/python3.11/dist-packages/nvidia/cublas/l
[2026-09-12T07:56:55Z] 0.5 min: cohort {"arm_chapters_passed": 0, "arm_chapters_rejected": 0, "arm_chapters_running": 0}
[2026-09-12T07:57:26Z] 1.0 min: cohort {"arm_chapters_passed": 0, "arm_chapters_rejected": 0, "arm_chapters_running": 0}
[2026-09-12T07:57:56Z] 1.6 min: cohort {"arm_chapters_passed": 0, "arm_chapters_rejected": 0, "arm_chapters_running": 0}
[2026-09-12T07:58:27Z] 2.1 min: cohort {"arm_chapters_passed": 0, "arm_chapters_rejected": 0, "arm_chapters_running": 0}
[2026-09-12T07:58:57Z] phase aligning at 2.6 min; setup={"versions": {"faster-whisper": "1.2.1", "ctranslate2": "4.8.2", "av": "18.1.0"}, "commit": "f53d744782e3c369fffd2980a013a7f199c0476e", "model_tree_sha256": "f1fe271c349229677131d389a96d0a28062a6a2c2fee54a8ce119c43538315c5", "ld_library_path": "/usr/local/lib/python3.11/dist-packages/nvidia/cublas/l
[2026-09-12T07:58:57Z] 2.6 min: aligning {"arm_chapters_passed": 0, "arm_chapters_rejected": 0, "arm_chapters_running": 1, "paragraph_diagnostics": 26}
[2026-09-12T07:59:28Z] 3.1 min: aligning {"arm_chapters_passed": 0, "arm_chapters_rejected": 0, "arm_chapters_running": 1, "paragraph_diagnostics": 68}
[2026-09-12T07:59:58Z] 3.6 min: aligning {"arm_chapters_passed": 0, "arm_chapters_rejected": 1, "arm_chapters_running": 1, "paragraph_diagnostics": 86}
[2026-09-12T08:00:29Z] 4.1 min: aligning {"arm_chapters_passed": 0, "arm_chapters_rejected": 1, "arm_chapters_running": 1, "paragraph_diagnostics": 120}
[2026-09-12T08:01:01Z] snapshot 898262 bytes
[2026-09-12T08:01:01Z] 4.6 min: aligning {"arm_chapters_passed": 0, "arm_chapters_rejected": 1, "arm_chapters_running": 1, "paragraph_diagnostics": 130}
[2026-09-12T08:01:31Z] 5.1 min: aligning {"arm_chapters_passed": 0, "arm_chapters_rejected": 1, "arm_chapters_running": 1, "paragraph_diagnostics": 150}
[2026-09-12T08:02:02Z] 5.6 min: aligning {"arm_chapters_passed": 1, "arm_chapters_rejected": 1, "arm_chapters_running": 1, "paragraph_diagnostics": 178}
[2026-09-12T08:02:32Z] 6.2 min: aligning {"arm_chapters_passed": 1, "arm_chapters_rejected": 2, "arm_chapters_running": 1, "paragraph_diagnostics": 202}
[2026-09-12T08:03:02Z] 6.7 min: aligning {"arm_chapters_passed": 1, "arm_chapters_rejected": 2, "arm_chapters_running": 1, "paragraph_diagnostics": 222}
[2026-09-12T08:03:33Z] 7.2 min: aligning {"arm_chapters_passed": 2, "arm_chapters_rejected": 3, "arm_chapters_running": 1, "paragraph_diagnostics": 264}
[2026-09-12T08:04:03Z] 7.7 min: aligning {"arm_chapters_passed": 3, "arm_chapters_rejected": 3, "arm_chapters_running": 1, "paragraph_diagnostics": 304}
[2026-09-12T08:04:33Z] 8.2 min: aligning {"arm_chapters_passed": 3, "arm_chapters_rejected": 4, "arm_chapters_running": 1, "paragraph_diagnostics": 346}
[2026-09-12T08:05:07Z] snapshot 2478561 bytes
[2026-09-12T08:05:07Z] 8.7 min: aligning {"arm_chapters_passed": 3, "arm_chapters_rejected": 6, "arm_chapters_running": 1, "paragraph_diagnostics": 406}
[2026-09-12T08:05:38Z] 9.2 min: aligning {"arm_chapters_passed": 3, "arm_chapters_rejected": 7, "arm_chapters_running": 1, "paragraph_diagnostics": 439}
[2026-09-12T08:06:08Z] 9.8 min: aligning {"arm_chapters_passed": 4, "arm_chapters_rejected": 7, "arm_chapters_running": 1, "paragraph_diagnostics": 457}
[2026-09-12T08:06:38Z] 10.3 min: aligning {"arm_chapters_passed": 5, "arm_chapters_rejected": 7, "arm_chapters_running": 1, "paragraph_diagnostics": 477}
[2026-09-12T08:07:08Z] 10.8 min: aligning {"arm_chapters_passed": 5, "arm_chapters_rejected": 8, "arm_chapters_running": 1, "paragraph_diagnostics": 499}
[2026-09-12T08:07:39Z] 11.3 min: aligning {"arm_chapters_passed": 6, "arm_chapters_rejected": 9, "arm_chapters_running": 1, "paragraph_diagnostics": 522}
[2026-09-12T08:08:09Z] 11.8 min: aligning {"arm_chapters_passed": 7, "arm_chapters_rejected": 9, "arm_chapters_running": 1, "paragraph_diagnostics": 540}
[2026-09-12T08:08:39Z] 12.3 min: aligning {"arm_chapters_passed": 7, "arm_chapters_rejected": 9, "arm_chapters_running": 1, "paragraph_diagnostics": 562}
[2026-09-12T08:09:15Z] snapshot 4114494 bytes
[2026-09-12T08:09:15Z] 12.8 min: aligning {"arm_chapters_passed": 7, "arm_chapters_rejected": 10, "arm_chapters_running": 1, "paragraph_diagnostics": 581}
[2026-09-12T08:09:46Z] 13.4 min: aligning {"arm_chapters_passed": 7, "arm_chapters_rejected": 10, "arm_chapters_running": 1, "paragraph_diagnostics": 597}
[2026-09-12T08:10:16Z] 13.9 min: aligning {"arm_chapters_passed": 7, "arm_chapters_rejected": 10, "arm_chapters_running": 1, "paragraph_diagnostics": 604}
[2026-09-12T08:10:46Z] 14.4 min: aligning {"arm_chapters_passed": 7, "arm_chapters_rejected": 10, "arm_chapters_running": 1, "paragraph_diagnostics": 612}
[2026-09-12T08:11:17Z] 14.9 min: aligning {"arm_chapters_passed": 7, "arm_chapters_rejected": 11, "arm_chapters_running": 1, "paragraph_diagnostics": 623}
[2026-09-12T08:11:47Z] 15.4 min: aligning {"arm_chapters_passed": 7, "arm_chapters_rejected": 11, "arm_chapters_running": 1, "paragraph_diagnostics": 665}
[2026-09-12T08:12:17Z] 15.9 min: aligning {"arm_chapters_passed": 7, "arm_chapters_rejected": 12, "arm_chapters_running": 1, "paragraph_diagnostics": 701}
[2026-09-12T08:12:48Z] 16.4 min: aligning {"arm_chapters_passed": 7, "arm_chapters_rejected": 12, "arm_chapters_running": 1, "paragraph_diagnostics": 714}
[2026-09-12T08:13:26Z] snapshot 5651995 bytes
[2026-09-12T08:13:26Z] 16.9 min: aligning {"arm_chapters_passed": 8, "arm_chapters_rejected": 13, "arm_chapters_running": 1, "paragraph_diagnostics": 730}
[2026-09-12T08:13:56Z] 17.6 min: aligning {"arm_chapters_passed": 12, "arm_chapters_rejected": 14, "arm_chapters_running": 1, "paragraph_diagnostics": 753}
[2026-09-12T08:14:27Z] 18.1 min: aligning {"arm_chapters_passed": 12, "arm_chapters_rejected": 15, "arm_chapters_running": 1, "paragraph_diagnostics": 808}
[2026-09-12T08:14:57Z] 18.6 min: aligning {"arm_chapters_passed": 12, "arm_chapters_rejected": 15, "arm_chapters_running": 1, "paragraph_diagnostics": 829}
[2026-09-12T08:15:28Z] 19.1 min: aligning {"arm_chapters_passed": 12, "arm_chapters_rejected": 17, "arm_chapters_running": 1, "paragraph_diagnostics": 865}
[2026-09-12T08:15:58Z] 19.6 min: aligning {"arm_chapters_passed": 13, "arm_chapters_rejected": 17, "arm_chapters_running": 1, "paragraph_diagnostics": 894}
[2026-09-12T08:16:28Z] 20.1 min: aligning {"arm_chapters_passed": 14, "arm_chapters_rejected": 17, "arm_chapters_running": 1, "paragraph_diagnostics": 907}
[2026-09-12T08:16:59Z] 20.6 min: aligning {"arm_chapters_passed": 14, "arm_chapters_rejected": 17, "arm_chapters_running": 1, "paragraph_diagnostics": 918}
[2026-09-12T08:17:37Z] snapshot 7133366 bytes
[2026-09-12T08:17:37Z] 21.1 min: aligning {"arm_chapters_passed": 14, "arm_chapters_rejected": 17, "arm_chapters_running": 1, "paragraph_diagnostics": 926}
[2026-09-12T08:18:07Z] 21.7 min: aligning {"arm_chapters_passed": 15, "arm_chapters_rejected": 18, "arm_chapters_running": 1, "paragraph_diagnostics": 955}
[2026-09-12T08:18:38Z] 22.2 min: aligning {"arm_chapters_passed": 16, "arm_chapters_rejected": 18, "arm_chapters_running": 1, "paragraph_diagnostics": 991}
[2026-09-12T08:19:08Z] 22.8 min: aligning {"arm_chapters_passed": 16, "arm_chapters_rejected": 19, "arm_chapters_running": 1, "paragraph_diagnostics": 1018}
[2026-09-12T08:19:38Z] 23.3 min: aligning {"arm_chapters_passed": 16, "arm_chapters_rejected": 19, "arm_chapters_running": 1, "paragraph_diagnostics": 1028}
[2026-09-12T08:20:09Z] 23.8 min: aligning {"arm_chapters_passed": 16, "arm_chapters_rejected": 19, "arm_chapters_running": 1, "paragraph_diagnostics": 1047}
[2026-09-12T08:20:39Z] 24.3 min: aligning {"arm_chapters_passed": 17, "arm_chapters_rejected": 20, "arm_chapters_running": 1, "paragraph_diagnostics": 1071}
[2026-09-12T08:21:09Z] 24.8 min: aligning {"arm_chapters_passed": 18, "arm_chapters_rejected": 20, "arm_chapters_running": 1, "paragraph_diagnostics": 1083}
[2026-09-12T08:21:50Z] snapshot 8951044 bytes
[2026-09-12T08:21:50Z] 25.3 min: aligning {"arm_chapters_passed": 19, "arm_chapters_rejected": 20, "arm_chapters_running": 1, "paragraph_diagnostics": 1096}
[2026-09-12T08:22:20Z] 26.0 min: aligning {"arm_chapters_passed": 20, "arm_chapters_rejected": 20, "arm_chapters_running": 1, "paragraph_diagnostics": 1113}
[2026-09-12T08:22:51Z] 26.5 min: aligning {"arm_chapters_passed": 20, "arm_chapters_rejected": 20, "arm_chapters_running": 1, "paragraph_diagnostics": 1149}
[2026-09-12T08:23:21Z] 27.0 min: aligning {"arm_chapters_passed": 20, "arm_chapters_rejected": 20, "arm_chapters_running": 1, "paragraph_diagnostics": 1189}
[2026-09-12T08:23:51Z] 27.5 min: aligning {"arm_chapters_passed": 20, "arm_chapters_rejected": 21, "arm_chapters_running": 1, "paragraph_diagnostics": 1220}
[2026-09-12T08:24:22Z] 28.0 min: aligning {"arm_chapters_passed": 20, "arm_chapters_rejected": 21, "arm_chapters_running": 1, "paragraph_diagnostics": 1228}
[2026-09-12T08:24:52Z] 28.5 min: aligning {"arm_chapters_passed": 20, "arm_chapters_rejected": 21, "arm_chapters_running": 1, "paragraph_diagnostics": 1244}
[2026-09-12T08:25:22Z] 29.0 min: aligning {"arm_chapters_passed": 20, "arm_chapters_rejected": 21, "arm_chapters_running": 1, "paragraph_diagnostics": 1264}
[2026-09-12T08:26:05Z] snapshot 10639458 bytes
[2026-09-12T08:26:05Z] 29.5 min: aligning {"arm_chapters_passed": 20, "arm_chapters_rejected": 21, "arm_chapters_running": 1, "paragraph_diagnostics": 1279}
[2026-09-12T08:26:35Z] 30.2 min: aligning {"arm_chapters_passed": 20, "arm_chapters_rejected": 21, "arm_chapters_running": 1, "paragraph_diagnostics": 1303}
[2026-09-12T08:27:06Z] 30.7 min: aligning {"arm_chapters_passed": 21, "arm_chapters_rejected": 22, "arm_chapters_running": 1, "paragraph_diagnostics": 1336}
[2026-09-12T08:27:36Z] 31.2 min: aligning {"arm_chapters_passed": 22, "arm_chapters_rejected": 22, "arm_chapters_running": 1, "paragraph_diagnostics": 1348}
[2026-09-12T08:28:06Z] 31.7 min: aligning {"arm_chapters_passed": 22, "arm_chapters_rejected": 23, "arm_chapters_running": 1, "paragraph_diagnostics": 1371}
[2026-09-12T08:28:37Z] 32.2 min: aligning {"arm_chapters_passed": 22, "arm_chapters_rejected": 23, "arm_chapters_running": 1, "paragraph_diagnostics": 1384}
[2026-09-12T08:29:07Z] 32.7 min: aligning {"arm_chapters_passed": 23, "arm_chapters_rejected": 23, "arm_chapters_running": 1, "paragraph_diagnostics": 1413}
[2026-09-12T08:29:37Z] 33.2 min: aligning {"arm_chapters_passed": 23, "arm_chapters_rejected": 24, "arm_chapters_running": 1, "paragraph_diagnostics": 1454}
[2026-09-12T08:30:25Z] snapshot 12328924 bytes
[2026-09-12T08:30:25Z] 33.7 min: aligning {"arm_chapters_passed": 23, "arm_chapters_rejected": 24, "arm_chapters_running": 1, "paragraph_diagnostics": 1473}
[2026-09-12T08:30:56Z] 34.5 min: aligning {"arm_chapters_passed": 23, "arm_chapters_rejected": 26, "arm_chapters_running": 1, "paragraph_diagnostics": 1514}
[2026-09-12T08:31:26Z] 35.1 min: aligning {"arm_chapters_passed": 24, "arm_chapters_rejected": 27, "arm_chapters_running": 1, "paragraph_diagnostics": 1549}
[2026-09-12T08:31:56Z] 35.6 min: aligning {"arm_chapters_passed": 24, "arm_chapters_rejected": 27, "arm_chapters_running": 1, "paragraph_diagnostics": 1561}
[2026-09-12T08:32:27Z] 36.1 min: aligning {"arm_chapters_passed": 25, "arm_chapters_rejected": 27, "arm_chapters_running": 1, "paragraph_diagnostics": 1585}
[2026-09-12T08:32:57Z] 36.6 min: aligning {"arm_chapters_passed": 25, "arm_chapters_rejected": 28, "arm_chapters_running": 1, "paragraph_diagnostics": 1628}
