[2026-09-12T05:53:32Z] created pz9g7qfhd6uemt tinct-words-run2-34 gpu=None $0.49/hr
[2026-09-12T05:53:33Z] waiting: pod RUNNING agent HTTP 404
[2026-09-12T05:53:50Z] waiting: pod RUNNING agent HTTP 404
[2026-09-12T05:54:07Z] phase cuda at 0.6 min; setup={"versions": {"faster-whisper": "1.2.1", "ctranslate2": "4.8.2", "av": "18.1.0"}, "commit": "f53d744782e3c369fffd2980a013a7f199c0476e", "model_tree_sha256": "f1fe271c349229677131d389a96d0a28062a6a2c2fee54a8ce119c43538315c5", "ld_library_path": "/usr/local/lib/python3.11/dist-packages/nvidia/cublas/l
[2026-09-12T05:54:07Z] 0.6 min: cuda {"arm_chapters_passed": 0, "arm_chapters_rejected": 0, "arm_chapters_running": 0}
[2026-09-12T05:54:38Z] phase cohort at 1.1 min; setup={"versions": {"faster-whisper": "1.2.1", "ctranslate2": "4.8.2", "av": "18.1.0"}, "commit": "f53d744782e3c369fffd2980a013a7f199c0476e", "model_tree_sha256": "f1fe271c349229677131d389a96d0a28062a6a2c2fee54a8ce119c43538315c5", "ld_library_path": "/usr/local/lib/python3.11/dist-packages/nvidia/cublas/l
[2026-09-12T05:54:38Z] 1.1 min: cohort {"arm_chapters_passed": 0, "arm_chapters_rejected": 0, "arm_chapters_running": 0}
[2026-09-12T05:55:09Z] 1.6 min: cohort {"arm_chapters_passed": 0, "arm_chapters_rejected": 0, "arm_chapters_running": 0}
[2026-09-12T05:55:39Z] phase aligning at 2.1 min; setup={"versions": {"faster-whisper": "1.2.1", "ctranslate2": "4.8.2", "av": "18.1.0"}, "commit": "f53d744782e3c369fffd2980a013a7f199c0476e", "model_tree_sha256": "f1fe271c349229677131d389a96d0a28062a6a2c2fee54a8ce119c43538315c5", "ld_library_path": "/usr/local/lib/python3.11/dist-packages/nvidia/cublas/l
[2026-09-12T05:55:39Z] 2.1 min: aligning {"arm_chapters_passed": 0, "arm_chapters_rejected": 0, "arm_chapters_running": 1, "paragraph_diagnostics": 19}
[2026-09-12T05:56:10Z] 2.6 min: aligning {"arm_chapters_passed": 1, "arm_chapters_rejected": 0, "arm_chapters_running": 1, "paragraph_diagnostics": 43}
[2026-09-12T05:56:41Z] 3.1 min: aligning {"arm_chapters_passed": 1, "arm_chapters_rejected": 0, "arm_chapters_running": 1, "paragraph_diagnostics": 51}
[2026-09-12T05:57:12Z] 3.7 min: aligning {"arm_chapters_passed": 2, "arm_chapters_rejected": 0, "arm_chapters_running": 1, "paragraph_diagnostics": 67}
[2026-09-12T05:57:43Z] 4.2 min: aligning {"arm_chapters_passed": 2, "arm_chapters_rejected": 0, "arm_chapters_running": 1, "paragraph_diagnostics": 92}
[2026-09-12T05:58:16Z] snapshot 1392543 bytes
[2026-09-12T05:58:16Z] 4.7 min: aligning {"arm_chapters_passed": 3, "arm_chapters_rejected": 0, "arm_chapters_running": 1, "paragraph_diagnostics": 104}
[2026-09-12T05:58:47Z] 5.2 min: aligning {"arm_chapters_passed": 3, "arm_chapters_rejected": 0, "arm_chapters_running": 1, "paragraph_diagnostics": 117}
[2026-09-12T05:59:18Z] 5.7 min: aligning {"arm_chapters_passed": 3, "arm_chapters_rejected": 0, "arm_chapters_running": 1, "paragraph_diagnostics": 126}
[2026-09-12T05:59:49Z] 6.3 min: aligning {"arm_chapters_passed": 5, "arm_chapters_rejected": 0, "arm_chapters_running": 1, "paragraph_diagnostics": 143}
[2026-09-12T06:00:19Z] 6.8 min: aligning {"arm_chapters_passed": 6, "arm_chapters_rejected": 0, "arm_chapters_running": 1, "paragraph_diagnostics": 166}
[2026-09-12T06:00:50Z] 7.3 min: aligning {"arm_chapters_passed": 7, "arm_chapters_rejected": 0, "arm_chapters_running": 1, "paragraph_diagnostics": 184}
[2026-09-12T06:01:21Z] 7.8 min: aligning {"arm_chapters_passed": 8, "arm_chapters_rejected": 0, "arm_chapters_running": 1, "paragraph_diagnostics": 211}
[2026-09-12T06:01:52Z] 8.3 min: aligning {"arm_chapters_passed": 8, "arm_chapters_rejected": 0, "arm_chapters_running": 1, "paragraph_diagnostics": 242}
[2026-09-12T06:02:26Z] snapshot 3425857 bytes
[2026-09-12T06:02:26Z] 8.8 min: aligning {"arm_chapters_passed": 8, "arm_chapters_rejected": 0, "arm_chapters_running": 1, "paragraph_diagnostics": 271}
[2026-09-12T06:02:57Z] 9.4 min: aligning {"arm_chapters_passed": 9, "arm_chapters_rejected": 0, "arm_chapters_running": 1, "paragraph_diagnostics": 285}
[2026-09-12T06:03:28Z] 9.9 min: aligning {"arm_chapters_passed": 9, "arm_chapters_rejected": 0, "arm_chapters_running": 1, "paragraph_diagnostics": 302}
[2026-09-12T06:03:59Z] 10.4 min: aligning {"arm_chapters_passed": 9, "arm_chapters_rejected": 0, "arm_chapters_running": 1, "paragraph_diagnostics": 315}
[2026-09-12T06:04:30Z] 10.9 min: aligning {"arm_chapters_passed": 9, "arm_chapters_rejected": 0, "arm_chapters_running": 1, "paragraph_diagnostics": 331}
[2026-09-12T06:05:01Z] 11.5 min: aligning {"arm_chapters_passed": 9, "arm_chapters_rejected": 0, "arm_chapters_running": 1, "paragraph_diagnostics": 342}
[2026-09-12T06:05:32Z] 12.0 min: aligning {"arm_chapters_passed": 9, "arm_chapters_rejected": 0, "arm_chapters_running": 1, "paragraph_diagnostics": 354}
[2026-09-12T06:06:03Z] 12.5 min: aligning {"arm_chapters_passed": 10, "arm_chapters_rejected": 0, "arm_chapters_running": 1, "paragraph_diagnostics": 384}
[2026-09-12T06:06:38Z] snapshot 5172239 bytes
[2026-09-12T06:06:38Z] 13.0 min: aligning {"arm_chapters_passed": 10, "arm_chapters_rejected": 0, "arm_chapters_running": 1, "paragraph_diagnostics": 426}
[2026-09-12T06:07:09Z] 13.6 min: aligning {"arm_chapters_passed": 10, "arm_chapters_rejected": 1, "arm_chapters_running": 1, "paragraph_diagnostics": 452}
[2026-09-12T06:07:40Z] 14.1 min: aligning {"arm_chapters_passed": 10, "arm_chapters_rejected": 1, "arm_chapters_running": 1, "paragraph_diagnostics": 478}
[2026-09-12T06:08:11Z] 14.6 min: aligning {"arm_chapters_passed": 10, "arm_chapters_rejected": 1, "arm_chapters_running": 1, "paragraph_diagnostics": 504}
