[2026-09-12T07:26:20Z] created nghtnrfty9vb9l tinct-words-run2-80 gpu=None $0.49/hr
[2026-09-12T07:26:21Z] waiting: pod RUNNING agent HTTP 404
[2026-09-12T07:26:37Z] waiting: pod RUNNING agent HTTP 404
[2026-09-12T07:26:53Z] phase cohort at 0.5 min; setup={"versions": {"faster-whisper": "1.2.1", "ctranslate2": "4.8.2", "av": "18.1.0"}, "commit": "f53d744782e3c369fffd2980a013a7f199c0476e", "model_tree_sha256": "f1fe271c349229677131d389a96d0a28062a6a2c2fee54a8ce119c43538315c5", "ld_library_path": "/usr/local/lib/python3.11/dist-packages/nvidia/cublas/l
[2026-09-12T07:26:53Z] 0.5 min: cohort {"arm_chapters_passed": 0, "arm_chapters_rejected": 0, "arm_chapters_running": 0}
[2026-09-12T07:27:24Z] 1.1 min: cohort {"arm_chapters_passed": 0, "arm_chapters_rejected": 0, "arm_chapters_running": 0}
[2026-09-12T07:27:54Z] 1.6 min: cohort {"arm_chapters_passed": 0, "arm_chapters_rejected": 0, "arm_chapters_running": 0}
[2026-09-12T07:28:25Z] 2.1 min: cohort {"arm_chapters_passed": 0, "arm_chapters_rejected": 0, "arm_chapters_running": 0}
[2026-09-12T07:28:55Z] phase aligning at 2.6 min; setup={"versions": {"faster-whisper": "1.2.1", "ctranslate2": "4.8.2", "av": "18.1.0"}, "commit": "f53d744782e3c369fffd2980a013a7f199c0476e", "model_tree_sha256": "f1fe271c349229677131d389a96d0a28062a6a2c2fee54a8ce119c43538315c5", "ld_library_path": "/usr/local/lib/python3.11/dist-packages/nvidia/cublas/l
[2026-09-12T07:28:55Z] 2.6 min: aligning {"arm_chapters_passed": 0, "arm_chapters_rejected": 0, "arm_chapters_running": 1, "paragraph_diagnostics": 40}
[2026-09-12T07:29:25Z] 3.1 min: aligning {"arm_chapters_passed": 0, "arm_chapters_rejected": 0, "arm_chapters_running": 1, "paragraph_diagnostics": 94}
[2026-09-12T07:29:56Z] 3.6 min: aligning {"arm_chapters_passed": 0, "arm_chapters_rejected": 1, "arm_chapters_running": 1, "paragraph_diagnostics": 142}
[2026-09-12T07:30:26Z] 4.1 min: aligning {"arm_chapters_passed": 0, "arm_chapters_rejected": 1, "arm_chapters_running": 1, "paragraph_diagnostics": 160}
[2026-09-12T07:30:58Z] snapshot 774037 bytes
[2026-09-12T07:30:58Z] 4.6 min: aligning {"arm_chapters_passed": 0, "arm_chapters_rejected": 1, "arm_chapters_running": 1, "paragraph_diagnostics": 200}
[2026-09-12T07:31:28Z] 5.1 min: aligning {"arm_chapters_passed": 0, "arm_chapters_rejected": 1, "arm_chapters_running": 1, "paragraph_diagnostics": 217}
[2026-09-12T07:31:59Z] 5.6 min: aligning {"arm_chapters_passed": 0, "arm_chapters_rejected": 2, "arm_chapters_running": 1, "paragraph_diagnostics": 268}
[2026-09-12T07:32:29Z] 6.1 min: aligning {"arm_chapters_passed": 0, "arm_chapters_rejected": 3, "arm_chapters_running": 1, "paragraph_diagnostics": 301}
[2026-09-12T07:32:59Z] 6.6 min: aligning {"arm_chapters_passed": 1, "arm_chapters_rejected": 3, "arm_chapters_running": 1, "paragraph_diagnostics": 332}
[2026-09-12T07:33:30Z] 7.2 min: aligning {"arm_chapters_passed": 1, "arm_chapters_rejected": 4, "arm_chapters_running": 1, "paragraph_diagnostics": 375}
[2026-09-12T07:34:01Z] 7.7 min: aligning {"arm_chapters_passed": 1, "arm_chapters_rejected": 4, "arm_chapters_running": 1, "paragraph_diagnostics": 390}
[2026-09-12T07:34:31Z] 8.2 min: aligning {"arm_chapters_passed": 2, "arm_chapters_rejected": 4, "arm_chapters_running": 1, "paragraph_diagnostics": 434}
[2026-09-12T07:35:04Z] snapshot 2191191 bytes
[2026-09-12T07:35:04Z] 8.7 min: aligning {"arm_chapters_passed": 2, "arm_chapters_rejected": 4, "arm_chapters_running": 1, "paragraph_diagnostics": 490}
[2026-09-12T07:35:35Z] 9.2 min: aligning {"arm_chapters_passed": 2, "arm_chapters_rejected": 5, "arm_chapters_running": 1, "paragraph_diagnostics": 527}
[2026-09-12T07:36:05Z] 9.7 min: aligning {"arm_chapters_passed": 2, "arm_chapters_rejected": 6, "arm_chapters_running": 1, "paragraph_diagnostics": 560}
[2026-09-12T07:36:35Z] 10.2 min: aligning {"arm_chapters_passed": 2, "arm_chapters_rejected": 7, "arm_chapters_running": 1, "paragraph_diagnostics": 599}
[2026-09-12T07:37:06Z] 10.8 min: aligning {"arm_chapters_passed": 2, "arm_chapters_rejected": 7, "arm_chapters_running": 1, "paragraph_diagnostics": 612}
[2026-09-12T07:37:36Z] 11.3 min: aligning {"arm_chapters_passed": 2, "arm_chapters_rejected": 7, "arm_chapters_running": 1, "paragraph_diagnostics": 637}
[2026-09-12T07:38:06Z] 11.8 min: aligning {"arm_chapters_passed": 3, "arm_chapters_rejected": 7, "arm_chapters_running": 1, "paragraph_diagnostics": 697}
[2026-09-12T07:38:37Z] 12.3 min: aligning {"arm_chapters_passed": 3, "arm_chapters_rejected": 7, "arm_chapters_running": 1, "paragraph_diagnostics": 752}
[2026-09-12T07:39:13Z] snapshot 3676399 bytes
[2026-09-12T07:39:13Z] 12.8 min: aligning {"arm_chapters_passed": 3, "arm_chapters_rejected": 8, "arm_chapters_running": 1, "paragraph_diagnostics": 787}
[2026-09-12T07:39:43Z] 13.4 min: aligning {"arm_chapters_passed": 3, "arm_chapters_rejected": 8, "arm_chapters_running": 1, "paragraph_diagnostics": 833}
[2026-09-12T07:40:14Z] 13.9 min: aligning {"arm_chapters_passed": 3, "arm_chapters_rejected": 8, "arm_chapters_running": 1, "paragraph_diagnostics": 869}
[2026-09-12T07:40:44Z] 14.4 min: aligning {"arm_chapters_passed": 4, "arm_chapters_rejected": 8, "arm_chapters_running": 1, "paragraph_diagnostics": 880}
[2026-09-12T07:41:15Z] 14.9 min: aligning {"arm_chapters_passed": 4, "arm_chapters_rejected": 8, "arm_chapters_running": 1, "paragraph_diagnostics": 935}
[2026-09-12T07:41:45Z] 15.4 min: aligning {"arm_chapters_passed": 4, "arm_chapters_rejected": 9, "arm_chapters_running": 1, "paragraph_diagnostics": 954}
[2026-09-12T07:42:15Z] 15.9 min: aligning {"arm_chapters_passed": 4, "arm_chapters_rejected": 9, "arm_chapters_running": 1, "paragraph_diagnostics": 990}
[2026-09-12T07:42:46Z] 16.4 min: aligning {"arm_chapters_passed": 5, "arm_chapters_rejected": 9, "arm_chapters_running": 1, "paragraph_diagnostics": 1027}
[2026-09-12T07:43:23Z] snapshot 5002630 bytes
[2026-09-12T07:43:23Z] 16.9 min: aligning {"arm_chapters_passed": 5, "arm_chapters_rejected": 10, "arm_chapters_running": 1, "paragraph_diagnostics": 1068}
[2026-09-12T07:43:54Z] 17.5 min: aligning {"arm_chapters_passed": 5, "arm_chapters_rejected": 10, "arm_chapters_running": 1, "paragraph_diagnostics": 1098}
[2026-09-12T07:44:24Z] 18.1 min: aligning {"arm_chapters_passed": 6, "arm_chapters_rejected": 10, "arm_chapters_running": 1, "paragraph_diagnostics": 1111}
[2026-09-12T07:44:54Z] 18.6 min: aligning {"arm_chapters_passed": 7, "arm_chapters_rejected": 10, "arm_chapters_running": 1, "paragraph_diagnostics": 1140}
[2026-09-12T07:45:25Z] 19.1 min: aligning {"arm_chapters_passed": 7, "arm_chapters_rejected": 10, "arm_chapters_running": 1, "paragraph_diagnostics": 1155}
