[2026-09-12T06:19:27Z] created kiwg6a390rx57m tinct-words-run2-49 gpu=None $0.49/hr
[2026-09-12T06:19:28Z] waiting: pod RUNNING agent HTTP 404
[2026-09-12T06:19:44Z] waiting: pod RUNNING agent HTTP 404
[2026-09-12T06:20:00Z] phase cohort at 0.5 min; setup={"versions": {"faster-whisper": "1.2.1", "ctranslate2": "4.8.2", "av": "18.1.0"}, "commit": "f53d744782e3c369fffd2980a013a7f199c0476e", "model_tree_sha256": "f1fe271c349229677131d389a96d0a28062a6a2c2fee54a8ce119c43538315c5", "ld_library_path": "/usr/local/lib/python3.11/dist-packages/nvidia/cublas/l
[2026-09-12T06:20:00Z] 0.5 min: cohort {"arm_chapters_passed": 0, "arm_chapters_rejected": 0, "arm_chapters_running": 0}
[2026-09-12T06:20:30Z] 1.1 min: cohort {"arm_chapters_passed": 0, "arm_chapters_rejected": 0, "arm_chapters_running": 0}
[2026-09-12T06:21:00Z] 1.6 min: cohort {"arm_chapters_passed": 0, "arm_chapters_rejected": 0, "arm_chapters_running": 0}
[2026-09-12T06:21:31Z] 2.1 min: cohort {"arm_chapters_passed": 0, "arm_chapters_rejected": 0, "arm_chapters_running": 0}
[2026-09-12T06:22:01Z] phase aligning at 2.6 min; setup={"versions": {"faster-whisper": "1.2.1", "ctranslate2": "4.8.2", "av": "18.1.0"}, "commit": "f53d744782e3c369fffd2980a013a7f199c0476e", "model_tree_sha256": "f1fe271c349229677131d389a96d0a28062a6a2c2fee54a8ce119c43538315c5", "ld_library_path": "/usr/local/lib/python3.11/dist-packages/nvidia/cublas/l
[2026-09-12T06:22:01Z] 2.6 min: aligning {"arm_chapters_passed": 0, "arm_chapters_rejected": 0, "arm_chapters_running": 1, "paragraph_diagnostics": 80}
[2026-09-12T06:22:32Z] 3.1 min: aligning {"arm_chapters_passed": 0, "arm_chapters_rejected": 1, "arm_chapters_running": 1, "paragraph_diagnostics": 161}
[2026-09-12T06:23:02Z] 3.6 min: aligning {"arm_chapters_passed": 0, "arm_chapters_rejected": 1, "arm_chapters_running": 1, "paragraph_diagnostics": 194}
[2026-09-12T06:23:32Z] 4.1 min: aligning {"arm_chapters_passed": 1, "arm_chapters_rejected": 2, "arm_chapters_running": 1, "paragraph_diagnostics": 283}
[2026-09-12T06:24:04Z] snapshot 616561 bytes
[2026-09-12T06:24:04Z] 4.6 min: aligning {"arm_chapters_passed": 1, "arm_chapters_rejected": 2, "arm_chapters_running": 1, "paragraph_diagnostics": 345}
[2026-09-12T06:24:34Z] 5.1 min: aligning {"arm_chapters_passed": 1, "arm_chapters_rejected": 4, "arm_chapters_running": 1, "paragraph_diagnostics": 410}
[2026-09-12T06:25:05Z] 5.6 min: aligning {"arm_chapters_passed": 2, "arm_chapters_rejected": 6, "arm_chapters_running": 1, "paragraph_diagnostics": 498}
[2026-09-12T06:25:35Z] 6.1 min: aligning {"arm_chapters_passed": 2, "arm_chapters_rejected": 6, "arm_chapters_running": 1, "paragraph_diagnostics": 604}
[2026-09-12T06:26:06Z] 6.6 min: aligning {"arm_chapters_passed": 2, "arm_chapters_rejected": 7, "arm_chapters_running": 1, "paragraph_diagnostics": 661}
[2026-09-12T06:26:36Z] 7.2 min: aligning {"arm_chapters_passed": 2, "arm_chapters_rejected": 7, "arm_chapters_running": 1, "paragraph_diagnostics": 721}
[2026-09-12T06:27:07Z] 7.7 min: aligning {"arm_chapters_passed": 2, "arm_chapters_rejected": 7, "arm_chapters_running": 1, "paragraph_diagnostics": 766}
[2026-09-12T06:27:37Z] 8.2 min: aligning {"arm_chapters_passed": 2, "arm_chapters_rejected": 8, "arm_chapters_running": 1, "paragraph_diagnostics": 832}
[2026-09-12T06:28:10Z] snapshot 1593839 bytes
[2026-09-12T06:28:10Z] 8.7 min: aligning {"arm_chapters_passed": 3, "arm_chapters_rejected": 9, "arm_chapters_running": 1, "paragraph_diagnostics": 924}
[2026-09-12T06:28:41Z] 9.2 min: aligning {"arm_chapters_passed": 3, "arm_chapters_rejected": 10, "arm_chapters_running": 1, "paragraph_diagnostics": 1027}
[2026-09-12T06:29:11Z] 9.7 min: aligning {"arm_chapters_passed": 5, "arm_chapters_rejected": 11, "arm_chapters_running": 1, "paragraph_diagnostics": 1097}
[2026-09-12T06:29:42Z] 10.2 min: aligning {"arm_chapters_passed": 5, "arm_chapters_rejected": 11, "arm_chapters_running": 1, "paragraph_diagnostics": 1193}
[2026-09-12T06:30:12Z] 10.8 min: aligning {"arm_chapters_passed": 5, "arm_chapters_rejected": 12, "arm_chapters_running": 1, "paragraph_diagnostics": 1241}
[2026-09-12T06:30:42Z] 11.3 min: aligning {"arm_chapters_passed": 5, "arm_chapters_rejected": 12, "arm_chapters_running": 1, "paragraph_diagnostics": 1277}
[2026-09-12T06:31:13Z] 11.8 min: aligning {"arm_chapters_passed": 5, "arm_chapters_rejected": 12, "arm_chapters_running": 1, "paragraph_diagnostics": 1343}
[2026-09-12T06:31:43Z] 12.3 min: aligning {"arm_chapters_passed": 5, "arm_chapters_rejected": 13, "arm_chapters_running": 1, "paragraph_diagnostics": 1392}
[2026-09-12T06:32:18Z] snapshot 2650422 bytes
[2026-09-12T06:32:18Z] 12.8 min: aligning {"arm_chapters_passed": 5, "arm_chapters_rejected": 13, "arm_chapters_running": 1, "paragraph_diagnostics": 1491}
[2026-09-12T06:32:49Z] 13.4 min: aligning {"arm_chapters_passed": 5, "arm_chapters_rejected": 14, "arm_chapters_running": 1, "paragraph_diagnostics": 1582}
[2026-09-12T06:33:19Z] 13.9 min: aligning {"arm_chapters_passed": 5, "arm_chapters_rejected": 14, "arm_chapters_running": 1, "paragraph_diagnostics": 1643}
[2026-09-12T06:33:50Z] 14.4 min: aligning {"arm_chapters_passed": 8, "arm_chapters_rejected": 16, "arm_chapters_running": 1, "paragraph_diagnostics": 1704}
[2026-09-12T06:34:20Z] 14.9 min: aligning {"arm_chapters_passed": 8, "arm_chapters_rejected": 17, "arm_chapters_running": 1, "paragraph_diagnostics": 1803}
[2026-09-12T06:34:50Z] 15.4 min: aligning {"arm_chapters_passed": 8, "arm_chapters_rejected": 17, "arm_chapters_running": 1, "paragraph_diagnostics": 1864}
