[2026-09-12T07:54:05Z] created sxel97c36hazep tinct-words-run2-82 gpu=None $0.49/hr
[2026-09-12T07:54:06Z] waiting: pod RUNNING agent HTTP 404
[2026-09-12T07:54:21Z] waiting: pod RUNNING agent HTTP 404
[2026-09-12T07:54:38Z] phase cohort at 0.5 min; setup={"versions": {"faster-whisper": "1.2.1", "ctranslate2": "4.8.2", "av": "18.1.0"}, "commit": "f53d744782e3c369fffd2980a013a7f199c0476e", "model_tree_sha256": "f1fe271c349229677131d389a96d0a28062a6a2c2fee54a8ce119c43538315c5", "ld_library_path": "/usr/local/lib/python3.11/dist-packages/nvidia/cublas/l
[2026-09-12T07:54:38Z] 0.5 min: cohort {"arm_chapters_passed": 0, "arm_chapters_rejected": 0, "arm_chapters_running": 0}
[2026-09-12T07:55:08Z] 1.0 min: cohort {"arm_chapters_passed": 0, "arm_chapters_rejected": 0, "arm_chapters_running": 0}
[2026-09-12T07:55:39Z] 1.6 min: cohort {"arm_chapters_passed": 0, "arm_chapters_rejected": 0, "arm_chapters_running": 0}
[2026-09-12T07:56:09Z] phase aligning at 2.1 min; setup={"versions": {"faster-whisper": "1.2.1", "ctranslate2": "4.8.2", "av": "18.1.0"}, "commit": "f53d744782e3c369fffd2980a013a7f199c0476e", "model_tree_sha256": "f1fe271c349229677131d389a96d0a28062a6a2c2fee54a8ce119c43538315c5", "ld_library_path": "/usr/local/lib/python3.11/dist-packages/nvidia/cublas/l
[2026-09-12T07:56:09Z] 2.1 min: aligning {"arm_chapters_passed": 0, "arm_chapters_rejected": 0, "arm_chapters_running": 1, "paragraph_diagnostics": 6}
[2026-09-12T07:56:39Z] 2.6 min: aligning {"arm_chapters_passed": 1, "arm_chapters_rejected": 0, "arm_chapters_running": 1, "paragraph_diagnostics": 41}
[2026-09-12T07:57:10Z] 3.1 min: aligning {"arm_chapters_passed": 2, "arm_chapters_rejected": 0, "arm_chapters_running": 1, "paragraph_diagnostics": 75}
[2026-09-12T07:57:40Z] 3.6 min: aligning {"arm_chapters_passed": 2, "arm_chapters_rejected": 1, "arm_chapters_running": 1, "paragraph_diagnostics": 106}
[2026-09-12T07:58:11Z] 4.1 min: aligning {"arm_chapters_passed": 2, "arm_chapters_rejected": 1, "arm_chapters_running": 1, "paragraph_diagnostics": 114}
[2026-09-12T07:58:43Z] snapshot 1121464 bytes
[2026-09-12T07:58:43Z] 4.6 min: aligning {"arm_chapters_passed": 3, "arm_chapters_rejected": 1, "arm_chapters_running": 1, "paragraph_diagnostics": 129}
[2026-09-12T07:59:13Z] 5.1 min: aligning {"arm_chapters_passed": 3, "arm_chapters_rejected": 2, "arm_chapters_running": 1, "paragraph_diagnostics": 154}
[2026-09-12T07:59:43Z] 5.6 min: aligning {"arm_chapters_passed": 3, "arm_chapters_rejected": 2, "arm_chapters_running": 1, "paragraph_diagnostics": 165}
[2026-09-12T08:00:14Z] 6.1 min: aligning {"arm_chapters_passed": 3, "arm_chapters_rejected": 2, "arm_chapters_running": 1, "paragraph_diagnostics": 176}
[2026-09-12T08:00:44Z] 6.6 min: aligning {"arm_chapters_passed": 4, "arm_chapters_rejected": 2, "arm_chapters_running": 1, "paragraph_diagnostics": 199}
[2026-09-12T08:01:14Z] 7.2 min: aligning {"arm_chapters_passed": 4, "arm_chapters_rejected": 2, "arm_chapters_running": 1, "paragraph_diagnostics": 226}
[2026-09-12T08:01:45Z] 7.7 min: aligning {"arm_chapters_passed": 4, "arm_chapters_rejected": 3, "arm_chapters_running": 1, "paragraph_diagnostics": 254}
[2026-09-12T08:02:15Z] 8.2 min: aligning {"arm_chapters_passed": 4, "arm_chapters_rejected": 3, "arm_chapters_running": 1, "paragraph_diagnostics": 262}
[2026-09-12T08:02:49Z] snapshot 2862043 bytes
[2026-09-12T08:02:49Z] 8.7 min: aligning {"arm_chapters_passed": 5, "arm_chapters_rejected": 3, "arm_chapters_running": 1, "paragraph_diagnostics": 303}
[2026-09-12T08:03:20Z] 9.2 min: aligning {"arm_chapters_passed": 5, "arm_chapters_rejected": 4, "arm_chapters_running": 1, "paragraph_diagnostics": 338}
[2026-09-12T08:03:50Z] 9.7 min: aligning {"arm_chapters_passed": 5, "arm_chapters_rejected": 4, "arm_chapters_running": 1, "paragraph_diagnostics": 369}
[2026-09-12T08:04:20Z] 10.3 min: aligning {"arm_chapters_passed": 6, "arm_chapters_rejected": 4, "arm_chapters_running": 1, "paragraph_diagnostics": 403}
[2026-09-12T08:04:51Z] 10.8 min: aligning {"arm_chapters_passed": 6, "arm_chapters_rejected": 5, "arm_chapters_running": 1, "paragraph_diagnostics": 429}
[2026-09-12T08:05:21Z] 11.3 min: aligning {"arm_chapters_passed": 6, "arm_chapters_rejected": 5, "arm_chapters_running": 1, "paragraph_diagnostics": 456}
[2026-09-12T08:05:51Z] 11.8 min: aligning {"arm_chapters_passed": 6, "arm_chapters_rejected": 5, "arm_chapters_running": 1, "paragraph_diagnostics": 461}
[2026-09-12T08:06:22Z] 12.3 min: aligning {"arm_chapters_passed": 6, "arm_chapters_rejected": 5, "arm_chapters_running": 1, "paragraph_diagnostics": 473}
[2026-09-12T08:06:58Z] snapshot 4595925 bytes
[2026-09-12T08:06:58Z] 12.8 min: aligning {"arm_chapters_passed": 7, "arm_chapters_rejected": 5, "arm_chapters_running": 1, "paragraph_diagnostics": 514}
[2026-09-12T08:07:28Z] 13.4 min: aligning {"arm_chapters_passed": 7, "arm_chapters_rejected": 6, "arm_chapters_running": 1, "paragraph_diagnostics": 569}
[2026-09-12T08:07:59Z] 13.9 min: aligning {"arm_chapters_passed": 7, "arm_chapters_rejected": 6, "arm_chapters_running": 1, "paragraph_diagnostics": 599}
[2026-09-12T08:08:29Z] 14.4 min: aligning {"arm_chapters_passed": 7, "arm_chapters_rejected": 6, "arm_chapters_running": 1, "paragraph_diagnostics": 608}
