[2026-09-12T06:22:32Z] created qwgyeb81g3gk4r tinct-words-run2-53 gpu=None $0.49/hr
[2026-09-12T06:22:33Z] waiting: pod RUNNING agent HTTP 404
[2026-09-12T06:22:49Z] waiting: pod RUNNING agent HTTP 404
[2026-09-12T06:23:07Z] phase cohort at 0.6 min; setup={"versions": {"faster-whisper": "1.2.1", "ctranslate2": "4.8.2", "av": "18.1.0"}, "commit": "f53d744782e3c369fffd2980a013a7f199c0476e", "model_tree_sha256": "f1fe271c349229677131d389a96d0a28062a6a2c2fee54a8ce119c43538315c5", "ld_library_path": "/usr/local/lib/python3.11/dist-packages/nvidia/cublas/l
[2026-09-12T06:23:07Z] 0.6 min: cohort {"arm_chapters_passed": 0, "arm_chapters_rejected": 0, "arm_chapters_running": 0}
[2026-09-12T06:23:38Z] 1.1 min: cohort {"arm_chapters_passed": 0, "arm_chapters_rejected": 0, "arm_chapters_running": 0}
[2026-09-12T06:24:08Z] 1.6 min: cohort {"arm_chapters_passed": 0, "arm_chapters_rejected": 0, "arm_chapters_running": 0}
[2026-09-12T06:24:39Z] phase aligning at 2.1 min; setup={"versions": {"faster-whisper": "1.2.1", "ctranslate2": "4.8.2", "av": "18.1.0"}, "commit": "f53d744782e3c369fffd2980a013a7f199c0476e", "model_tree_sha256": "f1fe271c349229677131d389a96d0a28062a6a2c2fee54a8ce119c43538315c5", "ld_library_path": "/usr/local/lib/python3.11/dist-packages/nvidia/cublas/l
[2026-09-12T06:24:39Z] 2.1 min: aligning {"arm_chapters_passed": 0, "arm_chapters_rejected": 0, "arm_chapters_running": 1, "paragraph_diagnostics": 11}
[2026-09-12T06:25:10Z] 2.6 min: aligning {"arm_chapters_passed": 0, "arm_chapters_rejected": 0, "arm_chapters_running": 1, "paragraph_diagnostics": 63}
[2026-09-12T06:25:41Z] 3.1 min: aligning {"arm_chapters_passed": 0, "arm_chapters_rejected": 1, "arm_chapters_running": 1, "paragraph_diagnostics": 129}
[2026-09-12T06:26:12Z] 3.6 min: aligning {"arm_chapters_passed": 0, "arm_chapters_rejected": 1, "arm_chapters_running": 1, "paragraph_diagnostics": 163}
[2026-09-12T06:26:42Z] 4.2 min: aligning {"arm_chapters_passed": 0, "arm_chapters_rejected": 1, "arm_chapters_running": 1, "paragraph_diagnostics": 209}
[2026-09-12T06:27:16Z] snapshot 974243 bytes
[2026-09-12T06:27:16Z] 4.7 min: aligning {"arm_chapters_passed": 0, "arm_chapters_rejected": 2, "arm_chapters_running": 1, "paragraph_diagnostics": 272}
[2026-09-12T06:27:47Z] 5.2 min: aligning {"arm_chapters_passed": 0, "arm_chapters_rejected": 3, "arm_chapters_running": 1, "paragraph_diagnostics": 360}
[2026-09-12T06:28:18Z] 5.7 min: aligning {"arm_chapters_passed": 1, "arm_chapters_rejected": 3, "arm_chapters_running": 1, "paragraph_diagnostics": 433}
[2026-09-12T06:28:49Z] 6.3 min: aligning {"arm_chapters_passed": 1, "arm_chapters_rejected": 3, "arm_chapters_running": 1, "paragraph_diagnostics": 512}
[2026-09-12T06:29:19Z] 6.8 min: aligning {"arm_chapters_passed": 1, "arm_chapters_rejected": 4, "arm_chapters_running": 1, "paragraph_diagnostics": 577}
[2026-09-12T06:29:50Z] 7.3 min: aligning {"arm_chapters_passed": 1, "arm_chapters_rejected": 4, "arm_chapters_running": 1, "paragraph_diagnostics": 637}
[2026-09-12T06:30:21Z] 7.8 min: aligning {"arm_chapters_passed": 2, "arm_chapters_rejected": 4, "arm_chapters_running": 1, "paragraph_diagnostics": 674}
[2026-09-12T06:30:52Z] 8.3 min: aligning {"arm_chapters_passed": 3, "arm_chapters_rejected": 4, "arm_chapters_running": 1, "paragraph_diagnostics": 718}
[2026-09-12T06:31:28Z] snapshot 2429331 bytes
[2026-09-12T06:31:28Z] 8.8 min: aligning {"arm_chapters_passed": 5, "arm_chapters_rejected": 5, "arm_chapters_running": 1, "paragraph_diagnostics": 772}
[2026-09-12T06:32:00Z] 9.4 min: aligning {"arm_chapters_passed": 5, "arm_chapters_rejected": 6, "arm_chapters_running": 1, "paragraph_diagnostics": 828}
[2026-09-12T06:32:31Z] 10.0 min: aligning {"arm_chapters_passed": 5, "arm_chapters_rejected": 6, "arm_chapters_running": 1, "paragraph_diagnostics": 858}
[2026-09-12T06:33:02Z] 10.5 min: aligning {"arm_chapters_passed": 5, "arm_chapters_rejected": 6, "arm_chapters_running": 1, "paragraph_diagnostics": 865}
[2026-09-12T06:33:33Z] 11.0 min: aligning {"arm_chapters_passed": 6, "arm_chapters_rejected": 7, "arm_chapters_running": 1, "paragraph_diagnostics": 895}
[2026-09-12T06:34:04Z] 11.5 min: aligning {"arm_chapters_passed": 6, "arm_chapters_rejected": 7, "arm_chapters_running": 1, "paragraph_diagnostics": 914}
[2026-09-12T06:34:34Z] 12.0 min: aligning {"arm_chapters_passed": 7, "arm_chapters_rejected": 7, "arm_chapters_running": 1, "paragraph_diagnostics": 925}
[2026-09-12T06:35:05Z] 12.5 min: aligning {"arm_chapters_passed": 7, "arm_chapters_rejected": 7, "arm_chapters_running": 1, "paragraph_diagnostics": 957}
[2026-09-12T06:35:44Z] snapshot 4333984 bytes
[2026-09-12T06:35:44Z] 13.1 min: aligning {"arm_chapters_passed": 7, "arm_chapters_rejected": 8, "arm_chapters_running": 1, "paragraph_diagnostics": 970}
[2026-09-12T06:36:15Z] 13.7 min: aligning {"arm_chapters_passed": 7, "arm_chapters_rejected": 8, "arm_chapters_running": 1, "paragraph_diagnostics": 981}
[2026-09-12T06:36:45Z] 14.2 min: aligning {"arm_chapters_passed": 7, "arm_chapters_rejected": 8, "arm_chapters_running": 1, "paragraph_diagnostics": 991}
[2026-09-12T06:37:16Z] 14.7 min: aligning {"arm_chapters_passed": 8, "arm_chapters_rejected": 8, "arm_chapters_running": 1, "paragraph_diagnostics": 1008}
[2026-09-12T06:37:47Z] 15.2 min: aligning {"arm_chapters_passed": 8, "arm_chapters_rejected": 9, "arm_chapters_running": 1, "paragraph_diagnostics": 1028}
[2026-09-12T06:38:18Z] 15.7 min: aligning {"arm_chapters_passed": 9, "arm_chapters_rejected": 9, "arm_chapters_running": 1, "paragraph_diagnostics": 1049}
[2026-09-12T06:38:49Z] 16.3 min: aligning {"arm_chapters_passed": 9, "arm_chapters_rejected": 9, "arm_chapters_running": 1, "paragraph_diagnostics": 1075}
[2026-09-12T06:39:19Z] 16.8 min: aligning {"arm_chapters_passed": 9, "arm_chapters_rejected": 10, "arm_chapters_running": 1, "paragraph_diagnostics": 1090}
[2026-09-12T06:39:58Z] snapshot 6209137 bytes
[2026-09-12T06:39:58Z] 17.3 min: aligning {"arm_chapters_passed": 9, "arm_chapters_rejected": 10, "arm_chapters_running": 1, "paragraph_diagnostics": 1099}
[2026-09-12T06:40:29Z] 17.9 min: aligning {"arm_chapters_passed": 9, "arm_chapters_rejected": 10, "arm_chapters_running": 1, "paragraph_diagnostics": 1111}
[2026-09-12T06:40:59Z] 18.4 min: aligning {"arm_chapters_passed": 10, "arm_chapters_rejected": 10, "arm_chapters_running": 1, "paragraph_diagnostics": 1126}
[2026-09-12T06:41:30Z] 19.0 min: aligning {"arm_chapters_passed": 10, "arm_chapters_rejected": 11, "arm_chapters_running": 1, "paragraph_diagnostics": 1137}
[2026-09-12T06:42:01Z] 19.5 min: aligning {"arm_chapters_passed": 11, "arm_chapters_rejected": 11, "arm_chapters_running": 1, "paragraph_diagnostics": 1152}
[2026-09-12T06:42:32Z] 20.0 min: aligning {"arm_chapters_passed": 11, "arm_chapters_rejected": 11, "arm_chapters_running": 1, "paragraph_diagnostics": 1180}
[2026-09-12T06:43:03Z] 20.5 min: aligning {"arm_chapters_passed": 11, "arm_chapters_rejected": 12, "arm_chapters_running": 1, "paragraph_diagnostics": 1201}
[2026-09-12T06:43:34Z] 21.0 min: aligning {"arm_chapters_passed": 11, "arm_chapters_rejected": 12, "arm_chapters_running": 1, "paragraph_diagnostics": 1217}
[2026-09-12T06:44:15Z] snapshot 8210676 bytes
[2026-09-12T06:44:15Z] 21.5 min: aligning {"arm_chapters_passed": 11, "arm_chapters_rejected": 12, "arm_chapters_running": 1, "paragraph_diagnostics": 1227}
[2026-09-12T06:44:46Z] 22.2 min: aligning {"arm_chapters_passed": 11, "arm_chapters_rejected": 12, "arm_chapters_running": 1, "paragraph_diagnostics": 1251}
[2026-09-12T06:45:17Z] 22.7 min: aligning {"arm_chapters_passed": 12, "arm_chapters_rejected": 12, "arm_chapters_running": 1, "paragraph_diagnostics": 1276}
[2026-09-12T06:45:48Z] 23.2 min: aligning {"arm_chapters_passed": 12, "arm_chapters_rejected": 13, "arm_chapters_running": 1, "paragraph_diagnostics": 1295}
[2026-09-12T06:46:19Z] 23.8 min: aligning {"arm_chapters_passed": 12, "arm_chapters_rejected": 13, "arm_chapters_running": 1, "paragraph_diagnostics": 1305}
[2026-09-12T06:46:50Z] 24.3 min: aligning {"arm_chapters_passed": 13, "arm_chapters_rejected": 13, "arm_chapters_running": 1, "paragraph_diagnostics": 1315}
[2026-09-12T06:47:20Z] 24.8 min: aligning {"arm_chapters_passed": 13, "arm_chapters_rejected": 13, "arm_chapters_running": 1, "paragraph_diagnostics": 1348}
[2026-09-12T06:47:51Z] 25.3 min: aligning {"arm_chapters_passed": 13, "arm_chapters_rejected": 14, "arm_chapters_running": 1, "paragraph_diagnostics": 1355}
[2026-09-12T06:48:35Z] snapshot 10052576 bytes
[2026-09-12T06:48:35Z] 25.8 min: aligning {"arm_chapters_passed": 13, "arm_chapters_rejected": 14, "arm_chapters_running": 1, "paragraph_diagnostics": 1369}
[2026-09-12T06:49:06Z] 26.6 min: aligning {"arm_chapters_passed": 13, "arm_chapters_rejected": 14, "arm_chapters_running": 1, "paragraph_diagnostics": 1386}
[2026-09-12T06:49:37Z] 27.1 min: aligning {"arm_chapters_passed": 14, "arm_chapters_rejected": 14, "arm_chapters_running": 1, "paragraph_diagnostics": 1399}
[2026-09-12T06:50:08Z] 27.6 min: aligning {"arm_chapters_passed": 14, "arm_chapters_rejected": 15, "arm_chapters_running": 1, "paragraph_diagnostics": 1416}
[2026-09-12T06:50:39Z] 28.1 min: aligning {"arm_chapters_passed": 14, "arm_chapters_rejected": 15, "arm_chapters_running": 1, "paragraph_diagnostics": 1423}
[2026-09-12T06:51:10Z] 28.6 min: aligning {"arm_chapters_passed": 14, "arm_chapters_rejected": 15, "arm_chapters_running": 1, "paragraph_diagnostics": 1434}
[2026-09-12T06:51:41Z] 29.1 min: aligning {"arm_chapters_passed": 14, "arm_chapters_rejected": 15, "arm_chapters_running": 1, "paragraph_diagnostics": 1441}
[2026-09-12T06:52:12Z] 29.6 min: aligning {"arm_chapters_passed": 14, "arm_chapters_rejected": 16, "arm_chapters_running": 1, "paragraph_diagnostics": 1461}
[2026-09-12T06:52:57Z] snapshot 12007609 bytes
[2026-09-12T06:52:57Z] 30.2 min: aligning {"arm_chapters_passed": 14, "arm_chapters_rejected": 17, "arm_chapters_running": 1, "paragraph_diagnostics": 1470}
[2026-09-12T06:53:28Z] 30.9 min: aligning {"arm_chapters_passed": 14, "arm_chapters_rejected": 17, "arm_chapters_running": 1, "paragraph_diagnostics": 1481}
[2026-09-12T06:53:59Z] 31.4 min: aligning {"arm_chapters_passed": 14, "arm_chapters_rejected": 18, "arm_chapters_running": 1, "paragraph_diagnostics": 1516}
[2026-09-12T06:54:30Z] 31.9 min: aligning {"arm_chapters_passed": 14, "arm_chapters_rejected": 19, "arm_chapters_running": 1, "paragraph_diagnostics": 1543}
[2026-09-12T06:55:00Z] 32.5 min: aligning {"arm_chapters_passed": 14, "arm_chapters_rejected": 19, "arm_chapters_running": 1, "paragraph_diagnostics": 1571}
[2026-09-12T06:55:31Z] 33.0 min: aligning {"arm_chapters_passed": 14, "arm_chapters_rejected": 19, "arm_chapters_running": 1, "paragraph_diagnostics": 1593}
[2026-09-12T06:56:02Z] 33.5 min: aligning {"arm_chapters_passed": 15, "arm_chapters_rejected": 19, "arm_chapters_running": 1, "paragraph_diagnostics": 1613}
[2026-09-12T06:56:34Z] 34.0 min: aligning {"arm_chapters_passed": 15, "arm_chapters_rejected": 20, "arm_chapters_running": 1, "paragraph_diagnostics": 1626}
[2026-09-12T06:57:24Z] snapshot 13749271 bytes
[2026-09-12T06:57:24Z] 34.5 min: aligning {"arm_chapters_passed": 15, "arm_chapters_rejected": 20, "arm_chapters_running": 1, "paragraph_diagnostics": 1636}
[2026-09-12T06:57:55Z] 35.4 min: aligning {"arm_chapters_passed": 15, "arm_chapters_rejected": 20, "arm_chapters_running": 1, "paragraph_diagnostics": 1650}
[2026-09-12T06:58:26Z] 35.9 min: aligning {"arm_chapters_passed": 18, "arm_chapters_rejected": 25, "arm_chapters_running": 1, "paragraph_diagnostics": 1660}
[2026-09-12T06:58:57Z] 36.4 min: aligning {"arm_chapters_passed": 23, "arm_chapters_rejected": 30, "arm_chapters_running": 1, "paragraph_diagnostics": 1686}
[2026-09-12T06:59:27Z] 36.9 min: aligning {"arm_chapters_passed": 33, "arm_chapters_rejected": 38, "arm_chapters_running": 1, "paragraph_diagnostics": 1707}
[2026-09-12T06:59:58Z] phase done-with-errors at 37.4 min; setup={"versions": {"faster-whisper": "1.2.1", "ctranslate2": "4.8.2", "av": "18.1.0"}, "commit": "f53d744782e3c369fffd2980a013a7f199c0476e", "model_tree_sha256": "f1fe271c349229677131d389a96d0a28062a6a2c2fee54a8ce119c43538315c5", "ld_library_path": "/usr/local/lib/python3.11/dist-packages/nvidia/cublas/l
[2026-09-12T06:59:58Z] 37.4 min: done-with-errors {"arm_chapters_passed": 33, "arm_chapters_rejected": 38, "arm_chapters_running": 1, "paragraph_diagnostics": 1709}
[2026-09-12T07:00:18Z] fetched out.tar.gz (14650594 bytes)
[2026-09-12T07:00:20Z] stop qwgyeb81g3gk4r: HTTP 200
[2026-09-12T07:00:21Z] terminate qwgyeb81g3gk4r: HTTP 204
[2026-09-12T07:00:21Z] pod qwgyeb81g3gk4r done: outcome=done-with-errors uptime=37.8m est $0.31
