[2026-09-12T05:46:22Z] created ihxv1eeo4bivj3 tinct-words-run2-31 gpu=None $0.49/hr
[2026-09-12T05:46:23Z] waiting: pod RUNNING agent HTTP 404
[2026-09-12T05:46:39Z] waiting: pod RUNNING agent HTTP 404
[2026-09-12T05:46:56Z] phase cohort at 0.5 min; setup={"versions": {"faster-whisper": "1.2.1", "ctranslate2": "4.8.2", "av": "18.1.0"}, "commit": "f53d744782e3c369fffd2980a013a7f199c0476e", "model_tree_sha256": "f1fe271c349229677131d389a96d0a28062a6a2c2fee54a8ce119c43538315c5", "ld_library_path": "/usr/local/lib/python3.11/dist-packages/nvidia/cublas/l
[2026-09-12T05:46:56Z] 0.5 min: cohort {"arm_chapters_passed": 0, "arm_chapters_rejected": 0, "arm_chapters_running": 0}
[2026-09-12T05:47:26Z] 1.1 min: cohort {"arm_chapters_passed": 0, "arm_chapters_rejected": 0, "arm_chapters_running": 0}
[2026-09-12T05:47:57Z] 1.6 min: cohort {"arm_chapters_passed": 0, "arm_chapters_rejected": 0, "arm_chapters_running": 0}
[2026-09-12T05:48:27Z] 2.1 min: cohort {"arm_chapters_passed": 0, "arm_chapters_rejected": 0, "arm_chapters_running": 0}
[2026-09-12T05:48:58Z] 2.6 min: cohort {"arm_chapters_passed": 0, "arm_chapters_rejected": 0, "arm_chapters_running": 0}
[2026-09-12T05:49:29Z] phase aligning at 3.1 min; setup={"versions": {"faster-whisper": "1.2.1", "ctranslate2": "4.8.2", "av": "18.1.0"}, "commit": "f53d744782e3c369fffd2980a013a7f199c0476e", "model_tree_sha256": "f1fe271c349229677131d389a96d0a28062a6a2c2fee54a8ce119c43538315c5", "ld_library_path": "/usr/local/lib/python3.11/dist-packages/nvidia/cublas/l
[2026-09-12T05:49:29Z] 3.1 min: aligning {"arm_chapters_passed": 0, "arm_chapters_rejected": 0, "arm_chapters_running": 1, "paragraph_diagnostics": 10}
[2026-09-12T05:49:59Z] 3.6 min: aligning {"arm_chapters_passed": 0, "arm_chapters_rejected": 0, "arm_chapters_running": 1, "paragraph_diagnostics": 46}
[2026-09-12T05:50:30Z] 4.1 min: aligning {"arm_chapters_passed": 0, "arm_chapters_rejected": 0, "arm_chapters_running": 1, "paragraph_diagnostics": 114}
[2026-09-12T05:51:01Z] snapshot 595417 bytes
[2026-09-12T05:51:01Z] 4.6 min: aligning {"arm_chapters_passed": 0, "arm_chapters_rejected": 0, "arm_chapters_running": 1, "paragraph_diagnostics": 174}
[2026-09-12T05:51:32Z] 5.1 min: aligning {"arm_chapters_passed": 0, "arm_chapters_rejected": 0, "arm_chapters_running": 1, "paragraph_diagnostics": 302}
[2026-09-12T05:52:02Z] 5.7 min: aligning {"arm_chapters_passed": 0, "arm_chapters_rejected": 1, "arm_chapters_running": 1, "paragraph_diagnostics": 324}
[2026-09-12T05:52:33Z] 6.2 min: aligning {"arm_chapters_passed": 0, "arm_chapters_rejected": 1, "arm_chapters_running": 1, "paragraph_diagnostics": 337}
[2026-09-12T05:53:03Z] 6.7 min: aligning {"arm_chapters_passed": 0, "arm_chapters_rejected": 1, "arm_chapters_running": 1, "paragraph_diagnostics": 376}
[2026-09-12T05:53:34Z] 7.2 min: aligning {"arm_chapters_passed": 0, "arm_chapters_rejected": 1, "arm_chapters_running": 1, "paragraph_diagnostics": 423}
[2026-09-12T05:54:04Z] 7.7 min: aligning {"arm_chapters_passed": 0, "arm_chapters_rejected": 1, "arm_chapters_running": 1, "paragraph_diagnostics": 471}
[2026-09-12T05:54:35Z] 8.2 min: aligning {"arm_chapters_passed": 0, "arm_chapters_rejected": 1, "arm_chapters_running": 1, "paragraph_diagnostics": 498}
[2026-09-12T05:55:08Z] snapshot 2001784 bytes
[2026-09-12T05:55:08Z] 8.7 min: aligning {"arm_chapters_passed": 0, "arm_chapters_rejected": 1, "arm_chapters_running": 1, "paragraph_diagnostics": 610}
[2026-09-12T05:55:38Z] 9.3 min: aligning {"arm_chapters_passed": 1, "arm_chapters_rejected": 2, "arm_chapters_running": 1, "paragraph_diagnostics": 662}
[2026-09-12T05:56:09Z] 9.8 min: aligning {"arm_chapters_passed": 1, "arm_chapters_rejected": 2, "arm_chapters_running": 1, "paragraph_diagnostics": 697}
[2026-09-12T05:56:39Z] 10.3 min: aligning {"arm_chapters_passed": 2, "arm_chapters_rejected": 2, "arm_chapters_running": 1, "paragraph_diagnostics": 824}
[2026-09-12T05:57:09Z] 10.8 min: aligning {"arm_chapters_passed": 2, "arm_chapters_rejected": 3, "arm_chapters_running": 1, "paragraph_diagnostics": 899}
[2026-09-12T05:57:40Z] 11.3 min: aligning {"arm_chapters_passed": 2, "arm_chapters_rejected": 3, "arm_chapters_running": 1, "paragraph_diagnostics": 946}
[2026-09-12T05:58:10Z] 11.8 min: aligning {"arm_chapters_passed": 2, "arm_chapters_rejected": 3, "arm_chapters_running": 1, "paragraph_diagnostics": 997}
[2026-09-12T05:58:41Z] 12.3 min: aligning {"arm_chapters_passed": 2, "arm_chapters_rejected": 4, "arm_chapters_running": 1, "paragraph_diagnostics": 1085}
[2026-09-12T05:59:15Z] snapshot 3285900 bytes
[2026-09-12T05:59:15Z] 12.8 min: aligning {"arm_chapters_passed": 2, "arm_chapters_rejected": 5, "arm_chapters_running": 1, "paragraph_diagnostics": 1184}
[2026-09-12T05:59:45Z] 13.4 min: aligning {"arm_chapters_passed": 2, "arm_chapters_rejected": 5, "arm_chapters_running": 1, "paragraph_diagnostics": 1241}
[2026-09-12T06:00:16Z] 13.9 min: aligning {"arm_chapters_passed": 2, "arm_chapters_rejected": 6, "arm_chapters_running": 1, "paragraph_diagnostics": 1319}
[2026-09-12T06:00:46Z] 14.4 min: aligning {"arm_chapters_passed": 2, "arm_chapters_rejected": 7, "arm_chapters_running": 1, "paragraph_diagnostics": 1360}
[2026-09-12T06:01:17Z] 14.9 min: aligning {"arm_chapters_passed": 2, "arm_chapters_rejected": 8, "arm_chapters_running": 1, "paragraph_diagnostics": 1397}
[2026-09-12T06:01:47Z] 15.4 min: aligning {"arm_chapters_passed": 2, "arm_chapters_rejected": 9, "arm_chapters_running": 1, "paragraph_diagnostics": 1523}
[2026-09-12T06:02:19Z] 15.9 min: aligning {"arm_chapters_passed": 2, "arm_chapters_rejected": 10, "arm_chapters_running": 1, "paragraph_diagnostics": 1623}
[2026-09-12T06:02:49Z] 16.4 min: aligning {"arm_chapters_passed": 2, "arm_chapters_rejected": 10, "arm_chapters_running": 1, "paragraph_diagnostics": 1753}
[2026-09-12T06:03:24Z] snapshot 4219096 bytes
[2026-09-12T06:03:24Z] 16.9 min: aligning {"arm_chapters_passed": 2, "arm_chapters_rejected": 11, "arm_chapters_running": 1, "paragraph_diagnostics": 1805}
[2026-09-12T06:03:54Z] 17.5 min: aligning {"arm_chapters_passed": 2, "arm_chapters_rejected": 11, "arm_chapters_running": 1, "paragraph_diagnostics": 1848}
[2026-09-12T06:04:25Z] 18.0 min: aligning {"arm_chapters_passed": 2, "arm_chapters_rejected": 11, "arm_chapters_running": 1, "paragraph_diagnostics": 1932}
[2026-09-12T06:04:55Z] phase done at 18.5 min; setup={"versions": {"faster-whisper": "1.2.1", "ctranslate2": "4.8.2", "av": "18.1.0"}, "commit": "f53d744782e3c369fffd2980a013a7f199c0476e", "model_tree_sha256": "f1fe271c349229677131d389a96d0a28062a6a2c2fee54a8ce119c43538315c5", "ld_library_path": "/usr/local/lib/python3.11/dist-packages/nvidia/cublas/l
[2026-09-12T06:04:55Z] 18.5 min: done {"arm_chapters_passed": 2, "arm_chapters_rejected": 12, "arm_chapters_running": 0, "paragraph_diagnostics": 1970}
[2026-09-12T06:05:02Z] fetched out.tar.gz (4523042 bytes)
[2026-09-12T06:05:03Z] stop ihxv1eeo4bivj3: HTTP 200
[2026-09-12T06:05:04Z] terminate ihxv1eeo4bivj3: HTTP 204
[2026-09-12T06:05:04Z] pod ihxv1eeo4bivj3 done: outcome=done uptime=18.7m est $0.15
