[2026-09-12T07:16:09Z] created cntiw2i583e6i2 tinct-words-run2-76 gpu=None $0.49/hr
[2026-09-12T07:16:09Z] waiting: pod RUNNING agent HTTP 404
[2026-09-12T07:16:25Z] waiting: pod RUNNING agent HTTP 404
[2026-09-12T07:16:41Z] phase cohort at 0.5 min; setup={"versions": {"faster-whisper": "1.2.1", "ctranslate2": "4.8.2", "av": "18.1.0"}, "commit": "f53d744782e3c369fffd2980a013a7f199c0476e", "model_tree_sha256": "f1fe271c349229677131d389a96d0a28062a6a2c2fee54a8ce119c43538315c5", "ld_library_path": "/usr/local/lib/python3.11/dist-packages/nvidia/cublas/l
[2026-09-12T07:16:41Z] 0.5 min: cohort {"arm_chapters_passed": 0, "arm_chapters_rejected": 0, "arm_chapters_running": 0}
[2026-09-12T07:17:12Z] 1.0 min: cohort {"arm_chapters_passed": 0, "arm_chapters_rejected": 0, "arm_chapters_running": 0}
[2026-09-12T07:17:50Z] 1.6 min: cohort {"arm_chapters_passed": 0, "arm_chapters_rejected": 0, "arm_chapters_running": 0}
[2026-09-12T07:18:20Z] phase aligning at 2.2 min; setup={"versions": {"faster-whisper": "1.2.1", "ctranslate2": "4.8.2", "av": "18.1.0"}, "commit": "f53d744782e3c369fffd2980a013a7f199c0476e", "model_tree_sha256": "f1fe271c349229677131d389a96d0a28062a6a2c2fee54a8ce119c43538315c5", "ld_library_path": "/usr/local/lib/python3.11/dist-packages/nvidia/cublas/l
[2026-09-12T07:18:20Z] 2.2 min: aligning {"arm_chapters_passed": 0, "arm_chapters_rejected": 1, "arm_chapters_running": 1, "paragraph_diagnostics": 27}
[2026-09-12T07:18:50Z] 2.7 min: aligning {"arm_chapters_passed": 1, "arm_chapters_rejected": 1, "arm_chapters_running": 1, "paragraph_diagnostics": 91}
[2026-09-12T07:19:21Z] 3.2 min: aligning {"arm_chapters_passed": 1, "arm_chapters_rejected": 2, "arm_chapters_running": 1, "paragraph_diagnostics": 174}
[2026-09-12T07:19:51Z] 3.7 min: aligning {"arm_chapters_passed": 1, "arm_chapters_rejected": 3, "arm_chapters_running": 1, "paragraph_diagnostics": 252}
[2026-09-12T07:20:22Z] 4.2 min: aligning {"arm_chapters_passed": 1, "arm_chapters_rejected": 4, "arm_chapters_running": 1, "paragraph_diagnostics": 327}
[2026-09-12T07:20:53Z] snapshot 558217 bytes
[2026-09-12T07:20:53Z] 4.7 min: aligning {"arm_chapters_passed": 1, "arm_chapters_rejected": 4, "arm_chapters_running": 1, "paragraph_diagnostics": 400}
[2026-09-12T07:21:24Z] 5.2 min: aligning {"arm_chapters_passed": 1, "arm_chapters_rejected": 6, "arm_chapters_running": 1, "paragraph_diagnostics": 469}
[2026-09-12T07:21:54Z] 5.7 min: aligning {"arm_chapters_passed": 2, "arm_chapters_rejected": 6, "arm_chapters_running": 1, "paragraph_diagnostics": 511}
[2026-09-12T07:22:24Z] 6.3 min: aligning {"arm_chapters_passed": 3, "arm_chapters_rejected": 7, "arm_chapters_running": 1, "paragraph_diagnostics": 568}
[2026-09-12T07:22:55Z] 6.8 min: aligning {"arm_chapters_passed": 3, "arm_chapters_rejected": 8, "arm_chapters_running": 1, "paragraph_diagnostics": 608}
[2026-09-12T07:23:25Z] 7.3 min: aligning {"arm_chapters_passed": 4, "arm_chapters_rejected": 10, "arm_chapters_running": 1, "paragraph_diagnostics": 673}
[2026-09-12T07:23:55Z] 7.8 min: aligning {"arm_chapters_passed": 4, "arm_chapters_rejected": 11, "arm_chapters_running": 1, "paragraph_diagnostics": 741}
[2026-09-12T07:24:26Z] 8.3 min: aligning {"arm_chapters_passed": 4, "arm_chapters_rejected": 11, "arm_chapters_running": 1, "paragraph_diagnostics": 788}
[2026-09-12T07:24:59Z] snapshot 1624719 bytes
[2026-09-12T07:24:59Z] 8.8 min: aligning {"arm_chapters_passed": 4, "arm_chapters_rejected": 11, "arm_chapters_running": 1, "paragraph_diagnostics": 825}
[2026-09-12T07:25:29Z] 9.3 min: aligning {"arm_chapters_passed": 6, "arm_chapters_rejected": 14, "arm_chapters_running": 1, "paragraph_diagnostics": 900}
[2026-09-12T07:26:00Z] 9.8 min: aligning {"arm_chapters_passed": 6, "arm_chapters_rejected": 14, "arm_chapters_running": 1, "paragraph_diagnostics": 928}
