[2026-09-12T08:02:37Z] created apvqxje2khai90 tinct-words-run2-93 gpu=None $0.49/hr
[2026-09-12T08:02:38Z] waiting: pod RUNNING agent HTTP 404
[2026-09-12T08:02:56Z] waiting: pod RUNNING agent HTTP 404
[2026-09-12T08:03:13Z] phase cohort at 0.6 min; setup={"versions": {"faster-whisper": "1.2.1", "ctranslate2": "4.8.2", "av": "18.1.0"}, "commit": "f53d744782e3c369fffd2980a013a7f199c0476e", "model_tree_sha256": "f1fe271c349229677131d389a96d0a28062a6a2c2fee54a8ce119c43538315c5", "ld_library_path": "/usr/local/lib/python3.11/dist-packages/nvidia/cublas/l
[2026-09-12T08:03:13Z] 0.6 min: cohort {"arm_chapters_passed": 0, "arm_chapters_rejected": 0, "arm_chapters_running": 0}
[2026-09-12T08:03:44Z] 1.1 min: cohort {"arm_chapters_passed": 0, "arm_chapters_rejected": 0, "arm_chapters_running": 0}
[2026-09-12T08:04:15Z] 1.6 min: cohort {"arm_chapters_passed": 0, "arm_chapters_rejected": 0, "arm_chapters_running": 0}
[2026-09-12T08:04:46Z] 2.1 min: cohort {"arm_chapters_passed": 0, "arm_chapters_rejected": 0, "arm_chapters_running": 0}
[2026-09-12T08:05:18Z] phase aligning at 2.6 min; setup={"versions": {"faster-whisper": "1.2.1", "ctranslate2": "4.8.2", "av": "18.1.0"}, "commit": "f53d744782e3c369fffd2980a013a7f199c0476e", "model_tree_sha256": "f1fe271c349229677131d389a96d0a28062a6a2c2fee54a8ce119c43538315c5", "ld_library_path": "/usr/local/lib/python3.11/dist-packages/nvidia/cublas/l
[2026-09-12T08:05:18Z] 2.6 min: aligning {"arm_chapters_passed": 0, "arm_chapters_rejected": 0, "arm_chapters_running": 1, "paragraph_diagnostics": 2}
[2026-09-12T08:05:49Z] 3.2 min: aligning {"arm_chapters_passed": 0, "arm_chapters_rejected": 0, "arm_chapters_running": 1, "paragraph_diagnostics": 61}
[2026-09-12T08:06:19Z] 3.7 min: aligning {"arm_chapters_passed": 0, "arm_chapters_rejected": 0, "arm_chapters_running": 1, "paragraph_diagnostics": 86}
[2026-09-12T08:06:50Z] 4.2 min: aligning {"arm_chapters_passed": 0, "arm_chapters_rejected": 1, "arm_chapters_running": 1, "paragraph_diagnostics": 142}
[2026-09-12T08:07:23Z] snapshot 566383 bytes
[2026-09-12T08:07:23Z] 4.7 min: aligning {"arm_chapters_passed": 0, "arm_chapters_rejected": 1, "arm_chapters_running": 1, "paragraph_diagnostics": 182}
[2026-09-12T08:07:58Z] 5.3 min: aligning {"arm_chapters_passed": 0, "arm_chapters_rejected": 1, "arm_chapters_running": 1, "paragraph_diagnostics": 204}
[2026-09-12T08:08:29Z] 5.9 min: aligning {"arm_chapters_passed": 0, "arm_chapters_rejected": 1, "arm_chapters_running": 1, "paragraph_diagnostics": 216}
[2026-09-12T08:09:00Z] 6.4 min: aligning {"arm_chapters_passed": 0, "arm_chapters_rejected": 1, "arm_chapters_running": 1, "paragraph_diagnostics": 223}
[2026-09-12T08:09:31Z] 6.9 min: aligning {"arm_chapters_passed": 0, "arm_chapters_rejected": 1, "arm_chapters_running": 1, "paragraph_diagnostics": 254}
[2026-09-12T08:10:02Z] 7.4 min: aligning {"arm_chapters_passed": 1, "arm_chapters_rejected": 1, "arm_chapters_running": 1, "paragraph_diagnostics": 278}
[2026-09-12T08:10:32Z] 7.9 min: aligning {"arm_chapters_passed": 1, "arm_chapters_rejected": 1, "arm_chapters_running": 1, "paragraph_diagnostics": 289}
[2026-09-12T08:11:03Z] 8.4 min: aligning {"arm_chapters_passed": 1, "arm_chapters_rejected": 1, "arm_chapters_running": 1, "paragraph_diagnostics": 296}
[2026-09-12T08:11:37Z] snapshot 1318090 bytes
[2026-09-12T08:11:37Z] 8.9 min: aligning {"arm_chapters_passed": 1, "arm_chapters_rejected": 1, "arm_chapters_running": 1, "paragraph_diagnostics": 317}
[2026-09-12T08:12:08Z] 9.5 min: aligning {"arm_chapters_passed": 1, "arm_chapters_rejected": 2, "arm_chapters_running": 1, "paragraph_diagnostics": 325}
[2026-09-12T08:12:39Z] 10.0 min: aligning {"arm_chapters_passed": 1, "arm_chapters_rejected": 2, "arm_chapters_running": 1, "paragraph_diagnostics": 354}
[2026-09-12T08:13:09Z] 10.5 min: aligning {"arm_chapters_passed": 2, "arm_chapters_rejected": 2, "arm_chapters_running": 1, "paragraph_diagnostics": 367}
[2026-09-12T08:13:40Z] 11.0 min: aligning {"arm_chapters_passed": 2, "arm_chapters_rejected": 2, "arm_chapters_running": 1, "paragraph_diagnostics": 388}
[2026-09-12T08:14:11Z] 11.5 min: aligning {"arm_chapters_passed": 2, "arm_chapters_rejected": 3, "arm_chapters_running": 1, "paragraph_diagnostics": 395}
[2026-09-12T08:14:42Z] 12.1 min: aligning {"arm_chapters_passed": 2, "arm_chapters_rejected": 3, "arm_chapters_running": 1, "paragraph_diagnostics": 404}
[2026-09-12T08:15:14Z] 12.6 min: aligning {"arm_chapters_passed": 2, "arm_chapters_rejected": 3, "arm_chapters_running": 1, "paragraph_diagnostics": 410}
[2026-09-12T08:15:49Z] snapshot 2472568 bytes
[2026-09-12T08:15:49Z] 13.1 min: aligning {"arm_chapters_passed": 2, "arm_chapters_rejected": 4, "arm_chapters_running": 1, "paragraph_diagnostics": 441}
