[2026-09-12T06:21:00Z] created t6w26mllr2n6rk tinct-words-run2-51 gpu=None $0.49/hr
[2026-09-12T06:21:01Z] waiting: pod RUNNING agent HTTP 404
[2026-09-12T06:21:17Z] waiting: pod RUNNING agent HTTP 404
[2026-09-12T06:21:35Z] phase cohort at 0.6 min; setup={"versions": {"faster-whisper": "1.2.1", "ctranslate2": "4.8.2", "av": "18.1.0"}, "commit": "f53d744782e3c369fffd2980a013a7f199c0476e", "model_tree_sha256": "f1fe271c349229677131d389a96d0a28062a6a2c2fee54a8ce119c43538315c5", "ld_library_path": "/usr/local/lib/python3.11/dist-packages/nvidia/cublas/l
[2026-09-12T06:21:35Z] 0.6 min: cohort {"arm_chapters_passed": 0, "arm_chapters_rejected": 0, "arm_chapters_running": 0}
[2026-09-12T06:22:06Z] 1.1 min: cohort {"arm_chapters_passed": 0, "arm_chapters_rejected": 0, "arm_chapters_running": 0}
[2026-09-12T06:22:36Z] phase aligning at 1.6 min; setup={"versions": {"faster-whisper": "1.2.1", "ctranslate2": "4.8.2", "av": "18.1.0"}, "commit": "f53d744782e3c369fffd2980a013a7f199c0476e", "model_tree_sha256": "f1fe271c349229677131d389a96d0a28062a6a2c2fee54a8ce119c43538315c5", "ld_library_path": "/usr/local/lib/python3.11/dist-packages/nvidia/cublas/l
[2026-09-12T06:22:36Z] 1.6 min: aligning {"arm_chapters_passed": 0, "arm_chapters_rejected": 0, "arm_chapters_running": 1, "paragraph_diagnostics": 30}
[2026-09-12T06:23:07Z] 2.1 min: aligning {"arm_chapters_passed": 0, "arm_chapters_rejected": 1, "arm_chapters_running": 1, "paragraph_diagnostics": 84}
[2026-09-12T06:23:38Z] 2.6 min: aligning {"arm_chapters_passed": 0, "arm_chapters_rejected": 1, "arm_chapters_running": 1, "paragraph_diagnostics": 114}
[2026-09-12T06:24:09Z] 3.1 min: aligning {"arm_chapters_passed": 1, "arm_chapters_rejected": 1, "arm_chapters_running": 1, "paragraph_diagnostics": 158}
[2026-09-12T06:24:40Z] 3.6 min: aligning {"arm_chapters_passed": 1, "arm_chapters_rejected": 2, "arm_chapters_running": 1, "paragraph_diagnostics": 202}
[2026-09-12T06:25:11Z] 4.2 min: aligning {"arm_chapters_passed": 1, "arm_chapters_rejected": 2, "arm_chapters_running": 1, "paragraph_diagnostics": 229}
[2026-09-12T06:25:44Z] snapshot 1112802 bytes
[2026-09-12T06:25:44Z] 4.7 min: aligning {"arm_chapters_passed": 1, "arm_chapters_rejected": 3, "arm_chapters_running": 1, "paragraph_diagnostics": 286}
[2026-09-12T06:26:15Z] 5.2 min: aligning {"arm_chapters_passed": 1, "arm_chapters_rejected": 4, "arm_chapters_running": 1, "paragraph_diagnostics": 330}
[2026-09-12T06:26:46Z] 5.7 min: aligning {"arm_chapters_passed": 1, "arm_chapters_rejected": 5, "arm_chapters_running": 1, "paragraph_diagnostics": 379}
[2026-09-12T06:27:17Z] 6.3 min: aligning {"arm_chapters_passed": 1, "arm_chapters_rejected": 6, "arm_chapters_running": 1, "paragraph_diagnostics": 428}
[2026-09-12T06:27:48Z] 6.8 min: aligning {"arm_chapters_passed": 1, "arm_chapters_rejected": 6, "arm_chapters_running": 1, "paragraph_diagnostics": 451}
[2026-09-12T06:28:19Z] 7.3 min: aligning {"arm_chapters_passed": 1, "arm_chapters_rejected": 7, "arm_chapters_running": 1, "paragraph_diagnostics": 492}
[2026-09-12T06:28:49Z] 7.8 min: aligning {"arm_chapters_passed": 1, "arm_chapters_rejected": 7, "arm_chapters_running": 1, "paragraph_diagnostics": 542}
[2026-09-12T06:29:20Z] 8.3 min: aligning {"arm_chapters_passed": 1, "arm_chapters_rejected": 8, "arm_chapters_running": 1, "paragraph_diagnostics": 589}
[2026-09-12T06:29:56Z] snapshot 2378283 bytes
[2026-09-12T06:29:56Z] 8.8 min: aligning {"arm_chapters_passed": 1, "arm_chapters_rejected": 8, "arm_chapters_running": 1, "paragraph_diagnostics": 627}
[2026-09-12T06:30:27Z] 9.4 min: aligning {"arm_chapters_passed": 2, "arm_chapters_rejected": 8, "arm_chapters_running": 1, "paragraph_diagnostics": 694}
[2026-09-12T06:30:58Z] 9.9 min: aligning {"arm_chapters_passed": 2, "arm_chapters_rejected": 9, "arm_chapters_running": 1, "paragraph_diagnostics": 732}
[2026-09-12T06:31:29Z] 10.5 min: aligning {"arm_chapters_passed": 2, "arm_chapters_rejected": 9, "arm_chapters_running": 1, "paragraph_diagnostics": 773}
[2026-09-12T06:32:00Z] 11.0 min: aligning {"arm_chapters_passed": 3, "arm_chapters_rejected": 9, "arm_chapters_running": 1, "paragraph_diagnostics": 808}
[2026-09-12T06:32:31Z] 11.5 min: aligning {"arm_chapters_passed": 3, "arm_chapters_rejected": 10, "arm_chapters_running": 1, "paragraph_diagnostics": 896}
[2026-09-12T06:33:02Z] 12.0 min: aligning {"arm_chapters_passed": 3, "arm_chapters_rejected": 10, "arm_chapters_running": 1, "paragraph_diagnostics": 937}
[2026-09-12T06:33:33Z] 12.5 min: aligning {"arm_chapters_passed": 3, "arm_chapters_rejected": 10, "arm_chapters_running": 1, "paragraph_diagnostics": 983}
[2026-09-12T06:34:11Z] snapshot 3576960 bytes
[2026-09-12T06:34:11Z] 13.1 min: aligning {"arm_chapters_passed": 4, "arm_chapters_rejected": 11, "arm_chapters_running": 1, "paragraph_diagnostics": 1040}
[2026-09-12T06:34:43Z] 13.7 min: aligning {"arm_chapters_passed": 4, "arm_chapters_rejected": 11, "arm_chapters_running": 1, "paragraph_diagnostics": 1083}
[2026-09-12T06:35:14Z] 14.2 min: aligning {"arm_chapters_passed": 5, "arm_chapters_rejected": 11, "arm_chapters_running": 1, "paragraph_diagnostics": 1178}
[2026-09-12T06:35:45Z] 14.7 min: aligning {"arm_chapters_passed": 5, "arm_chapters_rejected": 12, "arm_chapters_running": 1, "paragraph_diagnostics": 1249}
[2026-09-12T06:36:16Z] 15.2 min: aligning {"arm_chapters_passed": 5, "arm_chapters_rejected": 12, "arm_chapters_running": 1, "paragraph_diagnostics": 1295}
[2026-09-12T06:36:47Z] 15.8 min: aligning {"arm_chapters_passed": 5, "arm_chapters_rejected": 12, "arm_chapters_running": 1, "paragraph_diagnostics": 1323}
[2026-09-12T06:37:17Z] 16.3 min: aligning {"arm_chapters_passed": 5, "arm_chapters_rejected": 13, "arm_chapters_running": 1, "paragraph_diagnostics": 1354}
[2026-09-12T06:37:48Z] 16.8 min: aligning {"arm_chapters_passed": 5, "arm_chapters_rejected": 13, "arm_chapters_running": 1, "paragraph_diagnostics": 1434}
[2026-09-12T06:38:27Z] snapshot 4561581 bytes
[2026-09-12T06:38:27Z] 17.3 min: aligning {"arm_chapters_passed": 5, "arm_chapters_rejected": 13, "arm_chapters_running": 1, "paragraph_diagnostics": 1525}
[2026-09-12T06:38:58Z] 17.9 min: aligning {"arm_chapters_passed": 5, "arm_chapters_rejected": 14, "arm_chapters_running": 1, "paragraph_diagnostics": 1565}
[2026-09-12T06:39:28Z] 18.5 min: aligning {"arm_chapters_passed": 5, "arm_chapters_rejected": 14, "arm_chapters_running": 1, "paragraph_diagnostics": 1593}
[2026-09-12T06:39:59Z] 19.0 min: aligning {"arm_chapters_passed": 5, "arm_chapters_rejected": 14, "arm_chapters_running": 1, "paragraph_diagnostics": 1631}
[2026-09-12T06:40:30Z] 19.5 min: aligning {"arm_chapters_passed": 5, "arm_chapters_rejected": 14, "arm_chapters_running": 1, "paragraph_diagnostics": 1686}
[2026-09-12T06:41:01Z] phase done at 20.0 min; setup={"versions": {"faster-whisper": "1.2.1", "ctranslate2": "4.8.2", "av": "18.1.0"}, "commit": "f53d744782e3c369fffd2980a013a7f199c0476e", "model_tree_sha256": "f1fe271c349229677131d389a96d0a28062a6a2c2fee54a8ce119c43538315c5", "ld_library_path": "/usr/local/lib/python3.11/dist-packages/nvidia/cublas/l
[2026-09-12T06:41:01Z] 20.0 min: done {"arm_chapters_passed": 6, "arm_chapters_rejected": 14, "arm_chapters_running": 0, "paragraph_diagnostics": 1706}
[2026-09-12T06:41:13Z] fetched out.tar.gz (4998208 bytes)
[2026-09-12T06:41:14Z] stop t6w26mllr2n6rk: HTTP 200
[2026-09-12T06:41:16Z] terminate t6w26mllr2n6rk: HTTP 204
[2026-09-12T06:41:16Z] pod t6w26mllr2n6rk done: outcome=done uptime=20.2m est $0.17
