[2026-09-12T06:23:19Z] created f8msrct76qw8yj tinct-words-run2-54 gpu=None $0.49/hr
[2026-09-12T06:23:20Z] waiting: pod RUNNING agent HTTP 404
[2026-09-12T06:23:36Z] waiting: pod RUNNING agent HTTP 404
[2026-09-12T06:23:52Z] phase cohort at 0.5 min; setup={"versions": {"faster-whisper": "1.2.1", "ctranslate2": "4.8.2", "av": "18.1.0"}, "commit": "f53d744782e3c369fffd2980a013a7f199c0476e", "model_tree_sha256": "f1fe271c349229677131d389a96d0a28062a6a2c2fee54a8ce119c43538315c5", "ld_library_path": "/usr/local/lib/python3.11/dist-packages/nvidia/cublas/l
[2026-09-12T06:23:52Z] 0.5 min: cohort {"arm_chapters_passed": 0, "arm_chapters_rejected": 0, "arm_chapters_running": 0}
[2026-09-12T06:24:22Z] 1.1 min: cohort {"arm_chapters_passed": 0, "arm_chapters_rejected": 0, "arm_chapters_running": 0}
[2026-09-12T06:24:53Z] 1.6 min: cohort {"arm_chapters_passed": 0, "arm_chapters_rejected": 0, "arm_chapters_running": 0}
[2026-09-12T06:25:23Z] 2.1 min: cohort {"arm_chapters_passed": 0, "arm_chapters_rejected": 0, "arm_chapters_running": 0}
[2026-09-12T06:25:53Z] phase aligning at 2.6 min; setup={"versions": {"faster-whisper": "1.2.1", "ctranslate2": "4.8.2", "av": "18.1.0"}, "commit": "f53d744782e3c369fffd2980a013a7f199c0476e", "model_tree_sha256": "f1fe271c349229677131d389a96d0a28062a6a2c2fee54a8ce119c43538315c5", "ld_library_path": "/usr/local/lib/python3.11/dist-packages/nvidia/cublas/l
[2026-09-12T06:25:53Z] 2.6 min: aligning {"arm_chapters_passed": 0, "arm_chapters_rejected": 0, "arm_chapters_running": 1, "paragraph_diagnostics": 7}
[2026-09-12T06:26:24Z] 3.1 min: aligning {"arm_chapters_passed": 0, "arm_chapters_rejected": 0, "arm_chapters_running": 1, "paragraph_diagnostics": 27}
[2026-09-12T06:26:54Z] 3.6 min: aligning {"arm_chapters_passed": 0, "arm_chapters_rejected": 1, "arm_chapters_running": 1, "paragraph_diagnostics": 34}
[2026-09-12T06:27:25Z] 4.1 min: aligning {"arm_chapters_passed": 0, "arm_chapters_rejected": 1, "arm_chapters_running": 1, "paragraph_diagnostics": 35}
[2026-09-12T06:27:56Z] snapshot 1064536 bytes
[2026-09-12T06:27:56Z] 4.6 min: aligning {"arm_chapters_passed": 0, "arm_chapters_rejected": 1, "arm_chapters_running": 1, "paragraph_diagnostics": 42}
[2026-09-12T06:28:27Z] 5.1 min: aligning {"arm_chapters_passed": 0, "arm_chapters_rejected": 1, "arm_chapters_running": 1, "paragraph_diagnostics": 48}
[2026-09-12T06:28:57Z] 5.6 min: aligning {"arm_chapters_passed": 0, "arm_chapters_rejected": 1, "arm_chapters_running": 1, "paragraph_diagnostics": 57}
[2026-09-12T06:29:27Z] 6.1 min: aligning {"arm_chapters_passed": 0, "arm_chapters_rejected": 1, "arm_chapters_running": 1, "paragraph_diagnostics": 59}
[2026-09-12T06:29:58Z] 6.6 min: aligning {"arm_chapters_passed": 1, "arm_chapters_rejected": 1, "arm_chapters_running": 1, "paragraph_diagnostics": 67}
[2026-09-12T06:30:28Z] 7.2 min: aligning {"arm_chapters_passed": 1, "arm_chapters_rejected": 2, "arm_chapters_running": 1, "paragraph_diagnostics": 77}
[2026-09-12T06:30:59Z] 7.7 min: aligning {"arm_chapters_passed": 1, "arm_chapters_rejected": 2, "arm_chapters_running": 1, "paragraph_diagnostics": 83}
[2026-09-12T06:31:29Z] 8.2 min: aligning {"arm_chapters_passed": 1, "arm_chapters_rejected": 2, "arm_chapters_running": 1, "paragraph_diagnostics": 86}
[2026-09-12T06:32:03Z] snapshot 2711274 bytes
[2026-09-12T06:32:03Z] 8.7 min: aligning {"arm_chapters_passed": 1, "arm_chapters_rejected": 2, "arm_chapters_running": 1, "paragraph_diagnostics": 89}
[2026-09-12T06:32:33Z] 9.2 min: aligning {"arm_chapters_passed": 1, "arm_chapters_rejected": 3, "arm_chapters_running": 1, "paragraph_diagnostics": 95}
[2026-09-12T06:33:04Z] 9.7 min: aligning {"arm_chapters_passed": 1, "arm_chapters_rejected": 4, "arm_chapters_running": 1, "paragraph_diagnostics": 103}
[2026-09-12T06:33:34Z] 10.2 min: aligning {"arm_chapters_passed": 1, "arm_chapters_rejected": 4, "arm_chapters_running": 1, "paragraph_diagnostics": 107}
[2026-09-12T06:34:04Z] 10.8 min: aligning {"arm_chapters_passed": 1, "arm_chapters_rejected": 4, "arm_chapters_running": 1, "paragraph_diagnostics": 110}
[2026-09-12T06:34:35Z] 11.3 min: aligning {"arm_chapters_passed": 2, "arm_chapters_rejected": 4, "arm_chapters_running": 1, "paragraph_diagnostics": 113}
[2026-09-12T06:35:06Z] 11.8 min: aligning {"arm_chapters_passed": 2, "arm_chapters_rejected": 4, "arm_chapters_running": 1, "paragraph_diagnostics": 125}
[2026-09-12T06:35:36Z] 12.3 min: aligning {"arm_chapters_passed": 2, "arm_chapters_rejected": 4, "arm_chapters_running": 1, "paragraph_diagnostics": 138}
[2026-09-12T06:36:11Z] snapshot 4455669 bytes
[2026-09-12T06:36:11Z] 12.8 min: aligning {"arm_chapters_passed": 2, "arm_chapters_rejected": 4, "arm_chapters_running": 1, "paragraph_diagnostics": 153}
[2026-09-12T06:36:41Z] 13.4 min: aligning {"arm_chapters_passed": 2, "arm_chapters_rejected": 4, "arm_chapters_running": 1, "paragraph_diagnostics": 168}
[2026-09-12T06:37:12Z] 13.9 min: aligning {"arm_chapters_passed": 2, "arm_chapters_rejected": 4, "arm_chapters_running": 1, "paragraph_diagnostics": 182}
[2026-09-12T06:37:42Z] 14.4 min: aligning {"arm_chapters_passed": 2, "arm_chapters_rejected": 4, "arm_chapters_running": 1, "paragraph_diagnostics": 198}
[2026-09-12T06:38:12Z] 14.9 min: aligning {"arm_chapters_passed": 2, "arm_chapters_rejected": 4, "arm_chapters_running": 1, "paragraph_diagnostics": 214}
[2026-09-12T06:38:43Z] 15.4 min: aligning {"arm_chapters_passed": 2, "arm_chapters_rejected": 4, "arm_chapters_running": 1, "paragraph_diagnostics": 231}
[2026-09-12T06:39:14Z] 15.9 min: aligning {"arm_chapters_passed": 2, "arm_chapters_rejected": 4, "arm_chapters_running": 1, "paragraph_diagnostics": 245}
[2026-09-12T06:39:45Z] 16.4 min: aligning {"arm_chapters_passed": 2, "arm_chapters_rejected": 5, "arm_chapters_running": 1, "paragraph_diagnostics": 252}
[2026-09-12T06:40:21Z] snapshot 6440009 bytes
[2026-09-12T06:40:21Z] 16.9 min: aligning {"arm_chapters_passed": 2, "arm_chapters_rejected": 5, "arm_chapters_running": 1, "paragraph_diagnostics": 257}
[2026-09-12T06:40:52Z] 17.5 min: aligning {"arm_chapters_passed": 2, "arm_chapters_rejected": 5, "arm_chapters_running": 1, "paragraph_diagnostics": 262}
[2026-09-12T06:41:22Z] 18.1 min: aligning {"arm_chapters_passed": 2, "arm_chapters_rejected": 5, "arm_chapters_running": 1, "paragraph_diagnostics": 267}
[2026-09-12T06:41:53Z] 18.6 min: aligning {"arm_chapters_passed": 2, "arm_chapters_rejected": 5, "arm_chapters_running": 1, "paragraph_diagnostics": 269}
[2026-09-12T06:42:23Z] 19.1 min: aligning {"arm_chapters_passed": 2, "arm_chapters_rejected": 5, "arm_chapters_running": 1, "paragraph_diagnostics": 275}
[2026-09-12T06:42:54Z] 19.6 min: aligning {"arm_chapters_passed": 2, "arm_chapters_rejected": 5, "arm_chapters_running": 1, "paragraph_diagnostics": 278}
[2026-09-12T06:43:24Z] 20.1 min: aligning {"arm_chapters_passed": 2, "arm_chapters_rejected": 5, "arm_chapters_running": 1, "paragraph_diagnostics": 282}
[2026-09-12T06:43:55Z] 20.6 min: aligning {"arm_chapters_passed": 2, "arm_chapters_rejected": 5, "arm_chapters_running": 1, "paragraph_diagnostics": 287}
[2026-09-12T06:44:33Z] snapshot 7998253 bytes
[2026-09-12T06:44:33Z] 21.1 min: aligning {"arm_chapters_passed": 2, "arm_chapters_rejected": 5, "arm_chapters_running": 1, "paragraph_diagnostics": 291}
[2026-09-12T06:45:04Z] 21.7 min: aligning {"arm_chapters_passed": 2, "arm_chapters_rejected": 5, "arm_chapters_running": 1, "paragraph_diagnostics": 295}
[2026-09-12T06:45:34Z] 22.2 min: aligning {"arm_chapters_passed": 2, "arm_chapters_rejected": 5, "arm_chapters_running": 1, "paragraph_diagnostics": 301}
[2026-09-12T06:46:05Z] 22.8 min: aligning {"arm_chapters_passed": 2, "arm_chapters_rejected": 5, "arm_chapters_running": 1, "paragraph_diagnostics": 306}
[2026-09-12T06:46:35Z] 23.3 min: aligning {"arm_chapters_passed": 2, "arm_chapters_rejected": 5, "arm_chapters_running": 1, "paragraph_diagnostics": 309}
[2026-09-12T06:47:05Z] 23.8 min: aligning {"arm_chapters_passed": 2, "arm_chapters_rejected": 5, "arm_chapters_running": 1, "paragraph_diagnostics": 312}
[2026-09-12T06:47:36Z] 24.3 min: aligning {"arm_chapters_passed": 2, "arm_chapters_rejected": 5, "arm_chapters_running": 1, "paragraph_diagnostics": 317}
[2026-09-12T06:48:06Z] 24.8 min: aligning {"arm_chapters_passed": 2, "arm_chapters_rejected": 5, "arm_chapters_running": 1, "paragraph_diagnostics": 323}
[2026-09-12T06:48:46Z] snapshot 9466096 bytes
[2026-09-12T06:48:46Z] 25.3 min: aligning {"arm_chapters_passed": 2, "arm_chapters_rejected": 5, "arm_chapters_running": 1, "paragraph_diagnostics": 328}
[2026-09-12T06:49:16Z] 25.9 min: aligning {"arm_chapters_passed": 2, "arm_chapters_rejected": 5, "arm_chapters_running": 1, "paragraph_diagnostics": 335}
[2026-09-12T06:49:46Z] 26.5 min: aligning {"arm_chapters_passed": 2, "arm_chapters_rejected": 5, "arm_chapters_running": 1, "paragraph_diagnostics": 340}
[2026-09-12T06:50:17Z] 27.0 min: aligning {"arm_chapters_passed": 2, "arm_chapters_rejected": 5, "arm_chapters_running": 1, "paragraph_diagnostics": 344}
[2026-09-12T06:50:47Z] 27.5 min: aligning {"arm_chapters_passed": 2, "arm_chapters_rejected": 5, "arm_chapters_running": 1, "paragraph_diagnostics": 351}
[2026-09-12T06:51:17Z] 28.0 min: aligning {"arm_chapters_passed": 2, "arm_chapters_rejected": 5, "arm_chapters_running": 1, "paragraph_diagnostics": 357}
[2026-09-12T06:51:48Z] 28.5 min: aligning {"arm_chapters_passed": 2, "arm_chapters_rejected": 5, "arm_chapters_running": 1, "paragraph_diagnostics": 362}
[2026-09-12T06:52:18Z] 29.0 min: aligning {"arm_chapters_passed": 2, "arm_chapters_rejected": 5, "arm_chapters_running": 1, "paragraph_diagnostics": 370}
[2026-09-12T06:52:59Z] snapshot 11088936 bytes
[2026-09-12T06:52:59Z] 29.5 min: aligning {"arm_chapters_passed": 2, "arm_chapters_rejected": 5, "arm_chapters_running": 1, "paragraph_diagnostics": 375}
[2026-09-12T06:53:29Z] 30.2 min: aligning {"arm_chapters_passed": 2, "arm_chapters_rejected": 5, "arm_chapters_running": 1, "paragraph_diagnostics": 379}
[2026-09-12T06:54:00Z] 30.7 min: aligning {"arm_chapters_passed": 2, "arm_chapters_rejected": 5, "arm_chapters_running": 1, "paragraph_diagnostics": 384}
[2026-09-12T06:54:30Z] 31.2 min: aligning {"arm_chapters_passed": 3, "arm_chapters_rejected": 5, "arm_chapters_running": 1, "paragraph_diagnostics": 394}
[2026-09-12T06:55:00Z] 31.7 min: aligning {"arm_chapters_passed": 3, "arm_chapters_rejected": 5, "arm_chapters_running": 1, "paragraph_diagnostics": 410}
[2026-09-12T06:55:31Z] 32.2 min: aligning {"arm_chapters_passed": 3, "arm_chapters_rejected": 5, "arm_chapters_running": 1, "paragraph_diagnostics": 429}
[2026-09-12T06:56:01Z] 32.7 min: aligning {"arm_chapters_passed": 3, "arm_chapters_rejected": 6, "arm_chapters_running": 1, "paragraph_diagnostics": 438}
[2026-09-12T06:56:32Z] 33.2 min: aligning {"arm_chapters_passed": 3, "arm_chapters_rejected": 6, "arm_chapters_running": 1, "paragraph_diagnostics": 443}
[2026-09-12T06:57:16Z] snapshot 13187074 bytes
[2026-09-12T06:57:16Z] 33.7 min: aligning {"arm_chapters_passed": 3, "arm_chapters_rejected": 6, "arm_chapters_running": 1, "paragraph_diagnostics": 447}
[2026-09-12T06:57:46Z] 34.4 min: aligning {"arm_chapters_passed": 3, "arm_chapters_rejected": 6, "arm_chapters_running": 1, "paragraph_diagnostics": 460}
[2026-09-12T06:58:16Z] 35.0 min: aligning {"arm_chapters_passed": 3, "arm_chapters_rejected": 6, "arm_chapters_running": 1, "paragraph_diagnostics": 466}
[2026-09-12T06:58:47Z] 35.5 min: aligning {"arm_chapters_passed": 3, "arm_chapters_rejected": 6, "arm_chapters_running": 1, "paragraph_diagnostics": 471}
[2026-09-12T06:59:17Z] 36.0 min: aligning {"arm_chapters_passed": 4, "arm_chapters_rejected": 6, "arm_chapters_running": 1, "paragraph_diagnostics": 494}
[2026-09-12T06:59:47Z] 36.5 min: aligning {"arm_chapters_passed": 4, "arm_chapters_rejected": 7, "arm_chapters_running": 1, "paragraph_diagnostics": 515}
[2026-09-12T07:00:18Z] 37.0 min: aligning {"arm_chapters_passed": 4, "arm_chapters_rejected": 7, "arm_chapters_running": 1, "paragraph_diagnostics": 528}
