[2026-09-12T07:57:09Z] created 2b9086gjzgwliz tinct-words-run2-86 gpu=None $0.49/hr
[2026-09-12T07:57:10Z] waiting: pod RUNNING agent HTTP 404
[2026-09-12T07:57:25Z] waiting: pod RUNNING agent HTTP 404
[2026-09-12T07:57:42Z] phase cohort at 0.5 min; setup={"versions": {"faster-whisper": "1.2.1", "ctranslate2": "4.8.2", "av": "18.1.0"}, "commit": "f53d744782e3c369fffd2980a013a7f199c0476e", "model_tree_sha256": "f1fe271c349229677131d389a96d0a28062a6a2c2fee54a8ce119c43538315c5", "ld_library_path": "/usr/local/lib/python3.11/dist-packages/nvidia/cublas/l
[2026-09-12T07:57:42Z] 0.5 min: cohort {"arm_chapters_passed": 0, "arm_chapters_rejected": 0, "arm_chapters_running": 0}
[2026-09-12T07:58:12Z] 1.0 min: cohort {"arm_chapters_passed": 0, "arm_chapters_rejected": 0, "arm_chapters_running": 0}
[2026-09-12T07:58:42Z] 1.6 min: cohort {"arm_chapters_passed": 0, "arm_chapters_rejected": 0, "arm_chapters_running": 0}
[2026-09-12T07:59:13Z] phase aligning at 2.1 min; setup={"versions": {"faster-whisper": "1.2.1", "ctranslate2": "4.8.2", "av": "18.1.0"}, "commit": "f53d744782e3c369fffd2980a013a7f199c0476e", "model_tree_sha256": "f1fe271c349229677131d389a96d0a28062a6a2c2fee54a8ce119c43538315c5", "ld_library_path": "/usr/local/lib/python3.11/dist-packages/nvidia/cublas/l
[2026-09-12T07:59:13Z] 2.1 min: aligning {"arm_chapters_passed": 0, "arm_chapters_rejected": 0, "arm_chapters_running": 1, "paragraph_diagnostics": 29}
[2026-09-12T07:59:43Z] 2.6 min: aligning {"arm_chapters_passed": 1, "arm_chapters_rejected": 1, "arm_chapters_running": 1, "paragraph_diagnostics": 97}
[2026-09-12T08:00:13Z] 3.1 min: aligning {"arm_chapters_passed": 1, "arm_chapters_rejected": 2, "arm_chapters_running": 1, "paragraph_diagnostics": 161}
[2026-09-12T08:00:44Z] 3.6 min: aligning {"arm_chapters_passed": 2, "arm_chapters_rejected": 2, "arm_chapters_running": 1, "paragraph_diagnostics": 230}
[2026-09-12T08:01:14Z] 4.1 min: aligning {"arm_chapters_passed": 3, "arm_chapters_rejected": 3, "arm_chapters_running": 1, "paragraph_diagnostics": 298}
[2026-09-12T08:01:46Z] snapshot 635436 bytes
[2026-09-12T08:01:46Z] 4.6 min: aligning {"arm_chapters_passed": 3, "arm_chapters_rejected": 4, "arm_chapters_running": 1, "paragraph_diagnostics": 363}
[2026-09-12T08:02:16Z] 5.1 min: aligning {"arm_chapters_passed": 4, "arm_chapters_rejected": 5, "arm_chapters_running": 1, "paragraph_diagnostics": 441}
[2026-09-12T08:02:46Z] 5.6 min: aligning {"arm_chapters_passed": 5, "arm_chapters_rejected": 6, "arm_chapters_running": 1, "paragraph_diagnostics": 515}
[2026-09-12T08:03:17Z] 6.1 min: aligning {"arm_chapters_passed": 6, "arm_chapters_rejected": 6, "arm_chapters_running": 1, "paragraph_diagnostics": 580}
[2026-09-12T08:03:47Z] 6.6 min: aligning {"arm_chapters_passed": 7, "arm_chapters_rejected": 7, "arm_chapters_running": 1, "paragraph_diagnostics": 642}
[2026-09-12T08:04:18Z] 7.1 min: aligning {"arm_chapters_passed": 7, "arm_chapters_rejected": 8, "arm_chapters_running": 1, "paragraph_diagnostics": 682}
[2026-09-12T08:04:48Z] 7.6 min: aligning {"arm_chapters_passed": 7, "arm_chapters_rejected": 8, "arm_chapters_running": 1, "paragraph_diagnostics": 699}
[2026-09-12T08:05:18Z] 8.2 min: aligning {"arm_chapters_passed": 7, "arm_chapters_rejected": 8, "arm_chapters_running": 1, "paragraph_diagnostics": 715}
[2026-09-12T08:05:52Z] snapshot 1970019 bytes
[2026-09-12T08:05:52Z] 8.7 min: aligning {"arm_chapters_passed": 7, "arm_chapters_rejected": 10, "arm_chapters_running": 1, "paragraph_diagnostics": 736}
[2026-09-12T08:06:22Z] 9.2 min: aligning {"arm_chapters_passed": 7, "arm_chapters_rejected": 10, "arm_chapters_running": 1, "paragraph_diagnostics": 743}
[2026-09-12T08:06:52Z] 9.7 min: aligning {"arm_chapters_passed": 7, "arm_chapters_rejected": 11, "arm_chapters_running": 1, "paragraph_diagnostics": 784}
[2026-09-12T08:07:23Z] 10.2 min: aligning {"arm_chapters_passed": 7, "arm_chapters_rejected": 12, "arm_chapters_running": 1, "paragraph_diagnostics": 821}
[2026-09-12T08:07:53Z] 10.7 min: aligning {"arm_chapters_passed": 7, "arm_chapters_rejected": 14, "arm_chapters_running": 1, "paragraph_diagnostics": 854}
[2026-09-12T08:08:24Z] 11.2 min: aligning {"arm_chapters_passed": 8, "arm_chapters_rejected": 14, "arm_chapters_running": 1, "paragraph_diagnostics": 880}
[2026-09-12T08:08:55Z] 11.8 min: aligning {"arm_chapters_passed": 9, "arm_chapters_rejected": 16, "arm_chapters_running": 1, "paragraph_diagnostics": 921}
[2026-09-12T08:09:25Z] 12.3 min: aligning {"arm_chapters_passed": 10, "arm_chapters_rejected": 16, "arm_chapters_running": 1, "paragraph_diagnostics": 964}
[2026-09-12T08:10:01Z] snapshot 3464859 bytes
[2026-09-12T08:10:01Z] 12.8 min: aligning {"arm_chapters_passed": 10, "arm_chapters_rejected": 17, "arm_chapters_running": 1, "paragraph_diagnostics": 995}
[2026-09-12T08:10:31Z] 13.4 min: aligning {"arm_chapters_passed": 10, "arm_chapters_rejected": 19, "arm_chapters_running": 1, "paragraph_diagnostics": 1022}
[2026-09-12T08:11:02Z] 13.9 min: aligning {"arm_chapters_passed": 14, "arm_chapters_rejected": 20, "arm_chapters_running": 1, "paragraph_diagnostics": 1042}
[2026-09-12T08:11:32Z] 14.4 min: aligning {"arm_chapters_passed": 14, "arm_chapters_rejected": 21, "arm_chapters_running": 1, "paragraph_diagnostics": 1057}
[2026-09-12T08:12:03Z] 14.9 min: aligning {"arm_chapters_passed": 15, "arm_chapters_rejected": 22, "arm_chapters_running": 1, "paragraph_diagnostics": 1095}
[2026-09-12T08:12:33Z] 15.4 min: aligning {"arm_chapters_passed": 16, "arm_chapters_rejected": 23, "arm_chapters_running": 1, "paragraph_diagnostics": 1134}
[2026-09-12T08:13:04Z] 15.9 min: aligning {"arm_chapters_passed": 17, "arm_chapters_rejected": 23, "arm_chapters_running": 1, "paragraph_diagnostics": 1180}
[2026-09-12T08:13:34Z] 16.4 min: aligning {"arm_chapters_passed": 17, "arm_chapters_rejected": 24, "arm_chapters_running": 1, "paragraph_diagnostics": 1200}
[2026-09-12T08:14:11Z] snapshot 5066797 bytes
[2026-09-12T08:14:11Z] 16.9 min: aligning {"arm_chapters_passed": 18, "arm_chapters_rejected": 25, "arm_chapters_running": 1, "paragraph_diagnostics": 1246}
[2026-09-12T08:14:41Z] 17.5 min: aligning {"arm_chapters_passed": 19, "arm_chapters_rejected": 26, "arm_chapters_running": 1, "paragraph_diagnostics": 1275}
[2026-09-12T08:15:12Z] 18.0 min: aligning {"arm_chapters_passed": 20, "arm_chapters_rejected": 27, "arm_chapters_running": 1, "paragraph_diagnostics": 1304}
[2026-09-12T08:15:42Z] 18.6 min: aligning {"arm_chapters_passed": 22, "arm_chapters_rejected": 28, "arm_chapters_running": 1, "paragraph_diagnostics": 1340}
[2026-09-12T08:16:12Z] 19.1 min: aligning {"arm_chapters_passed": 22, "arm_chapters_rejected": 29, "arm_chapters_running": 1, "paragraph_diagnostics": 1359}
[2026-09-12T08:16:43Z] 19.6 min: aligning {"arm_chapters_passed": 23, "arm_chapters_rejected": 29, "arm_chapters_running": 1, "paragraph_diagnostics": 1388}
[2026-09-12T08:17:13Z] 20.1 min: aligning {"arm_chapters_passed": 23, "arm_chapters_rejected": 30, "arm_chapters_running": 1, "paragraph_diagnostics": 1425}
[2026-09-12T08:17:44Z] 20.6 min: aligning {"arm_chapters_passed": 23, "arm_chapters_rejected": 30, "arm_chapters_running": 1, "paragraph_diagnostics": 1440}
[2026-09-12T08:18:22Z] snapshot 6673637 bytes
[2026-09-12T08:18:22Z] 21.1 min: aligning {"arm_chapters_passed": 23, "arm_chapters_rejected": 30, "arm_chapters_running": 1, "paragraph_diagnostics": 1456}
[2026-09-12T08:18:52Z] 21.7 min: aligning {"arm_chapters_passed": 23, "arm_chapters_rejected": 31, "arm_chapters_running": 1, "paragraph_diagnostics": 1488}
[2026-09-12T08:19:23Z] 22.2 min: aligning {"arm_chapters_passed": 23, "arm_chapters_rejected": 32, "arm_chapters_running": 1, "paragraph_diagnostics": 1520}
[2026-09-12T08:19:53Z] 22.7 min: aligning {"arm_chapters_passed": 23, "arm_chapters_rejected": 32, "arm_chapters_running": 1, "paragraph_diagnostics": 1534}
[2026-09-12T08:20:24Z] 23.2 min: aligning {"arm_chapters_passed": 23, "arm_chapters_rejected": 32, "arm_chapters_running": 1, "paragraph_diagnostics": 1556}
[2026-09-12T08:20:54Z] 23.8 min: aligning {"arm_chapters_passed": 23, "arm_chapters_rejected": 33, "arm_chapters_running": 1, "paragraph_diagnostics": 1588}
[2026-09-12T08:21:24Z] 24.3 min: aligning {"arm_chapters_passed": 23, "arm_chapters_rejected": 33, "arm_chapters_running": 1, "paragraph_diagnostics": 1622}
[2026-09-12T08:21:55Z] 24.8 min: aligning {"arm_chapters_passed": 23, "arm_chapters_rejected": 34, "arm_chapters_running": 1, "paragraph_diagnostics": 1635}
[2026-09-12T08:22:35Z] snapshot 8380557 bytes
[2026-09-12T08:22:35Z] 25.3 min: aligning {"arm_chapters_passed": 23, "arm_chapters_rejected": 34, "arm_chapters_running": 1, "paragraph_diagnostics": 1657}
[2026-09-12T08:23:05Z] 25.9 min: aligning {"arm_chapters_passed": 23, "arm_chapters_rejected": 34, "arm_chapters_running": 1, "paragraph_diagnostics": 1682}
[2026-09-12T08:23:36Z] 26.4 min: aligning {"arm_chapters_passed": 23, "arm_chapters_rejected": 37, "arm_chapters_running": 1, "paragraph_diagnostics": 1701}
[2026-09-12T08:24:06Z] 26.9 min: aligning {"arm_chapters_passed": 23, "arm_chapters_rejected": 37, "arm_chapters_running": 1, "paragraph_diagnostics": 1722}
[2026-09-12T08:24:36Z] 27.5 min: aligning {"arm_chapters_passed": 23, "arm_chapters_rejected": 38, "arm_chapters_running": 1, "paragraph_diagnostics": 1737}
[2026-09-12T08:25:07Z] 28.0 min: aligning {"arm_chapters_passed": 23, "arm_chapters_rejected": 38, "arm_chapters_running": 1, "paragraph_diagnostics": 1745}
[2026-09-12T08:25:37Z] 28.5 min: aligning {"arm_chapters_passed": 23, "arm_chapters_rejected": 38, "arm_chapters_running": 1, "paragraph_diagnostics": 1753}
[2026-09-12T08:26:07Z] 29.0 min: aligning {"arm_chapters_passed": 24, "arm_chapters_rejected": 38, "arm_chapters_running": 1, "paragraph_diagnostics": 1779}
[2026-09-12T08:26:52Z] snapshot 10260352 bytes
[2026-09-12T08:26:52Z] 29.5 min: aligning {"arm_chapters_passed": 25, "arm_chapters_rejected": 39, "arm_chapters_running": 1, "paragraph_diagnostics": 1807}
[2026-09-12T08:27:22Z] 30.2 min: aligning {"arm_chapters_passed": 25, "arm_chapters_rejected": 40, "arm_chapters_running": 1, "paragraph_diagnostics": 1861}
[2026-09-12T08:27:52Z] 30.7 min: aligning {"arm_chapters_passed": 25, "arm_chapters_rejected": 40, "arm_chapters_running": 1, "paragraph_diagnostics": 1893}
[2026-09-12T08:28:23Z] 31.2 min: aligning {"arm_chapters_passed": 26, "arm_chapters_rejected": 41, "arm_chapters_running": 1, "paragraph_diagnostics": 1916}
[2026-09-12T08:28:53Z] 31.7 min: aligning {"arm_chapters_passed": 26, "arm_chapters_rejected": 41, "arm_chapters_running": 1, "paragraph_diagnostics": 1923}
[2026-09-12T08:29:24Z] phase done at 32.2 min; setup={"versions": {"faster-whisper": "1.2.1", "ctranslate2": "4.8.2", "av": "18.1.0"}, "commit": "f53d744782e3c369fffd2980a013a7f199c0476e", "model_tree_sha256": "f1fe271c349229677131d389a96d0a28062a6a2c2fee54a8ce119c43538315c5", "ld_library_path": "/usr/local/lib/python3.11/dist-packages/nvidia/cublas/l
[2026-09-12T08:29:24Z] 32.2 min: done {"arm_chapters_passed": 27, "arm_chapters_rejected": 41, "arm_chapters_running": 0, "paragraph_diagnostics": 1928}
[2026-09-12T08:29:37Z] fetched out.tar.gz (11143527 bytes)
[2026-09-12T08:29:38Z] stop 2b9086gjzgwliz: HTTP 200
[2026-09-12T08:29:39Z] terminate 2b9086gjzgwliz: HTTP 204
[2026-09-12T08:29:39Z] pod 2b9086gjzgwliz done: outcome=done uptime=32.5m est $0.27
