[2026-09-12T07:55:36Z] created alw9k3cz9qg4ip tinct-words-run2-84 gpu=None $0.49/hr
[2026-09-12T07:55:37Z] waiting: pod RUNNING agent HTTP 404
[2026-09-12T07:55:53Z] waiting: pod RUNNING agent HTTP 404
[2026-09-12T07:56:09Z] phase cohort at 0.5 min; setup={"versions": {"faster-whisper": "1.2.1", "ctranslate2": "4.8.2", "av": "18.1.0"}, "commit": "f53d744782e3c369fffd2980a013a7f199c0476e", "model_tree_sha256": "f1fe271c349229677131d389a96d0a28062a6a2c2fee54a8ce119c43538315c5", "ld_library_path": "/usr/local/lib/python3.11/dist-packages/nvidia/cublas/l
[2026-09-12T07:56:09Z] 0.5 min: cohort {"arm_chapters_passed": 0, "arm_chapters_rejected": 0, "arm_chapters_running": 0}
[2026-09-12T07:56:40Z] 1.0 min: cohort {"arm_chapters_passed": 0, "arm_chapters_rejected": 0, "arm_chapters_running": 0}
[2026-09-12T07:57:10Z] 1.6 min: cohort {"arm_chapters_passed": 0, "arm_chapters_rejected": 0, "arm_chapters_running": 0}
[2026-09-12T07:57:40Z] 2.1 min: cohort {"arm_chapters_passed": 0, "arm_chapters_rejected": 0, "arm_chapters_running": 0}
[2026-09-12T07:58:11Z] phase aligning at 2.6 min; setup={"versions": {"faster-whisper": "1.2.1", "ctranslate2": "4.8.2", "av": "18.1.0"}, "commit": "f53d744782e3c369fffd2980a013a7f199c0476e", "model_tree_sha256": "f1fe271c349229677131d389a96d0a28062a6a2c2fee54a8ce119c43538315c5", "ld_library_path": "/usr/local/lib/python3.11/dist-packages/nvidia/cublas/l
[2026-09-12T07:58:11Z] 2.6 min: aligning {"arm_chapters_passed": 0, "arm_chapters_rejected": 0, "arm_chapters_running": 1, "paragraph_diagnostics": 10}
[2026-09-12T07:58:41Z] 3.1 min: aligning {"arm_chapters_passed": 0, "arm_chapters_rejected": 0, "arm_chapters_running": 1, "paragraph_diagnostics": 58}
[2026-09-12T07:59:12Z] 3.6 min: aligning {"arm_chapters_passed": 0, "arm_chapters_rejected": 1, "arm_chapters_running": 1, "paragraph_diagnostics": 69}
[2026-09-12T07:59:42Z] 4.1 min: aligning {"arm_chapters_passed": 0, "arm_chapters_rejected": 1, "arm_chapters_running": 1, "paragraph_diagnostics": 108}
[2026-09-12T08:00:14Z] snapshot 1004650 bytes
[2026-09-12T08:00:14Z] 4.6 min: aligning {"arm_chapters_passed": 1, "arm_chapters_rejected": 1, "arm_chapters_running": 1, "paragraph_diagnostics": 122}
[2026-09-12T08:00:44Z] 5.1 min: aligning {"arm_chapters_passed": 1, "arm_chapters_rejected": 1, "arm_chapters_running": 1, "paragraph_diagnostics": 165}
[2026-09-12T08:01:15Z] 5.6 min: aligning {"arm_chapters_passed": 2, "arm_chapters_rejected": 1, "arm_chapters_running": 1, "paragraph_diagnostics": 190}
[2026-09-12T08:01:45Z] 6.1 min: aligning {"arm_chapters_passed": 2, "arm_chapters_rejected": 1, "arm_chapters_running": 1, "paragraph_diagnostics": 223}
[2026-09-12T08:02:15Z] 6.6 min: aligning {"arm_chapters_passed": 3, "arm_chapters_rejected": 2, "arm_chapters_running": 1, "paragraph_diagnostics": 245}
[2026-09-12T08:02:46Z] 7.2 min: aligning {"arm_chapters_passed": 3, "arm_chapters_rejected": 2, "arm_chapters_running": 1, "paragraph_diagnostics": 256}
[2026-09-12T08:03:16Z] 7.7 min: aligning {"arm_chapters_passed": 3, "arm_chapters_rejected": 2, "arm_chapters_running": 1, "paragraph_diagnostics": 262}
[2026-09-12T08:03:46Z] 8.2 min: aligning {"arm_chapters_passed": 4, "arm_chapters_rejected": 3, "arm_chapters_running": 1, "paragraph_diagnostics": 281}
[2026-09-12T08:04:20Z] snapshot 2822061 bytes
[2026-09-12T08:04:20Z] 8.7 min: aligning {"arm_chapters_passed": 4, "arm_chapters_rejected": 3, "arm_chapters_running": 1, "paragraph_diagnostics": 289}
[2026-09-12T08:04:51Z] 9.2 min: aligning {"arm_chapters_passed": 5, "arm_chapters_rejected": 3, "arm_chapters_running": 1, "paragraph_diagnostics": 317}
[2026-09-12T08:05:21Z] 9.7 min: aligning {"arm_chapters_passed": 5, "arm_chapters_rejected": 4, "arm_chapters_running": 1, "paragraph_diagnostics": 340}
[2026-09-12T08:05:51Z] 10.2 min: aligning {"arm_chapters_passed": 5, "arm_chapters_rejected": 4, "arm_chapters_running": 1, "paragraph_diagnostics": 354}
[2026-09-12T08:06:22Z] 10.8 min: aligning {"arm_chapters_passed": 5, "arm_chapters_rejected": 4, "arm_chapters_running": 1, "paragraph_diagnostics": 366}
[2026-09-12T08:06:52Z] 11.3 min: aligning {"arm_chapters_passed": 6, "arm_chapters_rejected": 4, "arm_chapters_running": 1, "paragraph_diagnostics": 408}
[2026-09-12T08:07:23Z] 11.8 min: aligning {"arm_chapters_passed": 6, "arm_chapters_rejected": 5, "arm_chapters_running": 1, "paragraph_diagnostics": 445}
[2026-09-12T08:07:53Z] 12.3 min: aligning {"arm_chapters_passed": 7, "arm_chapters_rejected": 5, "arm_chapters_running": 1, "paragraph_diagnostics": 484}
[2026-09-12T08:08:29Z] snapshot 4790542 bytes
[2026-09-12T08:08:29Z] 12.8 min: aligning {"arm_chapters_passed": 7, "arm_chapters_rejected": 5, "arm_chapters_running": 1, "paragraph_diagnostics": 514}
[2026-09-12T08:09:00Z] 13.4 min: aligning {"arm_chapters_passed": 7, "arm_chapters_rejected": 6, "arm_chapters_running": 1, "paragraph_diagnostics": 532}
[2026-09-12T08:09:30Z] 13.9 min: aligning {"arm_chapters_passed": 7, "arm_chapters_rejected": 6, "arm_chapters_running": 1, "paragraph_diagnostics": 541}
[2026-09-12T08:10:01Z] 14.4 min: aligning {"arm_chapters_passed": 7, "arm_chapters_rejected": 6, "arm_chapters_running": 1, "paragraph_diagnostics": 560}
[2026-09-12T08:10:31Z] 14.9 min: aligning {"arm_chapters_passed": 8, "arm_chapters_rejected": 6, "arm_chapters_running": 1, "paragraph_diagnostics": 582}
[2026-09-12T08:11:01Z] 15.4 min: aligning {"arm_chapters_passed": 8, "arm_chapters_rejected": 7, "arm_chapters_running": 1, "paragraph_diagnostics": 624}
[2026-09-12T08:11:32Z] 15.9 min: aligning {"arm_chapters_passed": 8, "arm_chapters_rejected": 7, "arm_chapters_running": 1, "paragraph_diagnostics": 638}
[2026-09-12T08:12:02Z] 16.4 min: aligning {"arm_chapters_passed": 8, "arm_chapters_rejected": 7, "arm_chapters_running": 1, "paragraph_diagnostics": 660}
[2026-09-12T08:12:40Z] snapshot 6497646 bytes
[2026-09-12T08:12:40Z] 16.9 min: aligning {"arm_chapters_passed": 8, "arm_chapters_rejected": 7, "arm_chapters_running": 1, "paragraph_diagnostics": 678}
[2026-09-12T08:13:11Z] 17.6 min: aligning {"arm_chapters_passed": 9, "arm_chapters_rejected": 7, "arm_chapters_running": 1, "paragraph_diagnostics": 706}
[2026-09-12T08:13:41Z] 18.1 min: aligning {"arm_chapters_passed": 9, "arm_chapters_rejected": 8, "arm_chapters_running": 1, "paragraph_diagnostics": 719}
[2026-09-12T08:14:12Z] 18.6 min: aligning {"arm_chapters_passed": 9, "arm_chapters_rejected": 8, "arm_chapters_running": 1, "paragraph_diagnostics": 734}
[2026-09-12T08:14:42Z] 19.1 min: aligning {"arm_chapters_passed": 10, "arm_chapters_rejected": 8, "arm_chapters_running": 1, "paragraph_diagnostics": 742}
[2026-09-12T08:15:13Z] 19.6 min: aligning {"arm_chapters_passed": 10, "arm_chapters_rejected": 9, "arm_chapters_running": 1, "paragraph_diagnostics": 761}
[2026-09-12T08:15:43Z] 20.1 min: aligning {"arm_chapters_passed": 11, "arm_chapters_rejected": 9, "arm_chapters_running": 1, "paragraph_diagnostics": 777}
[2026-09-12T08:16:13Z] 20.6 min: aligning {"arm_chapters_passed": 11, "arm_chapters_rejected": 10, "arm_chapters_running": 1, "paragraph_diagnostics": 802}
[2026-09-12T08:16:53Z] snapshot 8580711 bytes
[2026-09-12T08:16:53Z] 21.1 min: aligning {"arm_chapters_passed": 11, "arm_chapters_rejected": 10, "arm_chapters_running": 1, "paragraph_diagnostics": 812}
[2026-09-12T08:17:23Z] 21.8 min: aligning {"arm_chapters_passed": 12, "arm_chapters_rejected": 10, "arm_chapters_running": 1, "paragraph_diagnostics": 846}
[2026-09-12T08:17:53Z] 22.3 min: aligning {"arm_chapters_passed": 12, "arm_chapters_rejected": 11, "arm_chapters_running": 1, "paragraph_diagnostics": 872}
[2026-09-12T08:18:24Z] 22.8 min: aligning {"arm_chapters_passed": 13, "arm_chapters_rejected": 11, "arm_chapters_running": 1, "paragraph_diagnostics": 887}
[2026-09-12T08:18:54Z] 23.3 min: aligning {"arm_chapters_passed": 13, "arm_chapters_rejected": 12, "arm_chapters_running": 1, "paragraph_diagnostics": 919}
[2026-09-12T08:19:25Z] 23.8 min: aligning {"arm_chapters_passed": 13, "arm_chapters_rejected": 12, "arm_chapters_running": 1, "paragraph_diagnostics": 931}
[2026-09-12T08:19:56Z] 24.3 min: aligning {"arm_chapters_passed": 13, "arm_chapters_rejected": 12, "arm_chapters_running": 1, "paragraph_diagnostics": 953}
[2026-09-12T08:20:26Z] 24.8 min: aligning {"arm_chapters_passed": 14, "arm_chapters_rejected": 13, "arm_chapters_running": 1, "paragraph_diagnostics": 966}
[2026-09-12T08:21:07Z] snapshot 10452875 bytes
[2026-09-12T08:21:07Z] 25.3 min: aligning {"arm_chapters_passed": 14, "arm_chapters_rejected": 13, "arm_chapters_running": 1, "paragraph_diagnostics": 972}
[2026-09-12T08:21:38Z] 26.0 min: aligning {"arm_chapters_passed": 15, "arm_chapters_rejected": 13, "arm_chapters_running": 1, "paragraph_diagnostics": 997}
[2026-09-12T08:22:08Z] 26.5 min: aligning {"arm_chapters_passed": 15, "arm_chapters_rejected": 14, "arm_chapters_running": 1, "paragraph_diagnostics": 1019}
[2026-09-12T08:22:38Z] 27.0 min: aligning {"arm_chapters_passed": 16, "arm_chapters_rejected": 14, "arm_chapters_running": 1, "paragraph_diagnostics": 1029}
[2026-09-12T08:23:09Z] 27.5 min: aligning {"arm_chapters_passed": 17, "arm_chapters_rejected": 15, "arm_chapters_running": 1, "paragraph_diagnostics": 1055}
[2026-09-12T08:23:39Z] 28.0 min: aligning {"arm_chapters_passed": 17, "arm_chapters_rejected": 16, "arm_chapters_running": 1, "paragraph_diagnostics": 1072}
[2026-09-12T08:24:09Z] 28.5 min: aligning {"arm_chapters_passed": 17, "arm_chapters_rejected": 16, "arm_chapters_running": 1, "paragraph_diagnostics": 1080}
[2026-09-12T08:24:40Z] 29.1 min: aligning {"arm_chapters_passed": 18, "arm_chapters_rejected": 17, "arm_chapters_running": 1, "paragraph_diagnostics": 1098}
[2026-09-12T08:25:23Z] snapshot 12343285 bytes
[2026-09-12T08:25:23Z] 29.6 min: aligning {"arm_chapters_passed": 19, "arm_chapters_rejected": 17, "arm_chapters_running": 1, "paragraph_diagnostics": 1104}
[2026-09-12T08:25:53Z] 30.3 min: aligning {"arm_chapters_passed": 20, "arm_chapters_rejected": 17, "arm_chapters_running": 1, "paragraph_diagnostics": 1144}
[2026-09-12T08:26:24Z] 30.8 min: aligning {"arm_chapters_passed": 20, "arm_chapters_rejected": 17, "arm_chapters_running": 1, "paragraph_diagnostics": 1163}
[2026-09-12T08:26:54Z] 31.3 min: aligning {"arm_chapters_passed": 21, "arm_chapters_rejected": 18, "arm_chapters_running": 1, "paragraph_diagnostics": 1196}
[2026-09-12T08:27:24Z] 31.8 min: aligning {"arm_chapters_passed": 22, "arm_chapters_rejected": 18, "arm_chapters_running": 1, "paragraph_diagnostics": 1219}
[2026-09-12T08:27:55Z] 32.3 min: aligning {"arm_chapters_passed": 23, "arm_chapters_rejected": 18, "arm_chapters_running": 1, "paragraph_diagnostics": 1258}
[2026-09-12T08:28:25Z] 32.8 min: aligning {"arm_chapters_passed": 23, "arm_chapters_rejected": 18, "arm_chapters_running": 1, "paragraph_diagnostics": 1274}
[2026-09-12T08:28:56Z] 33.3 min: aligning {"arm_chapters_passed": 23, "arm_chapters_rejected": 18, "arm_chapters_running": 1, "paragraph_diagnostics": 1297}
[2026-09-12T08:29:41Z] snapshot 14155441 bytes
[2026-09-12T08:29:41Z] 33.8 min: aligning {"arm_chapters_passed": 24, "arm_chapters_rejected": 18, "arm_chapters_running": 1, "paragraph_diagnostics": 1316}
[2026-09-12T08:30:11Z] 34.6 min: aligning {"arm_chapters_passed": 25, "arm_chapters_rejected": 18, "arm_chapters_running": 1, "paragraph_diagnostics": 1330}
