[2026-09-12T05:59:57Z] created 2x43l9y7ulh72m tinct-words-run2-37 gpu=None $0.49/hr
[2026-09-12T05:59:58Z] waiting: pod RUNNING agent HTTP 404
[2026-09-12T06:00:14Z] waiting: pod RUNNING agent HTTP 404
[2026-09-12T06:00:30Z] phase cohort at 0.5 min; setup={"versions": {"faster-whisper": "1.2.1", "ctranslate2": "4.8.2", "av": "18.1.0"}, "commit": "f53d744782e3c369fffd2980a013a7f199c0476e", "model_tree_sha256": "f1fe271c349229677131d389a96d0a28062a6a2c2fee54a8ce119c43538315c5", "ld_library_path": "/usr/local/lib/python3.11/dist-packages/nvidia/cublas/l
[2026-09-12T06:00:30Z] 0.5 min: cohort {"arm_chapters_passed": 0, "arm_chapters_rejected": 0, "arm_chapters_running": 0}
[2026-09-12T06:01:00Z] 1.0 min: cohort {"arm_chapters_passed": 0, "arm_chapters_rejected": 0, "arm_chapters_running": 0}
[2026-09-12T06:01:31Z] 1.6 min: cohort {"arm_chapters_passed": 0, "arm_chapters_rejected": 0, "arm_chapters_running": 0}
[2026-09-12T06:02:01Z] phase aligning at 2.1 min; setup={"versions": {"faster-whisper": "1.2.1", "ctranslate2": "4.8.2", "av": "18.1.0"}, "commit": "f53d744782e3c369fffd2980a013a7f199c0476e", "model_tree_sha256": "f1fe271c349229677131d389a96d0a28062a6a2c2fee54a8ce119c43538315c5", "ld_library_path": "/usr/local/lib/python3.11/dist-packages/nvidia/cublas/l
[2026-09-12T06:02:01Z] 2.1 min: aligning {"arm_chapters_passed": 0, "arm_chapters_rejected": 0, "arm_chapters_running": 1, "paragraph_diagnostics": 15}
[2026-09-12T06:02:31Z] 2.6 min: aligning {"arm_chapters_passed": 0, "arm_chapters_rejected": 0, "arm_chapters_running": 1, "paragraph_diagnostics": 98}
[2026-09-12T06:03:02Z] 3.1 min: aligning {"arm_chapters_passed": 0, "arm_chapters_rejected": 0, "arm_chapters_running": 1, "paragraph_diagnostics": 174}
[2026-09-12T06:03:33Z] 3.6 min: aligning {"arm_chapters_passed": 0, "arm_chapters_rejected": 1, "arm_chapters_running": 1, "paragraph_diagnostics": 267}
[2026-09-12T06:04:04Z] 4.1 min: aligning {"arm_chapters_passed": 0, "arm_chapters_rejected": 1, "arm_chapters_running": 1, "paragraph_diagnostics": 333}
[2026-09-12T06:04:35Z] snapshot 680511 bytes
[2026-09-12T06:04:35Z] 4.6 min: aligning {"arm_chapters_passed": 0, "arm_chapters_rejected": 1, "arm_chapters_running": 1, "paragraph_diagnostics": 368}
[2026-09-12T06:05:05Z] 5.1 min: aligning {"arm_chapters_passed": 1, "arm_chapters_rejected": 1, "arm_chapters_running": 1, "paragraph_diagnostics": 424}
[2026-09-12T06:05:36Z] 5.6 min: aligning {"arm_chapters_passed": 1, "arm_chapters_rejected": 1, "arm_chapters_running": 1, "paragraph_diagnostics": 477}
[2026-09-12T06:06:06Z] 6.1 min: aligning {"arm_chapters_passed": 1, "arm_chapters_rejected": 1, "arm_chapters_running": 1, "paragraph_diagnostics": 504}
[2026-09-12T06:06:37Z] 6.6 min: aligning {"arm_chapters_passed": 1, "arm_chapters_rejected": 2, "arm_chapters_running": 1, "paragraph_diagnostics": 527}
[2026-09-12T06:07:07Z] 7.2 min: aligning {"arm_chapters_passed": 1, "arm_chapters_rejected": 2, "arm_chapters_running": 1, "paragraph_diagnostics": 561}
[2026-09-12T06:07:38Z] 7.7 min: aligning {"arm_chapters_passed": 1, "arm_chapters_rejected": 2, "arm_chapters_running": 1, "paragraph_diagnostics": 573}
[2026-09-12T06:08:08Z] 8.2 min: aligning {"arm_chapters_passed": 1, "arm_chapters_rejected": 2, "arm_chapters_running": 1, "paragraph_diagnostics": 584}
[2026-09-12T06:08:41Z] snapshot 2035854 bytes
[2026-09-12T06:08:41Z] 8.7 min: aligning {"arm_chapters_passed": 1, "arm_chapters_rejected": 2, "arm_chapters_running": 1, "paragraph_diagnostics": 598}
[2026-09-12T06:09:12Z] 9.2 min: aligning {"arm_chapters_passed": 1, "arm_chapters_rejected": 3, "arm_chapters_running": 1, "paragraph_diagnostics": 619}
[2026-09-12T06:09:42Z] 9.7 min: aligning {"arm_chapters_passed": 1, "arm_chapters_rejected": 3, "arm_chapters_running": 1, "paragraph_diagnostics": 673}
[2026-09-12T06:10:13Z] 10.3 min: aligning {"arm_chapters_passed": 1, "arm_chapters_rejected": 3, "arm_chapters_running": 1, "paragraph_diagnostics": 748}
[2026-09-12T06:10:43Z] 10.8 min: aligning {"arm_chapters_passed": 1, "arm_chapters_rejected": 4, "arm_chapters_running": 1, "paragraph_diagnostics": 795}
[2026-09-12T06:11:14Z] 11.3 min: aligning {"arm_chapters_passed": 1, "arm_chapters_rejected": 4, "arm_chapters_running": 1, "paragraph_diagnostics": 820}
[2026-09-12T06:11:44Z] 11.8 min: aligning {"arm_chapters_passed": 1, "arm_chapters_rejected": 4, "arm_chapters_running": 1, "paragraph_diagnostics": 848}
[2026-09-12T06:12:14Z] 12.3 min: aligning {"arm_chapters_passed": 1, "arm_chapters_rejected": 4, "arm_chapters_running": 1, "paragraph_diagnostics": 896}
[2026-09-12T06:12:50Z] snapshot 3302703 bytes
[2026-09-12T06:12:50Z] 12.8 min: aligning {"arm_chapters_passed": 1, "arm_chapters_rejected": 4, "arm_chapters_running": 1, "paragraph_diagnostics": 931}
[2026-09-12T06:13:21Z] 13.4 min: aligning {"arm_chapters_passed": 1, "arm_chapters_rejected": 5, "arm_chapters_running": 1, "paragraph_diagnostics": 964}
[2026-09-12T06:13:51Z] 13.9 min: aligning {"arm_chapters_passed": 1, "arm_chapters_rejected": 5, "arm_chapters_running": 1, "paragraph_diagnostics": 1034}
[2026-09-12T06:14:21Z] 14.4 min: aligning {"arm_chapters_passed": 1, "arm_chapters_rejected": 5, "arm_chapters_running": 1, "paragraph_diagnostics": 1069}
[2026-09-12T06:14:52Z] 14.9 min: aligning {"arm_chapters_passed": 1, "arm_chapters_rejected": 6, "arm_chapters_running": 1, "paragraph_diagnostics": 1116}
[2026-09-12T06:15:23Z] pod is EXITED (Exited by user: Sat Sep 12 2026 06:15:10 GMT+0000 (Coordinated Universal Time)); using last snapshot
[2026-09-12T06:15:25Z] final fetch failed (HTTP 404); extracted last snapshot from 2026-09-12T06:12:50Z
[2026-09-12T06:15:26Z] stop 2x43l9y7ulh72m: HTTP 200
[2026-09-12T06:15:27Z] terminate 2x43l9y7ulh72m: HTTP 204
[2026-09-12T06:15:27Z] pod 2x43l9y7ulh72m done: outcome=pod-exited-externally uptime=15.5m est $0.13
