[2026-09-12T13:34:16Z] created z37iobfy6oajz5 tinct-words-run3-8 gpu=None $0.49/hr
[2026-09-12T13:34:17Z] waiting: pod RUNNING agent HTTP 404
[2026-09-12T13:34:33Z] waiting: pod RUNNING agent HTTP 404
[2026-09-12T13:34:49Z] phase cohort at 0.5 min; setup={"versions": {"faster-whisper": "1.2.1", "ctranslate2": "4.8.2", "av": "18.1.0"}, "commit": "c43ab3799d5b71c58b770ed22e1bd7bb9b2774cf", "model_tree_sha256": "f1fe271c349229677131d389a96d0a28062a6a2c2fee54a8ce119c43538315c5", "ld_library_path": "/usr/local/lib/python3.11/dist-packages/nvidia/cublas/l
[2026-09-12T13:34:49Z] 0.5 min: cohort {"arm_chapters_passed": 0, "arm_chapters_rejected": 0, "arm_chapters_running": 0}
[2026-09-12T13:35:20Z] 1.1 min: cohort {"arm_chapters_passed": 0, "arm_chapters_rejected": 0, "arm_chapters_running": 0}
[2026-09-12T13:35:50Z] 1.6 min: cohort {"arm_chapters_passed": 0, "arm_chapters_rejected": 0, "arm_chapters_running": 0}
[2026-09-12T13:36:21Z] 2.1 min: cohort {"arm_chapters_passed": 0, "arm_chapters_rejected": 0, "arm_chapters_running": 0}
[2026-09-12T13:36:51Z] phase aligning at 2.6 min; setup={"versions": {"faster-whisper": "1.2.1", "ctranslate2": "4.8.2", "av": "18.1.0"}, "commit": "c43ab3799d5b71c58b770ed22e1bd7bb9b2774cf", "model_tree_sha256": "f1fe271c349229677131d389a96d0a28062a6a2c2fee54a8ce119c43538315c5", "ld_library_path": "/usr/local/lib/python3.11/dist-packages/nvidia/cublas/l
[2026-09-12T13:36:51Z] 2.6 min: aligning {"arm_chapters_passed": 0, "arm_chapters_rejected": 0, "arm_chapters_running": 1, "paragraph_diagnostics": 30}
[2026-09-12T13:37:21Z] 3.1 min: aligning {"arm_chapters_passed": 0, "arm_chapters_rejected": 1, "arm_chapters_running": 1, "paragraph_diagnostics": 87}
[2026-09-12T13:37:52Z] 3.6 min: aligning {"arm_chapters_passed": 0, "arm_chapters_rejected": 2, "arm_chapters_running": 1, "paragraph_diagnostics": 128}
[2026-09-12T13:38:22Z] 4.1 min: aligning {"arm_chapters_passed": 0, "arm_chapters_rejected": 3, "arm_chapters_running": 1, "paragraph_diagnostics": 178}
[2026-09-12T13:38:55Z] snapshot 690627 bytes
[2026-09-12T13:38:55Z] 4.6 min: aligning {"arm_chapters_passed": 0, "arm_chapters_rejected": 4, "arm_chapters_running": 1, "paragraph_diagnostics": 234}
[2026-09-12T13:39:25Z] 5.1 min: aligning {"arm_chapters_passed": 0, "arm_chapters_rejected": 5, "arm_chapters_running": 1, "paragraph_diagnostics": 281}
[2026-09-12T13:39:55Z] 5.7 min: aligning {"arm_chapters_passed": 1, "arm_chapters_rejected": 6, "arm_chapters_running": 1, "paragraph_diagnostics": 319}
[2026-09-12T13:40:26Z] 6.2 min: aligning {"arm_chapters_passed": 2, "arm_chapters_rejected": 6, "arm_chapters_running": 1, "paragraph_diagnostics": 362}
[2026-09-12T13:40:56Z] 6.7 min: aligning {"arm_chapters_passed": 2, "arm_chapters_rejected": 7, "arm_chapters_running": 1, "paragraph_diagnostics": 396}
[2026-09-12T13:41:27Z] 7.2 min: aligning {"arm_chapters_passed": 3, "arm_chapters_rejected": 8, "arm_chapters_running": 1, "paragraph_diagnostics": 459}
[2026-09-12T13:41:57Z] 7.7 min: aligning {"arm_chapters_passed": 4, "arm_chapters_rejected": 8, "arm_chapters_running": 1, "paragraph_diagnostics": 506}
[2026-09-12T13:42:28Z] 8.2 min: aligning {"arm_chapters_passed": 4, "arm_chapters_rejected": 9, "arm_chapters_running": 1, "paragraph_diagnostics": 553}
[2026-09-12T13:43:02Z] snapshot 2203529 bytes
[2026-09-12T13:43:02Z] 8.7 min: aligning {"arm_chapters_passed": 4, "arm_chapters_rejected": 9, "arm_chapters_running": 1, "paragraph_diagnostics": 595}
[2026-09-12T13:43:32Z] 9.3 min: aligning {"arm_chapters_passed": 5, "arm_chapters_rejected": 10, "arm_chapters_running": 1, "paragraph_diagnostics": 650}
[2026-09-12T13:44:02Z] 9.8 min: aligning {"arm_chapters_passed": 6, "arm_chapters_rejected": 11, "arm_chapters_running": 1, "paragraph_diagnostics": 705}
[2026-09-12T13:44:33Z] 10.3 min: aligning {"arm_chapters_passed": 7, "arm_chapters_rejected": 12, "arm_chapters_running": 1, "paragraph_diagnostics": 761}
[2026-09-12T13:45:03Z] 10.8 min: aligning {"arm_chapters_passed": 8, "arm_chapters_rejected": 12, "arm_chapters_running": 1, "paragraph_diagnostics": 815}
[2026-09-12T13:45:34Z] 11.3 min: aligning {"arm_chapters_passed": 8, "arm_chapters_rejected": 13, "arm_chapters_running": 1, "paragraph_diagnostics": 864}
[2026-09-12T13:46:04Z] 11.8 min: aligning {"arm_chapters_passed": 9, "arm_chapters_rejected": 14, "arm_chapters_running": 1, "paragraph_diagnostics": 912}
[2026-09-12T13:46:34Z] 12.3 min: aligning {"arm_chapters_passed": 10, "arm_chapters_rejected": 14, "arm_chapters_running": 1, "paragraph_diagnostics": 948}
[2026-09-12T13:47:09Z] snapshot 3650441 bytes
[2026-09-12T13:47:09Z] 12.8 min: aligning {"arm_chapters_passed": 10, "arm_chapters_rejected": 15, "arm_chapters_running": 1, "paragraph_diagnostics": 983}
[2026-09-12T13:47:40Z] 13.4 min: aligning {"arm_chapters_passed": 11, "arm_chapters_rejected": 16, "arm_chapters_running": 1, "paragraph_diagnostics": 1056}
[2026-09-12T13:48:10Z] 13.9 min: aligning {"arm_chapters_passed": 12, "arm_chapters_rejected": 16, "arm_chapters_running": 1, "paragraph_diagnostics": 1098}
[2026-09-12T13:48:41Z] 14.4 min: aligning {"arm_chapters_passed": 12, "arm_chapters_rejected": 17, "arm_chapters_running": 1, "paragraph_diagnostics": 1132}
[2026-09-12T13:49:11Z] 14.9 min: aligning {"arm_chapters_passed": 12, "arm_chapters_rejected": 17, "arm_chapters_running": 1, "paragraph_diagnostics": 1174}
[2026-09-12T13:49:42Z] 15.4 min: aligning {"arm_chapters_passed": 13, "arm_chapters_rejected": 17, "arm_chapters_running": 1, "paragraph_diagnostics": 1231}
[2026-09-12T13:50:12Z] 15.9 min: aligning {"arm_chapters_passed": 13, "arm_chapters_rejected": 18, "arm_chapters_running": 1, "paragraph_diagnostics": 1269}
[2026-09-12T13:50:42Z] 16.4 min: aligning {"arm_chapters_passed": 14, "arm_chapters_rejected": 19, "arm_chapters_running": 1, "paragraph_diagnostics": 1324}
[2026-09-12T13:51:20Z] snapshot 5152550 bytes
[2026-09-12T13:51:20Z] 16.9 min: aligning {"arm_chapters_passed": 15, "arm_chapters_rejected": 20, "arm_chapters_running": 1, "paragraph_diagnostics": 1380}
[2026-09-12T13:51:51Z] 17.6 min: aligning {"arm_chapters_passed": 16, "arm_chapters_rejected": 21, "arm_chapters_running": 1, "paragraph_diagnostics": 1431}
[2026-09-12T13:52:21Z] 18.1 min: aligning {"arm_chapters_passed": 17, "arm_chapters_rejected": 21, "arm_chapters_running": 1, "paragraph_diagnostics": 1470}
[2026-09-12T13:52:52Z] 18.6 min: aligning {"arm_chapters_passed": 17, "arm_chapters_rejected": 22, "arm_chapters_running": 1, "paragraph_diagnostics": 1511}
[2026-09-12T13:53:22Z] 19.1 min: aligning {"arm_chapters_passed": 18, "arm_chapters_rejected": 23, "arm_chapters_running": 1, "paragraph_diagnostics": 1561}
[2026-09-12T13:53:52Z] 19.6 min: aligning {"arm_chapters_passed": 19, "arm_chapters_rejected": 23, "arm_chapters_running": 1, "paragraph_diagnostics": 1612}
[2026-09-12T13:54:23Z] 20.1 min: aligning {"arm_chapters_passed": 19, "arm_chapters_rejected": 24, "arm_chapters_running": 1, "paragraph_diagnostics": 1652}
[2026-09-12T13:54:53Z] 20.6 min: aligning {"arm_chapters_passed": 19, "arm_chapters_rejected": 25, "arm_chapters_running": 1, "paragraph_diagnostics": 1685}
[2026-09-12T13:55:32Z] snapshot 6707453 bytes
[2026-09-12T13:55:32Z] 21.1 min: aligning {"arm_chapters_passed": 20, "arm_chapters_rejected": 25, "arm_chapters_running": 1, "paragraph_diagnostics": 1737}
[2026-09-12T13:56:03Z] 21.8 min: aligning {"arm_chapters_passed": 21, "arm_chapters_rejected": 26, "arm_chapters_running": 1, "paragraph_diagnostics": 1773}
[2026-09-12T13:56:33Z] 22.3 min: aligning {"arm_chapters_passed": 22, "arm_chapters_rejected": 26, "arm_chapters_running": 1, "paragraph_diagnostics": 1821}
[2026-09-12T13:57:03Z] 22.8 min: aligning {"arm_chapters_passed": 22, "arm_chapters_rejected": 27, "arm_chapters_running": 1, "paragraph_diagnostics": 1865}
[2026-09-12T13:57:34Z] 23.3 min: aligning {"arm_chapters_passed": 23, "arm_chapters_rejected": 27, "arm_chapters_running": 1, "paragraph_diagnostics": 1906}
[2026-09-12T13:58:04Z] 23.8 min: aligning {"arm_chapters_passed": 23, "arm_chapters_rejected": 28, "arm_chapters_running": 1, "paragraph_diagnostics": 1944}
[2026-09-12T13:58:35Z] 24.3 min: aligning {"arm_chapters_passed": 24, "arm_chapters_rejected": 29, "arm_chapters_running": 1, "paragraph_diagnostics": 1961}
