[2026-09-11T13:18:29Z] created qh5dt0ws5o448i tinct-words-run1-9 gpu=None $0.2/hr
[2026-09-11T13:18:29Z] waiting: pod RUNNING agent HTTP 404
[2026-09-11T13:18:45Z] waiting: pod RUNNING agent HTTP 404
[2026-09-11T13:19:02Z] phase cohort at 0.6 min; setup={"versions": {"faster-whisper": "1.2.1", "ctranslate2": "4.8.2", "av": "18.1.0"}, "commit": "a3780bee4a0683ed3968478e442bfbd2f861173e", "model_tree_sha256": "f1fe271c349229677131d389a96d0a28062a6a2c2fee54a8ce119c43538315c5", "ld_library_path": "/usr/local/lib/python3.11/dist-packages/nvidia/cublas/l
[2026-09-11T13:19:02Z] 0.6 min: cohort {"arm_chapters_passed": 0, "arm_chapters_rejected": 0, "arm_chapters_running": 0}
[2026-09-11T13:19:32Z] 1.1 min: cohort {"arm_chapters_passed": 0, "arm_chapters_rejected": 0, "arm_chapters_running": 0}
[2026-09-11T13:20:03Z] 1.6 min: cohort {"arm_chapters_passed": 0, "arm_chapters_rejected": 0, "arm_chapters_running": 0}
[2026-09-11T13:20:33Z] 2.1 min: cohort {"arm_chapters_passed": 0, "arm_chapters_rejected": 0, "arm_chapters_running": 0}
[2026-09-11T13:21:04Z] 2.6 min: cohort {"arm_chapters_passed": 0, "arm_chapters_rejected": 0, "arm_chapters_running": 0}
[2026-09-11T13:21:34Z] phase aligning at 3.1 min; setup={"versions": {"faster-whisper": "1.2.1", "ctranslate2": "4.8.2", "av": "18.1.0"}, "commit": "a3780bee4a0683ed3968478e442bfbd2f861173e", "model_tree_sha256": "f1fe271c349229677131d389a96d0a28062a6a2c2fee54a8ce119c43538315c5", "ld_library_path": "/usr/local/lib/python3.11/dist-packages/nvidia/cublas/l
[2026-09-11T13:21:34Z] 3.1 min: aligning {"arm_chapters_passed": 0, "arm_chapters_rejected": 0, "arm_chapters_running": 0}
[2026-09-11T13:22:05Z] 3.6 min: aligning {"arm_chapters_passed": 0, "arm_chapters_rejected": 0, "arm_chapters_running": 1, "paragraph_diagnostics": 8}
[2026-09-11T13:22:35Z] 4.1 min: aligning {"arm_chapters_passed": 0, "arm_chapters_rejected": 0, "arm_chapters_running": 1, "paragraph_diagnostics": 13}
[2026-09-11T13:23:05Z] 4.6 min: aligning {"arm_chapters_passed": 0, "arm_chapters_rejected": 0, "arm_chapters_running": 1, "paragraph_diagnostics": 17}
[2026-09-11T13:23:36Z] 5.1 min: aligning {"arm_chapters_passed": 0, "arm_chapters_rejected": 0, "arm_chapters_running": 1, "paragraph_diagnostics": 33}
[2026-09-11T13:24:06Z] 5.6 min: aligning {"arm_chapters_passed": 0, "arm_chapters_rejected": 1, "arm_chapters_running": 1, "paragraph_diagnostics": 41}
[2026-09-11T13:24:37Z] 6.1 min: aligning {"arm_chapters_passed": 0, "arm_chapters_rejected": 1, "arm_chapters_running": 1, "paragraph_diagnostics": 46}
[2026-09-11T13:25:07Z] 6.6 min: aligning {"arm_chapters_passed": 0, "arm_chapters_rejected": 1, "arm_chapters_running": 1, "paragraph_diagnostics": 49}
[2026-09-11T13:25:38Z] 7.1 min: aligning {"arm_chapters_passed": 0, "arm_chapters_rejected": 1, "arm_chapters_running": 1, "paragraph_diagnostics": 51}
[2026-09-11T13:26:08Z] 7.7 min: aligning {"arm_chapters_passed": 0, "arm_chapters_rejected": 1, "arm_chapters_running": 1, "paragraph_diagnostics": 53}
[2026-09-11T13:26:38Z] 8.2 min: aligning {"arm_chapters_passed": 0, "arm_chapters_rejected": 1, "arm_chapters_running": 1, "paragraph_diagnostics": 55}
[2026-09-11T13:27:09Z] 8.7 min: aligning {"arm_chapters_passed": 0, "arm_chapters_rejected": 1, "arm_chapters_running": 1, "paragraph_diagnostics": 56}
[2026-09-11T13:27:39Z] 9.2 min: aligning {"arm_chapters_passed": 0, "arm_chapters_rejected": 1, "arm_chapters_running": 1, "paragraph_diagnostics": 57}
[2026-09-11T13:28:10Z] 9.7 min: aligning {"arm_chapters_passed": 0, "arm_chapters_rejected": 1, "arm_chapters_running": 1, "paragraph_diagnostics": 58}
[2026-09-11T13:28:40Z] 10.2 min: aligning {"arm_chapters_passed": 0, "arm_chapters_rejected": 1, "arm_chapters_running": 1, "paragraph_diagnostics": 61}
[2026-09-11T13:29:11Z] 10.7 min: aligning {"arm_chapters_passed": 0, "arm_chapters_rejected": 1, "arm_chapters_running": 1, "paragraph_diagnostics": 70}
[2026-09-11T13:29:42Z] 11.2 min: aligning {"arm_chapters_passed": 0, "arm_chapters_rejected": 1, "arm_chapters_running": 1, "paragraph_diagnostics": 74}
[2026-09-11T13:30:12Z] 11.7 min: aligning {"arm_chapters_passed": 0, "arm_chapters_rejected": 1, "arm_chapters_running": 1, "paragraph_diagnostics": 76}
[2026-09-11T13:30:43Z] 12.2 min: aligning {"arm_chapters_passed": 0, "arm_chapters_rejected": 2, "arm_chapters_running": 1, "paragraph_diagnostics": 81}
[2026-09-11T13:31:13Z] 12.7 min: aligning {"arm_chapters_passed": 0, "arm_chapters_rejected": 2, "arm_chapters_running": 1, "paragraph_diagnostics": 86}
[2026-09-11T13:31:44Z] 13.2 min: aligning {"arm_chapters_passed": 0, "arm_chapters_rejected": 2, "arm_chapters_running": 1, "paragraph_diagnostics": 93}
[2026-09-11T13:32:14Z] 13.8 min: aligning {"arm_chapters_passed": 0, "arm_chapters_rejected": 2, "arm_chapters_running": 1, "paragraph_diagnostics": 96}
[2026-09-11T13:32:45Z] 14.3 min: aligning {"arm_chapters_passed": 0, "arm_chapters_rejected": 2, "arm_chapters_running": 1, "paragraph_diagnostics": 102}
[2026-09-11T13:33:16Z] 14.8 min: aligning {"arm_chapters_passed": 0, "arm_chapters_rejected": 2, "arm_chapters_running": 1, "paragraph_diagnostics": 109}
[2026-09-11T13:33:46Z] 15.3 min: aligning {"arm_chapters_passed": 1, "arm_chapters_rejected": 2, "arm_chapters_running": 1, "paragraph_diagnostics": 113}
[2026-09-11T13:34:34Z] 15.8 min: aligning {"arm_chapters_passed": 1, "arm_chapters_rejected": 2, "arm_chapters_running": 1, "paragraph_diagnostics": 115}
[2026-09-11T13:35:05Z] 16.6 min: aligning {"arm_chapters_passed": 1, "arm_chapters_rejected": 2, "arm_chapters_running": 1, "paragraph_diagnostics": 118}
[2026-09-11T13:35:35Z] 17.1 min: aligning {"arm_chapters_passed": 1, "arm_chapters_rejected": 2, "arm_chapters_running": 1, "paragraph_diagnostics": 119}
[2026-09-11T13:36:06Z] 17.6 min: aligning {"arm_chapters_passed": 1, "arm_chapters_rejected": 2, "arm_chapters_running": 1, "paragraph_diagnostics": 121}
[2026-09-11T13:36:37Z] 18.1 min: aligning {"arm_chapters_passed": 1, "arm_chapters_rejected": 2, "arm_chapters_running": 1, "paragraph_diagnostics": 124}
[2026-09-11T13:37:07Z] 18.6 min: aligning {"arm_chapters_passed": 1, "arm_chapters_rejected": 2, "arm_chapters_running": 1, "paragraph_diagnostics": 125}
[2026-09-11T13:37:38Z] 19.1 min: aligning {"arm_chapters_passed": 1, "arm_chapters_rejected": 2, "arm_chapters_running": 1, "paragraph_diagnostics": 126}
[2026-09-11T13:38:09Z] 19.7 min: aligning {"arm_chapters_passed": 1, "arm_chapters_rejected": 2, "arm_chapters_running": 1, "paragraph_diagnostics": 127}
[2026-09-11T13:38:39Z] 20.2 min: aligning {"arm_chapters_passed": 1, "arm_chapters_rejected": 2, "arm_chapters_running": 1, "paragraph_diagnostics": 128}
[2026-09-11T13:39:10Z] 20.7 min: aligning {"arm_chapters_passed": 1, "arm_chapters_rejected": 2, "arm_chapters_running": 1, "paragraph_diagnostics": 129}
[2026-09-11T13:39:41Z] 21.2 min: aligning {"arm_chapters_passed": 1, "arm_chapters_rejected": 2, "arm_chapters_running": 1, "paragraph_diagnostics": 132}
[2026-09-11T13:40:11Z] 21.7 min: aligning {"arm_chapters_passed": 1, "arm_chapters_rejected": 2, "arm_chapters_running": 1, "paragraph_diagnostics": 134}
[2026-09-11T13:40:42Z] 22.2 min: aligning {"arm_chapters_passed": 1, "arm_chapters_rejected": 2, "arm_chapters_running": 1, "paragraph_diagnostics": 135}
[2026-09-11T13:41:12Z] 22.7 min: aligning {"arm_chapters_passed": 1, "arm_chapters_rejected": 2, "arm_chapters_running": 1, "paragraph_diagnostics": 137}
[2026-09-11T13:41:43Z] 23.2 min: aligning {"arm_chapters_passed": 1, "arm_chapters_rejected": 2, "arm_chapters_running": 1, "paragraph_diagnostics": 140}
[2026-09-11T13:42:13Z] 23.7 min: aligning {"arm_chapters_passed": 1, "arm_chapters_rejected": 2, "arm_chapters_running": 1, "paragraph_diagnostics": 142}
[2026-09-11T13:42:43Z] 24.2 min: aligning {"arm_chapters_passed": 2, "arm_chapters_rejected": 2, "arm_chapters_running": 1, "paragraph_diagnostics": 150}
[2026-09-11T13:43:14Z] 24.7 min: aligning {"arm_chapters_passed": 2, "arm_chapters_rejected": 2, "arm_chapters_running": 1, "paragraph_diagnostics": 153}
[2026-09-11T13:43:44Z] 25.3 min: aligning {"arm_chapters_passed": 2, "arm_chapters_rejected": 2, "arm_chapters_running": 1, "paragraph_diagnostics": 156}
[2026-09-11T13:44:15Z] 25.8 min: aligning {"arm_chapters_passed": 2, "arm_chapters_rejected": 2, "arm_chapters_running": 1, "paragraph_diagnostics": 161}
[2026-09-11T13:44:45Z] 26.3 min: aligning {"arm_chapters_passed": 2, "arm_chapters_rejected": 2, "arm_chapters_running": 1, "paragraph_diagnostics": 164}
[2026-09-11T13:45:16Z] 26.8 min: aligning {"arm_chapters_passed": 2, "arm_chapters_rejected": 2, "arm_chapters_running": 1, "paragraph_diagnostics": 169}
[2026-09-11T13:45:46Z] 27.3 min: aligning {"arm_chapters_passed": 2, "arm_chapters_rejected": 2, "arm_chapters_running": 1, "paragraph_diagnostics": 174}
[2026-09-11T13:46:16Z] 27.8 min: aligning {"arm_chapters_passed": 2, "arm_chapters_rejected": 2, "arm_chapters_running": 1, "paragraph_diagnostics": 178}
[2026-09-11T13:46:47Z] 28.3 min: aligning {"arm_chapters_passed": 2, "arm_chapters_rejected": 2, "arm_chapters_running": 1, "paragraph_diagnostics": 180}
[2026-09-11T13:47:17Z] 28.8 min: aligning {"arm_chapters_passed": 3, "arm_chapters_rejected": 2, "arm_chapters_running": 1, "paragraph_diagnostics": 186}
[2026-09-11T13:47:48Z] 29.3 min: aligning {"arm_chapters_passed": 3, "arm_chapters_rejected": 2, "arm_chapters_running": 1, "paragraph_diagnostics": 190}
[2026-09-11T13:48:18Z] 29.8 min: aligning {"arm_chapters_passed": 3, "arm_chapters_rejected": 2, "arm_chapters_running": 1, "paragraph_diagnostics": 191}
[2026-09-11T13:48:49Z] 30.3 min: aligning {"arm_chapters_passed": 3, "arm_chapters_rejected": 2, "arm_chapters_running": 1, "paragraph_diagnostics": 193}
[2026-09-11T13:49:19Z] 30.8 min: aligning {"arm_chapters_passed": 3, "arm_chapters_rejected": 2, "arm_chapters_running": 1, "paragraph_diagnostics": 194}
[2026-09-11T13:49:50Z] 31.3 min: aligning {"arm_chapters_passed": 3, "arm_chapters_rejected": 2, "arm_chapters_running": 1, "paragraph_diagnostics": 194}
[2026-09-11T13:50:20Z] 31.9 min: aligning {"arm_chapters_passed": 3, "arm_chapters_rejected": 2, "arm_chapters_running": 1, "paragraph_diagnostics": 195}
[2026-09-11T13:50:51Z] 32.4 min: aligning {"arm_chapters_passed": 3, "arm_chapters_rejected": 2, "arm_chapters_running": 1, "paragraph_diagnostics": 196}
[2026-09-11T13:51:22Z] 32.9 min: aligning {"arm_chapters_passed": 3, "arm_chapters_rejected": 2, "arm_chapters_running": 1, "paragraph_diagnostics": 199}
[2026-09-11T13:51:53Z] 33.4 min: aligning {"arm_chapters_passed": 3, "arm_chapters_rejected": 2, "arm_chapters_running": 1, "paragraph_diagnostics": 201}
[2026-09-11T13:52:23Z] 33.9 min: aligning {"arm_chapters_passed": 3, "arm_chapters_rejected": 2, "arm_chapters_running": 1, "paragraph_diagnostics": 202}
[2026-09-11T13:52:54Z] 34.4 min: aligning {"arm_chapters_passed": 3, "arm_chapters_rejected": 2, "arm_chapters_running": 1, "paragraph_diagnostics": 203}
[2026-09-11T13:53:25Z] 34.9 min: aligning {"arm_chapters_passed": 3, "arm_chapters_rejected": 2, "arm_chapters_running": 1, "paragraph_diagnostics": 205}
[2026-09-11T13:53:55Z] 35.4 min: aligning {"arm_chapters_passed": 3, "arm_chapters_rejected": 2, "arm_chapters_running": 1, "paragraph_diagnostics": 205}
[2026-09-11T13:54:26Z] 35.9 min: aligning {"arm_chapters_passed": 3, "arm_chapters_rejected": 2, "arm_chapters_running": 1, "paragraph_diagnostics": 206}
[2026-09-11T13:54:57Z] 36.5 min: aligning {"arm_chapters_passed": 3, "arm_chapters_rejected": 2, "arm_chapters_running": 1, "paragraph_diagnostics": 209}
[2026-09-11T13:55:27Z] 37.0 min: aligning {"arm_chapters_passed": 3, "arm_chapters_rejected": 2, "arm_chapters_running": 1, "paragraph_diagnostics": 211}
[2026-09-11T13:55:58Z] 37.5 min: aligning {"arm_chapters_passed": 3, "arm_chapters_rejected": 2, "arm_chapters_running": 1, "paragraph_diagnostics": 213}
[2026-09-11T13:56:28Z] 38.0 min: aligning {"arm_chapters_passed": 3, "arm_chapters_rejected": 2, "arm_chapters_running": 1, "paragraph_diagnostics": 214}
[2026-09-11T13:56:59Z] phase None at 38.5 min; setup={}
[2026-09-11T13:56:59Z] 38.5 min: None {}
[2026-09-11T13:57:29Z] 39.0 min: None {}
[2026-09-11T13:58:00Z] 39.5 min: None {}
[2026-09-11T13:58:31Z] 40.0 min: None {}
[2026-09-11T13:59:01Z] 40.5 min: None {}
[2026-09-11T13:59:32Z] 41.0 min: None {}
[2026-09-11T14:00:02Z] 41.6 min: None {}
[2026-09-11T14:00:33Z] 42.1 min: None {}
[2026-09-11T14:01:03Z] 42.6 min: None {}
[2026-09-11T14:01:34Z] 43.1 min: None {}
[2026-09-11T14:02:04Z] 43.6 min: None {}
[2026-09-11T14:02:35Z] 44.1 min: None {}
[2026-09-11T14:02:35Z] launcher deadline reached; collecting whatever exists
[2026-09-11T14:02:37Z] results fetch failed: HTTP 404
[2026-09-11T14:02:38Z] stop qh5dt0ws5o448i: HTTP 200
[2026-09-11T14:02:39Z] terminate qh5dt0ws5o448i: HTTP 204
[2026-09-11T14:02:39Z] pod qh5dt0ws5o448i done: outcome=launcher-deadline uptime=44.1m est $0.15
