[2026-09-12T14:25:22Z] created oxyugcnoz0nw46 tinct-words-run3-23 gpu=None $0.49/hr
[2026-09-12T14:25:23Z] waiting: pod RUNNING agent HTTP 404
[2026-09-12T14:25:39Z] waiting: pod RUNNING agent HTTP 404
[2026-09-12T14:25:55Z] phase cohort at 0.5 min; setup={"versions": {"faster-whisper": "1.2.1", "ctranslate2": "4.8.2", "av": "18.1.0"}, "commit": "c43ab3799d5b71c58b770ed22e1bd7bb9b2774cf", "model_tree_sha256": "f1fe271c349229677131d389a96d0a28062a6a2c2fee54a8ce119c43538315c5", "ld_library_path": "/usr/local/lib/python3.11/dist-packages/nvidia/cublas/l
[2026-09-12T14:25:55Z] 0.5 min: cohort {"arm_chapters_passed": 0, "arm_chapters_rejected": 0, "arm_chapters_running": 0}
[2026-09-12T14:26:25Z] 1.1 min: cohort {"arm_chapters_passed": 0, "arm_chapters_rejected": 0, "arm_chapters_running": 0}
[2026-09-12T14:26:56Z] 1.6 min: cohort {"arm_chapters_passed": 0, "arm_chapters_rejected": 0, "arm_chapters_running": 0}
[2026-09-12T14:27:26Z] 2.1 min: cohort {"arm_chapters_passed": 0, "arm_chapters_rejected": 0, "arm_chapters_running": 0}
[2026-09-12T14:27:57Z] 2.6 min: cohort {"arm_chapters_passed": 0, "arm_chapters_rejected": 0, "arm_chapters_running": 0}
[2026-09-12T14:28:27Z] phase aligning at 3.1 min; setup={"versions": {"faster-whisper": "1.2.1", "ctranslate2": "4.8.2", "av": "18.1.0"}, "commit": "c43ab3799d5b71c58b770ed22e1bd7bb9b2774cf", "model_tree_sha256": "f1fe271c349229677131d389a96d0a28062a6a2c2fee54a8ce119c43538315c5", "ld_library_path": "/usr/local/lib/python3.11/dist-packages/nvidia/cublas/l
[2026-09-12T14:28:27Z] 3.1 min: aligning {"arm_chapters_passed": 5, "arm_chapters_rejected": 4, "arm_chapters_running": 1, "paragraph_diagnostics": 9}
[2026-09-12T14:28:58Z] 3.6 min: aligning {"arm_chapters_passed": 10, "arm_chapters_rejected": 9, "arm_chapters_running": 1, "paragraph_diagnostics": 20}
[2026-09-12T14:29:28Z] 4.1 min: aligning {"arm_chapters_passed": 13, "arm_chapters_rejected": 16, "arm_chapters_running": 1, "paragraph_diagnostics": 29}
[2026-09-12T14:30:00Z] snapshot 765743 bytes
[2026-09-12T14:30:00Z] 4.6 min: aligning {"arm_chapters_passed": 18, "arm_chapters_rejected": 21, "arm_chapters_running": 1, "paragraph_diagnostics": 39}
[2026-09-12T14:30:30Z] 5.1 min: aligning {"arm_chapters_passed": 23, "arm_chapters_rejected": 29, "arm_chapters_running": 1, "paragraph_diagnostics": 52}
[2026-09-12T14:31:01Z] 5.6 min: aligning {"arm_chapters_passed": 26, "arm_chapters_rejected": 35, "arm_chapters_running": 1, "paragraph_diagnostics": 62}
[2026-09-12T14:31:31Z] 6.1 min: aligning {"arm_chapters_passed": 28, "arm_chapters_rejected": 42, "arm_chapters_running": 1, "paragraph_diagnostics": 72}
[2026-09-12T14:32:01Z] 6.7 min: aligning {"arm_chapters_passed": 29, "arm_chapters_rejected": 43, "arm_chapters_running": 1, "paragraph_diagnostics": 94}
[2026-09-12T14:32:32Z] 7.2 min: aligning {"arm_chapters_passed": 29, "arm_chapters_rejected": 43, "arm_chapters_running": 1, "paragraph_diagnostics": 114}
[2026-09-12T14:33:02Z] 7.7 min: aligning {"arm_chapters_passed": 29, "arm_chapters_rejected": 43, "arm_chapters_running": 1, "paragraph_diagnostics": 129}
[2026-09-12T14:33:33Z] 8.2 min: aligning {"arm_chapters_passed": 29, "arm_chapters_rejected": 43, "arm_chapters_running": 1, "paragraph_diagnostics": 146}
[2026-09-12T14:34:06Z] snapshot 2735207 bytes
[2026-09-12T14:34:06Z] 8.7 min: aligning {"arm_chapters_passed": 29, "arm_chapters_rejected": 43, "arm_chapters_running": 1, "paragraph_diagnostics": 161}
[2026-09-12T14:34:37Z] 9.2 min: aligning {"arm_chapters_passed": 29, "arm_chapters_rejected": 43, "arm_chapters_running": 1, "paragraph_diagnostics": 184}
[2026-09-12T14:35:07Z] 9.7 min: aligning {"arm_chapters_passed": 29, "arm_chapters_rejected": 43, "arm_chapters_running": 1, "paragraph_diagnostics": 204}
[2026-09-12T14:35:37Z] 10.3 min: aligning {"arm_chapters_passed": 29, "arm_chapters_rejected": 44, "arm_chapters_running": 1, "paragraph_diagnostics": 218}
[2026-09-12T14:36:08Z] 10.8 min: aligning {"arm_chapters_passed": 29, "arm_chapters_rejected": 44, "arm_chapters_running": 1, "paragraph_diagnostics": 226}
[2026-09-12T14:36:38Z] 11.3 min: aligning {"arm_chapters_passed": 29, "arm_chapters_rejected": 44, "arm_chapters_running": 1, "paragraph_diagnostics": 233}
[2026-09-12T14:37:09Z] 11.8 min: aligning {"arm_chapters_passed": 29, "arm_chapters_rejected": 44, "arm_chapters_running": 1, "paragraph_diagnostics": 239}
[2026-09-12T14:37:39Z] 12.3 min: aligning {"arm_chapters_passed": 29, "arm_chapters_rejected": 44, "arm_chapters_running": 1, "paragraph_diagnostics": 251}
[2026-09-12T14:38:15Z] snapshot 4728298 bytes
[2026-09-12T14:38:15Z] 12.8 min: aligning {"arm_chapters_passed": 29, "arm_chapters_rejected": 44, "arm_chapters_running": 1, "paragraph_diagnostics": 254}
[2026-09-12T14:38:45Z] 13.4 min: aligning {"arm_chapters_passed": 29, "arm_chapters_rejected": 44, "arm_chapters_running": 1, "paragraph_diagnostics": 260}
