[2026-09-12T07:22:46Z] created az8jpzshfjy07z tinct-words-run2-78 gpu=None $0.49/hr
[2026-09-12T07:22:47Z] waiting: pod RUNNING agent HTTP 404
[2026-09-12T07:23:03Z] waiting: pod RUNNING agent HTTP 404
[2026-09-12T07:23:19Z] phase cohort at 0.5 min; setup={"versions": {"faster-whisper": "1.2.1", "ctranslate2": "4.8.2", "av": "18.1.0"}, "commit": "f53d744782e3c369fffd2980a013a7f199c0476e", "model_tree_sha256": "f1fe271c349229677131d389a96d0a28062a6a2c2fee54a8ce119c43538315c5", "ld_library_path": "/usr/local/lib/python3.11/dist-packages/nvidia/cublas/l
[2026-09-12T07:23:19Z] 0.5 min: cohort {"arm_chapters_passed": 0, "arm_chapters_rejected": 0, "arm_chapters_running": 0}
[2026-09-12T07:23:49Z] 1.0 min: cohort {"arm_chapters_passed": 0, "arm_chapters_rejected": 0, "arm_chapters_running": 0}
[2026-09-12T07:24:20Z] 1.6 min: cohort {"arm_chapters_passed": 0, "arm_chapters_rejected": 0, "arm_chapters_running": 0}
[2026-09-12T07:24:50Z] 2.1 min: cohort {"arm_chapters_passed": 0, "arm_chapters_rejected": 0, "arm_chapters_running": 0}
[2026-09-12T07:25:21Z] phase aligning at 2.6 min; setup={"versions": {"faster-whisper": "1.2.1", "ctranslate2": "4.8.2", "av": "18.1.0"}, "commit": "f53d744782e3c369fffd2980a013a7f199c0476e", "model_tree_sha256": "f1fe271c349229677131d389a96d0a28062a6a2c2fee54a8ce119c43538315c5", "ld_library_path": "/usr/local/lib/python3.11/dist-packages/nvidia/cublas/l
[2026-09-12T07:25:21Z] 2.6 min: aligning {"arm_chapters_passed": 0, "arm_chapters_rejected": 0, "arm_chapters_running": 1, "paragraph_diagnostics": 75}
[2026-09-12T07:25:51Z] 3.1 min: aligning {"arm_chapters_passed": 0, "arm_chapters_rejected": 0, "arm_chapters_running": 1, "paragraph_diagnostics": 180}
[2026-09-12T07:26:22Z] 3.6 min: aligning {"arm_chapters_passed": 0, "arm_chapters_rejected": 1, "arm_chapters_running": 1, "paragraph_diagnostics": 251}
[2026-09-12T07:26:52Z] 4.1 min: aligning {"arm_chapters_passed": 0, "arm_chapters_rejected": 1, "arm_chapters_running": 1, "paragraph_diagnostics": 314}
[2026-09-12T07:27:23Z] snapshot 564382 bytes
[2026-09-12T07:27:23Z] 4.6 min: aligning {"arm_chapters_passed": 0, "arm_chapters_rejected": 1, "arm_chapters_running": 1, "paragraph_diagnostics": 365}
[2026-09-12T07:27:54Z] 5.1 min: aligning {"arm_chapters_passed": 2, "arm_chapters_rejected": 2, "arm_chapters_running": 1, "paragraph_diagnostics": 383}
[2026-09-12T07:28:24Z] 5.6 min: aligning {"arm_chapters_passed": 3, "arm_chapters_rejected": 2, "arm_chapters_running": 1, "paragraph_diagnostics": 416}
[2026-09-12T07:28:55Z] 6.1 min: aligning {"arm_chapters_passed": 6, "arm_chapters_rejected": 3, "arm_chapters_running": 1, "paragraph_diagnostics": 446}
[2026-09-12T07:29:25Z] 6.6 min: aligning {"arm_chapters_passed": 9, "arm_chapters_rejected": 3, "arm_chapters_running": 1, "paragraph_diagnostics": 468}
[2026-09-12T07:29:55Z] 7.2 min: aligning {"arm_chapters_passed": 11, "arm_chapters_rejected": 4, "arm_chapters_running": 1, "paragraph_diagnostics": 504}
[2026-09-12T07:30:26Z] 7.7 min: aligning {"arm_chapters_passed": 12, "arm_chapters_rejected": 5, "arm_chapters_running": 1, "paragraph_diagnostics": 526}
[2026-09-12T07:30:56Z] 8.2 min: aligning {"arm_chapters_passed": 13, "arm_chapters_rejected": 6, "arm_chapters_running": 1, "paragraph_diagnostics": 540}
[2026-09-12T07:31:29Z] snapshot 1826132 bytes
[2026-09-12T07:31:29Z] 8.7 min: aligning {"arm_chapters_passed": 14, "arm_chapters_rejected": 6, "arm_chapters_running": 1, "paragraph_diagnostics": 553}
[2026-09-12T07:32:00Z] 9.2 min: aligning {"arm_chapters_passed": 16, "arm_chapters_rejected": 7, "arm_chapters_running": 1, "paragraph_diagnostics": 574}
[2026-09-12T07:32:30Z] 9.7 min: aligning {"arm_chapters_passed": 17, "arm_chapters_rejected": 8, "arm_chapters_running": 1, "paragraph_diagnostics": 592}
[2026-09-12T07:33:00Z] 10.2 min: aligning {"arm_chapters_passed": 20, "arm_chapters_rejected": 8, "arm_chapters_running": 1, "paragraph_diagnostics": 615}
[2026-09-12T07:33:31Z] 10.7 min: aligning {"arm_chapters_passed": 21, "arm_chapters_rejected": 10, "arm_chapters_running": 1, "paragraph_diagnostics": 633}
[2026-09-12T07:34:01Z] 11.2 min: aligning {"arm_chapters_passed": 22, "arm_chapters_rejected": 10, "arm_chapters_running": 1, "paragraph_diagnostics": 650}
[2026-09-12T07:34:32Z] 11.8 min: aligning {"arm_chapters_passed": 23, "arm_chapters_rejected": 10, "arm_chapters_running": 1, "paragraph_diagnostics": 663}
[2026-09-12T07:35:02Z] 12.3 min: aligning {"arm_chapters_passed": 26, "arm_chapters_rejected": 10, "arm_chapters_running": 1, "paragraph_diagnostics": 683}
[2026-09-12T07:35:37Z] snapshot 3159926 bytes
[2026-09-12T07:35:37Z] 12.8 min: aligning {"arm_chapters_passed": 28, "arm_chapters_rejected": 10, "arm_chapters_running": 1, "paragraph_diagnostics": 695}
[2026-09-12T07:36:07Z] 13.4 min: aligning {"arm_chapters_passed": 31, "arm_chapters_rejected": 10, "arm_chapters_running": 1, "paragraph_diagnostics": 713}
[2026-09-12T07:36:38Z] 13.9 min: aligning {"arm_chapters_passed": 34, "arm_chapters_rejected": 10, "arm_chapters_running": 1, "paragraph_diagnostics": 734}
[2026-09-12T07:37:08Z] 14.4 min: aligning {"arm_chapters_passed": 37, "arm_chapters_rejected": 10, "arm_chapters_running": 1, "paragraph_diagnostics": 761}
[2026-09-12T07:37:38Z] 14.9 min: aligning {"arm_chapters_passed": 39, "arm_chapters_rejected": 10, "arm_chapters_running": 1, "paragraph_diagnostics": 777}
[2026-09-12T07:38:09Z] 15.4 min: aligning {"arm_chapters_passed": 41, "arm_chapters_rejected": 10, "arm_chapters_running": 1, "paragraph_diagnostics": 795}
[2026-09-12T07:38:39Z] 15.9 min: aligning {"arm_chapters_passed": 43, "arm_chapters_rejected": 10, "arm_chapters_running": 1, "paragraph_diagnostics": 813}
[2026-09-12T07:39:10Z] 16.4 min: aligning {"arm_chapters_passed": 46, "arm_chapters_rejected": 10, "arm_chapters_running": 1, "paragraph_diagnostics": 837}
[2026-09-12T07:39:46Z] snapshot 4714318 bytes
[2026-09-12T07:39:46Z] 16.9 min: aligning {"arm_chapters_passed": 47, "arm_chapters_rejected": 11, "arm_chapters_running": 1, "paragraph_diagnostics": 866}
[2026-09-12T07:40:17Z] 17.5 min: aligning {"arm_chapters_passed": 48, "arm_chapters_rejected": 11, "arm_chapters_running": 1, "paragraph_diagnostics": 880}
[2026-09-12T07:40:47Z] 18.0 min: aligning {"arm_chapters_passed": 49, "arm_chapters_rejected": 12, "arm_chapters_running": 1, "paragraph_diagnostics": 906}
[2026-09-12T07:41:18Z] 18.5 min: aligning {"arm_chapters_passed": 52, "arm_chapters_rejected": 12, "arm_chapters_running": 1, "paragraph_diagnostics": 933}
[2026-09-12T07:41:48Z] 19.0 min: aligning {"arm_chapters_passed": 54, "arm_chapters_rejected": 13, "arm_chapters_running": 1, "paragraph_diagnostics": 952}
[2026-09-12T07:42:18Z] 19.5 min: aligning {"arm_chapters_passed": 56, "arm_chapters_rejected": 13, "arm_chapters_running": 1, "paragraph_diagnostics": 966}
[2026-09-12T07:42:49Z] 20.0 min: aligning {"arm_chapters_passed": 58, "arm_chapters_rejected": 13, "arm_chapters_running": 1, "paragraph_diagnostics": 980}
[2026-09-12T07:43:19Z] 20.6 min: aligning {"arm_chapters_passed": 59, "arm_chapters_rejected": 14, "arm_chapters_running": 1, "paragraph_diagnostics": 1002}
[2026-09-12T07:43:58Z] snapshot 6068345 bytes
[2026-09-12T07:43:58Z] 21.1 min: aligning {"arm_chapters_passed": 60, "arm_chapters_rejected": 15, "arm_chapters_running": 1, "paragraph_diagnostics": 1015}
[2026-09-12T07:44:29Z] 21.7 min: aligning {"arm_chapters_passed": 64, "arm_chapters_rejected": 15, "arm_chapters_running": 1, "paragraph_diagnostics": 1044}
