[2026-09-12T14:01:12Z] created lkvlijwm5k2ss1 tinct-words-run3-18 gpu=None $0.49/hr
[2026-09-12T14:01:13Z] waiting: pod RUNNING agent HTTP 404
[2026-09-12T14:01:29Z] waiting: pod RUNNING agent HTTP 404
[2026-09-12T14:01:45Z] phase cohort at 0.5 min; setup={"versions": {"faster-whisper": "1.2.1", "ctranslate2": "4.8.2", "av": "18.1.0"}, "commit": "c43ab3799d5b71c58b770ed22e1bd7bb9b2774cf", "model_tree_sha256": "f1fe271c349229677131d389a96d0a28062a6a2c2fee54a8ce119c43538315c5", "ld_library_path": "/usr/local/lib/python3.11/dist-packages/nvidia/cublas/l
[2026-09-12T14:01:45Z] 0.5 min: cohort {"arm_chapters_passed": 0, "arm_chapters_rejected": 0, "arm_chapters_running": 0}
[2026-09-12T14:02:16Z] 1.1 min: cohort {"arm_chapters_passed": 0, "arm_chapters_rejected": 0, "arm_chapters_running": 0}
[2026-09-12T14:02:46Z] 1.6 min: cohort {"arm_chapters_passed": 0, "arm_chapters_rejected": 0, "arm_chapters_running": 0}
[2026-09-12T14:03:16Z] 2.1 min: cohort {"arm_chapters_passed": 0, "arm_chapters_rejected": 0, "arm_chapters_running": 0}
[2026-09-12T14:03:47Z] 2.6 min: cohort {"arm_chapters_passed": 0, "arm_chapters_rejected": 0, "arm_chapters_running": 0}
[2026-09-12T14:04:17Z] phase aligning at 3.1 min; setup={"versions": {"faster-whisper": "1.2.1", "ctranslate2": "4.8.2", "av": "18.1.0"}, "commit": "c43ab3799d5b71c58b770ed22e1bd7bb9b2774cf", "model_tree_sha256": "f1fe271c349229677131d389a96d0a28062a6a2c2fee54a8ce119c43538315c5", "ld_library_path": "/usr/local/lib/python3.11/dist-packages/nvidia/cublas/l
[2026-09-12T14:04:17Z] 3.1 min: aligning {"arm_chapters_passed": 0, "arm_chapters_rejected": 0, "arm_chapters_running": 1, "paragraph_diagnostics": 4}
[2026-09-12T14:04:47Z] 3.6 min: aligning {"arm_chapters_passed": 0, "arm_chapters_rejected": 1, "arm_chapters_running": 1, "paragraph_diagnostics": 25}
[2026-09-12T14:05:18Z] 4.1 min: aligning {"arm_chapters_passed": 0, "arm_chapters_rejected": 1, "arm_chapters_running": 1, "paragraph_diagnostics": 32}
[2026-09-12T14:05:50Z] snapshot 784121 bytes
[2026-09-12T14:05:50Z] 4.6 min: aligning {"arm_chapters_passed": 1, "arm_chapters_rejected": 1, "arm_chapters_running": 1, "paragraph_diagnostics": 50}
[2026-09-12T14:06:20Z] 5.1 min: aligning {"arm_chapters_passed": 1, "arm_chapters_rejected": 2, "arm_chapters_running": 1, "paragraph_diagnostics": 70}
[2026-09-12T14:06:50Z] 5.6 min: aligning {"arm_chapters_passed": 1, "arm_chapters_rejected": 4, "arm_chapters_running": 1, "paragraph_diagnostics": 96}
[2026-09-12T14:07:21Z] 6.1 min: aligning {"arm_chapters_passed": 2, "arm_chapters_rejected": 4, "arm_chapters_running": 1, "paragraph_diagnostics": 112}
[2026-09-12T14:07:51Z] 6.6 min: aligning {"arm_chapters_passed": 2, "arm_chapters_rejected": 5, "arm_chapters_running": 1, "paragraph_diagnostics": 125}
[2026-09-12T14:08:22Z] 7.2 min: aligning {"arm_chapters_passed": 3, "arm_chapters_rejected": 6, "arm_chapters_running": 1, "paragraph_diagnostics": 142}
[2026-09-12T14:08:52Z] 7.7 min: aligning {"arm_chapters_passed": 4, "arm_chapters_rejected": 6, "arm_chapters_running": 1, "paragraph_diagnostics": 158}
[2026-09-12T14:09:23Z] 8.2 min: aligning {"arm_chapters_passed": 4, "arm_chapters_rejected": 7, "arm_chapters_running": 1, "paragraph_diagnostics": 174}
[2026-09-12T14:09:56Z] snapshot 2639724 bytes
[2026-09-12T14:09:56Z] 8.7 min: aligning {"arm_chapters_passed": 4, "arm_chapters_rejected": 7, "arm_chapters_running": 1, "paragraph_diagnostics": 177}
