[2026-09-12T05:56:21Z] created hvjyoosrg7in54 tinct-words-run2-35 gpu=None $0.49/hr
[2026-09-12T05:56:21Z] waiting: pod RUNNING agent HTTP 404
[2026-09-12T05:56:37Z] waiting: pod RUNNING agent HTTP 404
[2026-09-12T05:56:54Z] phase cohort at 0.5 min; setup={"versions": {"faster-whisper": "1.2.1", "ctranslate2": "4.8.2", "av": "18.1.0"}, "commit": "f53d744782e3c369fffd2980a013a7f199c0476e", "model_tree_sha256": "f1fe271c349229677131d389a96d0a28062a6a2c2fee54a8ce119c43538315c5", "ld_library_path": "/usr/local/lib/python3.11/dist-packages/nvidia/cublas/l
[2026-09-12T05:56:54Z] 0.5 min: cohort {"arm_chapters_passed": 0, "arm_chapters_rejected": 0, "arm_chapters_running": 0}
[2026-09-12T05:57:24Z] 1.1 min: cohort {"arm_chapters_passed": 0, "arm_chapters_rejected": 0, "arm_chapters_running": 0}
[2026-09-12T05:57:55Z] 1.6 min: cohort {"arm_chapters_passed": 0, "arm_chapters_rejected": 0, "arm_chapters_running": 0}
[2026-09-12T05:58:25Z] 2.1 min: cohort {"arm_chapters_passed": 0, "arm_chapters_rejected": 0, "arm_chapters_running": 0}
[2026-09-12T05:58:56Z] 2.6 min: cohort {"arm_chapters_passed": 0, "arm_chapters_rejected": 0, "arm_chapters_running": 0}
[2026-09-12T05:59:26Z] phase aligning at 3.1 min; setup={"versions": {"faster-whisper": "1.2.1", "ctranslate2": "4.8.2", "av": "18.1.0"}, "commit": "f53d744782e3c369fffd2980a013a7f199c0476e", "model_tree_sha256": "f1fe271c349229677131d389a96d0a28062a6a2c2fee54a8ce119c43538315c5", "ld_library_path": "/usr/local/lib/python3.11/dist-packages/nvidia/cublas/l
[2026-09-12T05:59:26Z] 3.1 min: aligning {"arm_chapters_passed": 0, "arm_chapters_rejected": 0, "arm_chapters_running": 1, "paragraph_diagnostics": 75}
[2026-09-12T05:59:56Z] 3.6 min: aligning {"arm_chapters_passed": 0, "arm_chapters_rejected": 1, "arm_chapters_running": 1, "paragraph_diagnostics": 136}
[2026-09-12T06:00:27Z] 4.1 min: aligning {"arm_chapters_passed": 0, "arm_chapters_rejected": 1, "arm_chapters_running": 1, "paragraph_diagnostics": 164}
[2026-09-12T06:00:58Z] snapshot 370621 bytes
[2026-09-12T06:00:58Z] 4.6 min: aligning {"arm_chapters_passed": 0, "arm_chapters_rejected": 1, "arm_chapters_running": 1, "paragraph_diagnostics": 231}
[2026-09-12T06:01:28Z] 5.1 min: aligning {"arm_chapters_passed": 2, "arm_chapters_rejected": 3, "arm_chapters_running": 1, "paragraph_diagnostics": 296}
[2026-09-12T06:01:59Z] 5.6 min: aligning {"arm_chapters_passed": 2, "arm_chapters_rejected": 4, "arm_chapters_running": 1, "paragraph_diagnostics": 371}
[2026-09-12T06:02:30Z] 6.1 min: aligning {"arm_chapters_passed": 2, "arm_chapters_rejected": 4, "arm_chapters_running": 1, "paragraph_diagnostics": 462}
[2026-09-12T06:03:00Z] 6.6 min: aligning {"arm_chapters_passed": 2, "arm_chapters_rejected": 5, "arm_chapters_running": 1, "paragraph_diagnostics": 532}
[2026-09-12T06:03:30Z] 7.2 min: aligning {"arm_chapters_passed": 2, "arm_chapters_rejected": 5, "arm_chapters_running": 1, "paragraph_diagnostics": 594}
[2026-09-12T06:04:01Z] 7.7 min: aligning {"arm_chapters_passed": 2, "arm_chapters_rejected": 7, "arm_chapters_running": 1, "paragraph_diagnostics": 658}
[2026-09-12T06:04:31Z] 8.2 min: aligning {"arm_chapters_passed": 3, "arm_chapters_rejected": 7, "arm_chapters_running": 1, "paragraph_diagnostics": 743}
[2026-09-12T06:05:05Z] snapshot 1503657 bytes
[2026-09-12T06:05:05Z] 8.7 min: aligning {"arm_chapters_passed": 3, "arm_chapters_rejected": 8, "arm_chapters_running": 1, "paragraph_diagnostics": 803}
[2026-09-12T06:05:35Z] 9.2 min: aligning {"arm_chapters_passed": 3, "arm_chapters_rejected": 8, "arm_chapters_running": 1, "paragraph_diagnostics": 871}
[2026-09-12T06:06:06Z] 9.7 min: aligning {"arm_chapters_passed": 3, "arm_chapters_rejected": 9, "arm_chapters_running": 1, "paragraph_diagnostics": 942}
[2026-09-12T06:06:36Z] 10.3 min: aligning {"arm_chapters_passed": 4, "arm_chapters_rejected": 10, "arm_chapters_running": 1, "paragraph_diagnostics": 1020}
[2026-09-12T06:07:07Z] 10.8 min: aligning {"arm_chapters_passed": 4, "arm_chapters_rejected": 10, "arm_chapters_running": 1, "paragraph_diagnostics": 1093}
[2026-09-12T06:07:37Z] 11.3 min: aligning {"arm_chapters_passed": 4, "arm_chapters_rejected": 10, "arm_chapters_running": 1, "paragraph_diagnostics": 1177}
[2026-09-12T06:08:08Z] 11.8 min: aligning {"arm_chapters_passed": 4, "arm_chapters_rejected": 10, "arm_chapters_running": 1, "paragraph_diagnostics": 1252}
[2026-09-12T06:08:38Z] 12.3 min: aligning {"arm_chapters_passed": 4, "arm_chapters_rejected": 11, "arm_chapters_running": 1, "paragraph_diagnostics": 1313}
[2026-09-12T06:09:13Z] snapshot 2644936 bytes
[2026-09-12T06:09:13Z] 12.8 min: aligning {"arm_chapters_passed": 4, "arm_chapters_rejected": 11, "arm_chapters_running": 1, "paragraph_diagnostics": 1352}
[2026-09-12T06:09:44Z] 13.4 min: aligning {"arm_chapters_passed": 4, "arm_chapters_rejected": 11, "arm_chapters_running": 1, "paragraph_diagnostics": 1408}
[2026-09-12T06:10:14Z] 13.9 min: aligning {"arm_chapters_passed": 4, "arm_chapters_rejected": 11, "arm_chapters_running": 1, "paragraph_diagnostics": 1439}
[2026-09-12T06:10:44Z] 14.4 min: aligning {"arm_chapters_passed": 4, "arm_chapters_rejected": 11, "arm_chapters_running": 1, "paragraph_diagnostics": 1459}
[2026-09-12T06:11:15Z] 14.9 min: aligning {"arm_chapters_passed": 4, "arm_chapters_rejected": 11, "arm_chapters_running": 1, "paragraph_diagnostics": 1494}
[2026-09-12T06:11:45Z] 15.4 min: aligning {"arm_chapters_passed": 4, "arm_chapters_rejected": 11, "arm_chapters_running": 1, "paragraph_diagnostics": 1547}
[2026-09-12T06:12:16Z] 15.9 min: aligning {"arm_chapters_passed": 4, "arm_chapters_rejected": 11, "arm_chapters_running": 1, "paragraph_diagnostics": 1588}
[2026-09-12T06:12:46Z] 16.4 min: aligning {"arm_chapters_passed": 4, "arm_chapters_rejected": 12, "arm_chapters_running": 1, "paragraph_diagnostics": 1649}
[2026-09-12T06:13:22Z] snapshot 3618244 bytes
[2026-09-12T06:13:22Z] 16.9 min: aligning {"arm_chapters_passed": 4, "arm_chapters_rejected": 13, "arm_chapters_running": 1, "paragraph_diagnostics": 1694}
[2026-09-12T06:13:52Z] 17.5 min: aligning {"arm_chapters_passed": 4, "arm_chapters_rejected": 14, "arm_chapters_running": 1, "paragraph_diagnostics": 1730}
[2026-09-12T06:14:22Z] 18.0 min: aligning {"arm_chapters_passed": 4, "arm_chapters_rejected": 15, "arm_chapters_running": 1, "paragraph_diagnostics": 1780}
[2026-09-12T06:14:52Z] 18.5 min: aligning {"arm_chapters_passed": 4, "arm_chapters_rejected": 16, "arm_chapters_running": 1, "paragraph_diagnostics": 1820}
[2026-09-12T06:15:23Z] pod is EXITED (Exited by user: Sat Sep 12 2026 06:15:11 GMT+0000 (Coordinated Universal Time)); using last snapshot
[2026-09-12T06:15:26Z] final fetch failed (HTTP 404); extracted last snapshot from 2026-09-12T06:13:22Z
[2026-09-12T06:15:26Z] stop hvjyoosrg7in54: HTTP 200
[2026-09-12T06:15:27Z] terminate hvjyoosrg7in54: HTTP 204
[2026-09-12T06:15:27Z] pod hvjyoosrg7in54 done: outcome=pod-exited-externally uptime=19.1m est $0.16
