[2026-09-12T15:40:42Z] created r0ij003yx86n8i tinct-words-run3-55 gpu=None $0.49/hr
[2026-09-12T15:40:43Z] waiting: pod RUNNING agent HTTP 404
[2026-09-12T15:40:59Z] waiting: pod RUNNING agent HTTP 404
[2026-09-12T15:41:15Z] phase cohort at 0.5 min; setup={"versions": {"faster-whisper": "1.2.1", "ctranslate2": "4.8.2", "av": "18.1.0"}, "commit": "c43ab3799d5b71c58b770ed22e1bd7bb9b2774cf", "model_tree_sha256": "f1fe271c349229677131d389a96d0a28062a6a2c2fee54a8ce119c43538315c5", "ld_library_path": "/usr/local/lib/python3.11/dist-packages/nvidia/cublas/l
[2026-09-12T15:41:15Z] 0.5 min: cohort {"arm_chapters_passed": 0, "arm_chapters_rejected": 0, "arm_chapters_running": 0}
[2026-09-12T15:41:46Z] 1.0 min: cohort {"arm_chapters_passed": 0, "arm_chapters_rejected": 0, "arm_chapters_running": 0}
[2026-09-12T15:42:16Z] 1.6 min: cohort {"arm_chapters_passed": 0, "arm_chapters_rejected": 0, "arm_chapters_running": 0}
[2026-09-12T15:42:46Z] 2.1 min: cohort {"arm_chapters_passed": 0, "arm_chapters_rejected": 0, "arm_chapters_running": 0}
[2026-09-12T15:43:17Z] 2.6 min: cohort {"arm_chapters_passed": 0, "arm_chapters_rejected": 0, "arm_chapters_running": 0}
[2026-09-12T15:43:47Z] 3.1 min: cohort {"arm_chapters_passed": 0, "arm_chapters_rejected": 0, "arm_chapters_running": 0}
[2026-09-12T15:44:17Z] phase aligning at 3.6 min; setup={"versions": {"faster-whisper": "1.2.1", "ctranslate2": "4.8.2", "av": "18.1.0"}, "commit": "c43ab3799d5b71c58b770ed22e1bd7bb9b2774cf", "model_tree_sha256": "f1fe271c349229677131d389a96d0a28062a6a2c2fee54a8ce119c43538315c5", "ld_library_path": "/usr/local/lib/python3.11/dist-packages/nvidia/cublas/l
[2026-09-12T15:44:17Z] 3.6 min: aligning {"arm_chapters_passed": 0, "arm_chapters_rejected": 0, "arm_chapters_running": 1, "paragraph_diagnostics": 7}
[2026-09-12T15:44:48Z] 4.1 min: aligning {"arm_chapters_passed": 0, "arm_chapters_rejected": 1, "arm_chapters_running": 1, "paragraph_diagnostics": 32}
[2026-09-12T15:45:19Z] snapshot 558558 bytes
[2026-09-12T15:45:19Z] 4.6 min: aligning {"arm_chapters_passed": 0, "arm_chapters_rejected": 1, "arm_chapters_running": 1, "paragraph_diagnostics": 41}
[2026-09-12T15:45:50Z] 5.1 min: aligning {"arm_chapters_passed": 0, "arm_chapters_rejected": 1, "arm_chapters_running": 1, "paragraph_diagnostics": 53}
[2026-09-12T15:46:20Z] 5.6 min: aligning {"arm_chapters_passed": 0, "arm_chapters_rejected": 2, "arm_chapters_running": 1, "paragraph_diagnostics": 83}
[2026-09-12T15:46:50Z] 6.1 min: aligning {"arm_chapters_passed": 0, "arm_chapters_rejected": 2, "arm_chapters_running": 1, "paragraph_diagnostics": 116}
[2026-09-12T15:47:21Z] 6.6 min: aligning {"arm_chapters_passed": 0, "arm_chapters_rejected": 2, "arm_chapters_running": 1, "paragraph_diagnostics": 148}
[2026-09-12T15:47:51Z] 7.1 min: aligning {"arm_chapters_passed": 0, "arm_chapters_rejected": 2, "arm_chapters_running": 1, "paragraph_diagnostics": 175}
[2026-09-12T15:48:21Z] 7.6 min: aligning {"arm_chapters_passed": 0, "arm_chapters_rejected": 2, "arm_chapters_running": 1, "paragraph_diagnostics": 208}
[2026-09-12T15:48:52Z] 8.1 min: aligning {"arm_chapters_passed": 0, "arm_chapters_rejected": 3, "arm_chapters_running": 1, "paragraph_diagnostics": 226}
[2026-09-12T15:49:25Z] snapshot 2358987 bytes
[2026-09-12T15:49:25Z] 8.7 min: aligning {"arm_chapters_passed": 0, "arm_chapters_rejected": 3, "arm_chapters_running": 1, "paragraph_diagnostics": 242}
[2026-09-12T15:49:56Z] 9.2 min: aligning {"arm_chapters_passed": 0, "arm_chapters_rejected": 3, "arm_chapters_running": 1, "paragraph_diagnostics": 256}
[2026-09-12T15:50:26Z] 9.7 min: aligning {"arm_chapters_passed": 0, "arm_chapters_rejected": 3, "arm_chapters_running": 1, "paragraph_diagnostics": 273}
[2026-09-12T15:50:56Z] 10.2 min: aligning {"arm_chapters_passed": 0, "arm_chapters_rejected": 3, "arm_chapters_running": 1, "paragraph_diagnostics": 289}
[2026-09-12T15:51:27Z] 10.7 min: aligning {"arm_chapters_passed": 0, "arm_chapters_rejected": 3, "arm_chapters_running": 1, "paragraph_diagnostics": 309}
[2026-09-12T15:51:57Z] 11.2 min: aligning {"arm_chapters_passed": 0, "arm_chapters_rejected": 3, "arm_chapters_running": 1, "paragraph_diagnostics": 323}
[2026-09-12T15:52:27Z] 11.7 min: aligning {"arm_chapters_passed": 0, "arm_chapters_rejected": 3, "arm_chapters_running": 1, "paragraph_diagnostics": 331}
[2026-09-12T15:52:58Z] 12.3 min: aligning {"arm_chapters_passed": 0, "arm_chapters_rejected": 3, "arm_chapters_running": 1, "paragraph_diagnostics": 351}
[2026-09-12T15:53:33Z] snapshot 3778120 bytes
[2026-09-12T15:53:33Z] 12.8 min: aligning {"arm_chapters_passed": 0, "arm_chapters_rejected": 3, "arm_chapters_running": 1, "paragraph_diagnostics": 369}
[2026-09-12T15:54:03Z] 13.3 min: aligning {"arm_chapters_passed": 0, "arm_chapters_rejected": 3, "arm_chapters_running": 1, "paragraph_diagnostics": 381}
[2026-09-12T15:54:34Z] 13.8 min: aligning {"arm_chapters_passed": 0, "arm_chapters_rejected": 4, "arm_chapters_running": 1, "paragraph_diagnostics": 411}
[2026-09-12T15:55:04Z] 14.4 min: aligning {"arm_chapters_passed": 0, "arm_chapters_rejected": 4, "arm_chapters_running": 1, "paragraph_diagnostics": 446}
[2026-09-12T15:55:53Z] 14.9 min: aligning {"arm_chapters_passed": 0, "arm_chapters_rejected": 5, "arm_chapters_running": 1, "paragraph_diagnostics": 476}
[2026-09-12T15:56:23Z] 15.7 min: aligning {"arm_chapters_passed": 0, "arm_chapters_rejected": 5, "arm_chapters_running": 1, "paragraph_diagnostics": 487}
[2026-09-12T15:56:54Z] 16.2 min: aligning {"arm_chapters_passed": 0, "arm_chapters_rejected": 5, "arm_chapters_running": 1, "paragraph_diagnostics": 507}
[2026-09-12T15:57:24Z] 16.7 min: aligning {"arm_chapters_passed": 0, "arm_chapters_rejected": 5, "arm_chapters_running": 1, "paragraph_diagnostics": 524}
[2026-09-12T15:58:01Z] snapshot 5557334 bytes
[2026-09-12T15:58:01Z] 17.2 min: aligning {"arm_chapters_passed": 0, "arm_chapters_rejected": 5, "arm_chapters_running": 1, "paragraph_diagnostics": 537}
[2026-09-12T15:58:32Z] 17.8 min: aligning {"arm_chapters_passed": 0, "arm_chapters_rejected": 6, "arm_chapters_running": 1, "paragraph_diagnostics": 570}
[2026-09-12T15:59:02Z] 18.3 min: aligning {"arm_chapters_passed": 0, "arm_chapters_rejected": 6, "arm_chapters_running": 1, "paragraph_diagnostics": 594}
[2026-09-12T15:59:33Z] 18.8 min: aligning {"arm_chapters_passed": 0, "arm_chapters_rejected": 7, "arm_chapters_running": 1, "paragraph_diagnostics": 609}
[2026-09-12T16:00:03Z] 19.3 min: aligning {"arm_chapters_passed": 0, "arm_chapters_rejected": 7, "arm_chapters_running": 1, "paragraph_diagnostics": 618}
[2026-09-12T16:00:34Z] 19.8 min: aligning {"arm_chapters_passed": 0, "arm_chapters_rejected": 7, "arm_chapters_running": 1, "paragraph_diagnostics": 629}
[2026-09-12T16:01:04Z] 20.4 min: aligning {"arm_chapters_passed": 0, "arm_chapters_rejected": 7, "arm_chapters_running": 1, "paragraph_diagnostics": 640}
