[2026-09-12T13:25:27Z] created 0ovz79hr09d8wp tinct-words-run3-1 gpu=None $0.49/hr
[2026-09-12T13:25:28Z] waiting: pod RUNNING agent HTTP 404
[2026-09-12T13:25:44Z] waiting: pod RUNNING agent HTTP 404
[2026-09-12T13:26:02Z] phase cohort at 0.6 min; setup={"versions": {"faster-whisper": "1.2.1", "ctranslate2": "4.8.2", "av": "18.1.0"}, "commit": "c43ab3799d5b71c58b770ed22e1bd7bb9b2774cf", "model_tree_sha256": "f1fe271c349229677131d389a96d0a28062a6a2c2fee54a8ce119c43538315c5", "ld_library_path": "/usr/local/lib/python3.11/dist-packages/nvidia/cublas/l
[2026-09-12T13:26:02Z] 0.6 min: cohort {"arm_chapters_passed": 0, "arm_chapters_rejected": 0, "arm_chapters_running": 0}
[2026-09-12T13:26:32Z] 1.1 min: cohort {"arm_chapters_passed": 0, "arm_chapters_rejected": 0, "arm_chapters_running": 0}
[2026-09-12T13:27:03Z] 1.6 min: cohort {"arm_chapters_passed": 0, "arm_chapters_rejected": 0, "arm_chapters_running": 0}
[2026-09-12T13:27:34Z] phase aligning at 2.1 min; setup={"versions": {"faster-whisper": "1.2.1", "ctranslate2": "4.8.2", "av": "18.1.0"}, "commit": "c43ab3799d5b71c58b770ed22e1bd7bb9b2774cf", "model_tree_sha256": "f1fe271c349229677131d389a96d0a28062a6a2c2fee54a8ce119c43538315c5", "ld_library_path": "/usr/local/lib/python3.11/dist-packages/nvidia/cublas/l
[2026-09-12T13:27:34Z] 2.1 min: aligning {"arm_chapters_passed": 0, "arm_chapters_rejected": 0, "arm_chapters_running": 1, "paragraph_diagnostics": 29}
[2026-09-12T13:28:05Z] 2.6 min: aligning {"arm_chapters_passed": 0, "arm_chapters_rejected": 2, "arm_chapters_running": 1, "paragraph_diagnostics": 88}
[2026-09-12T13:28:36Z] 3.1 min: aligning {"arm_chapters_passed": 0, "arm_chapters_rejected": 3, "arm_chapters_running": 1, "paragraph_diagnostics": 135}
[2026-09-12T13:29:07Z] 3.7 min: aligning {"arm_chapters_passed": 0, "arm_chapters_rejected": 3, "arm_chapters_running": 1, "paragraph_diagnostics": 174}
[2026-09-12T13:29:38Z] 4.2 min: aligning {"arm_chapters_passed": 0, "arm_chapters_rejected": 4, "arm_chapters_running": 1, "paragraph_diagnostics": 197}
[2026-09-12T13:30:11Z] snapshot 1050710 bytes
[2026-09-12T13:30:11Z] 4.7 min: aligning {"arm_chapters_passed": 0, "arm_chapters_rejected": 5, "arm_chapters_running": 1, "paragraph_diagnostics": 203}
[2026-09-12T13:30:42Z] 5.2 min: aligning {"arm_chapters_passed": 0, "arm_chapters_rejected": 8, "arm_chapters_running": 1, "paragraph_diagnostics": 229}
[2026-09-12T13:31:13Z] 5.8 min: aligning {"arm_chapters_passed": 0, "arm_chapters_rejected": 8, "arm_chapters_running": 1, "paragraph_diagnostics": 237}
[2026-09-12T13:31:44Z] 6.3 min: aligning {"arm_chapters_passed": 0, "arm_chapters_rejected": 8, "arm_chapters_running": 1, "paragraph_diagnostics": 251}
[2026-09-12T13:32:15Z] 6.8 min: aligning {"arm_chapters_passed": 0, "arm_chapters_rejected": 9, "arm_chapters_running": 1, "paragraph_diagnostics": 263}
[2026-09-12T13:32:45Z] 7.3 min: aligning {"arm_chapters_passed": 0, "arm_chapters_rejected": 9, "arm_chapters_running": 1, "paragraph_diagnostics": 269}
[2026-09-12T13:33:16Z] 7.8 min: aligning {"arm_chapters_passed": 0, "arm_chapters_rejected": 9, "arm_chapters_running": 1, "paragraph_diagnostics": 273}
[2026-09-12T13:33:47Z] 8.3 min: aligning {"arm_chapters_passed": 0, "arm_chapters_rejected": 9, "arm_chapters_running": 1, "paragraph_diagnostics": 275}
[2026-09-12T13:34:22Z] snapshot 3036022 bytes
[2026-09-12T13:34:22Z] 8.8 min: aligning {"arm_chapters_passed": 0, "arm_chapters_rejected": 9, "arm_chapters_running": 1, "paragraph_diagnostics": 278}
[2026-09-12T13:34:53Z] 9.4 min: aligning {"arm_chapters_passed": 0, "arm_chapters_rejected": 9, "arm_chapters_running": 1, "paragraph_diagnostics": 279}
[2026-09-12T13:35:24Z] 9.9 min: aligning {"arm_chapters_passed": 0, "arm_chapters_rejected": 9, "arm_chapters_running": 1, "paragraph_diagnostics": 281}
[2026-09-12T13:35:54Z] 10.4 min: aligning {"arm_chapters_passed": 0, "arm_chapters_rejected": 9, "arm_chapters_running": 1, "paragraph_diagnostics": 295}
[2026-09-12T13:36:25Z] 11.0 min: aligning {"arm_chapters_passed": 0, "arm_chapters_rejected": 9, "arm_chapters_running": 1, "paragraph_diagnostics": 297}
[2026-09-12T13:36:56Z] 11.5 min: aligning {"arm_chapters_passed": 0, "arm_chapters_rejected": 10, "arm_chapters_running": 1, "paragraph_diagnostics": 305}
[2026-09-12T13:37:27Z] 12.0 min: aligning {"arm_chapters_passed": 0, "arm_chapters_rejected": 11, "arm_chapters_running": 1, "paragraph_diagnostics": 320}
[2026-09-12T13:37:58Z] 12.5 min: aligning {"arm_chapters_passed": 0, "arm_chapters_rejected": 11, "arm_chapters_running": 1, "paragraph_diagnostics": 329}
[2026-09-12T13:38:35Z] snapshot 5120970 bytes
[2026-09-12T13:38:35Z] 13.0 min: aligning {"arm_chapters_passed": 0, "arm_chapters_rejected": 12, "arm_chapters_running": 1, "paragraph_diagnostics": 344}
[2026-09-12T13:39:07Z] 13.6 min: aligning {"arm_chapters_passed": 0, "arm_chapters_rejected": 13, "arm_chapters_running": 1, "paragraph_diagnostics": 376}
[2026-09-12T13:39:38Z] 14.2 min: aligning {"arm_chapters_passed": 0, "arm_chapters_rejected": 13, "arm_chapters_running": 1, "paragraph_diagnostics": 386}
[2026-09-12T13:40:09Z] 14.7 min: aligning {"arm_chapters_passed": 0, "arm_chapters_rejected": 13, "arm_chapters_running": 1, "paragraph_diagnostics": 397}
[2026-09-12T13:40:39Z] 15.2 min: aligning {"arm_chapters_passed": 0, "arm_chapters_rejected": 13, "arm_chapters_running": 1, "paragraph_diagnostics": 414}
[2026-09-12T13:41:10Z] 15.7 min: aligning {"arm_chapters_passed": 0, "arm_chapters_rejected": 15, "arm_chapters_running": 1, "paragraph_diagnostics": 449}
[2026-09-12T13:41:41Z] 16.2 min: aligning {"arm_chapters_passed": 0, "arm_chapters_rejected": 15, "arm_chapters_running": 1, "paragraph_diagnostics": 462}
[2026-09-12T13:42:12Z] 16.7 min: aligning {"arm_chapters_passed": 0, "arm_chapters_rejected": 16, "arm_chapters_running": 1, "paragraph_diagnostics": 496}
[2026-09-12T13:42:52Z] snapshot 7107452 bytes
[2026-09-12T13:42:52Z] 17.3 min: aligning {"arm_chapters_passed": 0, "arm_chapters_rejected": 17, "arm_chapters_running": 1, "paragraph_diagnostics": 521}
[2026-09-12T13:43:23Z] 17.9 min: aligning {"arm_chapters_passed": 0, "arm_chapters_rejected": 17, "arm_chapters_running": 1, "paragraph_diagnostics": 540}
