[2026-09-12T15:42:35Z] created k3t3xjnkzjddgx tinct-words-run3-60 gpu=None $0.49/hr
[2026-09-12T15:42:36Z] waiting: pod RUNNING agent HTTP 404
[2026-09-12T15:42:53Z] phase cohort at 0.3 min; setup={"versions": {"faster-whisper": "1.2.1", "ctranslate2": "4.8.2", "av": "18.1.0"}, "commit": "c43ab3799d5b71c58b770ed22e1bd7bb9b2774cf", "model_tree_sha256": "f1fe271c349229677131d389a96d0a28062a6a2c2fee54a8ce119c43538315c5", "ld_library_path": "/usr/local/lib/python3.11/dist-packages/nvidia/cublas/l
[2026-09-12T15:42:53Z] 0.3 min: cohort {"arm_chapters_passed": 0, "arm_chapters_rejected": 0, "arm_chapters_running": 0}
[2026-09-12T15:43:23Z] 0.8 min: cohort {"arm_chapters_passed": 0, "arm_chapters_rejected": 0, "arm_chapters_running": 0}
[2026-09-12T15:43:54Z] 1.3 min: cohort {"arm_chapters_passed": 0, "arm_chapters_rejected": 0, "arm_chapters_running": 0}
[2026-09-12T15:44:24Z] 1.8 min: cohort {"arm_chapters_passed": 0, "arm_chapters_rejected": 0, "arm_chapters_running": 0}
[2026-09-12T15:44:55Z] phase aligning at 2.3 min; setup={"versions": {"faster-whisper": "1.2.1", "ctranslate2": "4.8.2", "av": "18.1.0"}, "commit": "c43ab3799d5b71c58b770ed22e1bd7bb9b2774cf", "model_tree_sha256": "f1fe271c349229677131d389a96d0a28062a6a2c2fee54a8ce119c43538315c5", "ld_library_path": "/usr/local/lib/python3.11/dist-packages/nvidia/cublas/l
[2026-09-12T15:44:55Z] 2.3 min: aligning {"arm_chapters_passed": 0, "arm_chapters_rejected": 0, "arm_chapters_running": 1, "paragraph_diagnostics": 5}
[2026-09-12T15:45:25Z] 2.8 min: aligning {"arm_chapters_passed": 0, "arm_chapters_rejected": 1, "arm_chapters_running": 1, "paragraph_diagnostics": 17}
[2026-09-12T15:45:55Z] 3.3 min: aligning {"arm_chapters_passed": 0, "arm_chapters_rejected": 1, "arm_chapters_running": 1, "paragraph_diagnostics": 21}
[2026-09-12T15:46:26Z] 3.8 min: aligning {"arm_chapters_passed": 1, "arm_chapters_rejected": 1, "arm_chapters_running": 1, "paragraph_diagnostics": 31}
[2026-09-12T15:46:58Z] snapshot 1090699 bytes
[2026-09-12T15:46:58Z] 4.3 min: aligning {"arm_chapters_passed": 1, "arm_chapters_rejected": 1, "arm_chapters_running": 1, "paragraph_diagnostics": 56}
[2026-09-12T15:47:28Z] 4.9 min: aligning {"arm_chapters_passed": 1, "arm_chapters_rejected": 1, "arm_chapters_running": 1, "paragraph_diagnostics": 77}
[2026-09-12T15:47:58Z] 5.4 min: aligning {"arm_chapters_passed": 1, "arm_chapters_rejected": 1, "arm_chapters_running": 1, "paragraph_diagnostics": 101}
[2026-09-12T15:48:29Z] 5.9 min: aligning {"arm_chapters_passed": 1, "arm_chapters_rejected": 1, "arm_chapters_running": 1, "paragraph_diagnostics": 118}
[2026-09-12T15:48:59Z] 6.4 min: aligning {"arm_chapters_passed": 1, "arm_chapters_rejected": 1, "arm_chapters_running": 1, "paragraph_diagnostics": 141}
[2026-09-12T15:49:29Z] 6.9 min: aligning {"arm_chapters_passed": 1, "arm_chapters_rejected": 2, "arm_chapters_running": 1, "paragraph_diagnostics": 156}
[2026-09-12T15:49:59Z] 7.4 min: aligning {"arm_chapters_passed": 1, "arm_chapters_rejected": 2, "arm_chapters_running": 1, "paragraph_diagnostics": 168}
[2026-09-12T15:50:30Z] 7.9 min: aligning {"arm_chapters_passed": 1, "arm_chapters_rejected": 2, "arm_chapters_running": 1, "paragraph_diagnostics": 176}
[2026-09-12T15:51:03Z] snapshot 2973027 bytes
[2026-09-12T15:51:03Z] 8.4 min: aligning {"arm_chapters_passed": 1, "arm_chapters_rejected": 2, "arm_chapters_running": 1, "paragraph_diagnostics": 183}
[2026-09-12T15:51:34Z] 9.0 min: aligning {"arm_chapters_passed": 1, "arm_chapters_rejected": 2, "arm_chapters_running": 1, "paragraph_diagnostics": 195}
[2026-09-12T15:52:04Z] 9.5 min: aligning {"arm_chapters_passed": 1, "arm_chapters_rejected": 2, "arm_chapters_running": 1, "paragraph_diagnostics": 207}
[2026-09-12T15:52:34Z] 10.0 min: aligning {"arm_chapters_passed": 1, "arm_chapters_rejected": 2, "arm_chapters_running": 1, "paragraph_diagnostics": 217}
[2026-09-12T15:53:05Z] 10.5 min: aligning {"arm_chapters_passed": 1, "arm_chapters_rejected": 2, "arm_chapters_running": 1, "paragraph_diagnostics": 223}
[2026-09-12T15:53:35Z] 11.0 min: aligning {"arm_chapters_passed": 1, "arm_chapters_rejected": 2, "arm_chapters_running": 1, "paragraph_diagnostics": 233}
[2026-09-12T15:54:05Z] 11.5 min: aligning {"arm_chapters_passed": 1, "arm_chapters_rejected": 2, "arm_chapters_running": 1, "paragraph_diagnostics": 243}
[2026-09-12T15:54:36Z] 12.0 min: aligning {"arm_chapters_passed": 1, "arm_chapters_rejected": 2, "arm_chapters_running": 1, "paragraph_diagnostics": 251}
[2026-09-12T15:55:11Z] snapshot 4636762 bytes
[2026-09-12T15:55:11Z] 12.5 min: aligning {"arm_chapters_passed": 1, "arm_chapters_rejected": 2, "arm_chapters_running": 1, "paragraph_diagnostics": 259}
[2026-09-12T15:55:42Z] 13.1 min: aligning {"arm_chapters_passed": 2, "arm_chapters_rejected": 3, "arm_chapters_running": 1, "paragraph_diagnostics": 271}
[2026-09-12T15:56:12Z] 13.6 min: aligning {"arm_chapters_passed": 3, "arm_chapters_rejected": 3, "arm_chapters_running": 1, "paragraph_diagnostics": 275}
[2026-09-12T15:56:42Z] 14.1 min: aligning {"arm_chapters_passed": 4, "arm_chapters_rejected": 3, "arm_chapters_running": 1, "paragraph_diagnostics": 285}
[2026-09-12T15:57:13Z] 14.6 min: aligning {"arm_chapters_passed": 5, "arm_chapters_rejected": 3, "arm_chapters_running": 1, "paragraph_diagnostics": 296}
[2026-09-12T15:57:43Z] 15.1 min: aligning {"arm_chapters_passed": 6, "arm_chapters_rejected": 3, "arm_chapters_running": 1, "paragraph_diagnostics": 312}
[2026-09-12T15:58:14Z] 15.6 min: aligning {"arm_chapters_passed": 6, "arm_chapters_rejected": 3, "arm_chapters_running": 1, "paragraph_diagnostics": 318}
[2026-09-12T15:58:44Z] 16.1 min: aligning {"arm_chapters_passed": 7, "arm_chapters_rejected": 3, "arm_chapters_running": 1, "paragraph_diagnostics": 339}
[2026-09-12T15:59:21Z] snapshot 6749375 bytes
[2026-09-12T15:59:21Z] 16.6 min: aligning {"arm_chapters_passed": 7, "arm_chapters_rejected": 3, "arm_chapters_running": 1, "paragraph_diagnostics": 360}
[2026-09-12T15:59:51Z] 17.3 min: aligning {"arm_chapters_passed": 8, "arm_chapters_rejected": 3, "arm_chapters_running": 1, "paragraph_diagnostics": 376}
[2026-09-12T16:00:22Z] 17.8 min: aligning {"arm_chapters_passed": 8, "arm_chapters_rejected": 3, "arm_chapters_running": 1, "paragraph_diagnostics": 386}
[2026-09-12T16:00:52Z] 18.3 min: aligning {"arm_chapters_passed": 8, "arm_chapters_rejected": 3, "arm_chapters_running": 1, "paragraph_diagnostics": 396}
[2026-09-12T16:01:22Z] 18.8 min: aligning {"arm_chapters_passed": 8, "arm_chapters_rejected": 3, "arm_chapters_running": 1, "paragraph_diagnostics": 407}
[2026-09-12T16:01:53Z] 19.3 min: aligning {"arm_chapters_passed": 9, "arm_chapters_rejected": 3, "arm_chapters_running": 1, "paragraph_diagnostics": 420}
[2026-09-12T16:02:23Z] 19.8 min: aligning {"arm_chapters_passed": 10, "arm_chapters_rejected": 3, "arm_chapters_running": 1, "paragraph_diagnostics": 445}
[2026-09-12T16:02:54Z] 20.3 min: aligning {"arm_chapters_passed": 10, "arm_chapters_rejected": 3, "arm_chapters_running": 1, "paragraph_diagnostics": 458}
[2026-09-12T16:03:34Z] snapshot 8639941 bytes
[2026-09-12T16:03:34Z] 20.8 min: aligning {"arm_chapters_passed": 11, "arm_chapters_rejected": 3, "arm_chapters_running": 1, "paragraph_diagnostics": 485}
[2026-09-12T16:04:04Z] 21.5 min: aligning {"arm_chapters_passed": 12, "arm_chapters_rejected": 3, "arm_chapters_running": 1, "paragraph_diagnostics": 522}
[2026-09-12T16:04:34Z] 22.0 min: aligning {"arm_chapters_passed": 13, "arm_chapters_rejected": 3, "arm_chapters_running": 1, "paragraph_diagnostics": 551}
[2026-09-12T16:05:05Z] 22.5 min: aligning {"arm_chapters_passed": 13, "arm_chapters_rejected": 3, "arm_chapters_running": 1, "paragraph_diagnostics": 571}
[2026-09-12T16:05:35Z] 23.0 min: aligning {"arm_chapters_passed": 13, "arm_chapters_rejected": 3, "arm_chapters_running": 1, "paragraph_diagnostics": 588}
[2026-09-12T16:06:06Z] 23.5 min: aligning {"arm_chapters_passed": 13, "arm_chapters_rejected": 4, "arm_chapters_running": 1, "paragraph_diagnostics": 608}
[2026-09-12T16:06:36Z] 24.0 min: aligning {"arm_chapters_passed": 13, "arm_chapters_rejected": 4, "arm_chapters_running": 1, "paragraph_diagnostics": 617}
[2026-09-12T16:07:07Z] 24.5 min: aligning {"arm_chapters_passed": 13, "arm_chapters_rejected": 4, "arm_chapters_running": 1, "paragraph_diagnostics": 626}
[2026-09-12T16:07:49Z] snapshot 10546020 bytes
[2026-09-12T16:07:49Z] 25.0 min: aligning {"arm_chapters_passed": 13, "arm_chapters_rejected": 4, "arm_chapters_running": 1, "paragraph_diagnostics": 629}
[2026-09-12T16:08:19Z] 25.7 min: aligning {"arm_chapters_passed": 13, "arm_chapters_rejected": 4, "arm_chapters_running": 1, "paragraph_diagnostics": 640}
[2026-09-12T16:08:49Z] 26.2 min: aligning {"arm_chapters_passed": 14, "arm_chapters_rejected": 4, "arm_chapters_running": 1, "paragraph_diagnostics": 654}
[2026-09-12T16:09:19Z] 26.7 min: aligning {"arm_chapters_passed": 14, "arm_chapters_rejected": 4, "arm_chapters_running": 1, "paragraph_diagnostics": 671}
[2026-09-12T16:09:50Z] 27.2 min: aligning {"arm_chapters_passed": 15, "arm_chapters_rejected": 4, "arm_chapters_running": 1, "paragraph_diagnostics": 683}
[2026-09-12T16:10:21Z] 27.7 min: aligning {"arm_chapters_passed": 15, "arm_chapters_rejected": 4, "arm_chapters_running": 1, "paragraph_diagnostics": 689}
