[2026-09-12T15:43:20Z] created vr58vdyxugin4b tinct-words-run3-62 gpu=None $0.49/hr
[2026-09-12T15:43:21Z] waiting: pod RUNNING agent HTTP 404
[2026-09-12T15:43:37Z] waiting: pod RUNNING agent HTTP 404
[2026-09-12T15:43:54Z] phase cohort at 0.5 min; setup={"versions": {"faster-whisper": "1.2.1", "ctranslate2": "4.8.2", "av": "18.1.0"}, "commit": "c43ab3799d5b71c58b770ed22e1bd7bb9b2774cf", "model_tree_sha256": "f1fe271c349229677131d389a96d0a28062a6a2c2fee54a8ce119c43538315c5", "ld_library_path": "/usr/local/lib/python3.11/dist-packages/nvidia/cublas/l
[2026-09-12T15:43:54Z] 0.5 min: cohort {"arm_chapters_passed": 0, "arm_chapters_rejected": 0, "arm_chapters_running": 0}
[2026-09-12T15:44:24Z] 1.1 min: cohort {"arm_chapters_passed": 0, "arm_chapters_rejected": 0, "arm_chapters_running": 0}
[2026-09-12T15:44:54Z] 1.6 min: cohort {"arm_chapters_passed": 0, "arm_chapters_rejected": 0, "arm_chapters_running": 0}
[2026-09-12T15:45:25Z] 2.1 min: cohort {"arm_chapters_passed": 0, "arm_chapters_rejected": 0, "arm_chapters_running": 0}
[2026-09-12T15:45:55Z] phase aligning at 2.6 min; setup={"versions": {"faster-whisper": "1.2.1", "ctranslate2": "4.8.2", "av": "18.1.0"}, "commit": "c43ab3799d5b71c58b770ed22e1bd7bb9b2774cf", "model_tree_sha256": "f1fe271c349229677131d389a96d0a28062a6a2c2fee54a8ce119c43538315c5", "ld_library_path": "/usr/local/lib/python3.11/dist-packages/nvidia/cublas/l
[2026-09-12T15:45:55Z] 2.6 min: aligning {"arm_chapters_passed": 1, "arm_chapters_rejected": 0, "arm_chapters_running": 1, "paragraph_diagnostics": 11}
[2026-09-12T15:46:25Z] 3.1 min: aligning {"arm_chapters_passed": 1, "arm_chapters_rejected": 0, "arm_chapters_running": 1, "paragraph_diagnostics": 15}
[2026-09-12T15:46:56Z] 3.6 min: aligning {"arm_chapters_passed": 2, "arm_chapters_rejected": 0, "arm_chapters_running": 1, "paragraph_diagnostics": 30}
[2026-09-12T15:47:26Z] 4.1 min: aligning {"arm_chapters_passed": 3, "arm_chapters_rejected": 0, "arm_chapters_running": 1, "paragraph_diagnostics": 46}
[2026-09-12T15:47:58Z] snapshot 1012294 bytes
[2026-09-12T15:47:58Z] 4.6 min: aligning {"arm_chapters_passed": 3, "arm_chapters_rejected": 0, "arm_chapters_running": 1, "paragraph_diagnostics": 51}
[2026-09-12T15:48:28Z] 5.1 min: aligning {"arm_chapters_passed": 3, "arm_chapters_rejected": 0, "arm_chapters_running": 1, "paragraph_diagnostics": 57}
[2026-09-12T15:48:59Z] 5.6 min: aligning {"arm_chapters_passed": 4, "arm_chapters_rejected": 0, "arm_chapters_running": 1, "paragraph_diagnostics": 69}
[2026-09-12T15:49:29Z] 6.1 min: aligning {"arm_chapters_passed": 5, "arm_chapters_rejected": 0, "arm_chapters_running": 1, "paragraph_diagnostics": 86}
[2026-09-12T15:49:59Z] 6.6 min: aligning {"arm_chapters_passed": 5, "arm_chapters_rejected": 0, "arm_chapters_running": 1, "paragraph_diagnostics": 92}
[2026-09-12T15:50:30Z] 7.1 min: aligning {"arm_chapters_passed": 5, "arm_chapters_rejected": 0, "arm_chapters_running": 1, "paragraph_diagnostics": 99}
[2026-09-12T15:51:00Z] 7.7 min: aligning {"arm_chapters_passed": 5, "arm_chapters_rejected": 0, "arm_chapters_running": 1, "paragraph_diagnostics": 105}
[2026-09-12T15:51:30Z] 8.2 min: aligning {"arm_chapters_passed": 6, "arm_chapters_rejected": 0, "arm_chapters_running": 1, "paragraph_diagnostics": 117}
[2026-09-12T15:52:04Z] snapshot 2960619 bytes
[2026-09-12T15:52:04Z] 8.7 min: aligning {"arm_chapters_passed": 7, "arm_chapters_rejected": 0, "arm_chapters_running": 1, "paragraph_diagnostics": 134}
[2026-09-12T15:52:34Z] 9.2 min: aligning {"arm_chapters_passed": 7, "arm_chapters_rejected": 0, "arm_chapters_running": 1, "paragraph_diagnostics": 142}
[2026-09-12T15:53:05Z] 9.7 min: aligning {"arm_chapters_passed": 7, "arm_chapters_rejected": 0, "arm_chapters_running": 1, "paragraph_diagnostics": 150}
[2026-09-12T15:53:35Z] 10.2 min: aligning {"arm_chapters_passed": 7, "arm_chapters_rejected": 0, "arm_chapters_running": 1, "paragraph_diagnostics": 155}
[2026-09-12T15:54:05Z] 10.7 min: aligning {"arm_chapters_passed": 8, "arm_chapters_rejected": 0, "arm_chapters_running": 1, "paragraph_diagnostics": 172}
