3 candidates, 3 excluded, 6 chapters seen
  excluded genealogy-of-morals/original-en/ch2: observed_alignment_below_85_percent
  excluded paradise-lost/original-en/ch1: observed_alignment_below_85_percent
  excluded paradise-lost/original-en/ch3: observed_alignment_below_85_percent
published            genealogy-of-morals/original-en/ch3/words.json  served bytes match
published            genealogy-of-morals/original-en/ch4/words.json  served bytes match
published            paradise-lost/original-en/ch2/words.json  served bytes match

published 3, skipped 0, journal /home/user/tinct/artifacts/audio-highlight-run1-2026-09-11/publication-journal.json (158 entries)
### `genealogy-of-morals/original-en/ch2` — auto arm: 2 of 40 paragraphs below the gate

- p19 ratio 0.85
  - text: 14. Will any one look a little into--right into--the mystery of how ideals are manufactured in this world? Who has the courage to do it? Come!
  - heard: 14. Will anyone look a little into right into the mystery of how ideals are manufactured in this world? Who has the courage to do it? Come!
- p33 ratio 0.73
  - text: 15. In the faith in what? In the love for what? In the hope of what? These weaklings!--they also, forsooth, wish to be the strong some time; there is no doubt a
  - heard: 15. In the faith in what? In the love for what? In the hope of what? These weaklings, they also forsooth wish to be the strong sometime. There is no doubt about

### `paradise-lost/original-en/ch1` — auto arm: 1 of 73 paragraphs below the gate

- p10 ratio 0.82
  - text: That were an ignominy and shame beneath This downfall; since, by fate, the strength of Gods, And this empyreal substance, cannot fail; Since, through experience
  - heard: that were in ignominy and shame beneath this downfall, since, by fate, the strength of Gods and this Empireal substance cannot fail, since, through experience o

### `paradise-lost/original-en/ch3` — auto arm: 0 of 85 paragraphs below the gate


