[2026-09-11T14:01:03Z] created 09vju8q0a71jnb tinct-words-run1-15 gpu=None $0.19/hr
[2026-09-11T14:01:04Z] waiting: pod RUNNING agent HTTP 404
[2026-09-11T14:01:21Z] waiting: pod RUNNING agent HTTP 404
[2026-09-11T14:01:43Z] phase deps at 0.7 min; setup={}
[2026-09-11T14:01:43Z] 0.7 min: deps {"arm_chapters_passed": 0, "arm_chapters_rejected": 0, "arm_chapters_running": 0}
[2026-09-11T14:02:14Z] 1.2 min: deps {"arm_chapters_passed": 0, "arm_chapters_rejected": 0, "arm_chapters_running": 0}
[2026-09-11T14:02:45Z] 1.7 min: deps {"arm_chapters_passed": 0, "arm_chapters_rejected": 0, "arm_chapters_running": 0}
[2026-09-11T14:03:17Z] phase cohort at 2.2 min; setup={"versions": {"faster-whisper": "1.2.1", "ctranslate2": "4.8.2", "av": "18.1.0"}, "commit": "a3780bee4a0683ed3968478e442bfbd2f861173e", "model_tree_sha256": "f1fe271c349229677131d389a96d0a28062a6a2c2fee54a8ce119c43538315c5", "ld_library_path": "/usr/local/lib/python3.11/dist-packages/nvidia/cublas/l
[2026-09-11T14:03:17Z] 2.2 min: cohort {"arm_chapters_passed": 0, "arm_chapters_rejected": 0, "arm_chapters_running": 0}
[2026-09-11T14:03:49Z] 2.7 min: cohort {"arm_chapters_passed": 0, "arm_chapters_rejected": 0, "arm_chapters_running": 0}
[2026-09-11T14:04:20Z] 3.3 min: cohort {"arm_chapters_passed": 0, "arm_chapters_rejected": 0, "arm_chapters_running": 0}
[2026-09-11T14:04:51Z] 3.8 min: cohort {"arm_chapters_passed": 0, "arm_chapters_rejected": 0, "arm_chapters_running": 0}
[2026-09-11T14:05:22Z] phase aligning at 4.3 min; setup={"versions": {"faster-whisper": "1.2.1", "ctranslate2": "4.8.2", "av": "18.1.0"}, "commit": "a3780bee4a0683ed3968478e442bfbd2f861173e", "model_tree_sha256": "f1fe271c349229677131d389a96d0a28062a6a2c2fee54a8ce119c43538315c5", "ld_library_path": "/usr/local/lib/python3.11/dist-packages/nvidia/cublas/l
[2026-09-11T14:05:22Z] 4.3 min: aligning {"arm_chapters_passed": 0, "arm_chapters_rejected": 0, "arm_chapters_running": 1, "paragraph_diagnostics": 10}
[2026-09-11T14:05:54Z] snapshot 359049 bytes
[2026-09-11T14:05:54Z] 4.8 min: aligning {"arm_chapters_passed": 0, "arm_chapters_rejected": 0, "arm_chapters_running": 1, "paragraph_diagnostics": 17}
[2026-09-11T14:06:25Z] 5.3 min: aligning {"arm_chapters_passed": 0, "arm_chapters_rejected": 1, "arm_chapters_running": 1, "paragraph_diagnostics": 40}
[2026-09-11T14:06:56Z] 5.9 min: aligning {"arm_chapters_passed": 0, "arm_chapters_rejected": 1, "arm_chapters_running": 1, "paragraph_diagnostics": 47}
[2026-09-11T14:07:27Z] 6.4 min: aligning {"arm_chapters_passed": 0, "arm_chapters_rejected": 1, "arm_chapters_running": 1, "paragraph_diagnostics": 51}
[2026-09-11T14:07:58Z] 6.9 min: aligning {"arm_chapters_passed": 0, "arm_chapters_rejected": 1, "arm_chapters_running": 1, "paragraph_diagnostics": 53}
[2026-09-11T14:08:30Z] 7.4 min: aligning {"arm_chapters_passed": 0, "arm_chapters_rejected": 1, "arm_chapters_running": 1, "paragraph_diagnostics": 56}
[2026-09-11T14:09:01Z] 7.9 min: aligning {"arm_chapters_passed": 0, "arm_chapters_rejected": 1, "arm_chapters_running": 1, "paragraph_diagnostics": 57}
[2026-09-11T14:09:32Z] 8.5 min: aligning {"arm_chapters_passed": 0, "arm_chapters_rejected": 1, "arm_chapters_running": 1, "paragraph_diagnostics": 62}
[2026-09-11T14:10:05Z] snapshot 1980591 bytes
[2026-09-11T14:10:05Z] 9.0 min: aligning {"arm_chapters_passed": 0, "arm_chapters_rejected": 1, "arm_chapters_running": 1, "paragraph_diagnostics": 74}
[2026-09-11T14:10:36Z] 9.5 min: aligning {"arm_chapters_passed": 0, "arm_chapters_rejected": 1, "arm_chapters_running": 1, "paragraph_diagnostics": 77}
[2026-09-11T14:11:07Z] 10.0 min: aligning {"arm_chapters_passed": 0, "arm_chapters_rejected": 2, "arm_chapters_running": 1, "paragraph_diagnostics": 85}
[2026-09-11T14:11:37Z] 10.6 min: aligning {"arm_chapters_passed": 0, "arm_chapters_rejected": 2, "arm_chapters_running": 1, "paragraph_diagnostics": 93}
[2026-09-11T14:12:08Z] 11.1 min: aligning {"arm_chapters_passed": 0, "arm_chapters_rejected": 2, "arm_chapters_running": 1, "paragraph_diagnostics": 100}
[2026-09-11T14:12:39Z] 11.6 min: aligning {"arm_chapters_passed": 1, "arm_chapters_rejected": 2, "arm_chapters_running": 1, "paragraph_diagnostics": 112}
[2026-09-11T14:13:10Z] 12.1 min: aligning {"arm_chapters_passed": 1, "arm_chapters_rejected": 2, "arm_chapters_running": 1, "paragraph_diagnostics": 114}
[2026-09-11T14:13:40Z] 12.6 min: aligning {"arm_chapters_passed": 1, "arm_chapters_rejected": 2, "arm_chapters_running": 1, "paragraph_diagnostics": 118}
[2026-09-11T14:14:23Z] snapshot 3906853 bytes
[2026-09-11T14:14:23Z] 13.1 min: aligning {"arm_chapters_passed": 1, "arm_chapters_rejected": 2, "arm_chapters_running": 1, "paragraph_diagnostics": 120}
[2026-09-11T14:14:54Z] 13.8 min: aligning {"arm_chapters_passed": 1, "arm_chapters_rejected": 2, "arm_chapters_running": 1, "paragraph_diagnostics": 124}
[2026-09-11T14:15:25Z] 14.3 min: aligning {"arm_chapters_passed": 1, "arm_chapters_rejected": 2, "arm_chapters_running": 1, "paragraph_diagnostics": 126}
[2026-09-11T14:15:56Z] 14.9 min: aligning {"arm_chapters_passed": 1, "arm_chapters_rejected": 2, "arm_chapters_running": 1, "paragraph_diagnostics": 127}
[2026-09-11T14:16:28Z] 15.4 min: aligning {"arm_chapters_passed": 1, "arm_chapters_rejected": 2, "arm_chapters_running": 1, "paragraph_diagnostics": 130}
[2026-09-11T14:16:59Z] 15.9 min: aligning {"arm_chapters_passed": 1, "arm_chapters_rejected": 2, "arm_chapters_running": 1, "paragraph_diagnostics": 133}
[2026-09-11T14:17:30Z] 16.4 min: aligning {"arm_chapters_passed": 1, "arm_chapters_rejected": 2, "arm_chapters_running": 1, "paragraph_diagnostics": 136}
[2026-09-11T14:18:01Z] 17.0 min: aligning {"arm_chapters_passed": 1, "arm_chapters_rejected": 2, "arm_chapters_running": 1, "paragraph_diagnostics": 141}
[2026-09-11T14:18:36Z] snapshot 5658967 bytes
[2026-09-11T14:18:36Z] 17.5 min: aligning {"arm_chapters_passed": 2, "arm_chapters_rejected": 2, "arm_chapters_running": 1, "paragraph_diagnostics": 149}
[2026-09-11T14:19:07Z] 18.1 min: aligning {"arm_chapters_passed": 2, "arm_chapters_rejected": 2, "arm_chapters_running": 1, "paragraph_diagnostics": 154}
[2026-09-11T14:19:38Z] 18.6 min: aligning {"arm_chapters_passed": 2, "arm_chapters_rejected": 2, "arm_chapters_running": 1, "paragraph_diagnostics": 163}
[2026-09-11T14:20:09Z] 19.1 min: aligning {"arm_chapters_passed": 2, "arm_chapters_rejected": 2, "arm_chapters_running": 1, "paragraph_diagnostics": 171}
[2026-09-11T14:20:40Z] 19.6 min: aligning {"arm_chapters_passed": 2, "arm_chapters_rejected": 2, "arm_chapters_running": 1, "paragraph_diagnostics": 177}
[2026-09-11T14:21:11Z] 20.1 min: aligning {"arm_chapters_passed": 2, "arm_chapters_rejected": 2, "arm_chapters_running": 1, "paragraph_diagnostics": 182}
[2026-09-11T14:21:42Z] 20.6 min: aligning {"arm_chapters_passed": 3, "arm_chapters_rejected": 2, "arm_chapters_running": 1, "paragraph_diagnostics": 190}
[2026-09-11T14:22:13Z] 21.1 min: aligning {"arm_chapters_passed": 3, "arm_chapters_rejected": 2, "arm_chapters_running": 1, "paragraph_diagnostics": 192}
[2026-09-11T14:22:56Z] snapshot 7588583 bytes
[2026-09-11T14:22:56Z] 21.7 min: aligning {"arm_chapters_passed": 3, "arm_chapters_rejected": 2, "arm_chapters_running": 1, "paragraph_diagnostics": 194}
[2026-09-11T14:23:27Z] 22.4 min: aligning {"arm_chapters_passed": 3, "arm_chapters_rejected": 2, "arm_chapters_running": 1, "paragraph_diagnostics": 195}
[2026-09-11T14:23:58Z] 22.9 min: aligning {"arm_chapters_passed": 3, "arm_chapters_rejected": 2, "arm_chapters_running": 1, "paragraph_diagnostics": 199}
[2026-09-11T14:24:29Z] 23.4 min: aligning {"arm_chapters_passed": 3, "arm_chapters_rejected": 2, "arm_chapters_running": 1, "paragraph_diagnostics": 202}
[2026-09-11T14:24:59Z] 23.9 min: aligning {"arm_chapters_passed": 3, "arm_chapters_rejected": 2, "arm_chapters_running": 1, "paragraph_diagnostics": 204}
[2026-09-11T14:25:30Z] 24.4 min: aligning {"arm_chapters_passed": 3, "arm_chapters_rejected": 2, "arm_chapters_running": 1, "paragraph_diagnostics": 205}
[2026-09-11T14:26:02Z] 25.0 min: aligning {"arm_chapters_passed": 3, "arm_chapters_rejected": 2, "arm_chapters_running": 1, "paragraph_diagnostics": 208}
[2026-09-11T14:26:33Z] 25.5 min: aligning {"arm_chapters_passed": 3, "arm_chapters_rejected": 2, "arm_chapters_running": 1, "paragraph_diagnostics": 211}
[2026-09-11T14:27:15Z] snapshot 9284535 bytes
[2026-09-11T14:27:15Z] 26.0 min: aligning {"arm_chapters_passed": 3, "arm_chapters_rejected": 2, "arm_chapters_running": 1, "paragraph_diagnostics": 214}
[2026-09-11T14:27:47Z] 26.7 min: aligning {"arm_chapters_passed": 3, "arm_chapters_rejected": 2, "arm_chapters_running": 1, "paragraph_diagnostics": 217}
[2026-09-11T14:28:18Z] 27.2 min: aligning {"arm_chapters_passed": 3, "arm_chapters_rejected": 2, "arm_chapters_running": 1, "paragraph_diagnostics": 219}
[2026-09-11T14:28:49Z] 27.7 min: aligning {"arm_chapters_passed": 3, "arm_chapters_rejected": 2, "arm_chapters_running": 1, "paragraph_diagnostics": 221}
[2026-09-11T14:29:20Z] 28.3 min: aligning {"arm_chapters_passed": 3, "arm_chapters_rejected": 2, "arm_chapters_running": 1, "paragraph_diagnostics": 222}
[2026-09-11T14:29:51Z] 28.8 min: aligning {"arm_chapters_passed": 3, "arm_chapters_rejected": 2, "arm_chapters_running": 1, "paragraph_diagnostics": 224}
[2026-09-11T14:30:22Z] 29.3 min: aligning {"arm_chapters_passed": 4, "arm_chapters_rejected": 2, "arm_chapters_running": 1, "paragraph_diagnostics": 234}
[2026-09-11T14:30:53Z] 29.8 min: aligning {"arm_chapters_passed": 4, "arm_chapters_rejected": 2, "arm_chapters_running": 1, "paragraph_diagnostics": 280}
[2026-09-11T14:38:54Z] snapshot 11297174 bytes
[2026-09-11T14:38:54Z] 30.3 min: aligning {"arm_chapters_passed": 4, "arm_chapters_rejected": 3, "arm_chapters_running": 1, "paragraph_diagnostics": 312}
[2026-09-11T14:39:25Z] 38.3 min: aligning {"arm_chapters_passed": 5, "arm_chapters_rejected": 6, "arm_chapters_running": 1, "paragraph_diagnostics": 709}
[2026-09-11T14:39:56Z] 38.9 min: aligning {"arm_chapters_passed": 5, "arm_chapters_rejected": 6, "arm_chapters_running": 1, "paragraph_diagnostics": 730}
[2026-09-11T14:40:27Z] phase done-with-errors at 39.4 min; setup={"versions": {"faster-whisper": "1.2.1", "ctranslate2": "4.8.2", "av": "18.1.0"}, "commit": "a3780bee4a0683ed3968478e442bfbd2f861173e", "model_tree_sha256": "f1fe271c349229677131d389a96d0a28062a6a2c2fee54a8ce119c43538315c5", "ld_library_path": "/usr/local/lib/python3.11/dist-packages/nvidia/cublas/l
[2026-09-11T14:40:27Z] 39.4 min: done-with-errors {"arm_chapters_passed": 5, "arm_chapters_rejected": 6, "arm_chapters_running": 1, "paragraph_diagnostics": 730}
[2026-09-11T14:49:21Z] fetched out.tar.gz (14237891 bytes)
[2026-09-11T14:49:23Z] stop 09vju8q0a71jnb: HTTP 200
[2026-09-11T14:49:25Z] terminate 09vju8q0a71jnb: HTTP 204
[2026-09-11T14:49:25Z] pod 09vju8q0a71jnb done: outcome=done-with-errors uptime=48.3m est $0.15
