  1/20  2/20  3/20  4/20  5/20  6/20  7/20  8/20  9/20Traceback (most recent call last):
  File "/workspace/run/tools/audio-highlight/aligner/cloud_cohort.py", line 187, in <module>
    main()
  File "/workspace/run/tools/audio-highlight/aligner/cloud_cohort.py", line 170, in main
    for row in pool.map(lambda t: build(t, arguments.out, arguments.group, editions), targets):
  File "/usr/lib/python3.11/concurrent/futures/_base.py", line 619, in result_iterator
    yield _result_or_cancel(fs.pop())
          ^^^^^^^^^^^^^^^^^^^^^^^^^^^
  File "/usr/lib/python3.11/concurrent/futures/_base.py", line 317, in _result_or_cancel
    return fut.result(timeout)
           ^^^^^^^^^^^^^^^^^^^
  File "/usr/lib/python3.11/concurrent/futures/_base.py", line 456, in result
    return self.__get_result()
           ^^^^^^^^^^^^^^^^^^^
  File "/usr/lib/python3.11/concurrent/futures/_base.py", line 401, in __get_result
    raise self._exception
  File "/usr/lib/python3.11/concurrent/futures/thread.py", line 58, in run
    result = self.fn(*self.args, **self.kwargs)
             ^^^^^^^^^^^^^^^^^^^^^^^^^^^^^^^^^^
  File "/workspace/run/tools/audio-highlight/aligner/cloud_cohort.py", line 170, in <lambda>
    for row in pool.map(lambda t: build(t, arguments.out, arguments.group, editions), targets):
                                  ^^^^^^^^^^^^^^^^^^^^^^^^^^^^^^^^^^^^^^^^^^^^^^^^^^
  File "/workspace/run/tools/audio-highlight/aligner/cloud_cohort.py", line 120, in build
    code, body = prodapi.audio_object(f"{key}/{name}")
                 ^^^^^^^^^^^^^^^^^^^^^^^^^^^^^^^^^^^^^
  File "/workspace/run/tools/audio-highlight/prodapi.py", line 42, in audio_object
    status, body, _ = _get(url)
                      ^^^^^^^^^
  File "/workspace/run/tools/audio-highlight/prodapi.py", line 36, in _get
    raise RuntimeError(f"GET failed after {attempts} attempts: {url} ({last})")
RuntimeError: GET failed after 4 attempts: https://tinct.app/api/audio-file?path=coriolanus%2Fmodern-en%2Fch9%2Fp10.mp3 (The read operation timed out)
