[2026-09-12T14:29:10Z] created kkj963dnjxbmyn tinct-words-run3-24 gpu=None $0.49/hr
[2026-09-12T14:29:11Z] waiting: pod RUNNING agent HTTP 404
[2026-09-12T14:29:27Z] waiting: pod RUNNING agent HTTP 404
[2026-09-12T14:29:43Z] phase cohort at 0.5 min; setup={"versions": {"faster-whisper": "1.2.1", "ctranslate2": "4.8.2", "av": "18.1.0"}, "commit": "c43ab3799d5b71c58b770ed22e1bd7bb9b2774cf", "model_tree_sha256": "f1fe271c349229677131d389a96d0a28062a6a2c2fee54a8ce119c43538315c5", "ld_library_path": "/usr/local/lib/python3.11/dist-packages/nvidia/cublas/l
[2026-09-12T14:29:43Z] 0.5 min: cohort {"arm_chapters_passed": 0, "arm_chapters_rejected": 0, "arm_chapters_running": 0}
[2026-09-12T14:30:13Z] 1.0 min: cohort {"arm_chapters_passed": 0, "arm_chapters_rejected": 0, "arm_chapters_running": 0}
[2026-09-12T14:30:44Z] 1.6 min: cohort {"arm_chapters_passed": 0, "arm_chapters_rejected": 0, "arm_chapters_running": 0}
[2026-09-12T14:31:14Z] 2.1 min: cohort {"arm_chapters_passed": 0, "arm_chapters_rejected": 0, "arm_chapters_running": 0}
[2026-09-12T14:31:44Z] phase aligning at 2.6 min; setup={"versions": {"faster-whisper": "1.2.1", "ctranslate2": "4.8.2", "av": "18.1.0"}, "commit": "c43ab3799d5b71c58b770ed22e1bd7bb9b2774cf", "model_tree_sha256": "f1fe271c349229677131d389a96d0a28062a6a2c2fee54a8ce119c43538315c5", "ld_library_path": "/usr/local/lib/python3.11/dist-packages/nvidia/cublas/l
[2026-09-12T14:31:44Z] 2.6 min: aligning {"arm_chapters_passed": 1, "arm_chapters_rejected": 2, "arm_chapters_running": 1, "paragraph_diagnostics": 32}
[2026-09-12T14:32:15Z] 3.1 min: aligning {"arm_chapters_passed": 3, "arm_chapters_rejected": 4, "arm_chapters_running": 1, "paragraph_diagnostics": 68}
[2026-09-12T14:32:45Z] 3.6 min: aligning {"arm_chapters_passed": 5, "arm_chapters_rejected": 5, "arm_chapters_running": 1, "paragraph_diagnostics": 101}
[2026-09-12T14:33:15Z] 4.1 min: aligning {"arm_chapters_passed": 5, "arm_chapters_rejected": 8, "arm_chapters_running": 1, "paragraph_diagnostics": 126}
[2026-09-12T14:33:48Z] snapshot 1037063 bytes
[2026-09-12T14:33:48Z] 4.6 min: aligning {"arm_chapters_passed": 6, "arm_chapters_rejected": 9, "arm_chapters_running": 1, "paragraph_diagnostics": 155}
[2026-09-12T14:34:18Z] 5.1 min: aligning {"arm_chapters_passed": 6, "arm_chapters_rejected": 12, "arm_chapters_running": 1, "paragraph_diagnostics": 184}
[2026-09-12T14:34:48Z] 5.6 min: aligning {"arm_chapters_passed": 7, "arm_chapters_rejected": 16, "arm_chapters_running": 1, "paragraph_diagnostics": 211}
[2026-09-12T14:35:19Z] 6.1 min: aligning {"arm_chapters_passed": 9, "arm_chapters_rejected": 17, "arm_chapters_running": 1, "paragraph_diagnostics": 239}
[2026-09-12T14:35:49Z] 6.6 min: aligning {"arm_chapters_passed": 9, "arm_chapters_rejected": 21, "arm_chapters_running": 1, "paragraph_diagnostics": 266}
[2026-09-12T14:36:20Z] 7.2 min: aligning {"arm_chapters_passed": 9, "arm_chapters_rejected": 22, "arm_chapters_running": 1, "paragraph_diagnostics": 295}
[2026-09-12T14:36:50Z] 7.7 min: aligning {"arm_chapters_passed": 10, "arm_chapters_rejected": 27, "arm_chapters_running": 1, "paragraph_diagnostics": 334}
[2026-09-12T14:37:21Z] 8.2 min: aligning {"arm_chapters_passed": 11, "arm_chapters_rejected": 31, "arm_chapters_running": 1, "paragraph_diagnostics": 370}
[2026-09-12T14:37:54Z] snapshot 2685504 bytes
[2026-09-12T14:37:54Z] 8.7 min: aligning {"arm_chapters_passed": 11, "arm_chapters_rejected": 36, "arm_chapters_running": 1, "paragraph_diagnostics": 404}
[2026-09-12T14:38:25Z] 9.2 min: aligning {"arm_chapters_passed": 13, "arm_chapters_rejected": 40, "arm_chapters_running": 1, "paragraph_diagnostics": 439}
[2026-09-12T14:38:55Z] 9.7 min: aligning {"arm_chapters_passed": 15, "arm_chapters_rejected": 44, "arm_chapters_running": 1, "paragraph_diagnostics": 473}
[2026-09-12T14:39:25Z] 10.2 min: aligning {"arm_chapters_passed": 17, "arm_chapters_rejected": 45, "arm_chapters_running": 1, "paragraph_diagnostics": 498}
[2026-09-12T14:39:56Z] 10.8 min: aligning {"arm_chapters_passed": 19, "arm_chapters_rejected": 47, "arm_chapters_running": 1, "paragraph_diagnostics": 535}
[2026-09-12T14:40:26Z] 11.3 min: aligning {"arm_chapters_passed": 21, "arm_chapters_rejected": 51, "arm_chapters_running": 1, "paragraph_diagnostics": 576}
[2026-09-12T14:40:56Z] 11.8 min: aligning {"arm_chapters_passed": 21, "arm_chapters_rejected": 56, "arm_chapters_running": 1, "paragraph_diagnostics": 605}
[2026-09-12T14:41:27Z] 12.3 min: aligning {"arm_chapters_passed": 23, "arm_chapters_rejected": 60, "arm_chapters_running": 1, "paragraph_diagnostics": 636}
[2026-09-12T14:42:03Z] snapshot 4227482 bytes
[2026-09-12T14:42:03Z] 12.8 min: aligning {"arm_chapters_passed": 25, "arm_chapters_rejected": 65, "arm_chapters_running": 1, "paragraph_diagnostics": 675}
[2026-09-12T14:42:34Z] 13.4 min: aligning {"arm_chapters_passed": 25, "arm_chapters_rejected": 70, "arm_chapters_running": 1, "paragraph_diagnostics": 712}
[2026-09-12T14:43:04Z] 13.9 min: aligning {"arm_chapters_passed": 26, "arm_chapters_rejected": 73, "arm_chapters_running": 1, "paragraph_diagnostics": 738}
[2026-09-12T14:43:35Z] 14.4 min: aligning {"arm_chapters_passed": 29, "arm_chapters_rejected": 75, "arm_chapters_running": 1, "paragraph_diagnostics": 765}
[2026-09-12T14:44:05Z] 14.9 min: aligning {"arm_chapters_passed": 30, "arm_chapters_rejected": 78, "arm_chapters_running": 1, "paragraph_diagnostics": 794}
[2026-09-12T14:44:35Z] 15.4 min: aligning {"arm_chapters_passed": 30, "arm_chapters_rejected": 79, "arm_chapters_running": 1, "paragraph_diagnostics": 809}
[2026-09-12T14:45:06Z] 15.9 min: aligning {"arm_chapters_passed": 30, "arm_chapters_rejected": 79, "arm_chapters_running": 1, "paragraph_diagnostics": 814}
[2026-09-12T14:45:36Z] 16.4 min: aligning {"arm_chapters_passed": 30, "arm_chapters_rejected": 80, "arm_chapters_running": 1, "paragraph_diagnostics": 824}
[2026-09-12T14:46:14Z] snapshot 6039723 bytes
[2026-09-12T14:46:14Z] 16.9 min: aligning {"arm_chapters_passed": 30, "arm_chapters_rejected": 80, "arm_chapters_running": 1, "paragraph_diagnostics": 838}
[2026-09-12T14:46:44Z] 17.6 min: aligning {"arm_chapters_passed": 30, "arm_chapters_rejected": 81, "arm_chapters_running": 1, "paragraph_diagnostics": 848}
[2026-09-12T14:47:15Z] 18.1 min: aligning {"arm_chapters_passed": 30, "arm_chapters_rejected": 81, "arm_chapters_running": 1, "paragraph_diagnostics": 852}
[2026-09-12T14:47:45Z] 18.6 min: aligning {"arm_chapters_passed": 30, "arm_chapters_rejected": 81, "arm_chapters_running": 1, "paragraph_diagnostics": 860}
[2026-09-12T14:48:16Z] 19.1 min: aligning {"arm_chapters_passed": 31, "arm_chapters_rejected": 81, "arm_chapters_running": 1, "paragraph_diagnostics": 873}
[2026-09-12T14:48:46Z] 19.6 min: aligning {"arm_chapters_passed": 32, "arm_chapters_rejected": 81, "arm_chapters_running": 1, "paragraph_diagnostics": 884}
[2026-09-12T14:49:17Z] 20.1 min: aligning {"arm_chapters_passed": 32, "arm_chapters_rejected": 81, "arm_chapters_running": 1, "paragraph_diagnostics": 889}
[2026-09-12T14:49:47Z] 20.6 min: aligning {"arm_chapters_passed": 32, "arm_chapters_rejected": 81, "arm_chapters_running": 1, "paragraph_diagnostics": 893}
[2026-09-12T14:50:26Z] snapshot 8061958 bytes
[2026-09-12T14:50:26Z] 21.1 min: aligning {"arm_chapters_passed": 32, "arm_chapters_rejected": 81, "arm_chapters_running": 1, "paragraph_diagnostics": 895}
[2026-09-12T14:50:56Z] 21.8 min: aligning {"arm_chapters_passed": 33, "arm_chapters_rejected": 81, "arm_chapters_running": 1, "paragraph_diagnostics": 908}
[2026-09-12T14:51:26Z] 22.3 min: aligning {"arm_chapters_passed": 34, "arm_chapters_rejected": 81, "arm_chapters_running": 1, "paragraph_diagnostics": 919}
[2026-09-12T14:51:57Z] 22.8 min: aligning {"arm_chapters_passed": 34, "arm_chapters_rejected": 81, "arm_chapters_running": 1, "paragraph_diagnostics": 925}
[2026-09-12T14:52:27Z] 23.3 min: aligning {"arm_chapters_passed": 34, "arm_chapters_rejected": 81, "arm_chapters_running": 1, "paragraph_diagnostics": 929}
[2026-09-12T14:52:57Z] 23.8 min: aligning {"arm_chapters_passed": 34, "arm_chapters_rejected": 81, "arm_chapters_running": 1, "paragraph_diagnostics": 933}
[2026-09-12T14:53:28Z] 24.3 min: aligning {"arm_chapters_passed": 35, "arm_chapters_rejected": 81, "arm_chapters_running": 1, "paragraph_diagnostics": 943}
[2026-09-12T14:53:58Z] 24.8 min: aligning {"arm_chapters_passed": 35, "arm_chapters_rejected": 81, "arm_chapters_running": 1, "paragraph_diagnostics": 959}
[2026-09-12T14:54:38Z] snapshot 10153744 bytes
[2026-09-12T14:54:38Z] 25.3 min: aligning {"arm_chapters_passed": 36, "arm_chapters_rejected": 81, "arm_chapters_running": 1, "paragraph_diagnostics": 972}
[2026-09-12T14:55:08Z] 26.0 min: aligning {"arm_chapters_passed": 36, "arm_chapters_rejected": 81, "arm_chapters_running": 1, "paragraph_diagnostics": 980}
[2026-09-12T14:55:39Z] 26.5 min: aligning {"arm_chapters_passed": 36, "arm_chapters_rejected": 81, "arm_chapters_running": 1, "paragraph_diagnostics": 985}
[2026-09-12T14:56:10Z] 27.0 min: aligning {"arm_chapters_passed": 37, "arm_chapters_rejected": 81, "arm_chapters_running": 1, "paragraph_diagnostics": 996}
[2026-09-12T14:56:40Z] 27.5 min: aligning {"arm_chapters_passed": 38, "arm_chapters_rejected": 81, "arm_chapters_running": 1, "paragraph_diagnostics": 1008}
[2026-09-12T14:57:10Z] 28.0 min: aligning {"arm_chapters_passed": 38, "arm_chapters_rejected": 81, "arm_chapters_running": 1, "paragraph_diagnostics": 1013}
[2026-09-12T14:57:41Z] 28.5 min: aligning {"arm_chapters_passed": 38, "arm_chapters_rejected": 81, "arm_chapters_running": 1, "paragraph_diagnostics": 1018}
[2026-09-12T14:58:11Z] 29.0 min: aligning {"arm_chapters_passed": 39, "arm_chapters_rejected": 81, "arm_chapters_running": 1, "paragraph_diagnostics": 1026}
[2026-09-12T14:58:54Z] snapshot 12132159 bytes
[2026-09-12T14:58:54Z] 29.5 min: aligning {"arm_chapters_passed": 39, "arm_chapters_rejected": 81, "arm_chapters_running": 1, "paragraph_diagnostics": 1041}
[2026-09-12T14:59:25Z] 30.2 min: aligning {"arm_chapters_passed": 40, "arm_chapters_rejected": 81, "arm_chapters_running": 1, "paragraph_diagnostics": 1051}
[2026-09-12T14:59:55Z] 30.7 min: aligning {"arm_chapters_passed": 40, "arm_chapters_rejected": 81, "arm_chapters_running": 1, "paragraph_diagnostics": 1060}
[2026-09-12T15:00:26Z] 31.3 min: aligning {"arm_chapters_passed": 40, "arm_chapters_rejected": 81, "arm_chapters_running": 1, "paragraph_diagnostics": 1064}
[2026-09-12T15:00:56Z] 31.8 min: aligning {"arm_chapters_passed": 41, "arm_chapters_rejected": 81, "arm_chapters_running": 1, "paragraph_diagnostics": 1068}
[2026-09-12T15:01:26Z] 32.3 min: aligning {"arm_chapters_passed": 41, "arm_chapters_rejected": 81, "arm_chapters_running": 1, "paragraph_diagnostics": 1078}
[2026-09-12T15:01:57Z] 32.8 min: aligning {"arm_chapters_passed": 41, "arm_chapters_rejected": 82, "arm_chapters_running": 1, "paragraph_diagnostics": 1098}
[2026-09-12T15:02:27Z] 33.3 min: aligning {"arm_chapters_passed": 41, "arm_chapters_rejected": 82, "arm_chapters_running": 1, "paragraph_diagnostics": 1101}
[2026-09-12T15:03:12Z] snapshot 14177700 bytes
[2026-09-12T15:03:12Z] 33.8 min: aligning {"arm_chapters_passed": 41, "arm_chapters_rejected": 82, "arm_chapters_running": 1, "paragraph_diagnostics": 1105}
[2026-09-12T15:03:42Z] 34.5 min: aligning {"arm_chapters_passed": 41, "arm_chapters_rejected": 82, "arm_chapters_running": 1, "paragraph_diagnostics": 1113}
[2026-09-12T15:04:13Z] 35.0 min: aligning {"arm_chapters_passed": 41, "arm_chapters_rejected": 82, "arm_chapters_running": 1, "paragraph_diagnostics": 1125}
[2026-09-12T15:04:43Z] 35.5 min: aligning {"arm_chapters_passed": 42, "arm_chapters_rejected": 82, "arm_chapters_running": 1, "paragraph_diagnostics": 1138}
[2026-09-12T15:05:13Z] 36.0 min: aligning {"arm_chapters_passed": 42, "arm_chapters_rejected": 83, "arm_chapters_running": 1, "paragraph_diagnostics": 1155}
[2026-09-12T15:05:44Z] 36.6 min: aligning {"arm_chapters_passed": 42, "arm_chapters_rejected": 83, "arm_chapters_running": 1, "paragraph_diagnostics": 1168}
[2026-09-12T15:06:14Z] 37.1 min: aligning {"arm_chapters_passed": 42, "arm_chapters_rejected": 83, "arm_chapters_running": 1, "paragraph_diagnostics": 1172}
