[2026-09-12T06:08:56Z] created promg9wb758q4z tinct-words-run2-42 gpu=None $0.49/hr
[2026-09-12T06:08:57Z] waiting: pod RUNNING agent HTTP 404
[2026-09-12T06:09:14Z] waiting: pod RUNNING agent HTTP 404
[2026-09-12T06:09:31Z] phase cohort at 0.6 min; setup={"versions": {"faster-whisper": "1.2.1", "ctranslate2": "4.8.2", "av": "18.1.0"}, "commit": "f53d744782e3c369fffd2980a013a7f199c0476e", "model_tree_sha256": "f1fe271c349229677131d389a96d0a28062a6a2c2fee54a8ce119c43538315c5", "ld_library_path": "/usr/local/lib/python3.11/dist-packages/nvidia/cublas/l
[2026-09-12T06:09:31Z] 0.6 min: cohort {"arm_chapters_passed": 0, "arm_chapters_rejected": 0, "arm_chapters_running": 0}
[2026-09-12T06:10:01Z] 1.1 min: cohort {"arm_chapters_passed": 0, "arm_chapters_rejected": 0, "arm_chapters_running": 0}
[2026-09-12T06:10:32Z] 1.6 min: cohort {"arm_chapters_passed": 0, "arm_chapters_rejected": 0, "arm_chapters_running": 0}
[2026-09-12T06:11:03Z] 2.1 min: cohort {"arm_chapters_passed": 0, "arm_chapters_rejected": 0, "arm_chapters_running": 0}
[2026-09-12T06:11:34Z] 2.6 min: cohort {"arm_chapters_passed": 0, "arm_chapters_rejected": 0, "arm_chapters_running": 0}
[2026-09-12T06:12:05Z] 3.1 min: cohort {"arm_chapters_passed": 0, "arm_chapters_rejected": 0, "arm_chapters_running": 0}
[2026-09-12T06:12:36Z] 3.6 min: cohort {"arm_chapters_passed": 0, "arm_chapters_rejected": 0, "arm_chapters_running": 0}
[2026-09-12T06:13:07Z] phase aligning at 4.2 min; setup={"versions": {"faster-whisper": "1.2.1", "ctranslate2": "4.8.2", "av": "18.1.0"}, "commit": "f53d744782e3c369fffd2980a013a7f199c0476e", "model_tree_sha256": "f1fe271c349229677131d389a96d0a28062a6a2c2fee54a8ce119c43538315c5", "ld_library_path": "/usr/local/lib/python3.11/dist-packages/nvidia/cublas/l
[2026-09-12T06:13:07Z] 4.2 min: aligning {"arm_chapters_passed": 0, "arm_chapters_rejected": 0, "arm_chapters_running": 1, "paragraph_diagnostics": 51}
[2026-09-12T06:13:40Z] snapshot 314987 bytes
[2026-09-12T06:13:40Z] 4.7 min: aligning {"arm_chapters_passed": 0, "arm_chapters_rejected": 0, "arm_chapters_running": 1, "paragraph_diagnostics": 131}
[2026-09-12T06:14:11Z] 5.2 min: aligning {"arm_chapters_passed": 0, "arm_chapters_rejected": 0, "arm_chapters_running": 1, "paragraph_diagnostics": 178}
[2026-09-12T06:14:42Z] 5.7 min: aligning {"arm_chapters_passed": 0, "arm_chapters_rejected": 0, "arm_chapters_running": 1, "paragraph_diagnostics": 238}
[2026-09-12T06:15:13Z] pod is EXITED (Exited by user: Sat Sep 12 2026 06:15:07 GMT+0000 (Coordinated Universal Time)); using last snapshot
[2026-09-12T06:15:17Z] final fetch failed (HTTP 404); extracted last snapshot from 2026-09-12T06:13:40Z
[2026-09-12T06:15:18Z] stop promg9wb758q4z: HTTP 200
[2026-09-12T06:15:19Z] terminate promg9wb758q4z: HTTP 204
[2026-09-12T06:15:19Z] pod promg9wb758q4z done: outcome=pod-exited-externally uptime=6.3m est $0.05
