  0%|                                               | 0.00/139M [00:00<?, ?iB/s]  9%|███▍                                   | 12.2M/139M [00:00<00:01, 127MiB/s] 18%|███████                                | 25.0M/139M [00:00<00:00, 132MiB/s] 28%|███████████                            | 39.2M/139M [00:00<00:00, 139MiB/s] 38%|██████████████▊                        | 52.4M/139M [00:00<00:00, 131MiB/s] 47%|█████████████████▊                    | 65.0M/139M [00:00<00:00, 78.6MiB/s] 55%|████████████████████▉                 | 76.2M/139M [00:00<00:00, 87.4MiB/s] 64%|████████████████████████▎             | 88.7M/139M [00:00<00:00, 98.0MiB/s] 74%|█████████████████████████████▍          | 102M/139M [00:01<00:00, 109MiB/s] 82%|████████████████████████████████▊       | 114M/139M [00:01<00:00, 111MiB/s] 90%|███████████████████████████████████▎   | 125M/139M [00:01<00:00, 99.7MiB/s] 99%|███████████████████████████████████████▊| 138M/139M [00:01<00:00, 108MiB/s]100%|████████████████████████████████████████| 139M/139M [00:01<00:00, 106MiB/s]
merry-wives-of-windsor/original-en/ch15 True 30 0.13000000000000078
merry-wives-of-windsor/original-en/ch20 True 30 0.2400000000000002
measure-for-measure/original-en/ch15 True 30 0.23999999999999977
measure-for-measure/original-en/ch16 True 29 0.370000000000001
merry-wives-of-windsor/original-en/ch19 True 30 0.17999999999999972
measure-for-measure/original-en/ch14 False 29 1.0299999999999998
essays-montaigne/original-en/ch52 True 30 0.28000000000000114
essays-montaigne/original-en/ch71 False 27 0.7200000000000006
essays-montaigne/original-en/ch83 True 29 0.6699999999999999
essays-montaigne/original-en/ch8 True 30 0.16000000000000014
merry-wives-of-windsor/original-en/ch18 False 28 0.41999999999999993
essays-montaigne/original-en/ch53 True 29 0.6699999999999999
essays-montaigne/original-en/ch79 True 30 0.17999999999999972
essays-montaigne/original-en/ch34 True 29 0.3500000000000014
essays-montaigne/original-en/ch14 True 30 0.2799999999999976
essays-montaigne/original-en/ch45 True 30 0.14000000000000057
measure-for-measure/original-en/ch11 True 30 0.1999999999999993
essays-montaigne/original-en/ch81 True 30 0.18999999999999773
essays-montaigne/original-en/ch32 False 27 5.799999999999997
measure-for-measure/original-en/ch4 False 28 0.33999999999999986
merry-wives-of-windsor/original-en/ch9 False 28 0.42999999999999994
merry-wives-of-windsor/original-en/ch16 False 27 0.4399999999999995
merry-wives-of-windsor/original-en/ch3 True 29 0.3500000000000001
essays-montaigne/original-en/ch61 True 30 0.21000000000000085
essays-montaigne/original-en/ch82 True 29 0.43999999999999995
essays-montaigne/original-en/ch44 True 30 0.20999999999999375
essays-montaigne/original-en/ch10 False 28 0.45000000000000284
merry-wives-of-windsor/original-en/ch17 True 30 0.2200000000000002
essays-montaigne/original-en/ch41 True 30 0.2700000000000031
essays-montaigne/original-en/ch57 True 29 0.3099999999999987
