[2026-09-12T15:38:18Z] created wx0sxmyprh6cbj tinct-words-run3-48 gpu=None $0.49/hr
[2026-09-12T15:38:19Z] waiting: pod RUNNING agent HTTP 404
[2026-09-12T15:38:35Z] waiting: pod RUNNING agent HTTP 404
[2026-09-12T15:38:51Z] phase cohort at 0.5 min; setup={"versions": {"faster-whisper": "1.2.1", "ctranslate2": "4.8.2", "av": "18.1.0"}, "commit": "c43ab3799d5b71c58b770ed22e1bd7bb9b2774cf", "model_tree_sha256": "f1fe271c349229677131d389a96d0a28062a6a2c2fee54a8ce119c43538315c5", "ld_library_path": "/usr/local/lib/python3.11/dist-packages/nvidia/cublas/l
[2026-09-12T15:38:51Z] 0.5 min: cohort {"arm_chapters_passed": 0, "arm_chapters_rejected": 0, "arm_chapters_running": 0}
[2026-09-12T15:39:21Z] 1.0 min: cohort {"arm_chapters_passed": 0, "arm_chapters_rejected": 0, "arm_chapters_running": 0}
[2026-09-12T15:39:51Z] 1.6 min: cohort {"arm_chapters_passed": 0, "arm_chapters_rejected": 0, "arm_chapters_running": 0}
[2026-09-12T15:40:22Z] 2.1 min: cohort {"arm_chapters_passed": 0, "arm_chapters_rejected": 0, "arm_chapters_running": 0}
[2026-09-12T15:40:52Z] 2.6 min: cohort {"arm_chapters_passed": 0, "arm_chapters_rejected": 0, "arm_chapters_running": 0}
[2026-09-12T15:41:22Z] 3.1 min: cohort {"arm_chapters_passed": 0, "arm_chapters_rejected": 0, "arm_chapters_running": 0}
[2026-09-12T15:41:53Z] phase aligning at 3.6 min; setup={"versions": {"faster-whisper": "1.2.1", "ctranslate2": "4.8.2", "av": "18.1.0"}, "commit": "c43ab3799d5b71c58b770ed22e1bd7bb9b2774cf", "model_tree_sha256": "f1fe271c349229677131d389a96d0a28062a6a2c2fee54a8ce119c43538315c5", "ld_library_path": "/usr/local/lib/python3.11/dist-packages/nvidia/cublas/l
[2026-09-12T15:41:53Z] 3.6 min: aligning {"arm_chapters_passed": 0, "arm_chapters_rejected": 1, "arm_chapters_running": 1, "paragraph_diagnostics": 71}
[2026-09-12T15:42:23Z] 4.1 min: aligning {"arm_chapters_passed": 0, "arm_chapters_rejected": 1, "arm_chapters_running": 1, "paragraph_diagnostics": 132}
[2026-09-12T15:42:54Z] snapshot 344698 bytes
[2026-09-12T15:42:54Z] 4.6 min: aligning {"arm_chapters_passed": 0, "arm_chapters_rejected": 2, "arm_chapters_running": 1, "paragraph_diagnostics": 205}
[2026-09-12T15:43:25Z] 5.1 min: aligning {"arm_chapters_passed": 0, "arm_chapters_rejected": 3, "arm_chapters_running": 1, "paragraph_diagnostics": 257}
[2026-09-12T15:43:55Z] 5.6 min: aligning {"arm_chapters_passed": 2, "arm_chapters_rejected": 4, "arm_chapters_running": 1, "paragraph_diagnostics": 321}
[2026-09-12T15:44:25Z] 6.1 min: aligning {"arm_chapters_passed": 3, "arm_chapters_rejected": 5, "arm_chapters_running": 1, "paragraph_diagnostics": 394}
[2026-09-12T15:44:56Z] 6.6 min: aligning {"arm_chapters_passed": 4, "arm_chapters_rejected": 6, "arm_chapters_running": 1, "paragraph_diagnostics": 448}
[2026-09-12T15:45:26Z] 7.1 min: aligning {"arm_chapters_passed": 4, "arm_chapters_rejected": 7, "arm_chapters_running": 1, "paragraph_diagnostics": 525}
[2026-09-12T15:45:57Z] 7.6 min: aligning {"arm_chapters_passed": 4, "arm_chapters_rejected": 7, "arm_chapters_running": 1, "paragraph_diagnostics": 582}
[2026-09-12T15:46:27Z] 8.1 min: aligning {"arm_chapters_passed": 4, "arm_chapters_rejected": 8, "arm_chapters_running": 1, "paragraph_diagnostics": 649}
[2026-09-12T15:47:00Z] snapshot 1513214 bytes
[2026-09-12T15:47:00Z] 8.7 min: aligning {"arm_chapters_passed": 4, "arm_chapters_rejected": 9, "arm_chapters_running": 1, "paragraph_diagnostics": 694}
[2026-09-12T15:47:30Z] 9.2 min: aligning {"arm_chapters_passed": 5, "arm_chapters_rejected": 9, "arm_chapters_running": 1, "paragraph_diagnostics": 749}
[2026-09-12T15:48:00Z] 9.7 min: aligning {"arm_chapters_passed": 5, "arm_chapters_rejected": 10, "arm_chapters_running": 1, "paragraph_diagnostics": 810}
[2026-09-12T15:48:31Z] 10.2 min: aligning {"arm_chapters_passed": 5, "arm_chapters_rejected": 10, "arm_chapters_running": 1, "paragraph_diagnostics": 843}
[2026-09-12T15:49:01Z] 10.7 min: aligning {"arm_chapters_passed": 6, "arm_chapters_rejected": 11, "arm_chapters_running": 1, "paragraph_diagnostics": 906}
[2026-09-12T15:49:31Z] 11.2 min: aligning {"arm_chapters_passed": 7, "arm_chapters_rejected": 11, "arm_chapters_running": 1, "paragraph_diagnostics": 942}
[2026-09-12T15:50:02Z] 11.7 min: aligning {"arm_chapters_passed": 7, "arm_chapters_rejected": 12, "arm_chapters_running": 1, "paragraph_diagnostics": 999}
[2026-09-12T15:50:32Z] 12.2 min: aligning {"arm_chapters_passed": 8, "arm_chapters_rejected": 12, "arm_chapters_running": 1, "paragraph_diagnostics": 1059}
[2026-09-12T15:51:06Z] snapshot 2619856 bytes
[2026-09-12T15:51:06Z] 12.7 min: aligning {"arm_chapters_passed": 8, "arm_chapters_rejected": 13, "arm_chapters_running": 1, "paragraph_diagnostics": 1100}
[2026-09-12T15:51:36Z] 13.3 min: aligning {"arm_chapters_passed": 9, "arm_chapters_rejected": 13, "arm_chapters_running": 1, "paragraph_diagnostics": 1154}
[2026-09-12T15:52:07Z] 13.8 min: aligning {"arm_chapters_passed": 9, "arm_chapters_rejected": 14, "arm_chapters_running": 1, "paragraph_diagnostics": 1212}
[2026-09-12T15:52:37Z] 14.3 min: aligning {"arm_chapters_passed": 10, "arm_chapters_rejected": 14, "arm_chapters_running": 1, "paragraph_diagnostics": 1288}
[2026-09-12T15:53:08Z] 14.8 min: aligning {"arm_chapters_passed": 10, "arm_chapters_rejected": 14, "arm_chapters_running": 1, "paragraph_diagnostics": 1379}
[2026-09-12T15:53:38Z] 15.3 min: aligning {"arm_chapters_passed": 10, "arm_chapters_rejected": 15, "arm_chapters_running": 1, "paragraph_diagnostics": 1437}
[2026-09-12T15:54:08Z] 15.8 min: aligning {"arm_chapters_passed": 10, "arm_chapters_rejected": 15, "arm_chapters_running": 1, "paragraph_diagnostics": 1473}
[2026-09-12T15:54:39Z] 16.3 min: aligning {"arm_chapters_passed": 10, "arm_chapters_rejected": 15, "arm_chapters_running": 1, "paragraph_diagnostics": 1511}
[2026-09-12T15:55:14Z] snapshot 3596038 bytes
[2026-09-12T15:55:14Z] 16.8 min: aligning {"arm_chapters_passed": 10, "arm_chapters_rejected": 15, "arm_chapters_running": 1, "paragraph_diagnostics": 1547}
[2026-09-12T15:55:44Z] 17.4 min: aligning {"arm_chapters_passed": 10, "arm_chapters_rejected": 15, "arm_chapters_running": 1, "paragraph_diagnostics": 1596}
[2026-09-12T15:56:15Z] 17.9 min: aligning {"arm_chapters_passed": 10, "arm_chapters_rejected": 15, "arm_chapters_running": 1, "paragraph_diagnostics": 1621}
[2026-09-12T15:56:45Z] 18.4 min: aligning {"arm_chapters_passed": 11, "arm_chapters_rejected": 16, "arm_chapters_running": 1, "paragraph_diagnostics": 1684}
[2026-09-12T15:57:16Z] 19.0 min: aligning {"arm_chapters_passed": 11, "arm_chapters_rejected": 16, "arm_chapters_running": 1, "paragraph_diagnostics": 1725}
[2026-09-12T15:57:46Z] 19.5 min: aligning {"arm_chapters_passed": 12, "arm_chapters_rejected": 16, "arm_chapters_running": 1, "paragraph_diagnostics": 1805}
[2026-09-12T15:58:16Z] 20.0 min: aligning {"arm_chapters_passed": 12, "arm_chapters_rejected": 17, "arm_chapters_running": 1, "paragraph_diagnostics": 1901}
[2026-09-12T15:58:47Z] 20.5 min: aligning {"arm_chapters_passed": 12, "arm_chapters_rejected": 17, "arm_chapters_running": 1, "paragraph_diagnostics": 1940}
[2026-09-12T15:59:22Z] snapshot 4721470 bytes
[2026-09-12T15:59:22Z] 21.0 min: aligning {"arm_chapters_passed": 12, "arm_chapters_rejected": 17, "arm_chapters_running": 1, "paragraph_diagnostics": 1973}
[2026-09-12T15:59:52Z] 21.6 min: aligning {"arm_chapters_passed": 12, "arm_chapters_rejected": 17, "arm_chapters_running": 1, "paragraph_diagnostics": 2034}
[2026-09-12T16:00:23Z] 22.1 min: aligning {"arm_chapters_passed": 13, "arm_chapters_rejected": 17, "arm_chapters_running": 1, "paragraph_diagnostics": 2093}
[2026-09-12T16:00:53Z] 22.6 min: aligning {"arm_chapters_passed": 14, "arm_chapters_rejected": 18, "arm_chapters_running": 1, "paragraph_diagnostics": 2178}
[2026-09-12T16:01:23Z] 23.1 min: aligning {"arm_chapters_passed": 16, "arm_chapters_rejected": 20, "arm_chapters_running": 1, "paragraph_diagnostics": 2275}
[2026-09-12T16:01:54Z] 23.6 min: aligning {"arm_chapters_passed": 16, "arm_chapters_rejected": 20, "arm_chapters_running": 1, "paragraph_diagnostics": 2370}
[2026-09-12T16:02:24Z] 24.1 min: aligning {"arm_chapters_passed": 16, "arm_chapters_rejected": 21, "arm_chapters_running": 1, "paragraph_diagnostics": 2458}
[2026-09-12T16:02:55Z] 24.6 min: aligning {"arm_chapters_passed": 16, "arm_chapters_rejected": 21, "arm_chapters_running": 1, "paragraph_diagnostics": 2506}
[2026-09-12T16:03:25Z] phase done at 25.1 min; setup={"versions": {"faster-whisper": "1.2.1", "ctranslate2": "4.8.2", "av": "18.1.0"}, "commit": "c43ab3799d5b71c58b770ed22e1bd7bb9b2774cf", "model_tree_sha256": "f1fe271c349229677131d389a96d0a28062a6a2c2fee54a8ce119c43538315c5", "ld_library_path": "/usr/local/lib/python3.11/dist-packages/nvidia/cublas/l
[2026-09-12T16:03:25Z] 25.1 min: done {"arm_chapters_passed": 17, "arm_chapters_rejected": 21, "arm_chapters_running": 0, "paragraph_diagnostics": 2578}
[2026-09-12T16:03:59Z] fetched out.tar.gz (5698125 bytes)
