[2026-09-12T14:35:47Z] created n0avqwm0pw5dax tinct-words-run3-26 gpu=None $0.49/hr
[2026-09-12T14:35:48Z] waiting: pod RUNNING agent HTTP 404
[2026-09-12T14:36:04Z] waiting: pod RUNNING agent HTTP 404
[2026-09-12T14:36:21Z] phase cohort at 0.6 min; setup={"versions": {"faster-whisper": "1.2.1", "ctranslate2": "4.8.2", "av": "18.1.0"}, "commit": "c43ab3799d5b71c58b770ed22e1bd7bb9b2774cf", "model_tree_sha256": "f1fe271c349229677131d389a96d0a28062a6a2c2fee54a8ce119c43538315c5", "ld_library_path": "/usr/local/lib/python3.11/dist-packages/nvidia/cublas/l
[2026-09-12T14:36:21Z] 0.6 min: cohort {"arm_chapters_passed": 0, "arm_chapters_rejected": 0, "arm_chapters_running": 0}
[2026-09-12T14:36:51Z] 1.1 min: cohort {"arm_chapters_passed": 0, "arm_chapters_rejected": 0, "arm_chapters_running": 0}
[2026-09-12T14:37:22Z] 1.6 min: cohort {"arm_chapters_passed": 0, "arm_chapters_rejected": 0, "arm_chapters_running": 0}
[2026-09-12T14:37:52Z] 2.1 min: cohort {"arm_chapters_passed": 0, "arm_chapters_rejected": 0, "arm_chapters_running": 0}
[2026-09-12T14:38:22Z] 2.6 min: cohort {"arm_chapters_passed": 0, "arm_chapters_rejected": 0, "arm_chapters_running": 0}
[2026-09-12T14:38:53Z] 3.1 min: cohort {"arm_chapters_passed": 0, "arm_chapters_rejected": 0, "arm_chapters_running": 0}
[2026-09-12T14:39:23Z] 3.6 min: cohort {"arm_chapters_passed": 0, "arm_chapters_rejected": 0, "arm_chapters_running": 0}
[2026-09-12T14:39:54Z] 4.1 min: cohort {"arm_chapters_passed": 0, "arm_chapters_rejected": 0, "arm_chapters_running": 0}
[2026-09-12T14:40:24Z] 4.6 min: cohort {"arm_chapters_passed": 0, "arm_chapters_rejected": 0, "arm_chapters_running": 0}
[2026-09-12T14:40:55Z] 5.1 min: cohort {"arm_chapters_passed": 0, "arm_chapters_rejected": 0, "arm_chapters_running": 0}
[2026-09-12T14:41:25Z] 5.6 min: cohort {"arm_chapters_passed": 0, "arm_chapters_rejected": 0, "arm_chapters_running": 0}
[2026-09-12T14:41:55Z] 6.1 min: cohort {"arm_chapters_passed": 0, "arm_chapters_rejected": 0, "arm_chapters_running": 0}
[2026-09-12T14:42:26Z] 6.6 min: cohort {"arm_chapters_passed": 0, "arm_chapters_rejected": 0, "arm_chapters_running": 0}
[2026-09-12T14:42:56Z] 7.1 min: cohort {"arm_chapters_passed": 0, "arm_chapters_rejected": 0, "arm_chapters_running": 0}
[2026-09-12T14:43:28Z] snapshot 117181 bytes
[2026-09-12T14:43:28Z] phase aligning at 7.7 min; setup={"versions": {"faster-whisper": "1.2.1", "ctranslate2": "4.8.2", "av": "18.1.0"}, "commit": "c43ab3799d5b71c58b770ed22e1bd7bb9b2774cf", "model_tree_sha256": "f1fe271c349229677131d389a96d0a28062a6a2c2fee54a8ce119c43538315c5", "ld_library_path": "/usr/local/lib/python3.11/dist-packages/nvidia/cublas/l
[2026-09-12T14:43:28Z] 7.7 min: aligning {"arm_chapters_passed": 0, "arm_chapters_rejected": 0, "arm_chapters_running": 1, "paragraph_diagnostics": 50}
[2026-09-12T14:43:58Z] 8.2 min: aligning {"arm_chapters_passed": 0, "arm_chapters_rejected": 1, "arm_chapters_running": 1, "paragraph_diagnostics": 94}
[2026-09-12T14:44:29Z] 8.7 min: aligning {"arm_chapters_passed": 1, "arm_chapters_rejected": 1, "arm_chapters_running": 1, "paragraph_diagnostics": 156}
[2026-09-12T14:44:59Z] 9.2 min: aligning {"arm_chapters_passed": 1, "arm_chapters_rejected": 2, "arm_chapters_running": 1, "paragraph_diagnostics": 195}
[2026-09-12T14:45:29Z] 9.7 min: aligning {"arm_chapters_passed": 2, "arm_chapters_rejected": 3, "arm_chapters_running": 1, "paragraph_diagnostics": 256}
[2026-09-12T14:46:00Z] 10.2 min: aligning {"arm_chapters_passed": 2, "arm_chapters_rejected": 3, "arm_chapters_running": 1, "paragraph_diagnostics": 269}
[2026-09-12T14:46:30Z] 10.7 min: aligning {"arm_chapters_passed": 3, "arm_chapters_rejected": 3, "arm_chapters_running": 1, "paragraph_diagnostics": 335}
[2026-09-12T14:47:01Z] 11.2 min: aligning {"arm_chapters_passed": 3, "arm_chapters_rejected": 4, "arm_chapters_running": 1, "paragraph_diagnostics": 388}
[2026-09-12T14:47:33Z] snapshot 1466923 bytes
[2026-09-12T14:47:33Z] 11.7 min: aligning {"arm_chapters_passed": 4, "arm_chapters_rejected": 4, "arm_chapters_running": 1, "paragraph_diagnostics": 474}
[2026-09-12T14:48:03Z] 12.3 min: aligning {"arm_chapters_passed": 4, "arm_chapters_rejected": 5, "arm_chapters_running": 1, "paragraph_diagnostics": 522}
[2026-09-12T14:48:34Z] 12.8 min: aligning {"arm_chapters_passed": 4, "arm_chapters_rejected": 6, "arm_chapters_running": 1, "paragraph_diagnostics": 572}
[2026-09-12T14:49:04Z] 13.3 min: aligning {"arm_chapters_passed": 4, "arm_chapters_rejected": 6, "arm_chapters_running": 1, "paragraph_diagnostics": 653}
[2026-09-12T14:49:35Z] 13.8 min: aligning {"arm_chapters_passed": 4, "arm_chapters_rejected": 7, "arm_chapters_running": 1, "paragraph_diagnostics": 726}
[2026-09-12T14:50:05Z] 14.3 min: aligning {"arm_chapters_passed": 4, "arm_chapters_rejected": 7, "arm_chapters_running": 1, "paragraph_diagnostics": 769}
[2026-09-12T14:50:36Z] 14.8 min: aligning {"arm_chapters_passed": 4, "arm_chapters_rejected": 7, "arm_chapters_running": 1, "paragraph_diagnostics": 806}
[2026-09-12T14:51:06Z] 15.3 min: aligning {"arm_chapters_passed": 5, "arm_chapters_rejected": 7, "arm_chapters_running": 1, "paragraph_diagnostics": 884}
[2026-09-12T14:51:40Z] snapshot 2588009 bytes
[2026-09-12T14:51:40Z] 15.8 min: aligning {"arm_chapters_passed": 5, "arm_chapters_rejected": 8, "arm_chapters_running": 1, "paragraph_diagnostics": 938}
[2026-09-12T14:52:10Z] 16.4 min: aligning {"arm_chapters_passed": 5, "arm_chapters_rejected": 8, "arm_chapters_running": 1, "paragraph_diagnostics": 977}
[2026-09-12T14:52:40Z] 16.9 min: aligning {"arm_chapters_passed": 7, "arm_chapters_rejected": 9, "arm_chapters_running": 1, "paragraph_diagnostics": 1060}
[2026-09-12T14:53:11Z] 17.4 min: aligning {"arm_chapters_passed": 7, "arm_chapters_rejected": 9, "arm_chapters_running": 1, "paragraph_diagnostics": 1159}
[2026-09-12T14:53:41Z] 17.9 min: aligning {"arm_chapters_passed": 7, "arm_chapters_rejected": 10, "arm_chapters_running": 1, "paragraph_diagnostics": 1198}
[2026-09-12T14:54:12Z] 18.4 min: aligning {"arm_chapters_passed": 7, "arm_chapters_rejected": 10, "arm_chapters_running": 1, "paragraph_diagnostics": 1245}
[2026-09-12T14:54:42Z] 18.9 min: aligning {"arm_chapters_passed": 7, "arm_chapters_rejected": 10, "arm_chapters_running": 1, "paragraph_diagnostics": 1271}
[2026-09-12T14:55:12Z] 19.4 min: aligning {"arm_chapters_passed": 7, "arm_chapters_rejected": 10, "arm_chapters_running": 1, "paragraph_diagnostics": 1313}
[2026-09-12T14:55:46Z] snapshot 3848255 bytes
[2026-09-12T14:55:46Z] 19.9 min: aligning {"arm_chapters_passed": 7, "arm_chapters_rejected": 10, "arm_chapters_running": 1, "paragraph_diagnostics": 1339}
[2026-09-12T14:56:17Z] 20.5 min: aligning {"arm_chapters_passed": 7, "arm_chapters_rejected": 10, "arm_chapters_running": 1, "paragraph_diagnostics": 1348}
[2026-09-12T14:56:48Z] 21.0 min: aligning {"arm_chapters_passed": 7, "arm_chapters_rejected": 11, "arm_chapters_running": 1, "paragraph_diagnostics": 1381}
[2026-09-12T14:57:18Z] 21.5 min: aligning {"arm_chapters_passed": 7, "arm_chapters_rejected": 11, "arm_chapters_running": 1, "paragraph_diagnostics": 1463}
[2026-09-12T14:57:50Z] 22.0 min: aligning {"arm_chapters_passed": 7, "arm_chapters_rejected": 11, "arm_chapters_running": 1, "paragraph_diagnostics": 1558}
[2026-09-12T14:58:20Z] 22.5 min: aligning {"arm_chapters_passed": 7, "arm_chapters_rejected": 12, "arm_chapters_running": 1, "paragraph_diagnostics": 1580}
[2026-09-12T14:58:50Z] 23.0 min: aligning {"arm_chapters_passed": 7, "arm_chapters_rejected": 12, "arm_chapters_running": 1, "paragraph_diagnostics": 1604}
[2026-09-12T14:59:21Z] 23.6 min: aligning {"arm_chapters_passed": 7, "arm_chapters_rejected": 12, "arm_chapters_running": 1, "paragraph_diagnostics": 1653}
[2026-09-12T14:59:57Z] snapshot 5518778 bytes
[2026-09-12T14:59:57Z] 24.1 min: aligning {"arm_chapters_passed": 7, "arm_chapters_rejected": 12, "arm_chapters_running": 1, "paragraph_diagnostics": 1672}
[2026-09-12T15:00:27Z] 24.7 min: aligning {"arm_chapters_passed": 7, "arm_chapters_rejected": 12, "arm_chapters_running": 1, "paragraph_diagnostics": 1691}
[2026-09-12T15:00:58Z] 25.2 min: aligning {"arm_chapters_passed": 7, "arm_chapters_rejected": 12, "arm_chapters_running": 1, "paragraph_diagnostics": 1713}
[2026-09-12T15:01:44Z] 25.7 min: aligning {"arm_chapters_passed": 7, "arm_chapters_rejected": 13, "arm_chapters_running": 1, "paragraph_diagnostics": 1784}
[2026-09-12T15:02:16Z] 26.4 min: aligning {"arm_chapters_passed": 7, "arm_chapters_rejected": 14, "arm_chapters_running": 1, "paragraph_diagnostics": 1832}
