[2026-09-12T13:59:40Z] created tbuwvjsxinbdyl tinct-words-run3-16 gpu=None $0.49/hr
[2026-09-12T13:59:41Z] waiting: pod RUNNING agent HTTP 404
[2026-09-12T13:59:58Z] waiting: pod RUNNING agent HTTP 404
[2026-09-12T14:00:17Z] phase cohort at 0.6 min; setup={"versions": {"faster-whisper": "1.2.1", "ctranslate2": "4.8.2", "av": "18.1.0"}, "commit": "c43ab3799d5b71c58b770ed22e1bd7bb9b2774cf", "model_tree_sha256": "f1fe271c349229677131d389a96d0a28062a6a2c2fee54a8ce119c43538315c5", "ld_library_path": "/usr/local/lib/python3.11/dist-packages/nvidia/cublas/l
[2026-09-12T14:00:17Z] 0.6 min: cohort {"arm_chapters_passed": 0, "arm_chapters_rejected": 0, "arm_chapters_running": 0}
[2026-09-12T14:00:47Z] 1.1 min: cohort {"arm_chapters_passed": 0, "arm_chapters_rejected": 0, "arm_chapters_running": 0}
[2026-09-12T14:01:18Z] 1.6 min: cohort {"arm_chapters_passed": 0, "arm_chapters_rejected": 0, "arm_chapters_running": 0}
[2026-09-12T14:01:49Z] phase aligning at 2.1 min; setup={"versions": {"faster-whisper": "1.2.1", "ctranslate2": "4.8.2", "av": "18.1.0"}, "commit": "c43ab3799d5b71c58b770ed22e1bd7bb9b2774cf", "model_tree_sha256": "f1fe271c349229677131d389a96d0a28062a6a2c2fee54a8ce119c43538315c5", "ld_library_path": "/usr/local/lib/python3.11/dist-packages/nvidia/cublas/l
[2026-09-12T14:01:49Z] 2.1 min: aligning {"arm_chapters_passed": 0, "arm_chapters_rejected": 0, "arm_chapters_running": 1, "paragraph_diagnostics": 10}
[2026-09-12T14:02:20Z] 2.6 min: aligning {"arm_chapters_passed": 0, "arm_chapters_rejected": 0, "arm_chapters_running": 1, "paragraph_diagnostics": 71}
[2026-09-12T14:02:51Z] 3.2 min: aligning {"arm_chapters_passed": 0, "arm_chapters_rejected": 1, "arm_chapters_running": 1, "paragraph_diagnostics": 122}
[2026-09-12T14:03:21Z] 3.7 min: aligning {"arm_chapters_passed": 0, "arm_chapters_rejected": 1, "arm_chapters_running": 1, "paragraph_diagnostics": 158}
[2026-09-12T14:03:52Z] 4.2 min: aligning {"arm_chapters_passed": 0, "arm_chapters_rejected": 1, "arm_chapters_running": 1, "paragraph_diagnostics": 205}
[2026-09-12T14:04:25Z] snapshot 1007542 bytes
[2026-09-12T14:04:25Z] 4.7 min: aligning {"arm_chapters_passed": 0, "arm_chapters_rejected": 2, "arm_chapters_running": 1, "paragraph_diagnostics": 234}
[2026-09-12T14:04:56Z] 5.2 min: aligning {"arm_chapters_passed": 0, "arm_chapters_rejected": 2, "arm_chapters_running": 1, "paragraph_diagnostics": 256}
[2026-09-12T14:05:26Z] 5.8 min: aligning {"arm_chapters_passed": 0, "arm_chapters_rejected": 3, "arm_chapters_running": 1, "paragraph_diagnostics": 263}
[2026-09-12T14:05:57Z] 6.3 min: aligning {"arm_chapters_passed": 0, "arm_chapters_rejected": 3, "arm_chapters_running": 1, "paragraph_diagnostics": 269}
[2026-09-12T14:06:28Z] 6.8 min: aligning {"arm_chapters_passed": 0, "arm_chapters_rejected": 3, "arm_chapters_running": 1, "paragraph_diagnostics": 280}
[2026-09-12T14:06:59Z] 7.3 min: aligning {"arm_chapters_passed": 0, "arm_chapters_rejected": 3, "arm_chapters_running": 1, "paragraph_diagnostics": 287}
[2026-09-12T14:07:31Z] 7.8 min: aligning {"arm_chapters_passed": 0, "arm_chapters_rejected": 3, "arm_chapters_running": 1, "paragraph_diagnostics": 290}
[2026-09-12T14:08:01Z] 8.3 min: aligning {"arm_chapters_passed": 1, "arm_chapters_rejected": 3, "arm_chapters_running": 1, "paragraph_diagnostics": 306}
[2026-09-12T14:08:37Z] snapshot 2980917 bytes
[2026-09-12T14:08:37Z] 8.9 min: aligning {"arm_chapters_passed": 1, "arm_chapters_rejected": 3, "arm_chapters_running": 1, "paragraph_diagnostics": 324}
[2026-09-12T14:09:08Z] 9.4 min: aligning {"arm_chapters_passed": 1, "arm_chapters_rejected": 3, "arm_chapters_running": 1, "paragraph_diagnostics": 352}
[2026-09-12T14:09:39Z] 10.0 min: aligning {"arm_chapters_passed": 1, "arm_chapters_rejected": 4, "arm_chapters_running": 1, "paragraph_diagnostics": 365}
[2026-09-12T14:10:10Z] 10.5 min: aligning {"arm_chapters_passed": 1, "arm_chapters_rejected": 4, "arm_chapters_running": 1, "paragraph_diagnostics": 369}
[2026-09-12T14:10:41Z] 11.0 min: aligning {"arm_chapters_passed": 1, "arm_chapters_rejected": 4, "arm_chapters_running": 1, "paragraph_diagnostics": 375}
[2026-09-12T14:11:12Z] 11.5 min: aligning {"arm_chapters_passed": 1, "arm_chapters_rejected": 4, "arm_chapters_running": 1, "paragraph_diagnostics": 381}
[2026-09-12T14:11:43Z] 12.0 min: aligning {"arm_chapters_passed": 1, "arm_chapters_rejected": 4, "arm_chapters_running": 1, "paragraph_diagnostics": 388}
[2026-09-12T14:12:13Z] 12.5 min: aligning {"arm_chapters_passed": 1, "arm_chapters_rejected": 4, "arm_chapters_running": 1, "paragraph_diagnostics": 396}
[2026-09-12T14:12:50Z] snapshot 4940895 bytes
[2026-09-12T14:12:50Z] 13.1 min: aligning {"arm_chapters_passed": 1, "arm_chapters_rejected": 4, "arm_chapters_running": 1, "paragraph_diagnostics": 403}
[2026-09-12T14:13:21Z] 13.7 min: aligning {"arm_chapters_passed": 1, "arm_chapters_rejected": 4, "arm_chapters_running": 1, "paragraph_diagnostics": 418}
[2026-09-12T14:13:52Z] 14.2 min: aligning {"arm_chapters_passed": 1, "arm_chapters_rejected": 4, "arm_chapters_running": 1, "paragraph_diagnostics": 423}
[2026-09-12T14:14:23Z] 14.7 min: aligning {"arm_chapters_passed": 1, "arm_chapters_rejected": 4, "arm_chapters_running": 1, "paragraph_diagnostics": 428}
[2026-09-12T14:14:53Z] 15.2 min: aligning {"arm_chapters_passed": 2, "arm_chapters_rejected": 4, "arm_chapters_running": 1, "paragraph_diagnostics": 438}
[2026-09-12T14:15:25Z] 15.7 min: aligning {"arm_chapters_passed": 2, "arm_chapters_rejected": 4, "arm_chapters_running": 1, "paragraph_diagnostics": 454}
[2026-09-12T14:15:56Z] 16.3 min: aligning {"arm_chapters_passed": 2, "arm_chapters_rejected": 5, "arm_chapters_running": 1, "paragraph_diagnostics": 474}
[2026-09-12T14:16:27Z] 16.8 min: aligning {"arm_chapters_passed": 2, "arm_chapters_rejected": 5, "arm_chapters_running": 1, "paragraph_diagnostics": 479}
[2026-09-12T14:17:05Z] snapshot 6971540 bytes
[2026-09-12T14:17:05Z] 17.3 min: aligning {"arm_chapters_passed": 2, "arm_chapters_rejected": 5, "arm_chapters_running": 1, "paragraph_diagnostics": 484}
[2026-09-12T14:17:36Z] 17.9 min: aligning {"arm_chapters_passed": 2, "arm_chapters_rejected": 5, "arm_chapters_running": 1, "paragraph_diagnostics": 500}
[2026-09-12T14:18:07Z] 18.4 min: aligning {"arm_chapters_passed": 3, "arm_chapters_rejected": 5, "arm_chapters_running": 1, "paragraph_diagnostics": 517}
[2026-09-12T14:18:38Z] 18.9 min: aligning {"arm_chapters_passed": 3, "arm_chapters_rejected": 5, "arm_chapters_running": 1, "paragraph_diagnostics": 534}
[2026-09-12T14:19:08Z] 19.5 min: aligning {"arm_chapters_passed": 4, "arm_chapters_rejected": 5, "arm_chapters_running": 1, "paragraph_diagnostics": 545}
[2026-09-12T14:19:39Z] 20.0 min: aligning {"arm_chapters_passed": 4, "arm_chapters_rejected": 5, "arm_chapters_running": 1, "paragraph_diagnostics": 548}
[2026-09-12T14:20:10Z] 20.5 min: aligning {"arm_chapters_passed": 4, "arm_chapters_rejected": 5, "arm_chapters_running": 1, "paragraph_diagnostics": 553}
[2026-09-12T14:20:41Z] 21.0 min: aligning {"arm_chapters_passed": 4, "arm_chapters_rejected": 5, "arm_chapters_running": 1, "paragraph_diagnostics": 558}
[2026-09-12T14:21:23Z] snapshot 9048847 bytes
[2026-09-12T14:21:23Z] 21.5 min: aligning {"arm_chapters_passed": 4, "arm_chapters_rejected": 5, "arm_chapters_running": 1, "paragraph_diagnostics": 565}
[2026-09-12T14:21:54Z] 22.2 min: aligning {"arm_chapters_passed": 5, "arm_chapters_rejected": 5, "arm_chapters_running": 1, "paragraph_diagnostics": 576}
[2026-09-12T14:22:25Z] 22.7 min: aligning {"arm_chapters_passed": 5, "arm_chapters_rejected": 5, "arm_chapters_running": 1, "paragraph_diagnostics": 592}
[2026-09-12T14:22:55Z] 23.2 min: aligning {"arm_chapters_passed": 5, "arm_chapters_rejected": 6, "arm_chapters_running": 1, "paragraph_diagnostics": 609}
[2026-09-12T14:23:26Z] 23.8 min: aligning {"arm_chapters_passed": 5, "arm_chapters_rejected": 6, "arm_chapters_running": 1, "paragraph_diagnostics": 612}
[2026-09-12T14:23:57Z] 24.3 min: aligning {"arm_chapters_passed": 5, "arm_chapters_rejected": 6, "arm_chapters_running": 1, "paragraph_diagnostics": 619}
[2026-09-12T14:24:28Z] 24.8 min: aligning {"arm_chapters_passed": 5, "arm_chapters_rejected": 6, "arm_chapters_running": 1, "paragraph_diagnostics": 626}
[2026-09-12T14:24:59Z] 25.3 min: aligning {"arm_chapters_passed": 5, "arm_chapters_rejected": 6, "arm_chapters_running": 1, "paragraph_diagnostics": 638}
[2026-09-12T14:25:43Z] snapshot 11270448 bytes
[2026-09-12T14:25:43Z] 25.8 min: aligning {"arm_chapters_passed": 5, "arm_chapters_rejected": 7, "arm_chapters_running": 1, "paragraph_diagnostics": 646}
[2026-09-12T14:26:14Z] 26.5 min: aligning {"arm_chapters_passed": 5, "arm_chapters_rejected": 7, "arm_chapters_running": 1, "paragraph_diagnostics": 671}
[2026-09-12T14:26:44Z] 27.1 min: aligning {"arm_chapters_passed": 6, "arm_chapters_rejected": 7, "arm_chapters_running": 1, "paragraph_diagnostics": 685}
[2026-09-12T14:27:15Z] 27.6 min: aligning {"arm_chapters_passed": 6, "arm_chapters_rejected": 7, "arm_chapters_running": 1, "paragraph_diagnostics": 691}
[2026-09-12T14:27:46Z] 28.1 min: aligning {"arm_chapters_passed": 6, "arm_chapters_rejected": 7, "arm_chapters_running": 1, "paragraph_diagnostics": 702}
[2026-09-12T14:28:17Z] 28.6 min: aligning {"arm_chapters_passed": 6, "arm_chapters_rejected": 7, "arm_chapters_running": 1, "paragraph_diagnostics": 707}
[2026-09-12T14:28:48Z] 29.1 min: aligning {"arm_chapters_passed": 6, "arm_chapters_rejected": 7, "arm_chapters_running": 1, "paragraph_diagnostics": 712}
[2026-09-12T14:29:19Z] 29.6 min: aligning {"arm_chapters_passed": 6, "arm_chapters_rejected": 7, "arm_chapters_running": 1, "paragraph_diagnostics": 716}
[2026-09-12T14:30:03Z] snapshot 13282706 bytes
[2026-09-12T14:30:03Z] 30.1 min: aligning {"arm_chapters_passed": 6, "arm_chapters_rejected": 7, "arm_chapters_running": 1, "paragraph_diagnostics": 723}
[2026-09-12T14:30:35Z] 30.9 min: aligning {"arm_chapters_passed": 7, "arm_chapters_rejected": 7, "arm_chapters_running": 1, "paragraph_diagnostics": 736}
[2026-09-12T14:31:05Z] 31.4 min: aligning {"arm_chapters_passed": 7, "arm_chapters_rejected": 7, "arm_chapters_running": 1, "paragraph_diagnostics": 752}
[2026-09-12T14:31:36Z] 31.9 min: aligning {"arm_chapters_passed": 7, "arm_chapters_rejected": 8, "arm_chapters_running": 1, "paragraph_diagnostics": 762}
[2026-09-12T14:32:07Z] 32.4 min: aligning {"arm_chapters_passed": 7, "arm_chapters_rejected": 8, "arm_chapters_running": 1, "paragraph_diagnostics": 768}
[2026-09-12T14:32:38Z] 32.9 min: aligning {"arm_chapters_passed": 7, "arm_chapters_rejected": 8, "arm_chapters_running": 1, "paragraph_diagnostics": 775}
[2026-09-12T14:33:09Z] 33.5 min: aligning {"arm_chapters_passed": 7, "arm_chapters_rejected": 8, "arm_chapters_running": 1, "paragraph_diagnostics": 780}
[2026-09-12T14:33:39Z] 34.0 min: aligning {"arm_chapters_passed": 7, "arm_chapters_rejected": 8, "arm_chapters_running": 1, "paragraph_diagnostics": 783}
[2026-09-12T14:34:25Z] snapshot 15455362 bytes
[2026-09-12T14:34:25Z] 34.5 min: aligning {"arm_chapters_passed": 7, "arm_chapters_rejected": 8, "arm_chapters_running": 1, "paragraph_diagnostics": 788}
[2026-09-12T14:34:55Z] phase done at 35.2 min; setup={"versions": {"faster-whisper": "1.2.1", "ctranslate2": "4.8.2", "av": "18.1.0"}, "commit": "c43ab3799d5b71c58b770ed22e1bd7bb9b2774cf", "model_tree_sha256": "f1fe271c349229677131d389a96d0a28062a6a2c2fee54a8ce119c43538315c5", "ld_library_path": "/usr/local/lib/python3.11/dist-packages/nvidia/cublas/l
[2026-09-12T14:34:55Z] 35.2 min: done {"arm_chapters_passed": 8, "arm_chapters_rejected": 8, "arm_chapters_running": 0, "paragraph_diagnostics": 790}
[2026-09-12T14:35:15Z] fetched out.tar.gz (15455361 bytes)
[2026-09-12T14:35:17Z] stop tbuwvjsxinbdyl: HTTP 200
[2026-09-12T14:35:19Z] terminate tbuwvjsxinbdyl: HTTP 204
[2026-09-12T14:35:19Z] pod tbuwvjsxinbdyl done: outcome=done uptime=35.6m est $0.29
