[2026-09-12T07:01:04Z] created osoycfy85arwn0 tinct-words-run2-71 gpu=None $0.49/hr
[2026-09-12T07:01:05Z] waiting: pod RUNNING agent HTTP 404
[2026-09-12T07:01:21Z] waiting: pod RUNNING agent HTTP 404
[2026-09-12T07:01:39Z] phase cohort at 0.6 min; setup={"versions": {"faster-whisper": "1.2.1", "ctranslate2": "4.8.2", "av": "18.1.0"}, "commit": "f53d744782e3c369fffd2980a013a7f199c0476e", "model_tree_sha256": "f1fe271c349229677131d389a96d0a28062a6a2c2fee54a8ce119c43538315c5", "ld_library_path": "/usr/local/lib/python3.11/dist-packages/nvidia/cublas/l
[2026-09-12T07:01:39Z] 0.6 min: cohort {"arm_chapters_passed": 0, "arm_chapters_rejected": 0, "arm_chapters_running": 0}
[2026-09-12T07:02:09Z] 1.1 min: cohort {"arm_chapters_passed": 0, "arm_chapters_rejected": 0, "arm_chapters_running": 0}
[2026-09-12T07:02:40Z] phase aligning at 1.6 min; setup={"versions": {"faster-whisper": "1.2.1", "ctranslate2": "4.8.2", "av": "18.1.0"}, "commit": "f53d744782e3c369fffd2980a013a7f199c0476e", "model_tree_sha256": "f1fe271c349229677131d389a96d0a28062a6a2c2fee54a8ce119c43538315c5", "ld_library_path": "/usr/local/lib/python3.11/dist-packages/nvidia/cublas/l
[2026-09-12T07:02:40Z] 1.6 min: aligning {"arm_chapters_passed": 0, "arm_chapters_rejected": 0, "arm_chapters_running": 1, "paragraph_diagnostics": 11}
[2026-09-12T07:03:11Z] 2.1 min: aligning {"arm_chapters_passed": 0, "arm_chapters_rejected": 1, "arm_chapters_running": 1, "paragraph_diagnostics": 41}
[2026-09-12T07:03:42Z] 2.6 min: aligning {"arm_chapters_passed": 1, "arm_chapters_rejected": 1, "arm_chapters_running": 1, "paragraph_diagnostics": 91}
[2026-09-12T07:04:13Z] 3.1 min: aligning {"arm_chapters_passed": 1, "arm_chapters_rejected": 2, "arm_chapters_running": 1, "paragraph_diagnostics": 107}
[2026-09-12T07:04:44Z] 3.6 min: aligning {"arm_chapters_passed": 1, "arm_chapters_rejected": 2, "arm_chapters_running": 1, "paragraph_diagnostics": 141}
[2026-09-12T07:05:14Z] 4.2 min: aligning {"arm_chapters_passed": 2, "arm_chapters_rejected": 2, "arm_chapters_running": 1, "paragraph_diagnostics": 169}
[2026-09-12T07:05:48Z] snapshot 1216451 bytes
[2026-09-12T07:05:48Z] 4.7 min: aligning {"arm_chapters_passed": 2, "arm_chapters_rejected": 3, "arm_chapters_running": 1, "paragraph_diagnostics": 209}
[2026-09-12T07:06:19Z] 5.2 min: aligning {"arm_chapters_passed": 2, "arm_chapters_rejected": 4, "arm_chapters_running": 1, "paragraph_diagnostics": 266}
[2026-09-12T07:06:50Z] 5.7 min: aligning {"arm_chapters_passed": 2, "arm_chapters_rejected": 5, "arm_chapters_running": 1, "paragraph_diagnostics": 309}
[2026-09-12T07:07:21Z] 6.3 min: aligning {"arm_chapters_passed": 3, "arm_chapters_rejected": 5, "arm_chapters_running": 1, "paragraph_diagnostics": 336}
[2026-09-12T07:07:52Z] 6.8 min: aligning {"arm_chapters_passed": 3, "arm_chapters_rejected": 6, "arm_chapters_running": 1, "paragraph_diagnostics": 365}
[2026-09-12T07:08:23Z] 7.3 min: aligning {"arm_chapters_passed": 3, "arm_chapters_rejected": 6, "arm_chapters_running": 1, "paragraph_diagnostics": 385}
[2026-09-12T07:08:54Z] 7.8 min: aligning {"arm_chapters_passed": 4, "arm_chapters_rejected": 6, "arm_chapters_running": 1, "paragraph_diagnostics": 456}
[2026-09-12T07:09:24Z] 8.3 min: aligning {"arm_chapters_passed": 4, "arm_chapters_rejected": 7, "arm_chapters_running": 1, "paragraph_diagnostics": 525}
[2026-09-12T07:10:00Z] snapshot 2593047 bytes
[2026-09-12T07:10:00Z] 8.8 min: aligning {"arm_chapters_passed": 5, "arm_chapters_rejected": 8, "arm_chapters_running": 1, "paragraph_diagnostics": 568}
[2026-09-12T07:10:31Z] 9.4 min: aligning {"arm_chapters_passed": 6, "arm_chapters_rejected": 8, "arm_chapters_running": 1, "paragraph_diagnostics": 592}
[2026-09-12T07:11:02Z] 10.0 min: aligning {"arm_chapters_passed": 6, "arm_chapters_rejected": 9, "arm_chapters_running": 1, "paragraph_diagnostics": 631}
[2026-09-12T07:11:33Z] 10.5 min: aligning {"arm_chapters_passed": 7, "arm_chapters_rejected": 9, "arm_chapters_running": 1, "paragraph_diagnostics": 663}
[2026-09-12T07:12:04Z] 11.0 min: aligning {"arm_chapters_passed": 8, "arm_chapters_rejected": 9, "arm_chapters_running": 1, "paragraph_diagnostics": 703}
[2026-09-12T07:12:35Z] 11.5 min: aligning {"arm_chapters_passed": 9, "arm_chapters_rejected": 9, "arm_chapters_running": 1, "paragraph_diagnostics": 760}
[2026-09-12T07:13:06Z] 12.0 min: aligning {"arm_chapters_passed": 9, "arm_chapters_rejected": 10, "arm_chapters_running": 1, "paragraph_diagnostics": 805}
[2026-09-12T07:13:36Z] 12.5 min: aligning {"arm_chapters_passed": 10, "arm_chapters_rejected": 10, "arm_chapters_running": 1, "paragraph_diagnostics": 870}
[2026-09-12T07:14:14Z] snapshot 3987319 bytes
[2026-09-12T07:14:14Z] 13.0 min: aligning {"arm_chapters_passed": 10, "arm_chapters_rejected": 11, "arm_chapters_running": 1, "paragraph_diagnostics": 949}
[2026-09-12T07:14:45Z] 13.7 min: aligning {"arm_chapters_passed": 10, "arm_chapters_rejected": 12, "arm_chapters_running": 1, "paragraph_diagnostics": 1019}
[2026-09-12T07:15:16Z] 14.2 min: aligning {"arm_chapters_passed": 10, "arm_chapters_rejected": 13, "arm_chapters_running": 1, "paragraph_diagnostics": 1071}
[2026-09-12T07:15:47Z] 14.7 min: aligning {"arm_chapters_passed": 10, "arm_chapters_rejected": 13, "arm_chapters_running": 1, "paragraph_diagnostics": 1107}
[2026-09-12T07:16:18Z] 15.2 min: aligning {"arm_chapters_passed": 11, "arm_chapters_rejected": 13, "arm_chapters_running": 1, "paragraph_diagnostics": 1144}
[2026-09-12T07:16:48Z] 15.7 min: aligning {"arm_chapters_passed": 11, "arm_chapters_rejected": 14, "arm_chapters_running": 1, "paragraph_diagnostics": 1175}
[2026-09-12T07:17:19Z] 16.2 min: aligning {"arm_chapters_passed": 12, "arm_chapters_rejected": 14, "arm_chapters_running": 1, "paragraph_diagnostics": 1220}
[2026-09-12T07:17:50Z] 16.8 min: aligning {"arm_chapters_passed": 12, "arm_chapters_rejected": 15, "arm_chapters_running": 1, "paragraph_diagnostics": 1274}
[2026-09-12T07:18:31Z] snapshot 5574474 bytes
[2026-09-12T07:18:31Z] 17.3 min: aligning {"arm_chapters_passed": 12, "arm_chapters_rejected": 16, "arm_chapters_running": 1, "paragraph_diagnostics": 1304}
[2026-09-12T07:19:02Z] 18.0 min: aligning {"arm_chapters_passed": 12, "arm_chapters_rejected": 17, "arm_chapters_running": 1, "paragraph_diagnostics": 1340}
[2026-09-12T07:19:33Z] 18.5 min: aligning {"arm_chapters_passed": 13, "arm_chapters_rejected": 17, "arm_chapters_running": 1, "paragraph_diagnostics": 1387}
[2026-09-12T07:20:05Z] 19.0 min: aligning {"arm_chapters_passed": 13, "arm_chapters_rejected": 18, "arm_chapters_running": 1, "paragraph_diagnostics": 1423}
[2026-09-12T07:20:36Z] 19.5 min: aligning {"arm_chapters_passed": 14, "arm_chapters_rejected": 18, "arm_chapters_running": 1, "paragraph_diagnostics": 1476}
[2026-09-12T07:21:07Z] 20.0 min: aligning {"arm_chapters_passed": 15, "arm_chapters_rejected": 18, "arm_chapters_running": 1, "paragraph_diagnostics": 1501}
[2026-09-12T07:21:37Z] 20.5 min: aligning {"arm_chapters_passed": 16, "arm_chapters_rejected": 18, "arm_chapters_running": 1, "paragraph_diagnostics": 1529}
[2026-09-12T07:22:08Z] 21.1 min: aligning {"arm_chapters_passed": 17, "arm_chapters_rejected": 18, "arm_chapters_running": 1, "paragraph_diagnostics": 1554}
[2026-09-12T07:22:49Z] snapshot 7055885 bytes
[2026-09-12T07:22:49Z] 21.6 min: aligning {"arm_chapters_passed": 18, "arm_chapters_rejected": 18, "arm_chapters_running": 1, "paragraph_diagnostics": 1590}
[2026-09-12T07:23:20Z] 22.2 min: aligning {"arm_chapters_passed": 19, "arm_chapters_rejected": 19, "arm_chapters_running": 1, "paragraph_diagnostics": 1644}
