[2026-09-12T14:31:58Z] created oks31m2jzb2v0o tinct-words-run3-25 gpu=None $0.49/hr
[2026-09-12T14:31:59Z] waiting: pod RUNNING agent HTTP 404
[2026-09-12T14:32:15Z] waiting: pod RUNNING agent HTTP 404
[2026-09-12T14:32:32Z] phase cohort at 0.6 min; setup={"versions": {"faster-whisper": "1.2.1", "ctranslate2": "4.8.2", "av": "18.1.0"}, "commit": "c43ab3799d5b71c58b770ed22e1bd7bb9b2774cf", "model_tree_sha256": "f1fe271c349229677131d389a96d0a28062a6a2c2fee54a8ce119c43538315c5", "ld_library_path": "/usr/local/lib/python3.11/dist-packages/nvidia/cublas/l
[2026-09-12T14:32:32Z] 0.6 min: cohort {"arm_chapters_passed": 0, "arm_chapters_rejected": 0, "arm_chapters_running": 0}
[2026-09-12T14:33:03Z] 1.1 min: cohort {"arm_chapters_passed": 0, "arm_chapters_rejected": 0, "arm_chapters_running": 0}
[2026-09-12T14:33:34Z] phase aligning at 1.6 min; setup={"versions": {"faster-whisper": "1.2.1", "ctranslate2": "4.8.2", "av": "18.1.0"}, "commit": "c43ab3799d5b71c58b770ed22e1bd7bb9b2774cf", "model_tree_sha256": "f1fe271c349229677131d389a96d0a28062a6a2c2fee54a8ce119c43538315c5", "ld_library_path": "/usr/local/lib/python3.11/dist-packages/nvidia/cublas/l
[2026-09-12T14:33:34Z] 1.6 min: aligning {"arm_chapters_passed": 0, "arm_chapters_rejected": 0, "arm_chapters_running": 1, "paragraph_diagnostics": 2}
[2026-09-12T14:34:05Z] 2.1 min: aligning {"arm_chapters_passed": 1, "arm_chapters_rejected": 4, "arm_chapters_running": 1, "paragraph_diagnostics": 33}
[2026-09-12T14:34:36Z] 2.6 min: aligning {"arm_chapters_passed": 2, "arm_chapters_rejected": 5, "arm_chapters_running": 1, "paragraph_diagnostics": 58}
[2026-09-12T14:35:07Z] 3.1 min: aligning {"arm_chapters_passed": 3, "arm_chapters_rejected": 7, "arm_chapters_running": 1, "paragraph_diagnostics": 86}
[2026-09-12T14:35:38Z] 3.6 min: aligning {"arm_chapters_passed": 5, "arm_chapters_rejected": 10, "arm_chapters_running": 1, "paragraph_diagnostics": 115}
[2026-09-12T14:36:08Z] 4.2 min: aligning {"arm_chapters_passed": 7, "arm_chapters_rejected": 13, "arm_chapters_running": 1, "paragraph_diagnostics": 154}
[2026-09-12T14:36:42Z] snapshot 1265111 bytes
[2026-09-12T14:36:42Z] 4.7 min: aligning {"arm_chapters_passed": 7, "arm_chapters_rejected": 16, "arm_chapters_running": 1, "paragraph_diagnostics": 185}
[2026-09-12T14:37:13Z] 5.2 min: aligning {"arm_chapters_passed": 7, "arm_chapters_rejected": 20, "arm_chapters_running": 1, "paragraph_diagnostics": 225}
[2026-09-12T14:37:44Z] 5.8 min: aligning {"arm_chapters_passed": 8, "arm_chapters_rejected": 20, "arm_chapters_running": 1, "paragraph_diagnostics": 275}
[2026-09-12T14:38:15Z] 6.3 min: aligning {"arm_chapters_passed": 8, "arm_chapters_rejected": 21, "arm_chapters_running": 1, "paragraph_diagnostics": 308}
[2026-09-12T14:38:46Z] 6.8 min: aligning {"arm_chapters_passed": 8, "arm_chapters_rejected": 21, "arm_chapters_running": 1, "paragraph_diagnostics": 328}
[2026-09-12T14:39:16Z] 7.3 min: aligning {"arm_chapters_passed": 8, "arm_chapters_rejected": 21, "arm_chapters_running": 1, "paragraph_diagnostics": 349}
[2026-09-12T14:39:47Z] 7.8 min: aligning {"arm_chapters_passed": 8, "arm_chapters_rejected": 23, "arm_chapters_running": 1, "paragraph_diagnostics": 424}
[2026-09-12T14:40:18Z] 8.3 min: aligning {"arm_chapters_passed": 8, "arm_chapters_rejected": 23, "arm_chapters_running": 1, "paragraph_diagnostics": 460}
[2026-09-12T14:40:54Z] snapshot 2760675 bytes
[2026-09-12T14:40:54Z] 8.8 min: aligning {"arm_chapters_passed": 8, "arm_chapters_rejected": 23, "arm_chapters_running": 1, "paragraph_diagnostics": 485}
[2026-09-12T14:41:25Z] 9.4 min: aligning {"arm_chapters_passed": 8, "arm_chapters_rejected": 25, "arm_chapters_running": 1, "paragraph_diagnostics": 550}
[2026-09-12T14:41:56Z] 10.0 min: aligning {"arm_chapters_passed": 8, "arm_chapters_rejected": 26, "arm_chapters_running": 1, "paragraph_diagnostics": 598}
[2026-09-12T14:42:27Z] 10.5 min: aligning {"arm_chapters_passed": 8, "arm_chapters_rejected": 28, "arm_chapters_running": 1, "paragraph_diagnostics": 646}
[2026-09-12T14:42:58Z] 11.0 min: aligning {"arm_chapters_passed": 8, "arm_chapters_rejected": 28, "arm_chapters_running": 1, "paragraph_diagnostics": 670}
[2026-09-12T14:43:29Z] 11.5 min: aligning {"arm_chapters_passed": 8, "arm_chapters_rejected": 29, "arm_chapters_running": 1, "paragraph_diagnostics": 687}
[2026-09-12T14:43:59Z] 12.0 min: aligning {"arm_chapters_passed": 8, "arm_chapters_rejected": 29, "arm_chapters_running": 1, "paragraph_diagnostics": 694}
[2026-09-12T14:44:30Z] 12.5 min: aligning {"arm_chapters_passed": 8, "arm_chapters_rejected": 29, "arm_chapters_running": 1, "paragraph_diagnostics": 702}
[2026-09-12T14:45:09Z] snapshot 4869651 bytes
[2026-09-12T14:45:09Z] 13.0 min: aligning {"arm_chapters_passed": 8, "arm_chapters_rejected": 29, "arm_chapters_running": 1, "paragraph_diagnostics": 710}
[2026-09-12T14:45:40Z] 13.7 min: aligning {"arm_chapters_passed": 8, "arm_chapters_rejected": 30, "arm_chapters_running": 1, "paragraph_diagnostics": 727}
[2026-09-12T14:46:11Z] 14.2 min: aligning {"arm_chapters_passed": 8, "arm_chapters_rejected": 30, "arm_chapters_running": 1, "paragraph_diagnostics": 787}
[2026-09-12T14:46:42Z] 14.7 min: aligning {"arm_chapters_passed": 8, "arm_chapters_rejected": 31, "arm_chapters_running": 1, "paragraph_diagnostics": 810}
[2026-09-12T14:47:13Z] 15.2 min: aligning {"arm_chapters_passed": 8, "arm_chapters_rejected": 31, "arm_chapters_running": 1, "paragraph_diagnostics": 830}
[2026-09-12T14:47:44Z] 15.8 min: aligning {"arm_chapters_passed": 8, "arm_chapters_rejected": 31, "arm_chapters_running": 1, "paragraph_diagnostics": 850}
[2026-09-12T14:48:15Z] 16.3 min: aligning {"arm_chapters_passed": 8, "arm_chapters_rejected": 32, "arm_chapters_running": 1, "paragraph_diagnostics": 879}
[2026-09-12T14:48:46Z] 16.8 min: aligning {"arm_chapters_passed": 8, "arm_chapters_rejected": 33, "arm_chapters_running": 1, "paragraph_diagnostics": 917}
[2026-09-12T14:49:29Z] snapshot 7607786 bytes
[2026-09-12T14:49:29Z] 17.3 min: aligning {"arm_chapters_passed": 8, "arm_chapters_rejected": 33, "arm_chapters_running": 1, "paragraph_diagnostics": 937}
[2026-09-12T14:50:00Z] 18.0 min: aligning {"arm_chapters_passed": 8, "arm_chapters_rejected": 34, "arm_chapters_running": 1, "paragraph_diagnostics": 971}
[2026-09-12T14:50:30Z] 18.5 min: aligning {"arm_chapters_passed": 8, "arm_chapters_rejected": 34, "arm_chapters_running": 1, "paragraph_diagnostics": 1032}
[2026-09-12T14:51:01Z] 19.0 min: aligning {"arm_chapters_passed": 8, "arm_chapters_rejected": 35, "arm_chapters_running": 1, "paragraph_diagnostics": 1057}
[2026-09-12T14:51:32Z] 19.6 min: aligning {"arm_chapters_passed": 8, "arm_chapters_rejected": 35, "arm_chapters_running": 1, "paragraph_diagnostics": 1079}
[2026-09-12T14:52:03Z] 20.1 min: aligning {"arm_chapters_passed": 8, "arm_chapters_rejected": 35, "arm_chapters_running": 1, "paragraph_diagnostics": 1102}
[2026-09-12T14:52:34Z] 20.6 min: aligning {"arm_chapters_passed": 8, "arm_chapters_rejected": 35, "arm_chapters_running": 1, "paragraph_diagnostics": 1119}
[2026-09-12T14:53:04Z] 21.1 min: aligning {"arm_chapters_passed": 8, "arm_chapters_rejected": 36, "arm_chapters_running": 1, "paragraph_diagnostics": 1138}
[2026-09-12T14:53:50Z] snapshot 10296975 bytes
[2026-09-12T14:53:50Z] 21.6 min: aligning {"arm_chapters_passed": 8, "arm_chapters_rejected": 37, "arm_chapters_running": 1, "paragraph_diagnostics": 1153}
[2026-09-12T14:54:21Z] 22.4 min: aligning {"arm_chapters_passed": 8, "arm_chapters_rejected": 37, "arm_chapters_running": 1, "paragraph_diagnostics": 1165}
[2026-09-12T14:54:52Z] 22.9 min: aligning {"arm_chapters_passed": 8, "arm_chapters_rejected": 37, "arm_chapters_running": 1, "paragraph_diagnostics": 1172}
[2026-09-12T14:55:23Z] 23.4 min: aligning {"arm_chapters_passed": 8, "arm_chapters_rejected": 38, "arm_chapters_running": 1, "paragraph_diagnostics": 1180}
[2026-09-12T14:55:54Z] 23.9 min: aligning {"arm_chapters_passed": 8, "arm_chapters_rejected": 38, "arm_chapters_running": 1, "paragraph_diagnostics": 1211}
[2026-09-12T14:56:25Z] 24.4 min: aligning {"arm_chapters_passed": 8, "arm_chapters_rejected": 39, "arm_chapters_running": 1, "paragraph_diagnostics": 1223}
[2026-09-12T14:56:55Z] 24.9 min: aligning {"arm_chapters_passed": 8, "arm_chapters_rejected": 39, "arm_chapters_running": 1, "paragraph_diagnostics": 1234}
[2026-09-12T14:57:26Z] 25.5 min: aligning {"arm_chapters_passed": 8, "arm_chapters_rejected": 39, "arm_chapters_running": 1, "paragraph_diagnostics": 1246}
[2026-09-12T14:58:14Z] snapshot 13244235 bytes
[2026-09-12T14:58:14Z] 26.0 min: aligning {"arm_chapters_passed": 8, "arm_chapters_rejected": 40, "arm_chapters_running": 1, "paragraph_diagnostics": 1275}
[2026-09-12T14:58:45Z] 26.8 min: aligning {"arm_chapters_passed": 8, "arm_chapters_rejected": 41, "arm_chapters_running": 1, "paragraph_diagnostics": 1307}
[2026-09-12T14:59:16Z] 27.3 min: aligning {"arm_chapters_passed": 8, "arm_chapters_rejected": 41, "arm_chapters_running": 1, "paragraph_diagnostics": 1320}
[2026-09-12T14:59:47Z] 27.8 min: aligning {"arm_chapters_passed": 8, "arm_chapters_rejected": 41, "arm_chapters_running": 1, "paragraph_diagnostics": 1334}
[2026-09-12T15:00:18Z] 28.3 min: aligning {"arm_chapters_passed": 8, "arm_chapters_rejected": 42, "arm_chapters_running": 1, "paragraph_diagnostics": 1358}
[2026-09-12T15:00:49Z] 28.8 min: aligning {"arm_chapters_passed": 8, "arm_chapters_rejected": 43, "arm_chapters_running": 1, "paragraph_diagnostics": 1379}
[2026-09-12T15:01:20Z] 29.3 min: aligning {"arm_chapters_passed": 8, "arm_chapters_rejected": 43, "arm_chapters_running": 1, "paragraph_diagnostics": 1390}
[2026-09-12T15:01:51Z] 29.9 min: aligning {"arm_chapters_passed": 8, "arm_chapters_rejected": 43, "arm_chapters_running": 1, "paragraph_diagnostics": 1403}
[2026-09-12T15:02:40Z] snapshot 15911265 bytes
[2026-09-12T15:02:40Z] 30.4 min: aligning {"arm_chapters_passed": 8, "arm_chapters_rejected": 43, "arm_chapters_running": 1, "paragraph_diagnostics": 1414}
[2026-09-12T15:03:11Z] 31.2 min: aligning {"arm_chapters_passed": 8, "arm_chapters_rejected": 45, "arm_chapters_running": 1, "paragraph_diagnostics": 1449}
[2026-09-12T15:03:42Z] 31.7 min: aligning {"arm_chapters_passed": 8, "arm_chapters_rejected": 45, "arm_chapters_running": 1, "paragraph_diagnostics": 1458}
[2026-09-12T15:04:13Z] 32.2 min: aligning {"arm_chapters_passed": 8, "arm_chapters_rejected": 45, "arm_chapters_running": 1, "paragraph_diagnostics": 1468}
[2026-09-12T15:04:43Z] 32.7 min: aligning {"arm_chapters_passed": 8, "arm_chapters_rejected": 45, "arm_chapters_running": 1, "paragraph_diagnostics": 1477}
[2026-09-12T15:05:14Z] 33.3 min: aligning {"arm_chapters_passed": 8, "arm_chapters_rejected": 46, "arm_chapters_running": 1, "paragraph_diagnostics": 1502}
[2026-09-12T15:05:45Z] 33.8 min: aligning {"arm_chapters_passed": 8, "arm_chapters_rejected": 47, "arm_chapters_running": 1, "paragraph_diagnostics": 1530}
[2026-09-12T15:06:16Z] 34.3 min: aligning {"arm_chapters_passed": 8, "arm_chapters_rejected": 47, "arm_chapters_running": 1, "paragraph_diagnostics": 1539}
