[2026-09-12T07:58:42Z] created lmoop2muw36ugk tinct-words-run2-88 gpu=None $0.49/hr
[2026-09-12T07:58:43Z] waiting: pod RUNNING agent HTTP 404
[2026-09-12T07:58:59Z] waiting: pod RUNNING agent HTTP 404
[2026-09-12T07:59:15Z] phase cohort at 0.5 min; setup={"versions": {"faster-whisper": "1.2.1", "ctranslate2": "4.8.2", "av": "18.1.0"}, "commit": "f53d744782e3c369fffd2980a013a7f199c0476e", "model_tree_sha256": "f1fe271c349229677131d389a96d0a28062a6a2c2fee54a8ce119c43538315c5", "ld_library_path": "/usr/local/lib/python3.11/dist-packages/nvidia/cublas/l
[2026-09-12T07:59:15Z] 0.5 min: cohort {"arm_chapters_passed": 0, "arm_chapters_rejected": 0, "arm_chapters_running": 0}
[2026-09-12T07:59:46Z] 1.0 min: cohort {"arm_chapters_passed": 0, "arm_chapters_rejected": 0, "arm_chapters_running": 0}
[2026-09-12T08:00:16Z] 1.6 min: cohort {"arm_chapters_passed": 0, "arm_chapters_rejected": 0, "arm_chapters_running": 0}
[2026-09-12T08:00:46Z] phase aligning at 2.1 min; setup={"versions": {"faster-whisper": "1.2.1", "ctranslate2": "4.8.2", "av": "18.1.0"}, "commit": "f53d744782e3c369fffd2980a013a7f199c0476e", "model_tree_sha256": "f1fe271c349229677131d389a96d0a28062a6a2c2fee54a8ce119c43538315c5", "ld_library_path": "/usr/local/lib/python3.11/dist-packages/nvidia/cublas/l
[2026-09-12T08:00:46Z] 2.1 min: aligning {"arm_chapters_passed": 0, "arm_chapters_rejected": 1, "arm_chapters_running": 1, "paragraph_diagnostics": 64}
[2026-09-12T08:01:17Z] 2.6 min: aligning {"arm_chapters_passed": 2, "arm_chapters_rejected": 1, "arm_chapters_running": 1, "paragraph_diagnostics": 139}
[2026-09-12T08:01:47Z] 3.1 min: aligning {"arm_chapters_passed": 3, "arm_chapters_rejected": 1, "arm_chapters_running": 1, "paragraph_diagnostics": 189}
[2026-09-12T08:02:17Z] 3.6 min: aligning {"arm_chapters_passed": 3, "arm_chapters_rejected": 2, "arm_chapters_running": 1, "paragraph_diagnostics": 263}
[2026-09-12T08:02:48Z] 4.1 min: aligning {"arm_chapters_passed": 4, "arm_chapters_rejected": 3, "arm_chapters_running": 1, "paragraph_diagnostics": 339}
[2026-09-12T08:03:20Z] snapshot 710960 bytes
[2026-09-12T08:03:20Z] 4.6 min: aligning {"arm_chapters_passed": 5, "arm_chapters_rejected": 3, "arm_chapters_running": 1, "paragraph_diagnostics": 402}
[2026-09-12T08:03:50Z] 5.1 min: aligning {"arm_chapters_passed": 6, "arm_chapters_rejected": 4, "arm_chapters_running": 1, "paragraph_diagnostics": 472}
[2026-09-12T08:04:21Z] 5.6 min: aligning {"arm_chapters_passed": 6, "arm_chapters_rejected": 5, "arm_chapters_running": 1, "paragraph_diagnostics": 545}
[2026-09-12T08:04:51Z] 6.1 min: aligning {"arm_chapters_passed": 7, "arm_chapters_rejected": 5, "arm_chapters_running": 1, "paragraph_diagnostics": 612}
[2026-09-12T08:05:22Z] 6.6 min: aligning {"arm_chapters_passed": 7, "arm_chapters_rejected": 6, "arm_chapters_running": 1, "paragraph_diagnostics": 661}
[2026-09-12T08:05:52Z] 7.2 min: aligning {"arm_chapters_passed": 8, "arm_chapters_rejected": 7, "arm_chapters_running": 1, "paragraph_diagnostics": 736}
[2026-09-12T08:06:22Z] 7.7 min: aligning {"arm_chapters_passed": 9, "arm_chapters_rejected": 7, "arm_chapters_running": 1, "paragraph_diagnostics": 794}
[2026-09-12T08:06:53Z] 8.2 min: aligning {"arm_chapters_passed": 9, "arm_chapters_rejected": 8, "arm_chapters_running": 1, "paragraph_diagnostics": 865}
[2026-09-12T08:07:25Z] snapshot 1661571 bytes
[2026-09-12T08:07:25Z] 8.7 min: aligning {"arm_chapters_passed": 10, "arm_chapters_rejected": 9, "arm_chapters_running": 1, "paragraph_diagnostics": 925}
[2026-09-12T08:07:56Z] 9.2 min: aligning {"arm_chapters_passed": 11, "arm_chapters_rejected": 9, "arm_chapters_running": 1, "paragraph_diagnostics": 998}
[2026-09-12T08:08:26Z] 9.7 min: aligning {"arm_chapters_passed": 11, "arm_chapters_rejected": 10, "arm_chapters_running": 1, "paragraph_diagnostics": 1059}
[2026-09-12T08:08:56Z] 10.2 min: aligning {"arm_chapters_passed": 12, "arm_chapters_rejected": 11, "arm_chapters_running": 1, "paragraph_diagnostics": 1141}
[2026-09-12T08:09:27Z] 10.7 min: aligning {"arm_chapters_passed": 13, "arm_chapters_rejected": 12, "arm_chapters_running": 1, "paragraph_diagnostics": 1214}
[2026-09-12T08:09:57Z] 11.2 min: aligning {"arm_chapters_passed": 14, "arm_chapters_rejected": 12, "arm_chapters_running": 1, "paragraph_diagnostics": 1277}
[2026-09-12T08:10:28Z] 11.7 min: aligning {"arm_chapters_passed": 14, "arm_chapters_rejected": 13, "arm_chapters_running": 1, "paragraph_diagnostics": 1354}
[2026-09-12T08:10:58Z] 12.3 min: aligning {"arm_chapters_passed": 15, "arm_chapters_rejected": 14, "arm_chapters_running": 1, "paragraph_diagnostics": 1423}
[2026-09-12T08:11:34Z] snapshot 2680966 bytes
[2026-09-12T08:11:34Z] 12.8 min: aligning {"arm_chapters_passed": 16, "arm_chapters_rejected": 14, "arm_chapters_running": 1, "paragraph_diagnostics": 1500}
[2026-09-12T08:12:04Z] 13.4 min: aligning {"arm_chapters_passed": 16, "arm_chapters_rejected": 15, "arm_chapters_running": 1, "paragraph_diagnostics": 1560}
[2026-09-12T08:12:35Z] 13.9 min: aligning {"arm_chapters_passed": 17, "arm_chapters_rejected": 16, "arm_chapters_running": 1, "paragraph_diagnostics": 1631}
[2026-09-12T08:13:05Z] 14.4 min: aligning {"arm_chapters_passed": 18, "arm_chapters_rejected": 17, "arm_chapters_running": 1, "paragraph_diagnostics": 1709}
[2026-09-12T08:13:35Z] 14.9 min: aligning {"arm_chapters_passed": 19, "arm_chapters_rejected": 17, "arm_chapters_running": 1, "paragraph_diagnostics": 1787}
[2026-09-12T08:14:06Z] 15.4 min: aligning {"arm_chapters_passed": 19, "arm_chapters_rejected": 18, "arm_chapters_running": 1, "paragraph_diagnostics": 1837}
[2026-09-12T08:14:36Z] 15.9 min: aligning {"arm_chapters_passed": 20, "arm_chapters_rejected": 18, "arm_chapters_running": 1, "paragraph_diagnostics": 1907}
[2026-09-12T08:15:06Z] phase done at 16.4 min; setup={"versions": {"faster-whisper": "1.2.1", "ctranslate2": "4.8.2", "av": "18.1.0"}, "commit": "f53d744782e3c369fffd2980a013a7f199c0476e", "model_tree_sha256": "f1fe271c349229677131d389a96d0a28062a6a2c2fee54a8ce119c43538315c5", "ld_library_path": "/usr/local/lib/python3.11/dist-packages/nvidia/cublas/l
[2026-09-12T08:15:06Z] 16.4 min: done {"arm_chapters_passed": 21, "arm_chapters_rejected": 19, "arm_chapters_running": 0, "paragraph_diagnostics": 1956}
[2026-09-12T08:15:12Z] fetched out.tar.gz (3467767 bytes)
[2026-09-12T08:15:14Z] stop lmoop2muw36ugk: HTTP 200
[2026-09-12T08:15:15Z] terminate lmoop2muw36ugk: HTTP 204
[2026-09-12T08:15:15Z] pod lmoop2muw36ugk done: outcome=done uptime=16.5m est $0.13
