[2026-09-12T14:36:33Z] created eek9se31aio2ne tinct-words-run3-27 gpu=None $0.49/hr
[2026-09-12T14:36:34Z] waiting: pod RUNNING agent HTTP 404
[2026-09-12T14:36:50Z] waiting: pod RUNNING agent HTTP 404
[2026-09-12T14:37:08Z] phase cohort at 0.6 min; setup={"versions": {"faster-whisper": "1.2.1", "ctranslate2": "4.8.2", "av": "18.1.0"}, "commit": "c43ab3799d5b71c58b770ed22e1bd7bb9b2774cf", "model_tree_sha256": "f1fe271c349229677131d389a96d0a28062a6a2c2fee54a8ce119c43538315c5", "ld_library_path": "/usr/local/lib/python3.11/dist-packages/nvidia/cublas/l
[2026-09-12T14:37:08Z] 0.6 min: cohort {"arm_chapters_passed": 0, "arm_chapters_rejected": 0, "arm_chapters_running": 0}
[2026-09-12T14:37:39Z] 1.1 min: cohort {"arm_chapters_passed": 0, "arm_chapters_rejected": 0, "arm_chapters_running": 0}
[2026-09-12T14:38:09Z] 1.6 min: cohort {"arm_chapters_passed": 0, "arm_chapters_rejected": 0, "arm_chapters_running": 0}
[2026-09-12T14:38:41Z] phase aligning at 2.1 min; setup={"versions": {"faster-whisper": "1.2.1", "ctranslate2": "4.8.2", "av": "18.1.0"}, "commit": "c43ab3799d5b71c58b770ed22e1bd7bb9b2774cf", "model_tree_sha256": "f1fe271c349229677131d389a96d0a28062a6a2c2fee54a8ce119c43538315c5", "ld_library_path": "/usr/local/lib/python3.11/dist-packages/nvidia/cublas/l
[2026-09-12T14:38:41Z] 2.1 min: aligning {"arm_chapters_passed": 0, "arm_chapters_rejected": 1, "arm_chapters_running": 1, "paragraph_diagnostics": 20}
[2026-09-12T14:39:12Z] 2.6 min: aligning {"arm_chapters_passed": 1, "arm_chapters_rejected": 1, "arm_chapters_running": 1, "paragraph_diagnostics": 58}
[2026-09-12T14:39:43Z] 3.2 min: aligning {"arm_chapters_passed": 2, "arm_chapters_rejected": 2, "arm_chapters_running": 1, "paragraph_diagnostics": 124}
[2026-09-12T14:40:14Z] 3.7 min: aligning {"arm_chapters_passed": 3, "arm_chapters_rejected": 3, "arm_chapters_running": 1, "paragraph_diagnostics": 190}
[2026-09-12T14:40:45Z] 4.2 min: aligning {"arm_chapters_passed": 3, "arm_chapters_rejected": 4, "arm_chapters_running": 1, "paragraph_diagnostics": 278}
[2026-09-12T14:41:18Z] snapshot 886036 bytes
[2026-09-12T14:41:18Z] 4.7 min: aligning {"arm_chapters_passed": 3, "arm_chapters_rejected": 4, "arm_chapters_running": 1, "paragraph_diagnostics": 321}
[2026-09-12T14:41:49Z] 5.3 min: aligning {"arm_chapters_passed": 3, "arm_chapters_rejected": 4, "arm_chapters_running": 1, "paragraph_diagnostics": 343}
[2026-09-12T14:42:20Z] 5.8 min: aligning {"arm_chapters_passed": 3, "arm_chapters_rejected": 5, "arm_chapters_running": 1, "paragraph_diagnostics": 417}
[2026-09-12T14:42:51Z] 6.3 min: aligning {"arm_chapters_passed": 3, "arm_chapters_rejected": 6, "arm_chapters_running": 1, "paragraph_diagnostics": 488}
[2026-09-12T14:43:21Z] 6.8 min: aligning {"arm_chapters_passed": 3, "arm_chapters_rejected": 6, "arm_chapters_running": 1, "paragraph_diagnostics": 524}
[2026-09-12T14:43:52Z] 7.3 min: aligning {"arm_chapters_passed": 3, "arm_chapters_rejected": 6, "arm_chapters_running": 1, "paragraph_diagnostics": 587}
[2026-09-12T14:44:23Z] 7.8 min: aligning {"arm_chapters_passed": 4, "arm_chapters_rejected": 6, "arm_chapters_running": 1, "paragraph_diagnostics": 642}
[2026-09-12T14:44:54Z] 8.3 min: aligning {"arm_chapters_passed": 4, "arm_chapters_rejected": 6, "arm_chapters_running": 1, "paragraph_diagnostics": 680}
[2026-09-12T14:45:29Z] snapshot 2142081 bytes
[2026-09-12T14:45:29Z] 8.8 min: aligning {"arm_chapters_passed": 4, "arm_chapters_rejected": 7, "arm_chapters_running": 1, "paragraph_diagnostics": 719}
[2026-09-12T14:46:00Z] 9.4 min: aligning {"arm_chapters_passed": 4, "arm_chapters_rejected": 7, "arm_chapters_running": 1, "paragraph_diagnostics": 740}
[2026-09-12T14:46:31Z] 9.9 min: aligning {"arm_chapters_passed": 4, "arm_chapters_rejected": 9, "arm_chapters_running": 1, "paragraph_diagnostics": 802}
[2026-09-12T14:47:02Z] 10.5 min: aligning {"arm_chapters_passed": 4, "arm_chapters_rejected": 9, "arm_chapters_running": 1, "paragraph_diagnostics": 840}
[2026-09-12T14:47:33Z] 11.0 min: aligning {"arm_chapters_passed": 5, "arm_chapters_rejected": 10, "arm_chapters_running": 1, "paragraph_diagnostics": 874}
[2026-09-12T14:48:03Z] 11.5 min: aligning {"arm_chapters_passed": 6, "arm_chapters_rejected": 10, "arm_chapters_running": 1, "paragraph_diagnostics": 902}
[2026-09-12T14:48:34Z] 12.0 min: aligning {"arm_chapters_passed": 6, "arm_chapters_rejected": 11, "arm_chapters_running": 1, "paragraph_diagnostics": 963}
[2026-09-12T14:49:05Z] 12.5 min: aligning {"arm_chapters_passed": 7, "arm_chapters_rejected": 11, "arm_chapters_running": 1, "paragraph_diagnostics": 1013}
[2026-09-12T14:49:42Z] snapshot 3623899 bytes
[2026-09-12T14:49:42Z] 13.0 min: aligning {"arm_chapters_passed": 7, "arm_chapters_rejected": 11, "arm_chapters_running": 1, "paragraph_diagnostics": 1085}
[2026-09-12T14:50:13Z] 13.7 min: aligning {"arm_chapters_passed": 7, "arm_chapters_rejected": 12, "arm_chapters_running": 1, "paragraph_diagnostics": 1129}
[2026-09-12T14:50:44Z] 14.2 min: aligning {"arm_chapters_passed": 7, "arm_chapters_rejected": 12, "arm_chapters_running": 1, "paragraph_diagnostics": 1152}
[2026-09-12T14:51:15Z] 14.7 min: aligning {"arm_chapters_passed": 7, "arm_chapters_rejected": 12, "arm_chapters_running": 1, "paragraph_diagnostics": 1203}
[2026-09-12T14:51:46Z] 15.2 min: aligning {"arm_chapters_passed": 8, "arm_chapters_rejected": 12, "arm_chapters_running": 1, "paragraph_diagnostics": 1221}
[2026-09-12T14:52:17Z] 15.7 min: aligning {"arm_chapters_passed": 9, "arm_chapters_rejected": 12, "arm_chapters_running": 1, "paragraph_diagnostics": 1261}
[2026-09-12T14:52:48Z] 16.2 min: aligning {"arm_chapters_passed": 10, "arm_chapters_rejected": 12, "arm_chapters_running": 1, "paragraph_diagnostics": 1298}
[2026-09-12T14:53:19Z] 16.7 min: aligning {"arm_chapters_passed": 10, "arm_chapters_rejected": 13, "arm_chapters_running": 1, "paragraph_diagnostics": 1337}
[2026-09-12T14:53:57Z] snapshot 5125548 bytes
[2026-09-12T14:53:57Z] 17.3 min: aligning {"arm_chapters_passed": 11, "arm_chapters_rejected": 14, "arm_chapters_running": 1, "paragraph_diagnostics": 1387}
[2026-09-12T14:54:28Z] 17.9 min: aligning {"arm_chapters_passed": 12, "arm_chapters_rejected": 15, "arm_chapters_running": 1, "paragraph_diagnostics": 1426}
[2026-09-12T14:54:59Z] 18.4 min: aligning {"arm_chapters_passed": 13, "arm_chapters_rejected": 16, "arm_chapters_running": 1, "paragraph_diagnostics": 1492}
[2026-09-12T14:55:30Z] 18.9 min: aligning {"arm_chapters_passed": 13, "arm_chapters_rejected": 16, "arm_chapters_running": 1, "paragraph_diagnostics": 1529}
[2026-09-12T14:56:00Z] 19.4 min: aligning {"arm_chapters_passed": 14, "arm_chapters_rejected": 16, "arm_chapters_running": 1, "paragraph_diagnostics": 1568}
[2026-09-12T14:56:31Z] 20.0 min: aligning {"arm_chapters_passed": 14, "arm_chapters_rejected": 17, "arm_chapters_running": 1, "paragraph_diagnostics": 1603}
[2026-09-12T14:57:02Z] 20.5 min: aligning {"arm_chapters_passed": 15, "arm_chapters_rejected": 18, "arm_chapters_running": 1, "paragraph_diagnostics": 1646}
[2026-09-12T14:57:33Z] 21.0 min: aligning {"arm_chapters_passed": 16, "arm_chapters_rejected": 18, "arm_chapters_running": 1, "paragraph_diagnostics": 1665}
[2026-09-12T14:58:14Z] snapshot 6737487 bytes
[2026-09-12T14:58:14Z] 21.5 min: aligning {"arm_chapters_passed": 16, "arm_chapters_rejected": 19, "arm_chapters_running": 1, "paragraph_diagnostics": 1682}
[2026-09-12T14:58:45Z] 22.2 min: aligning {"arm_chapters_passed": 17, "arm_chapters_rejected": 20, "arm_chapters_running": 1, "paragraph_diagnostics": 1727}
[2026-09-12T14:59:16Z] 22.7 min: aligning {"arm_chapters_passed": 17, "arm_chapters_rejected": 20, "arm_chapters_running": 1, "paragraph_diagnostics": 1758}
[2026-09-12T14:59:46Z] 23.2 min: aligning {"arm_chapters_passed": 18, "arm_chapters_rejected": 21, "arm_chapters_running": 1, "paragraph_diagnostics": 1787}
[2026-09-12T15:00:17Z] 23.7 min: aligning {"arm_chapters_passed": 19, "arm_chapters_rejected": 22, "arm_chapters_running": 1, "paragraph_diagnostics": 1820}
[2026-09-12T15:00:48Z] 24.2 min: aligning {"arm_chapters_passed": 20, "arm_chapters_rejected": 22, "arm_chapters_running": 1, "paragraph_diagnostics": 1877}
[2026-09-12T15:01:19Z] 24.8 min: aligning {"arm_chapters_passed": 20, "arm_chapters_rejected": 23, "arm_chapters_running": 1, "paragraph_diagnostics": 1940}
