[2026-09-12T15:09:38Z] created gbnqqftdbgugjk tinct-words-run3-41 gpu=None $0.49/hr
[2026-09-12T15:09:40Z] waiting: pod RUNNING agent HTTP 404
[2026-09-12T15:09:57Z] phase cohort at 0.3 min; setup={"versions": {"faster-whisper": "1.2.1", "ctranslate2": "4.8.2", "av": "18.1.0"}, "commit": "c43ab3799d5b71c58b770ed22e1bd7bb9b2774cf", "model_tree_sha256": "f1fe271c349229677131d389a96d0a28062a6a2c2fee54a8ce119c43538315c5", "ld_library_path": "/usr/local/lib/python3.11/dist-packages/nvidia/cublas/l
[2026-09-12T15:09:57Z] 0.3 min: cohort {"arm_chapters_passed": 0, "arm_chapters_rejected": 0, "arm_chapters_running": 0}
[2026-09-12T15:10:28Z] 0.8 min: cohort {"arm_chapters_passed": 0, "arm_chapters_rejected": 0, "arm_chapters_running": 0}
[2026-09-12T15:10:59Z] 1.3 min: cohort {"arm_chapters_passed": 0, "arm_chapters_rejected": 0, "arm_chapters_running": 0}
[2026-09-12T15:11:29Z] phase aligning at 1.9 min; setup={"versions": {"faster-whisper": "1.2.1", "ctranslate2": "4.8.2", "av": "18.1.0"}, "commit": "c43ab3799d5b71c58b770ed22e1bd7bb9b2774cf", "model_tree_sha256": "f1fe271c349229677131d389a96d0a28062a6a2c2fee54a8ce119c43538315c5", "ld_library_path": "/usr/local/lib/python3.11/dist-packages/nvidia/cublas/l
[2026-09-12T15:11:29Z] 1.9 min: aligning {"arm_chapters_passed": 0, "arm_chapters_rejected": 1, "arm_chapters_running": 1, "paragraph_diagnostics": 52}
[2026-09-12T15:12:00Z] 2.4 min: aligning {"arm_chapters_passed": 2, "arm_chapters_rejected": 4, "arm_chapters_running": 1, "paragraph_diagnostics": 159}
[2026-09-12T15:12:31Z] 2.9 min: aligning {"arm_chapters_passed": 2, "arm_chapters_rejected": 5, "arm_chapters_running": 1, "paragraph_diagnostics": 220}
[2026-09-12T15:13:02Z] 3.4 min: aligning {"arm_chapters_passed": 3, "arm_chapters_rejected": 7, "arm_chapters_running": 1, "paragraph_diagnostics": 307}
[2026-09-12T15:13:33Z] 3.9 min: aligning {"arm_chapters_passed": 4, "arm_chapters_rejected": 8, "arm_chapters_running": 1, "paragraph_diagnostics": 402}
[2026-09-12T15:14:06Z] snapshot 734352 bytes
[2026-09-12T15:14:06Z] 4.4 min: aligning {"arm_chapters_passed": 4, "arm_chapters_rejected": 9, "arm_chapters_running": 1, "paragraph_diagnostics": 486}
[2026-09-12T15:14:37Z] 5.0 min: aligning {"arm_chapters_passed": 4, "arm_chapters_rejected": 9, "arm_chapters_running": 1, "paragraph_diagnostics": 519}
[2026-09-12T15:15:07Z] 5.5 min: aligning {"arm_chapters_passed": 5, "arm_chapters_rejected": 9, "arm_chapters_running": 1, "paragraph_diagnostics": 571}
[2026-09-12T15:15:38Z] 6.0 min: aligning {"arm_chapters_passed": 5, "arm_chapters_rejected": 10, "arm_chapters_running": 1, "paragraph_diagnostics": 629}
[2026-09-12T15:16:09Z] 6.5 min: aligning {"arm_chapters_passed": 6, "arm_chapters_rejected": 10, "arm_chapters_running": 1, "paragraph_diagnostics": 693}
[2026-09-12T15:16:40Z] 7.0 min: aligning {"arm_chapters_passed": 6, "arm_chapters_rejected": 11, "arm_chapters_running": 1, "paragraph_diagnostics": 774}
[2026-09-12T15:17:11Z] 7.5 min: aligning {"arm_chapters_passed": 6, "arm_chapters_rejected": 11, "arm_chapters_running": 1, "paragraph_diagnostics": 815}
[2026-09-12T15:17:41Z] 8.1 min: aligning {"arm_chapters_passed": 6, "arm_chapters_rejected": 11, "arm_chapters_running": 1, "paragraph_diagnostics": 854}
[2026-09-12T15:18:17Z] snapshot 2036140 bytes
[2026-09-12T15:18:17Z] 8.6 min: aligning {"arm_chapters_passed": 7, "arm_chapters_rejected": 11, "arm_chapters_running": 1, "paragraph_diagnostics": 919}
[2026-09-12T15:18:47Z] 9.1 min: aligning {"arm_chapters_passed": 8, "arm_chapters_rejected": 13, "arm_chapters_running": 1, "paragraph_diagnostics": 1006}
[2026-09-12T15:19:18Z] 9.7 min: aligning {"arm_chapters_passed": 9, "arm_chapters_rejected": 13, "arm_chapters_running": 1, "paragraph_diagnostics": 1095}
[2026-09-12T15:19:49Z] 10.2 min: aligning {"arm_chapters_passed": 9, "arm_chapters_rejected": 14, "arm_chapters_running": 1, "paragraph_diagnostics": 1168}
[2026-09-12T15:20:20Z] 10.7 min: aligning {"arm_chapters_passed": 9, "arm_chapters_rejected": 14, "arm_chapters_running": 1, "paragraph_diagnostics": 1206}
[2026-09-12T15:20:51Z] 11.2 min: aligning {"arm_chapters_passed": 9, "arm_chapters_rejected": 14, "arm_chapters_running": 1, "paragraph_diagnostics": 1244}
[2026-09-12T15:21:22Z] 11.7 min: aligning {"arm_chapters_passed": 10, "arm_chapters_rejected": 14, "arm_chapters_running": 1, "paragraph_diagnostics": 1330}
[2026-09-12T15:21:53Z] 12.2 min: aligning {"arm_chapters_passed": 10, "arm_chapters_rejected": 15, "arm_chapters_running": 1, "paragraph_diagnostics": 1387}
[2026-09-12T15:22:29Z] snapshot 3268638 bytes
[2026-09-12T15:22:29Z] 12.8 min: aligning {"arm_chapters_passed": 10, "arm_chapters_rejected": 15, "arm_chapters_running": 1, "paragraph_diagnostics": 1452}
[2026-09-12T15:23:00Z] phase done at 13.4 min; setup={"versions": {"faster-whisper": "1.2.1", "ctranslate2": "4.8.2", "av": "18.1.0"}, "commit": "c43ab3799d5b71c58b770ed22e1bd7bb9b2774cf", "model_tree_sha256": "f1fe271c349229677131d389a96d0a28062a6a2c2fee54a8ce119c43538315c5", "ld_library_path": "/usr/local/lib/python3.11/dist-packages/nvidia/cublas/l
[2026-09-12T15:23:00Z] 13.4 min: done {"arm_chapters_passed": 11, "arm_chapters_rejected": 15, "arm_chapters_running": 0, "paragraph_diagnostics": 1454}
[2026-09-12T15:23:09Z] fetched out.tar.gz (3268638 bytes)
[2026-09-12T15:23:10Z] stop gbnqqftdbgugjk: HTTP 200
[2026-09-12T15:23:12Z] terminate gbnqqftdbgugjk: HTTP 204
[2026-09-12T15:23:12Z] pod gbnqqftdbgugjk done: outcome=done uptime=13.5m est $0.11
