[2026-09-12T15:37:15Z] created 3xm4zhpntotknx tinct-words-run3-45 gpu=None $0.49/hr
[2026-09-12T15:37:16Z] waiting: pod RUNNING agent HTTP 404
[2026-09-12T15:37:31Z] waiting: pod RUNNING agent HTTP 404
[2026-09-12T15:37:48Z] phase cohort at 0.5 min; setup={"versions": {"faster-whisper": "1.2.1", "ctranslate2": "4.8.2", "av": "18.1.0"}, "commit": "c43ab3799d5b71c58b770ed22e1bd7bb9b2774cf", "model_tree_sha256": "f1fe271c349229677131d389a96d0a28062a6a2c2fee54a8ce119c43538315c5", "ld_library_path": "/usr/local/lib/python3.11/dist-packages/nvidia/cublas/l
[2026-09-12T15:37:48Z] 0.5 min: cohort {"arm_chapters_passed": 0, "arm_chapters_rejected": 0, "arm_chapters_running": 0}
[2026-09-12T15:38:18Z] 1.1 min: cohort {"arm_chapters_passed": 0, "arm_chapters_rejected": 0, "arm_chapters_running": 0}
[2026-09-12T15:38:49Z] 1.6 min: cohort {"arm_chapters_passed": 0, "arm_chapters_rejected": 0, "arm_chapters_running": 0}
[2026-09-12T15:39:19Z] 2.1 min: cohort {"arm_chapters_passed": 0, "arm_chapters_rejected": 0, "arm_chapters_running": 0}
[2026-09-12T15:39:50Z] 2.6 min: cohort {"arm_chapters_passed": 0, "arm_chapters_rejected": 0, "arm_chapters_running": 0}
[2026-09-12T15:40:20Z] 3.1 min: cohort {"arm_chapters_passed": 0, "arm_chapters_rejected": 0, "arm_chapters_running": 0}
[2026-09-12T15:40:50Z] 3.6 min: cohort {"arm_chapters_passed": 0, "arm_chapters_rejected": 0, "arm_chapters_running": 0}
[2026-09-12T15:41:21Z] 4.1 min: cohort {"arm_chapters_passed": 0, "arm_chapters_rejected": 0, "arm_chapters_running": 0}
[2026-09-12T15:41:51Z] 4.6 min: cohort {"arm_chapters_passed": 0, "arm_chapters_rejected": 0, "arm_chapters_running": 0}
[2026-09-12T15:42:21Z] 5.1 min: cohort {"arm_chapters_passed": 0, "arm_chapters_rejected": 0, "arm_chapters_running": 0}
[2026-09-12T15:42:52Z] 5.6 min: cohort {"arm_chapters_passed": 0, "arm_chapters_rejected": 0, "arm_chapters_running": 0}
[2026-09-12T15:43:22Z] 6.1 min: cohort {"arm_chapters_passed": 0, "arm_chapters_rejected": 0, "arm_chapters_running": 0}
[2026-09-12T15:43:53Z] snapshot 40135 bytes
[2026-09-12T15:43:53Z] phase aligning at 6.6 min; setup={"versions": {"faster-whisper": "1.2.1", "ctranslate2": "4.8.2", "av": "18.1.0"}, "commit": "c43ab3799d5b71c58b770ed22e1bd7bb9b2774cf", "model_tree_sha256": "f1fe271c349229677131d389a96d0a28062a6a2c2fee54a8ce119c43538315c5", "ld_library_path": "/usr/local/lib/python3.11/dist-packages/nvidia/cublas/l
[2026-09-12T15:43:53Z] 6.6 min: aligning {"arm_chapters_passed": 0, "arm_chapters_rejected": 0, "arm_chapters_running": 1, "paragraph_diagnostics": 26}
[2026-09-12T15:44:23Z] 7.1 min: aligning {"arm_chapters_passed": 0, "arm_chapters_rejected": 0, "arm_chapters_running": 1, "paragraph_diagnostics": 120}
[2026-09-12T15:44:54Z] 7.6 min: aligning {"arm_chapters_passed": 0, "arm_chapters_rejected": 1, "arm_chapters_running": 1, "paragraph_diagnostics": 164}
[2026-09-12T15:45:24Z] 8.1 min: aligning {"arm_chapters_passed": 0, "arm_chapters_rejected": 1, "arm_chapters_running": 1, "paragraph_diagnostics": 236}
[2026-09-12T15:45:54Z] 8.7 min: aligning {"arm_chapters_passed": 1, "arm_chapters_rejected": 2, "arm_chapters_running": 1, "paragraph_diagnostics": 327}
[2026-09-12T15:46:25Z] 9.2 min: aligning {"arm_chapters_passed": 2, "arm_chapters_rejected": 3, "arm_chapters_running": 1, "paragraph_diagnostics": 394}
[2026-09-12T15:46:55Z] 9.7 min: aligning {"arm_chapters_passed": 3, "arm_chapters_rejected": 3, "arm_chapters_running": 1, "paragraph_diagnostics": 475}
[2026-09-12T15:47:25Z] 10.2 min: aligning {"arm_chapters_passed": 3, "arm_chapters_rejected": 4, "arm_chapters_running": 1, "paragraph_diagnostics": 545}
[2026-09-12T15:47:57Z] snapshot 1000382 bytes
[2026-09-12T15:47:57Z] 10.7 min: aligning {"arm_chapters_passed": 3, "arm_chapters_rejected": 4, "arm_chapters_running": 1, "paragraph_diagnostics": 594}
[2026-09-12T15:48:28Z] 11.2 min: aligning {"arm_chapters_passed": 3, "arm_chapters_rejected": 4, "arm_chapters_running": 1, "paragraph_diagnostics": 638}
[2026-09-12T15:48:58Z] 11.7 min: aligning {"arm_chapters_passed": 4, "arm_chapters_rejected": 7, "arm_chapters_running": 1, "paragraph_diagnostics": 700}
[2026-09-12T15:49:28Z] 12.2 min: aligning {"arm_chapters_passed": 5, "arm_chapters_rejected": 7, "arm_chapters_running": 1, "paragraph_diagnostics": 792}
[2026-09-12T15:49:59Z] 12.7 min: aligning {"arm_chapters_passed": 5, "arm_chapters_rejected": 8, "arm_chapters_running": 1, "paragraph_diagnostics": 879}
[2026-09-12T15:50:29Z] 13.2 min: aligning {"arm_chapters_passed": 5, "arm_chapters_rejected": 8, "arm_chapters_running": 1, "paragraph_diagnostics": 924}
[2026-09-12T15:50:59Z] 13.7 min: aligning {"arm_chapters_passed": 5, "arm_chapters_rejected": 8, "arm_chapters_running": 1, "paragraph_diagnostics": 986}
[2026-09-12T15:51:30Z] 14.2 min: aligning {"arm_chapters_passed": 6, "arm_chapters_rejected": 9, "arm_chapters_running": 1, "paragraph_diagnostics": 1067}
[2026-09-12T15:52:03Z] snapshot 2005306 bytes
[2026-09-12T15:52:03Z] 14.8 min: aligning {"arm_chapters_passed": 7, "arm_chapters_rejected": 9, "arm_chapters_running": 1, "paragraph_diagnostics": 1163}
[2026-09-12T15:52:34Z] 15.3 min: aligning {"arm_chapters_passed": 7, "arm_chapters_rejected": 10, "arm_chapters_running": 1, "paragraph_diagnostics": 1232}
[2026-09-12T15:53:04Z] 15.8 min: aligning {"arm_chapters_passed": 7, "arm_chapters_rejected": 10, "arm_chapters_running": 1, "paragraph_diagnostics": 1273}
[2026-09-12T15:53:35Z] 16.3 min: aligning {"arm_chapters_passed": 8, "arm_chapters_rejected": 10, "arm_chapters_running": 1, "paragraph_diagnostics": 1313}
[2026-09-12T15:54:05Z] 16.8 min: aligning {"arm_chapters_passed": 9, "arm_chapters_rejected": 11, "arm_chapters_running": 1, "paragraph_diagnostics": 1399}
