[2026-09-12T05:32:35Z] created v953uka2ky7nla tinct-words-run2-20 gpu=None $0.49/hr
[2026-09-12T05:32:36Z] waiting: pod RUNNING agent HTTP 404
[2026-09-12T05:32:52Z] waiting: pod RUNNING agent HTTP 404
[2026-09-12T05:33:10Z] phase cohort at 0.6 min; setup={"versions": {"faster-whisper": "1.2.1", "ctranslate2": "4.8.2", "av": "18.1.0"}, "commit": "f53d744782e3c369fffd2980a013a7f199c0476e", "model_tree_sha256": "f1fe271c349229677131d389a96d0a28062a6a2c2fee54a8ce119c43538315c5", "ld_library_path": "/usr/local/lib/python3.11/dist-packages/nvidia/cublas/l
[2026-09-12T05:33:10Z] 0.6 min: cohort {"arm_chapters_passed": 0, "arm_chapters_rejected": 0, "arm_chapters_running": 0}
[2026-09-12T05:33:40Z] 1.1 min: cohort {"arm_chapters_passed": 0, "arm_chapters_rejected": 0, "arm_chapters_running": 0}
[2026-09-12T05:34:11Z] 1.6 min: cohort {"arm_chapters_passed": 0, "arm_chapters_rejected": 0, "arm_chapters_running": 0}
[2026-09-12T05:34:42Z] phase aligning at 2.1 min; setup={"versions": {"faster-whisper": "1.2.1", "ctranslate2": "4.8.2", "av": "18.1.0"}, "commit": "f53d744782e3c369fffd2980a013a7f199c0476e", "model_tree_sha256": "f1fe271c349229677131d389a96d0a28062a6a2c2fee54a8ce119c43538315c5", "ld_library_path": "/usr/local/lib/python3.11/dist-packages/nvidia/cublas/l
[2026-09-12T05:34:42Z] 2.1 min: aligning {"arm_chapters_passed": 2, "arm_chapters_rejected": 0, "arm_chapters_running": 1, "paragraph_diagnostics": 66}
[2026-09-12T05:35:13Z] 2.6 min: aligning {"arm_chapters_passed": 2, "arm_chapters_rejected": 1, "arm_chapters_running": 1, "paragraph_diagnostics": 119}
[2026-09-12T05:35:43Z] 3.1 min: aligning {"arm_chapters_passed": 5, "arm_chapters_rejected": 2, "arm_chapters_running": 1, "paragraph_diagnostics": 168}
[2026-09-12T05:36:14Z] 3.6 min: aligning {"arm_chapters_passed": 6, "arm_chapters_rejected": 2, "arm_chapters_running": 1, "paragraph_diagnostics": 201}
[2026-09-12T05:36:45Z] 4.2 min: aligning {"arm_chapters_passed": 8, "arm_chapters_rejected": 3, "arm_chapters_running": 1, "paragraph_diagnostics": 287}
[2026-09-12T05:37:18Z] snapshot 1176222 bytes
[2026-09-12T05:37:18Z] 4.7 min: aligning {"arm_chapters_passed": 8, "arm_chapters_rejected": 3, "arm_chapters_running": 1, "paragraph_diagnostics": 302}
[2026-09-12T05:37:49Z] 5.2 min: aligning {"arm_chapters_passed": 9, "arm_chapters_rejected": 3, "arm_chapters_running": 1, "paragraph_diagnostics": 358}
[2026-09-12T05:38:20Z] 5.7 min: aligning {"arm_chapters_passed": 11, "arm_chapters_rejected": 4, "arm_chapters_running": 1, "paragraph_diagnostics": 422}
[2026-09-12T05:38:51Z] 6.3 min: aligning {"arm_chapters_passed": 14, "arm_chapters_rejected": 4, "arm_chapters_running": 1, "paragraph_diagnostics": 475}
[2026-09-12T05:39:21Z] 6.8 min: aligning {"arm_chapters_passed": 14, "arm_chapters_rejected": 5, "arm_chapters_running": 1, "paragraph_diagnostics": 531}
[2026-09-12T05:39:52Z] 7.3 min: aligning {"arm_chapters_passed": 14, "arm_chapters_rejected": 5, "arm_chapters_running": 1, "paragraph_diagnostics": 556}
[2026-09-12T05:40:23Z] 7.8 min: aligning {"arm_chapters_passed": 15, "arm_chapters_rejected": 5, "arm_chapters_running": 1, "paragraph_diagnostics": 585}
[2026-09-12T05:40:54Z] 8.3 min: aligning {"arm_chapters_passed": 15, "arm_chapters_rejected": 5, "arm_chapters_running": 1, "paragraph_diagnostics": 606}
[2026-09-12T05:41:28Z] snapshot 2805787 bytes
[2026-09-12T05:41:28Z] 8.8 min: aligning {"arm_chapters_passed": 15, "arm_chapters_rejected": 5, "arm_chapters_running": 1, "paragraph_diagnostics": 632}
[2026-09-12T05:41:59Z] 9.4 min: aligning {"arm_chapters_passed": 15, "arm_chapters_rejected": 6, "arm_chapters_running": 1, "paragraph_diagnostics": 653}
[2026-09-12T05:42:30Z] 9.9 min: aligning {"arm_chapters_passed": 15, "arm_chapters_rejected": 6, "arm_chapters_running": 1, "paragraph_diagnostics": 660}
[2026-09-12T05:43:01Z] 10.4 min: aligning {"arm_chapters_passed": 15, "arm_chapters_rejected": 6, "arm_chapters_running": 1, "paragraph_diagnostics": 664}
[2026-09-12T05:43:32Z] 10.9 min: aligning {"arm_chapters_passed": 15, "arm_chapters_rejected": 6, "arm_chapters_running": 1, "paragraph_diagnostics": 672}
[2026-09-12T05:44:03Z] 11.4 min: aligning {"arm_chapters_passed": 15, "arm_chapters_rejected": 6, "arm_chapters_running": 1, "paragraph_diagnostics": 679}
[2026-09-12T05:44:33Z] 12.0 min: aligning {"arm_chapters_passed": 15, "arm_chapters_rejected": 6, "arm_chapters_running": 1, "paragraph_diagnostics": 689}
[2026-09-12T05:45:04Z] 12.5 min: aligning {"arm_chapters_passed": 15, "arm_chapters_rejected": 6, "arm_chapters_running": 1, "paragraph_diagnostics": 695}
[2026-09-12T05:45:39Z] snapshot 4778111 bytes
[2026-09-12T05:45:39Z] 13.0 min: aligning {"arm_chapters_passed": 15, "arm_chapters_rejected": 6, "arm_chapters_running": 1, "paragraph_diagnostics": 703}
[2026-09-12T05:46:10Z] 13.6 min: aligning {"arm_chapters_passed": 15, "arm_chapters_rejected": 6, "arm_chapters_running": 1, "paragraph_diagnostics": 709}
[2026-09-12T05:46:41Z] 14.1 min: aligning {"arm_chapters_passed": 15, "arm_chapters_rejected": 6, "arm_chapters_running": 1, "paragraph_diagnostics": 714}
[2026-09-12T05:47:12Z] 14.6 min: aligning {"arm_chapters_passed": 15, "arm_chapters_rejected": 6, "arm_chapters_running": 1, "paragraph_diagnostics": 723}
[2026-09-12T05:47:43Z] 15.1 min: aligning {"arm_chapters_passed": 16, "arm_chapters_rejected": 6, "arm_chapters_running": 1, "paragraph_diagnostics": 735}
