[2026-09-12T15:40:22Z] created p0l16nyt4cuh5q tinct-words-run3-54 gpu=None $0.49/hr
[2026-09-12T15:40:23Z] waiting: pod RUNNING agent HTTP 404
[2026-09-12T15:40:38Z] waiting: pod RUNNING agent HTTP 404
[2026-09-12T15:40:55Z] phase cohort at 0.5 min; setup={"versions": {"faster-whisper": "1.2.1", "ctranslate2": "4.8.2", "av": "18.1.0"}, "commit": "c43ab3799d5b71c58b770ed22e1bd7bb9b2774cf", "model_tree_sha256": "f1fe271c349229677131d389a96d0a28062a6a2c2fee54a8ce119c43538315c5", "ld_library_path": "/usr/local/lib/python3.11/dist-packages/nvidia/cublas/l
[2026-09-12T15:40:55Z] 0.5 min: cohort {"arm_chapters_passed": 0, "arm_chapters_rejected": 0, "arm_chapters_running": 0}
[2026-09-12T15:41:25Z] 1.0 min: cohort {"arm_chapters_passed": 0, "arm_chapters_rejected": 0, "arm_chapters_running": 0}
[2026-09-12T15:41:55Z] 1.6 min: cohort {"arm_chapters_passed": 0, "arm_chapters_rejected": 0, "arm_chapters_running": 0}
[2026-09-12T15:42:26Z] 2.1 min: cohort {"arm_chapters_passed": 0, "arm_chapters_rejected": 0, "arm_chapters_running": 0}
[2026-09-12T15:42:56Z] 2.6 min: cohort {"arm_chapters_passed": 0, "arm_chapters_rejected": 0, "arm_chapters_running": 0}
[2026-09-12T15:43:26Z] phase aligning at 3.1 min; setup={"versions": {"faster-whisper": "1.2.1", "ctranslate2": "4.8.2", "av": "18.1.0"}, "commit": "c43ab3799d5b71c58b770ed22e1bd7bb9b2774cf", "model_tree_sha256": "f1fe271c349229677131d389a96d0a28062a6a2c2fee54a8ce119c43538315c5", "ld_library_path": "/usr/local/lib/python3.11/dist-packages/nvidia/cublas/l
[2026-09-12T15:43:26Z] 3.1 min: aligning {"arm_chapters_passed": 0, "arm_chapters_rejected": 0, "arm_chapters_running": 1, "paragraph_diagnostics": 1}
[2026-09-12T15:43:57Z] 3.6 min: aligning {"arm_chapters_passed": 0, "arm_chapters_rejected": 1, "arm_chapters_running": 1, "paragraph_diagnostics": 41}
[2026-09-12T15:44:27Z] 4.1 min: aligning {"arm_chapters_passed": 0, "arm_chapters_rejected": 1, "arm_chapters_running": 1, "paragraph_diagnostics": 56}
[2026-09-12T15:44:59Z] snapshot 577379 bytes
[2026-09-12T15:44:59Z] 4.6 min: aligning {"arm_chapters_passed": 1, "arm_chapters_rejected": 1, "arm_chapters_running": 1, "paragraph_diagnostics": 106}
[2026-09-12T15:45:29Z] 5.1 min: aligning {"arm_chapters_passed": 1, "arm_chapters_rejected": 2, "arm_chapters_running": 1, "paragraph_diagnostics": 158}
[2026-09-12T15:45:59Z] 5.6 min: aligning {"arm_chapters_passed": 1, "arm_chapters_rejected": 3, "arm_chapters_running": 1, "paragraph_diagnostics": 202}
[2026-09-12T15:46:30Z] 6.1 min: aligning {"arm_chapters_passed": 1, "arm_chapters_rejected": 4, "arm_chapters_running": 1, "paragraph_diagnostics": 220}
[2026-09-12T15:47:00Z] 6.6 min: aligning {"arm_chapters_passed": 1, "arm_chapters_rejected": 5, "arm_chapters_running": 1, "paragraph_diagnostics": 267}
[2026-09-12T15:47:30Z] 7.1 min: aligning {"arm_chapters_passed": 1, "arm_chapters_rejected": 6, "arm_chapters_running": 1, "paragraph_diagnostics": 305}
[2026-09-12T15:48:01Z] 7.6 min: aligning {"arm_chapters_passed": 2, "arm_chapters_rejected": 6, "arm_chapters_running": 1, "paragraph_diagnostics": 364}
[2026-09-12T15:48:31Z] 8.1 min: aligning {"arm_chapters_passed": 2, "arm_chapters_rejected": 7, "arm_chapters_running": 1, "paragraph_diagnostics": 425}
[2026-09-12T15:49:05Z] snapshot 1990669 bytes
[2026-09-12T15:49:05Z] 8.7 min: aligning {"arm_chapters_passed": 2, "arm_chapters_rejected": 7, "arm_chapters_running": 1, "paragraph_diagnostics": 480}
[2026-09-12T15:49:35Z] 9.2 min: aligning {"arm_chapters_passed": 3, "arm_chapters_rejected": 7, "arm_chapters_running": 1, "paragraph_diagnostics": 550}
[2026-09-12T15:50:06Z] 9.7 min: aligning {"arm_chapters_passed": 3, "arm_chapters_rejected": 8, "arm_chapters_running": 1, "paragraph_diagnostics": 609}
[2026-09-12T15:50:36Z] 10.2 min: aligning {"arm_chapters_passed": 4, "arm_chapters_rejected": 8, "arm_chapters_running": 1, "paragraph_diagnostics": 662}
[2026-09-12T15:51:06Z] 10.7 min: aligning {"arm_chapters_passed": 4, "arm_chapters_rejected": 9, "arm_chapters_running": 1, "paragraph_diagnostics": 724}
[2026-09-12T15:51:37Z] 11.2 min: aligning {"arm_chapters_passed": 5, "arm_chapters_rejected": 9, "arm_chapters_running": 1, "paragraph_diagnostics": 762}
[2026-09-12T15:52:07Z] 11.7 min: aligning {"arm_chapters_passed": 5, "arm_chapters_rejected": 10, "arm_chapters_running": 1, "paragraph_diagnostics": 838}
[2026-09-12T15:52:38Z] 12.3 min: aligning {"arm_chapters_passed": 7, "arm_chapters_rejected": 10, "arm_chapters_running": 1, "paragraph_diagnostics": 894}
[2026-09-12T15:53:12Z] snapshot 3286781 bytes
[2026-09-12T15:53:12Z] 12.8 min: aligning {"arm_chapters_passed": 8, "arm_chapters_rejected": 11, "arm_chapters_running": 1, "paragraph_diagnostics": 960}
[2026-09-12T15:53:43Z] 13.3 min: aligning {"arm_chapters_passed": 9, "arm_chapters_rejected": 11, "arm_chapters_running": 1, "paragraph_diagnostics": 1014}
[2026-09-12T15:54:13Z] 13.8 min: aligning {"arm_chapters_passed": 9, "arm_chapters_rejected": 12, "arm_chapters_running": 1, "paragraph_diagnostics": 1067}
[2026-09-12T15:54:43Z] 14.4 min: aligning {"arm_chapters_passed": 10, "arm_chapters_rejected": 13, "arm_chapters_running": 1, "paragraph_diagnostics": 1137}
[2026-09-12T15:55:14Z] 14.9 min: aligning {"arm_chapters_passed": 11, "arm_chapters_rejected": 13, "arm_chapters_running": 1, "paragraph_diagnostics": 1172}
[2026-09-12T15:55:44Z] 15.4 min: aligning {"arm_chapters_passed": 11, "arm_chapters_rejected": 14, "arm_chapters_running": 1, "paragraph_diagnostics": 1186}
[2026-09-12T15:56:14Z] 15.9 min: aligning {"arm_chapters_passed": 11, "arm_chapters_rejected": 14, "arm_chapters_running": 1, "paragraph_diagnostics": 1197}
[2026-09-12T15:56:45Z] 16.4 min: aligning {"arm_chapters_passed": 11, "arm_chapters_rejected": 14, "arm_chapters_running": 1, "paragraph_diagnostics": 1206}
[2026-09-12T15:57:21Z] snapshot 4776583 bytes
[2026-09-12T15:57:21Z] 16.9 min: aligning {"arm_chapters_passed": 11, "arm_chapters_rejected": 15, "arm_chapters_running": 1, "paragraph_diagnostics": 1229}
[2026-09-12T15:57:52Z] 17.5 min: aligning {"arm_chapters_passed": 11, "arm_chapters_rejected": 16, "arm_chapters_running": 1, "paragraph_diagnostics": 1255}
[2026-09-12T15:58:22Z] 18.0 min: aligning {"arm_chapters_passed": 11, "arm_chapters_rejected": 16, "arm_chapters_running": 1, "paragraph_diagnostics": 1266}
[2026-09-12T15:58:52Z] 18.5 min: aligning {"arm_chapters_passed": 12, "arm_chapters_rejected": 16, "arm_chapters_running": 1, "paragraph_diagnostics": 1283}
[2026-09-12T15:59:23Z] 19.0 min: aligning {"arm_chapters_passed": 12, "arm_chapters_rejected": 16, "arm_chapters_running": 1, "paragraph_diagnostics": 1310}
[2026-09-12T15:59:53Z] 19.5 min: aligning {"arm_chapters_passed": 12, "arm_chapters_rejected": 16, "arm_chapters_running": 1, "paragraph_diagnostics": 1340}
[2026-09-12T16:00:23Z] 20.0 min: aligning {"arm_chapters_passed": 12, "arm_chapters_rejected": 16, "arm_chapters_running": 1, "paragraph_diagnostics": 1368}
[2026-09-12T16:00:54Z] 20.5 min: aligning {"arm_chapters_passed": 12, "arm_chapters_rejected": 16, "arm_chapters_running": 1, "paragraph_diagnostics": 1402}
[2026-09-12T16:01:32Z] snapshot 6400133 bytes
[2026-09-12T16:01:32Z] 21.0 min: aligning {"arm_chapters_passed": 12, "arm_chapters_rejected": 16, "arm_chapters_running": 1, "paragraph_diagnostics": 1418}
[2026-09-12T16:02:03Z] 21.7 min: aligning {"arm_chapters_passed": 12, "arm_chapters_rejected": 17, "arm_chapters_running": 1, "paragraph_diagnostics": 1443}
[2026-09-12T16:02:33Z] 22.2 min: aligning {"arm_chapters_passed": 12, "arm_chapters_rejected": 17, "arm_chapters_running": 1, "paragraph_diagnostics": 1457}
[2026-09-12T16:03:03Z] 22.7 min: aligning {"arm_chapters_passed": 12, "arm_chapters_rejected": 17, "arm_chapters_running": 1, "paragraph_diagnostics": 1473}
[2026-09-12T16:03:34Z] 23.2 min: aligning {"arm_chapters_passed": 12, "arm_chapters_rejected": 17, "arm_chapters_running": 1, "paragraph_diagnostics": 1489}
[2026-09-12T16:04:04Z] 23.7 min: aligning {"arm_chapters_passed": 12, "arm_chapters_rejected": 17, "arm_chapters_running": 1, "paragraph_diagnostics": 1498}
[2026-09-12T16:04:34Z] 24.2 min: aligning {"arm_chapters_passed": 12, "arm_chapters_rejected": 17, "arm_chapters_running": 1, "paragraph_diagnostics": 1510}
[2026-09-12T16:05:05Z] 24.7 min: aligning {"arm_chapters_passed": 12, "arm_chapters_rejected": 17, "arm_chapters_running": 1, "paragraph_diagnostics": 1520}
[2026-09-12T16:05:45Z] snapshot 8016871 bytes
[2026-09-12T16:05:45Z] 25.2 min: aligning {"arm_chapters_passed": 12, "arm_chapters_rejected": 17, "arm_chapters_running": 1, "paragraph_diagnostics": 1531}
[2026-09-12T16:06:16Z] 25.9 min: aligning {"arm_chapters_passed": 12, "arm_chapters_rejected": 17, "arm_chapters_running": 1, "paragraph_diagnostics": 1552}
[2026-09-12T16:06:46Z] 26.4 min: aligning {"arm_chapters_passed": 12, "arm_chapters_rejected": 17, "arm_chapters_running": 1, "paragraph_diagnostics": 1559}
[2026-09-12T16:07:16Z] 26.9 min: aligning {"arm_chapters_passed": 12, "arm_chapters_rejected": 17, "arm_chapters_running": 1, "paragraph_diagnostics": 1563}
[2026-09-12T16:07:47Z] 27.4 min: aligning {"arm_chapters_passed": 12, "arm_chapters_rejected": 17, "arm_chapters_running": 1, "paragraph_diagnostics": 1572}
[2026-09-12T16:08:17Z] 27.9 min: aligning {"arm_chapters_passed": 12, "arm_chapters_rejected": 18, "arm_chapters_running": 1, "paragraph_diagnostics": 1585}
[2026-09-12T16:08:48Z] 28.4 min: aligning {"arm_chapters_passed": 12, "arm_chapters_rejected": 19, "arm_chapters_running": 1, "paragraph_diagnostics": 1599}
[2026-09-12T16:09:18Z] phase done at 28.9 min; setup={"versions": {"faster-whisper": "1.2.1", "ctranslate2": "4.8.2", "av": "18.1.0"}, "commit": "c43ab3799d5b71c58b770ed22e1bd7bb9b2774cf", "model_tree_sha256": "f1fe271c349229677131d389a96d0a28062a6a2c2fee54a8ce119c43538315c5", "ld_library_path": "/usr/local/lib/python3.11/dist-packages/nvidia/cublas/l
[2026-09-12T16:09:18Z] 28.9 min: done {"arm_chapters_passed": 12, "arm_chapters_rejected": 20, "arm_chapters_running": 0, "paragraph_diagnostics": 1604}
[2026-09-12T16:09:30Z] fetched out.tar.gz (9677855 bytes)
[2026-09-12T16:09:32Z] stop p0l16nyt4cuh5q: HTTP 200
[2026-09-12T16:09:34Z] terminate p0l16nyt4cuh5q: HTTP 204
[2026-09-12T16:09:34Z] pod p0l16nyt4cuh5q done: outcome=done uptime=29.1m est $0.24
