[2026-09-12T15:39:40Z] created rzzaq4eeizq9un tinct-words-run3-52 gpu=None $0.49/hr
[2026-09-12T15:39:41Z] waiting: pod RUNNING agent HTTP 404
[2026-09-12T15:39:58Z] waiting: pod RUNNING agent HTTP 404
[2026-09-12T15:40:15Z] phase cohort at 0.6 min; setup={"versions": {"faster-whisper": "1.2.1", "ctranslate2": "4.8.2", "av": "18.1.0"}, "commit": "c43ab3799d5b71c58b770ed22e1bd7bb9b2774cf", "model_tree_sha256": "f1fe271c349229677131d389a96d0a28062a6a2c2fee54a8ce119c43538315c5", "ld_library_path": "/usr/local/lib/python3.11/dist-packages/nvidia/cublas/l
[2026-09-12T15:40:15Z] 0.6 min: cohort {"arm_chapters_passed": 0, "arm_chapters_rejected": 0, "arm_chapters_running": 0}
[2026-09-12T15:40:46Z] 1.1 min: cohort {"arm_chapters_passed": 0, "arm_chapters_rejected": 0, "arm_chapters_running": 0}
[2026-09-12T15:41:17Z] phase aligning at 1.6 min; setup={"versions": {"faster-whisper": "1.2.1", "ctranslate2": "4.8.2", "av": "18.1.0"}, "commit": "c43ab3799d5b71c58b770ed22e1bd7bb9b2774cf", "model_tree_sha256": "f1fe271c349229677131d389a96d0a28062a6a2c2fee54a8ce119c43538315c5", "ld_library_path": "/usr/local/lib/python3.11/dist-packages/nvidia/cublas/l
[2026-09-12T15:41:17Z] 1.6 min: aligning {"arm_chapters_passed": 0, "arm_chapters_rejected": 0, "arm_chapters_running": 1, "paragraph_diagnostics": 24}
[2026-09-12T15:41:48Z] 2.1 min: aligning {"arm_chapters_passed": 0, "arm_chapters_rejected": 1, "arm_chapters_running": 1, "paragraph_diagnostics": 107}
[2026-09-12T15:42:19Z] 2.6 min: aligning {"arm_chapters_passed": 1, "arm_chapters_rejected": 1, "arm_chapters_running": 1, "paragraph_diagnostics": 197}
[2026-09-12T15:42:50Z] 3.1 min: aligning {"arm_chapters_passed": 1, "arm_chapters_rejected": 2, "arm_chapters_running": 1, "paragraph_diagnostics": 278}
[2026-09-12T15:43:21Z] 3.7 min: aligning {"arm_chapters_passed": 2, "arm_chapters_rejected": 2, "arm_chapters_running": 1, "paragraph_diagnostics": 380}
[2026-09-12T15:43:51Z] 4.2 min: aligning {"arm_chapters_passed": 2, "arm_chapters_rejected": 3, "arm_chapters_running": 1, "paragraph_diagnostics": 439}
[2026-09-12T15:44:24Z] snapshot 695504 bytes
[2026-09-12T15:44:24Z] 4.7 min: aligning {"arm_chapters_passed": 5, "arm_chapters_rejected": 3, "arm_chapters_running": 1, "paragraph_diagnostics": 522}
[2026-09-12T15:44:55Z] 5.2 min: aligning {"arm_chapters_passed": 6, "arm_chapters_rejected": 4, "arm_chapters_running": 1, "paragraph_diagnostics": 641}
[2026-09-12T15:45:26Z] 5.7 min: aligning {"arm_chapters_passed": 6, "arm_chapters_rejected": 5, "arm_chapters_running": 1, "paragraph_diagnostics": 698}
[2026-09-12T15:45:56Z] 6.3 min: aligning {"arm_chapters_passed": 8, "arm_chapters_rejected": 7, "arm_chapters_running": 1, "paragraph_diagnostics": 774}
[2026-09-12T15:46:27Z] 6.8 min: aligning {"arm_chapters_passed": 9, "arm_chapters_rejected": 7, "arm_chapters_running": 1, "paragraph_diagnostics": 826}
[2026-09-12T15:46:58Z] 7.3 min: aligning {"arm_chapters_passed": 9, "arm_chapters_rejected": 8, "arm_chapters_running": 1, "paragraph_diagnostics": 886}
[2026-09-12T15:47:29Z] 7.8 min: aligning {"arm_chapters_passed": 10, "arm_chapters_rejected": 8, "arm_chapters_running": 1, "paragraph_diagnostics": 999}
[2026-09-12T15:48:00Z] 8.3 min: aligning {"arm_chapters_passed": 10, "arm_chapters_rejected": 9, "arm_chapters_running": 1, "paragraph_diagnostics": 1060}
[2026-09-12T15:48:34Z] snapshot 1539774 bytes
[2026-09-12T15:48:34Z] 8.8 min: aligning {"arm_chapters_passed": 12, "arm_chapters_rejected": 10, "arm_chapters_running": 1, "paragraph_diagnostics": 1118}
[2026-09-12T15:49:05Z] 9.4 min: aligning {"arm_chapters_passed": 13, "arm_chapters_rejected": 12, "arm_chapters_running": 1, "paragraph_diagnostics": 1203}
[2026-09-12T15:49:36Z] 9.9 min: aligning {"arm_chapters_passed": 15, "arm_chapters_rejected": 13, "arm_chapters_running": 1, "paragraph_diagnostics": 1289}
[2026-09-12T15:50:06Z] 10.4 min: aligning {"arm_chapters_passed": 15, "arm_chapters_rejected": 14, "arm_chapters_running": 1, "paragraph_diagnostics": 1343}
[2026-09-12T15:50:37Z] 10.9 min: aligning {"arm_chapters_passed": 15, "arm_chapters_rejected": 16, "arm_chapters_running": 1, "paragraph_diagnostics": 1400}
[2026-09-12T15:51:08Z] 11.4 min: aligning {"arm_chapters_passed": 17, "arm_chapters_rejected": 17, "arm_chapters_running": 1, "paragraph_diagnostics": 1468}
[2026-09-12T15:51:39Z] 12.0 min: aligning {"arm_chapters_passed": 17, "arm_chapters_rejected": 18, "arm_chapters_running": 1, "paragraph_diagnostics": 1545}
