[2026-09-12T16:52:59Z] created 6gejzf95vlyjki tinct-words-run3-73 gpu=None $0.49/hr
[2026-09-12T16:53:00Z] waiting: pod RUNNING agent HTTP 404
[2026-09-12T16:53:16Z] waiting: pod RUNNING agent HTTP 404
[2026-09-12T16:53:33Z] phase cohort at 0.6 min; setup={"versions": {"faster-whisper": "1.2.1", "ctranslate2": "4.8.2", "av": "18.1.0"}, "commit": "c43ab3799d5b71c58b770ed22e1bd7bb9b2774cf", "model_tree_sha256": "f1fe271c349229677131d389a96d0a28062a6a2c2fee54a8ce119c43538315c5", "ld_library_path": "/usr/local/lib/python3.11/dist-packages/nvidia/cublas/l
[2026-09-12T16:53:33Z] 0.6 min: cohort {"arm_chapters_passed": 0, "arm_chapters_rejected": 0, "arm_chapters_running": 0}
[2026-09-12T16:54:03Z] 1.1 min: cohort {"arm_chapters_passed": 0, "arm_chapters_rejected": 0, "arm_chapters_running": 0}
[2026-09-12T16:54:34Z] phase aligning at 1.6 min; setup={"versions": {"faster-whisper": "1.2.1", "ctranslate2": "4.8.2", "av": "18.1.0"}, "commit": "c43ab3799d5b71c58b770ed22e1bd7bb9b2774cf", "model_tree_sha256": "f1fe271c349229677131d389a96d0a28062a6a2c2fee54a8ce119c43538315c5", "ld_library_path": "/usr/local/lib/python3.11/dist-packages/nvidia/cublas/l
[2026-09-12T16:54:34Z] 1.6 min: aligning {"arm_chapters_passed": 0, "arm_chapters_rejected": 0, "arm_chapters_running": 1, "paragraph_diagnostics": 6}
[2026-09-12T16:55:04Z] 2.1 min: aligning {"arm_chapters_passed": 0, "arm_chapters_rejected": 0, "arm_chapters_running": 1, "paragraph_diagnostics": 29}
[2026-09-12T16:55:35Z] 2.6 min: aligning {"arm_chapters_passed": 0, "arm_chapters_rejected": 1, "arm_chapters_running": 1, "paragraph_diagnostics": 62}
[2026-09-12T16:56:05Z] 3.1 min: aligning {"arm_chapters_passed": 0, "arm_chapters_rejected": 1, "arm_chapters_running": 1, "paragraph_diagnostics": 70}
[2026-09-12T16:56:36Z] 3.6 min: aligning {"arm_chapters_passed": 0, "arm_chapters_rejected": 1, "arm_chapters_running": 1, "paragraph_diagnostics": 78}
[2026-09-12T16:57:07Z] 4.1 min: aligning {"arm_chapters_passed": 0, "arm_chapters_rejected": 1, "arm_chapters_running": 1, "paragraph_diagnostics": 100}
[2026-09-12T16:57:39Z] snapshot 1268674 bytes
[2026-09-12T16:57:39Z] 4.6 min: aligning {"arm_chapters_passed": 0, "arm_chapters_rejected": 1, "arm_chapters_running": 1, "paragraph_diagnostics": 120}
[2026-09-12T16:58:09Z] 5.2 min: aligning {"arm_chapters_passed": 1, "arm_chapters_rejected": 1, "arm_chapters_running": 1, "paragraph_diagnostics": 137}
[2026-09-12T16:58:40Z] 5.7 min: aligning {"arm_chapters_passed": 1, "arm_chapters_rejected": 2, "arm_chapters_running": 1, "paragraph_diagnostics": 179}
[2026-09-12T16:59:10Z] 6.2 min: aligning {"arm_chapters_passed": 1, "arm_chapters_rejected": 2, "arm_chapters_running": 1, "paragraph_diagnostics": 207}
[2026-09-12T16:59:41Z] 6.7 min: aligning {"arm_chapters_passed": 2, "arm_chapters_rejected": 2, "arm_chapters_running": 1, "paragraph_diagnostics": 222}
[2026-09-12T17:00:11Z] 7.2 min: aligning {"arm_chapters_passed": 2, "arm_chapters_rejected": 3, "arm_chapters_running": 1, "paragraph_diagnostics": 234}
[2026-09-12T17:00:42Z] 7.7 min: aligning {"arm_chapters_passed": 2, "arm_chapters_rejected": 3, "arm_chapters_running": 1, "paragraph_diagnostics": 240}
[2026-09-12T17:01:12Z] phase done at 8.2 min; setup={"versions": {"faster-whisper": "1.2.1", "ctranslate2": "4.8.2", "av": "18.1.0"}, "commit": "c43ab3799d5b71c58b770ed22e1bd7bb9b2774cf", "model_tree_sha256": "f1fe271c349229677131d389a96d0a28062a6a2c2fee54a8ce119c43538315c5", "ld_library_path": "/usr/local/lib/python3.11/dist-packages/nvidia/cublas/l
[2026-09-12T17:01:12Z] 8.2 min: done {"arm_chapters_passed": 3, "arm_chapters_rejected": 3, "arm_chapters_running": 0, "paragraph_diagnostics": 246}
[2026-09-12T17:01:17Z] fetched out.tar.gz (2648590 bytes)
[2026-09-12T17:01:18Z] stop 6gejzf95vlyjki: HTTP 200
[2026-09-12T17:01:19Z] terminate 6gejzf95vlyjki: HTTP 204
[2026-09-12T17:01:19Z] pod 6gejzf95vlyjki done: outcome=done uptime=8.3m est $0.07
