[2026-09-12T06:20:14Z] created e5n4c9eoyaf4ie tinct-words-run2-50 gpu=None $0.49/hr
[2026-09-12T06:20:14Z] waiting: pod RUNNING agent HTTP 404
[2026-09-12T06:20:30Z] waiting: pod RUNNING agent HTTP 404
[2026-09-12T06:20:47Z] phase cohort at 0.5 min; setup={"versions": {"faster-whisper": "1.2.1", "ctranslate2": "4.8.2", "av": "18.1.0"}, "commit": "f53d744782e3c369fffd2980a013a7f199c0476e", "model_tree_sha256": "f1fe271c349229677131d389a96d0a28062a6a2c2fee54a8ce119c43538315c5", "ld_library_path": "/usr/local/lib/python3.11/dist-packages/nvidia/cublas/l
[2026-09-12T06:20:47Z] 0.5 min: cohort {"arm_chapters_passed": 0, "arm_chapters_rejected": 0, "arm_chapters_running": 0}
[2026-09-12T06:21:17Z] 1.0 min: cohort {"arm_chapters_passed": 0, "arm_chapters_rejected": 0, "arm_chapters_running": 0}
[2026-09-12T06:21:48Z] 1.6 min: cohort {"arm_chapters_passed": 0, "arm_chapters_rejected": 0, "arm_chapters_running": 0}
[2026-09-12T06:22:18Z] phase aligning at 2.1 min; setup={"versions": {"faster-whisper": "1.2.1", "ctranslate2": "4.8.2", "av": "18.1.0"}, "commit": "f53d744782e3c369fffd2980a013a7f199c0476e", "model_tree_sha256": "f1fe271c349229677131d389a96d0a28062a6a2c2fee54a8ce119c43538315c5", "ld_library_path": "/usr/local/lib/python3.11/dist-packages/nvidia/cublas/l
[2026-09-12T06:22:18Z] 2.1 min: aligning {"arm_chapters_passed": 0, "arm_chapters_rejected": 0, "arm_chapters_running": 0}
[2026-09-12T06:22:48Z] 2.6 min: aligning {"arm_chapters_passed": 0, "arm_chapters_rejected": 1, "arm_chapters_running": 1, "paragraph_diagnostics": 77}
[2026-09-12T06:23:19Z] 3.1 min: aligning {"arm_chapters_passed": 0, "arm_chapters_rejected": 1, "arm_chapters_running": 1, "paragraph_diagnostics": 124}
[2026-09-12T06:23:49Z] 3.6 min: aligning {"arm_chapters_passed": 1, "arm_chapters_rejected": 1, "arm_chapters_running": 1, "paragraph_diagnostics": 173}
[2026-09-12T06:24:20Z] 4.1 min: aligning {"arm_chapters_passed": 1, "arm_chapters_rejected": 2, "arm_chapters_running": 1, "paragraph_diagnostics": 242}
[2026-09-12T06:24:51Z] snapshot 674139 bytes
[2026-09-12T06:24:51Z] 4.6 min: aligning {"arm_chapters_passed": 1, "arm_chapters_rejected": 2, "arm_chapters_running": 1, "paragraph_diagnostics": 269}
[2026-09-12T06:25:21Z] 5.1 min: aligning {"arm_chapters_passed": 3, "arm_chapters_rejected": 3, "arm_chapters_running": 1, "paragraph_diagnostics": 322}
[2026-09-12T06:25:52Z] 5.6 min: aligning {"arm_chapters_passed": 4, "arm_chapters_rejected": 5, "arm_chapters_running": 1, "paragraph_diagnostics": 402}
[2026-09-12T06:26:22Z] 6.1 min: aligning {"arm_chapters_passed": 4, "arm_chapters_rejected": 7, "arm_chapters_running": 1, "paragraph_diagnostics": 446}
[2026-09-12T06:26:53Z] 6.6 min: aligning {"arm_chapters_passed": 5, "arm_chapters_rejected": 7, "arm_chapters_running": 1, "paragraph_diagnostics": 491}
[2026-09-12T06:27:23Z] 7.1 min: aligning {"arm_chapters_passed": 5, "arm_chapters_rejected": 8, "arm_chapters_running": 1, "paragraph_diagnostics": 558}
[2026-09-12T06:27:53Z] 7.7 min: aligning {"arm_chapters_passed": 5, "arm_chapters_rejected": 8, "arm_chapters_running": 1, "paragraph_diagnostics": 593}
[2026-09-12T06:28:24Z] 8.2 min: aligning {"arm_chapters_passed": 6, "arm_chapters_rejected": 8, "arm_chapters_running": 1, "paragraph_diagnostics": 633}
[2026-09-12T06:28:57Z] snapshot 1867541 bytes
[2026-09-12T06:28:57Z] 8.7 min: aligning {"arm_chapters_passed": 6, "arm_chapters_rejected": 9, "arm_chapters_running": 1, "paragraph_diagnostics": 673}
[2026-09-12T06:29:27Z] 9.2 min: aligning {"arm_chapters_passed": 7, "arm_chapters_rejected": 10, "arm_chapters_running": 1, "paragraph_diagnostics": 734}
[2026-09-12T06:29:58Z] 9.7 min: aligning {"arm_chapters_passed": 8, "arm_chapters_rejected": 10, "arm_chapters_running": 1, "paragraph_diagnostics": 778}
[2026-09-12T06:30:28Z] 10.2 min: aligning {"arm_chapters_passed": 8, "arm_chapters_rejected": 11, "arm_chapters_running": 1, "paragraph_diagnostics": 847}
[2026-09-12T06:30:59Z] 10.7 min: aligning {"arm_chapters_passed": 8, "arm_chapters_rejected": 11, "arm_chapters_running": 1, "paragraph_diagnostics": 876}
[2026-09-12T06:31:29Z] 11.3 min: aligning {"arm_chapters_passed": 9, "arm_chapters_rejected": 11, "arm_chapters_running": 1, "paragraph_diagnostics": 939}
[2026-09-12T06:32:00Z] 11.8 min: aligning {"arm_chapters_passed": 9, "arm_chapters_rejected": 12, "arm_chapters_running": 1, "paragraph_diagnostics": 983}
[2026-09-12T06:32:31Z] 12.3 min: aligning {"arm_chapters_passed": 10, "arm_chapters_rejected": 12, "arm_chapters_running": 1, "paragraph_diagnostics": 1063}
[2026-09-12T06:33:05Z] snapshot 3039727 bytes
[2026-09-12T06:33:05Z] 12.8 min: aligning {"arm_chapters_passed": 10, "arm_chapters_rejected": 12, "arm_chapters_running": 1, "paragraph_diagnostics": 1154}
[2026-09-12T06:33:36Z] 13.4 min: aligning {"arm_chapters_passed": 10, "arm_chapters_rejected": 13, "arm_chapters_running": 1, "paragraph_diagnostics": 1209}
[2026-09-12T06:34:06Z] 13.9 min: aligning {"arm_chapters_passed": 10, "arm_chapters_rejected": 13, "arm_chapters_running": 1, "paragraph_diagnostics": 1245}
[2026-09-12T06:34:37Z] 14.4 min: aligning {"arm_chapters_passed": 10, "arm_chapters_rejected": 13, "arm_chapters_running": 1, "paragraph_diagnostics": 1288}
[2026-09-12T06:35:07Z] 14.9 min: aligning {"arm_chapters_passed": 10, "arm_chapters_rejected": 13, "arm_chapters_running": 1, "paragraph_diagnostics": 1324}
[2026-09-12T06:35:38Z] 15.4 min: aligning {"arm_chapters_passed": 10, "arm_chapters_rejected": 13, "arm_chapters_running": 1, "paragraph_diagnostics": 1357}
[2026-09-12T06:36:08Z] 15.9 min: aligning {"arm_chapters_passed": 10, "arm_chapters_rejected": 14, "arm_chapters_running": 1, "paragraph_diagnostics": 1401}
[2026-09-12T06:36:38Z] 16.4 min: aligning {"arm_chapters_passed": 10, "arm_chapters_rejected": 15, "arm_chapters_running": 1, "paragraph_diagnostics": 1455}
[2026-09-12T06:37:15Z] snapshot 4325372 bytes
[2026-09-12T06:37:15Z] 16.9 min: aligning {"arm_chapters_passed": 11, "arm_chapters_rejected": 15, "arm_chapters_running": 1, "paragraph_diagnostics": 1492}
[2026-09-12T06:37:46Z] 17.5 min: aligning {"arm_chapters_passed": 11, "arm_chapters_rejected": 15, "arm_chapters_running": 1, "paragraph_diagnostics": 1614}
[2026-09-12T06:38:16Z] 18.0 min: aligning {"arm_chapters_passed": 11, "arm_chapters_rejected": 16, "arm_chapters_running": 1, "paragraph_diagnostics": 1672}
[2026-09-12T06:38:46Z] 18.5 min: aligning {"arm_chapters_passed": 11, "arm_chapters_rejected": 16, "arm_chapters_running": 1, "paragraph_diagnostics": 1712}
[2026-09-12T06:39:17Z] 19.0 min: aligning {"arm_chapters_passed": 11, "arm_chapters_rejected": 16, "arm_chapters_running": 1, "paragraph_diagnostics": 1746}
[2026-09-12T06:39:47Z] 19.5 min: aligning {"arm_chapters_passed": 11, "arm_chapters_rejected": 16, "arm_chapters_running": 1, "paragraph_diagnostics": 1808}
[2026-09-12T06:40:17Z] phase done at 20.1 min; setup={"versions": {"faster-whisper": "1.2.1", "ctranslate2": "4.8.2", "av": "18.1.0"}, "commit": "f53d744782e3c369fffd2980a013a7f199c0476e", "model_tree_sha256": "f1fe271c349229677131d389a96d0a28062a6a2c2fee54a8ce119c43538315c5", "ld_library_path": "/usr/local/lib/python3.11/dist-packages/nvidia/cublas/l
[2026-09-12T06:40:17Z] 20.1 min: done {"arm_chapters_passed": 11, "arm_chapters_rejected": 17, "arm_chapters_running": 0, "paragraph_diagnostics": 1822}
[2026-09-12T06:40:26Z] fetched out.tar.gz (4969181 bytes)
[2026-09-12T06:40:27Z] stop e5n4c9eoyaf4ie: HTTP 200
[2026-09-12T06:40:28Z] terminate e5n4c9eoyaf4ie: HTTP 204
[2026-09-12T06:40:28Z] pod e5n4c9eoyaf4ie done: outcome=done uptime=20.2m est $0.17
