[2026-09-12T08:08:14Z] created gk48llcn3nbvd3 tinct-words-run2-95 gpu=None $0.49/hr
[2026-09-12T08:08:15Z] waiting: pod RUNNING agent HTTP 404
[2026-09-12T08:08:31Z] waiting: pod RUNNING agent HTTP 404
[2026-09-12T08:08:47Z] phase cohort at 0.5 min; setup={"versions": {"faster-whisper": "1.2.1", "ctranslate2": "4.8.2", "av": "18.1.0"}, "commit": "f53d744782e3c369fffd2980a013a7f199c0476e", "model_tree_sha256": "f1fe271c349229677131d389a96d0a28062a6a2c2fee54a8ce119c43538315c5", "ld_library_path": "/usr/local/lib/python3.11/dist-packages/nvidia/cublas/l
[2026-09-12T08:08:47Z] 0.5 min: cohort {"arm_chapters_passed": 0, "arm_chapters_rejected": 0, "arm_chapters_running": 0}
[2026-09-12T08:09:18Z] 1.0 min: cohort {"arm_chapters_passed": 0, "arm_chapters_rejected": 0, "arm_chapters_running": 0}
[2026-09-12T08:09:48Z] 1.6 min: cohort {"arm_chapters_passed": 0, "arm_chapters_rejected": 0, "arm_chapters_running": 0}
[2026-09-12T08:10:18Z] phase aligning at 2.1 min; setup={"versions": {"faster-whisper": "1.2.1", "ctranslate2": "4.8.2", "av": "18.1.0"}, "commit": "f53d744782e3c369fffd2980a013a7f199c0476e", "model_tree_sha256": "f1fe271c349229677131d389a96d0a28062a6a2c2fee54a8ce119c43538315c5", "ld_library_path": "/usr/local/lib/python3.11/dist-packages/nvidia/cublas/l
[2026-09-12T08:10:18Z] 2.1 min: aligning {"arm_chapters_passed": 0, "arm_chapters_rejected": 0, "arm_chapters_running": 1, "paragraph_diagnostics": 14}
[2026-09-12T08:10:49Z] 2.6 min: aligning {"arm_chapters_passed": 0, "arm_chapters_rejected": 0, "arm_chapters_running": 1, "paragraph_diagnostics": 59}
[2026-09-12T08:11:19Z] 3.1 min: aligning {"arm_chapters_passed": 0, "arm_chapters_rejected": 0, "arm_chapters_running": 1, "paragraph_diagnostics": 96}
[2026-09-12T08:11:49Z] 3.6 min: aligning {"arm_chapters_passed": 0, "arm_chapters_rejected": 1, "arm_chapters_running": 1, "paragraph_diagnostics": 115}
[2026-09-12T08:12:20Z] 4.1 min: aligning {"arm_chapters_passed": 0, "arm_chapters_rejected": 1, "arm_chapters_running": 1, "paragraph_diagnostics": 139}
[2026-09-12T08:12:52Z] snapshot 1056172 bytes
[2026-09-12T08:12:52Z] 4.6 min: aligning {"arm_chapters_passed": 0, "arm_chapters_rejected": 1, "arm_chapters_running": 1, "paragraph_diagnostics": 156}
[2026-09-12T08:13:22Z] 5.1 min: aligning {"arm_chapters_passed": 0, "arm_chapters_rejected": 1, "arm_chapters_running": 1, "paragraph_diagnostics": 171}
[2026-09-12T08:13:53Z] 5.6 min: aligning {"arm_chapters_passed": 0, "arm_chapters_rejected": 1, "arm_chapters_running": 1, "paragraph_diagnostics": 194}
[2026-09-12T08:14:23Z] 6.1 min: aligning {"arm_chapters_passed": 0, "arm_chapters_rejected": 1, "arm_chapters_running": 1, "paragraph_diagnostics": 202}
[2026-09-12T08:14:53Z] 6.6 min: aligning {"arm_chapters_passed": 0, "arm_chapters_rejected": 2, "arm_chapters_running": 1, "paragraph_diagnostics": 226}
[2026-09-12T08:15:24Z] 7.1 min: aligning {"arm_chapters_passed": 0, "arm_chapters_rejected": 3, "arm_chapters_running": 1, "paragraph_diagnostics": 248}
[2026-09-12T08:15:54Z] 7.7 min: aligning {"arm_chapters_passed": 0, "arm_chapters_rejected": 3, "arm_chapters_running": 1, "paragraph_diagnostics": 254}
[2026-09-12T08:16:24Z] 8.2 min: aligning {"arm_chapters_passed": 1, "arm_chapters_rejected": 3, "arm_chapters_running": 1, "paragraph_diagnostics": 276}
[2026-09-12T08:16:58Z] snapshot 2922107 bytes
[2026-09-12T08:16:58Z] 8.7 min: aligning {"arm_chapters_passed": 1, "arm_chapters_rejected": 4, "arm_chapters_running": 1, "paragraph_diagnostics": 330}
[2026-09-12T08:17:28Z] 9.2 min: aligning {"arm_chapters_passed": 1, "arm_chapters_rejected": 4, "arm_chapters_running": 1, "paragraph_diagnostics": 365}
[2026-09-12T08:17:59Z] 9.7 min: aligning {"arm_chapters_passed": 1, "arm_chapters_rejected": 4, "arm_chapters_running": 1, "paragraph_diagnostics": 388}
[2026-09-12T08:18:29Z] 10.2 min: aligning {"arm_chapters_passed": 2, "arm_chapters_rejected": 4, "arm_chapters_running": 1, "paragraph_diagnostics": 415}
[2026-09-12T08:18:59Z] 10.7 min: aligning {"arm_chapters_passed": 3, "arm_chapters_rejected": 4, "arm_chapters_running": 1, "paragraph_diagnostics": 453}
[2026-09-12T08:19:30Z] 11.3 min: aligning {"arm_chapters_passed": 3, "arm_chapters_rejected": 4, "arm_chapters_running": 1, "paragraph_diagnostics": 482}
[2026-09-12T08:20:00Z] 11.8 min: aligning {"arm_chapters_passed": 3, "arm_chapters_rejected": 4, "arm_chapters_running": 1, "paragraph_diagnostics": 492}
[2026-09-12T08:20:30Z] 12.3 min: aligning {"arm_chapters_passed": 4, "arm_chapters_rejected": 4, "arm_chapters_running": 1, "paragraph_diagnostics": 527}
[2026-09-12T08:21:06Z] snapshot 4626626 bytes
[2026-09-12T08:21:06Z] 12.8 min: aligning {"arm_chapters_passed": 4, "arm_chapters_rejected": 4, "arm_chapters_running": 1, "paragraph_diagnostics": 562}
[2026-09-12T08:21:36Z] 13.4 min: aligning {"arm_chapters_passed": 4, "arm_chapters_rejected": 5, "arm_chapters_running": 1, "paragraph_diagnostics": 602}
[2026-09-12T08:22:06Z] 13.9 min: aligning {"arm_chapters_passed": 4, "arm_chapters_rejected": 5, "arm_chapters_running": 1, "paragraph_diagnostics": 613}
[2026-09-12T08:22:37Z] 14.4 min: aligning {"arm_chapters_passed": 4, "arm_chapters_rejected": 5, "arm_chapters_running": 1, "paragraph_diagnostics": 618}
[2026-09-12T08:23:07Z] 14.9 min: aligning {"arm_chapters_passed": 5, "arm_chapters_rejected": 5, "arm_chapters_running": 1, "paragraph_diagnostics": 638}
[2026-09-12T08:23:38Z] 15.4 min: aligning {"arm_chapters_passed": 5, "arm_chapters_rejected": 6, "arm_chapters_running": 1, "paragraph_diagnostics": 696}
[2026-09-12T08:24:08Z] 15.9 min: aligning {"arm_chapters_passed": 5, "arm_chapters_rejected": 6, "arm_chapters_running": 1, "paragraph_diagnostics": 706}
[2026-09-12T08:24:38Z] 16.4 min: aligning {"arm_chapters_passed": 5, "arm_chapters_rejected": 6, "arm_chapters_running": 1, "paragraph_diagnostics": 712}
[2026-09-12T08:25:16Z] snapshot 6387887 bytes
[2026-09-12T08:25:16Z] 16.9 min: aligning {"arm_chapters_passed": 6, "arm_chapters_rejected": 6, "arm_chapters_running": 1, "paragraph_diagnostics": 768}
[2026-09-12T08:25:47Z] 17.5 min: aligning {"arm_chapters_passed": 6, "arm_chapters_rejected": 7, "arm_chapters_running": 1, "paragraph_diagnostics": 784}
[2026-09-12T08:26:17Z] 18.0 min: aligning {"arm_chapters_passed": 7, "arm_chapters_rejected": 7, "arm_chapters_running": 1, "paragraph_diagnostics": 797}
[2026-09-12T08:26:47Z] 18.5 min: aligning {"arm_chapters_passed": 7, "arm_chapters_rejected": 8, "arm_chapters_running": 1, "paragraph_diagnostics": 809}
[2026-09-12T08:27:18Z] 19.0 min: aligning {"arm_chapters_passed": 7, "arm_chapters_rejected": 8, "arm_chapters_running": 1, "paragraph_diagnostics": 816}
[2026-09-12T08:27:48Z] 19.6 min: aligning {"arm_chapters_passed": 8, "arm_chapters_rejected": 8, "arm_chapters_running": 1, "paragraph_diagnostics": 866}
[2026-09-12T08:28:19Z] 20.1 min: aligning {"arm_chapters_passed": 8, "arm_chapters_rejected": 9, "arm_chapters_running": 1, "paragraph_diagnostics": 880}
[2026-09-12T08:28:49Z] 20.6 min: aligning {"arm_chapters_passed": 9, "arm_chapters_rejected": 9, "arm_chapters_running": 1, "paragraph_diagnostics": 935}
[2026-09-12T08:29:28Z] snapshot 8158077 bytes
[2026-09-12T08:29:28Z] 21.1 min: aligning {"arm_chapters_passed": 9, "arm_chapters_rejected": 9, "arm_chapters_running": 1, "paragraph_diagnostics": 982}
[2026-09-12T08:29:59Z] 21.7 min: aligning {"arm_chapters_passed": 9, "arm_chapters_rejected": 10, "arm_chapters_running": 1, "paragraph_diagnostics": 1043}
[2026-09-12T08:30:29Z] 22.2 min: aligning {"arm_chapters_passed": 9, "arm_chapters_rejected": 10, "arm_chapters_running": 1, "paragraph_diagnostics": 1066}
[2026-09-12T08:30:59Z] 22.7 min: aligning {"arm_chapters_passed": 10, "arm_chapters_rejected": 11, "arm_chapters_running": 1, "paragraph_diagnostics": 1102}
[2026-09-12T08:31:30Z] 23.2 min: aligning {"arm_chapters_passed": 14, "arm_chapters_rejected": 11, "arm_chapters_running": 1, "paragraph_diagnostics": 1117}
[2026-09-12T08:32:00Z] 23.8 min: aligning {"arm_chapters_passed": 15, "arm_chapters_rejected": 11, "arm_chapters_running": 1, "paragraph_diagnostics": 1140}
[2026-09-12T08:32:30Z] 24.3 min: aligning {"arm_chapters_passed": 16, "arm_chapters_rejected": 11, "arm_chapters_running": 1, "paragraph_diagnostics": 1152}
[2026-09-12T08:33:01Z] 24.8 min: aligning {"arm_chapters_passed": 16, "arm_chapters_rejected": 11, "arm_chapters_running": 1, "paragraph_diagnostics": 1165}
[2026-09-12T08:33:43Z] snapshot 10011450 bytes
[2026-09-12T08:33:43Z] 25.3 min: aligning {"arm_chapters_passed": 20, "arm_chapters_rejected": 11, "arm_chapters_running": 1, "paragraph_diagnostics": 1182}
[2026-09-12T08:34:13Z] 26.0 min: aligning {"arm_chapters_passed": 24, "arm_chapters_rejected": 11, "arm_chapters_running": 1, "paragraph_diagnostics": 1195}
[2026-09-12T08:34:44Z] 26.5 min: aligning {"arm_chapters_passed": 26, "arm_chapters_rejected": 11, "arm_chapters_running": 1, "paragraph_diagnostics": 1202}
[2026-09-12T08:35:14Z] 27.0 min: aligning {"arm_chapters_passed": 32, "arm_chapters_rejected": 11, "arm_chapters_running": 1, "paragraph_diagnostics": 1213}
[2026-09-12T08:35:44Z] 27.5 min: aligning {"arm_chapters_passed": 43, "arm_chapters_rejected": 11, "arm_chapters_running": 1, "paragraph_diagnostics": 1236}
