owned pods: 8   other pods left alone: 1
  hzbsxhjbp6pc22 tinct-audio-bounded-trial-20260911-05 EXITED $0.49/hr up 0.0m None
  zzfifw9otrm1ju tinct-audio-bounded-trial-20260910-03 EXITED $0.49/hr up 0.0m None
  412necg7ee15ly tinct-audio-bounded-trial-20260910-01 EXITED $0.74/hr up 0.0m None
  3md393vtker2kv tinct-words-shard-4 EXITED $0.74/hr up 0.0m None
  jt1yuwyv0nraiu tinct-words-shard-3 EXITED $0.37/hr up 0.0m None
  x7z089mhfss16c tinct-words-shard-2 EXITED $0.37/hr up 0.0m None
  l5xyeag6i3mtrt tinct-words-shard-1 EXITED $0.37/hr up 0.0m None
  7fq3rxwizujyz7 tinct-words-shard-1 EXITED $0.74/hr up 0.0m None
estimated spend this envelope: $0.00 of $25.00
[20260911T121923Z] enforce exit 0 spent=0
owned pods: 9   other pods left alone: 1
  5smmp2998eevju tinct-words-run1-1 RUNNING $0.19/hr up 0.0m None
  hzbsxhjbp6pc22 tinct-audio-bounded-trial-20260911-05 EXITED $0.49/hr up 0.0m None
  zzfifw9otrm1ju tinct-audio-bounded-trial-20260910-03 EXITED $0.49/hr up 0.0m None
  412necg7ee15ly tinct-audio-bounded-trial-20260910-01 EXITED $0.74/hr up 0.0m None
  3md393vtker2kv tinct-words-shard-4 EXITED $0.74/hr up 0.0m None
  jt1yuwyv0nraiu tinct-words-shard-3 EXITED $0.37/hr up 0.0m None
  x7z089mhfss16c tinct-words-shard-2 EXITED $0.37/hr up 0.0m None
  l5xyeag6i3mtrt tinct-words-shard-1 EXITED $0.37/hr up 0.0m None
  7fq3rxwizujyz7 tinct-words-shard-1 EXITED $0.74/hr up 0.0m None
estimated spend this envelope: $0.00 of $25.00
[20260911T122426Z] enforce exit 0 spent=0
owned pods: 9   other pods left alone: 1
  5smmp2998eevju tinct-words-run1-1 RUNNING $0.19/hr up 0.0m None
  hzbsxhjbp6pc22 tinct-audio-bounded-trial-20260911-05 EXITED $0.49/hr up 0.0m None
  zzfifw9otrm1ju tinct-audio-bounded-trial-20260910-03 EXITED $0.49/hr up 0.0m None
  412necg7ee15ly tinct-audio-bounded-trial-20260910-01 EXITED $0.74/hr up 0.0m None
  3md393vtker2kv tinct-words-shard-4 EXITED $0.74/hr up 0.0m None
  jt1yuwyv0nraiu tinct-words-shard-3 EXITED $0.37/hr up 0.0m None
  x7z089mhfss16c tinct-words-shard-2 EXITED $0.37/hr up 0.0m None
  l5xyeag6i3mtrt tinct-words-shard-1 EXITED $0.37/hr up 0.0m None
  7fq3rxwizujyz7 tinct-words-shard-1 EXITED $0.74/hr up 0.0m None
estimated spend this envelope: $0.00 of $25.00
[20260911T122929Z] enforce exit 0 spent=0
owned pods: 8   other pods left alone: 1
  hzbsxhjbp6pc22 tinct-audio-bounded-trial-20260911-05 EXITED $0.49/hr up 0.0m None
  zzfifw9otrm1ju tinct-audio-bounded-trial-20260910-03 EXITED $0.49/hr up 0.0m None
  412necg7ee15ly tinct-audio-bounded-trial-20260910-01 EXITED $0.74/hr up 0.0m None
  3md393vtker2kv tinct-words-shard-4 EXITED $0.74/hr up 0.0m None
  jt1yuwyv0nraiu tinct-words-shard-3 EXITED $0.37/hr up 0.0m None
  x7z089mhfss16c tinct-words-shard-2 EXITED $0.37/hr up 0.0m None
  l5xyeag6i3mtrt tinct-words-shard-1 EXITED $0.37/hr up 0.0m None
  7fq3rxwizujyz7 tinct-words-shard-1 EXITED $0.74/hr up 0.0m None
estimated spend this envelope: $0.00 of $25.00
[20260911T123432Z] enforce exit 0 spent=0
