4 candidates, 3 excluded, 7 chapters seen
  excluded the-tempest/original-en/ch3: observed_alignment_below_85_percent
  excluded the-tempest/original-en/ch6: observed_alignment_below_85_percent
  excluded the-tempest/original-en/ch7: observed_alignment_below_85_percent
published            the-tempest/original-en/ch4/words.json  served bytes match
published            the-tempest/original-en/ch5/words.json  served bytes match
published            the-tempest/original-en/ch8/words.json  served bytes match
published            the-tempest/original-en/ch9/words.json  served bytes match

published 4, skipped 0, journal /home/user/tinct/artifacts/audio-highlight-run1-2026-09-11/publication-journal.json (114 entries)
### `the-tempest/original-en/ch3` — auto arm: 3 of 170 paragraphs below the gate

- p85 ratio 0.60
  - text: Antonio. He'ld sow't with nettle-seed.
  - heard: Antonio, He 'ld sow't with nettle -seed.
- p98 ratio 0.83
  - text: Gonzalo. And,--do you mark me, sir?
  - heard: Gonzalo, And, do you mark me, sir?
- p151 ratio 0.67
  - text: [Re-enter Ariel, invisible]
  - heard: Re -enter, Ariel, invisible

### `the-tempest/original-en/ch6` — auto arm: 1 of 74 paragraphs below the gate

- p9 ratio 0.85
  - text: Stephano. Moon-calf, speak once in thy life, if thou beest a good moon-calf.
  - heard: Stephano. Moon -calf, speak once in thy life, if thou beest a good moon -calf.

### `the-tempest/original-en/ch7` — auto arm: 1 of 39 paragraphs below the gate

- p18 ratio 0.75
  - text: Francisco. They vanish'd strangely.
  - heard: Francisco, They vanished strangely.

