[2026-09-11T13:31:03Z] created tn89pfz0m3gxi0 tinct-words-run1-13 gpu=None $0.22/hr
[2026-09-11T13:31:03Z] waiting: pod RUNNING agent HTTP 404
[2026-09-11T13:31:19Z] waiting: pod RUNNING agent HTTP 404
[2026-09-11T13:31:36Z] phase cohort at 0.6 min; setup={"versions": {"faster-whisper": "1.2.1", "ctranslate2": "4.8.2", "av": "18.1.0"}, "commit": "a3780bee4a0683ed3968478e442bfbd2f861173e", "model_tree_sha256": "f1fe271c349229677131d389a96d0a28062a6a2c2fee54a8ce119c43538315c5", "ld_library_path": "/usr/local/lib/python3.11/dist-packages/nvidia/cublas/l
[2026-09-11T13:31:36Z] 0.6 min: cohort {"arm_chapters_passed": 0, "arm_chapters_rejected": 0, "arm_chapters_running": 0}
[2026-09-11T13:32:06Z] 1.1 min: cohort {"arm_chapters_passed": 0, "arm_chapters_rejected": 0, "arm_chapters_running": 0}
[2026-09-11T13:32:37Z] phase aligning at 1.6 min; setup={"versions": {"faster-whisper": "1.2.1", "ctranslate2": "4.8.2", "av": "18.1.0"}, "commit": "a3780bee4a0683ed3968478e442bfbd2f861173e", "model_tree_sha256": "f1fe271c349229677131d389a96d0a28062a6a2c2fee54a8ce119c43538315c5", "ld_library_path": "/usr/local/lib/python3.11/dist-packages/nvidia/cublas/l
[2026-09-11T13:32:37Z] 1.6 min: aligning {"arm_chapters_passed": 0, "arm_chapters_rejected": 0, "arm_chapters_running": 0}
[2026-09-11T13:33:07Z] 2.1 min: aligning {"arm_chapters_passed": 0, "arm_chapters_rejected": 0, "arm_chapters_running": 1, "paragraph_diagnostics": 149}
[2026-09-11T13:33:38Z] 2.6 min: aligning {"arm_chapters_passed": 0, "arm_chapters_rejected": 1, "arm_chapters_running": 1, "paragraph_diagnostics": 278}
[2026-09-11T13:34:08Z] 3.1 min: aligning {"arm_chapters_passed": 0, "arm_chapters_rejected": 1, "arm_chapters_running": 1, "paragraph_diagnostics": 325}
[2026-09-11T13:34:39Z] 3.6 min: aligning {"arm_chapters_passed": 0, "arm_chapters_rejected": 3, "arm_chapters_running": 1, "paragraph_diagnostics": 405}
[2026-09-11T13:35:09Z] 4.1 min: aligning {"arm_chapters_passed": 0, "arm_chapters_rejected": 3, "arm_chapters_running": 1, "paragraph_diagnostics": 454}
[2026-09-11T13:35:39Z] 4.6 min: aligning {"arm_chapters_passed": 2, "arm_chapters_rejected": 4, "arm_chapters_running": 1, "paragraph_diagnostics": 558}
[2026-09-11T13:36:10Z] 5.1 min: aligning {"arm_chapters_passed": 2, "arm_chapters_rejected": 5, "arm_chapters_running": 1, "paragraph_diagnostics": 633}
[2026-09-11T13:36:40Z] 5.6 min: aligning {"arm_chapters_passed": 2, "arm_chapters_rejected": 7, "arm_chapters_running": 1, "paragraph_diagnostics": 704}
[2026-09-11T13:37:11Z] 6.1 min: aligning {"arm_chapters_passed": 2, "arm_chapters_rejected": 8, "arm_chapters_running": 1, "paragraph_diagnostics": 764}
[2026-09-11T13:37:41Z] 6.6 min: aligning {"arm_chapters_passed": 2, "arm_chapters_rejected": 9, "arm_chapters_running": 1, "paragraph_diagnostics": 855}
[2026-09-11T13:38:12Z] 7.1 min: aligning {"arm_chapters_passed": 2, "arm_chapters_rejected": 9, "arm_chapters_running": 1, "paragraph_diagnostics": 900}
[2026-09-11T13:38:42Z] 7.7 min: aligning {"arm_chapters_passed": 3, "arm_chapters_rejected": 9, "arm_chapters_running": 1, "paragraph_diagnostics": 984}
[2026-09-11T13:39:13Z] 8.2 min: aligning {"arm_chapters_passed": 3, "arm_chapters_rejected": 10, "arm_chapters_running": 1, "paragraph_diagnostics": 1052}
[2026-09-11T13:39:43Z] 8.7 min: aligning {"arm_chapters_passed": 3, "arm_chapters_rejected": 10, "arm_chapters_running": 1, "paragraph_diagnostics": 1108}
[2026-09-11T13:40:14Z] phase done at 9.2 min; setup={"versions": {"faster-whisper": "1.2.1", "ctranslate2": "4.8.2", "av": "18.1.0"}, "commit": "a3780bee4a0683ed3968478e442bfbd2f861173e", "model_tree_sha256": "f1fe271c349229677131d389a96d0a28062a6a2c2fee54a8ce119c43538315c5", "ld_library_path": "/usr/local/lib/python3.11/dist-packages/nvidia/cublas/l
[2026-09-11T13:40:14Z] 9.2 min: done {"arm_chapters_passed": 4, "arm_chapters_rejected": 10, "arm_chapters_running": 0, "paragraph_diagnostics": 1140}
[2026-09-11T13:40:18Z] fetched out.tar.gz (2100314 bytes)
[2026-09-11T13:40:20Z] stop tn89pfz0m3gxi0: HTTP 200
[2026-09-11T13:40:21Z] terminate tn89pfz0m3gxi0: HTTP 204
[2026-09-11T13:40:21Z] pod tn89pfz0m3gxi0 done: outcome=done uptime=9.3m est $0.03
