[2026-09-12T06:16:21Z] created f39ulk6eli6oey tinct-words-run2-45 gpu=None $0.49/hr
[2026-09-12T06:16:22Z] waiting: pod RUNNING agent HTTP 404
[2026-09-12T06:16:38Z] waiting: pod RUNNING agent HTTP 404
[2026-09-12T06:16:55Z] phase cohort at 0.6 min; setup={"versions": {"faster-whisper": "1.2.1", "ctranslate2": "4.8.2", "av": "18.1.0"}, "commit": "f53d744782e3c369fffd2980a013a7f199c0476e", "model_tree_sha256": "f1fe271c349229677131d389a96d0a28062a6a2c2fee54a8ce119c43538315c5", "ld_library_path": "/usr/local/lib/python3.11/dist-packages/nvidia/cublas/l
[2026-09-12T06:16:55Z] 0.6 min: cohort {"arm_chapters_passed": 0, "arm_chapters_rejected": 0, "arm_chapters_running": 0}
[2026-09-12T06:17:25Z] 1.1 min: cohort {"arm_chapters_passed": 0, "arm_chapters_rejected": 0, "arm_chapters_running": 0}
[2026-09-12T06:17:55Z] 1.6 min: cohort {"arm_chapters_passed": 0, "arm_chapters_rejected": 0, "arm_chapters_running": 0}
[2026-09-12T06:18:26Z] 2.1 min: cohort {"arm_chapters_passed": 0, "arm_chapters_rejected": 0, "arm_chapters_running": 0}
[2026-09-12T06:18:56Z] 2.6 min: cohort {"arm_chapters_passed": 0, "arm_chapters_rejected": 0, "arm_chapters_running": 0}
[2026-09-12T06:19:27Z] phase aligning at 3.1 min; setup={"versions": {"faster-whisper": "1.2.1", "ctranslate2": "4.8.2", "av": "18.1.0"}, "commit": "f53d744782e3c369fffd2980a013a7f199c0476e", "model_tree_sha256": "f1fe271c349229677131d389a96d0a28062a6a2c2fee54a8ce119c43538315c5", "ld_library_path": "/usr/local/lib/python3.11/dist-packages/nvidia/cublas/l
[2026-09-12T06:19:27Z] 3.1 min: aligning {"arm_chapters_passed": 0, "arm_chapters_rejected": 0, "arm_chapters_running": 1, "paragraph_diagnostics": 12}
[2026-09-12T06:19:57Z] 3.6 min: aligning {"arm_chapters_passed": 0, "arm_chapters_rejected": 1, "arm_chapters_running": 1, "paragraph_diagnostics": 20}
[2026-09-12T06:20:28Z] 4.1 min: aligning {"arm_chapters_passed": 0, "arm_chapters_rejected": 1, "arm_chapters_running": 1, "paragraph_diagnostics": 29}
[2026-09-12T06:20:59Z] snapshot 793414 bytes
[2026-09-12T06:20:59Z] 4.6 min: aligning {"arm_chapters_passed": 1, "arm_chapters_rejected": 2, "arm_chapters_running": 1, "paragraph_diagnostics": 45}
[2026-09-12T06:21:30Z] 5.1 min: aligning {"arm_chapters_passed": 1, "arm_chapters_rejected": 2, "arm_chapters_running": 1, "paragraph_diagnostics": 53}
[2026-09-12T06:22:00Z] 5.6 min: aligning {"arm_chapters_passed": 2, "arm_chapters_rejected": 2, "arm_chapters_running": 1, "paragraph_diagnostics": 68}
[2026-09-12T06:22:31Z] 6.1 min: aligning {"arm_chapters_passed": 2, "arm_chapters_rejected": 3, "arm_chapters_running": 1, "paragraph_diagnostics": 84}
[2026-09-12T06:23:01Z] 6.7 min: aligning {"arm_chapters_passed": 3, "arm_chapters_rejected": 3, "arm_chapters_running": 1, "paragraph_diagnostics": 103}
[2026-09-12T06:23:32Z] 7.2 min: aligning {"arm_chapters_passed": 3, "arm_chapters_rejected": 4, "arm_chapters_running": 1, "paragraph_diagnostics": 137}
[2026-09-12T06:24:02Z] 7.7 min: aligning {"arm_chapters_passed": 4, "arm_chapters_rejected": 4, "arm_chapters_running": 1, "paragraph_diagnostics": 154}
[2026-09-12T06:24:33Z] 8.2 min: aligning {"arm_chapters_passed": 4, "arm_chapters_rejected": 5, "arm_chapters_running": 1, "paragraph_diagnostics": 173}
[2026-09-12T06:25:06Z] snapshot 2378715 bytes
[2026-09-12T06:25:06Z] 8.7 min: aligning {"arm_chapters_passed": 4, "arm_chapters_rejected": 5, "arm_chapters_running": 1, "paragraph_diagnostics": 180}
[2026-09-12T06:25:36Z] 9.2 min: aligning {"arm_chapters_passed": 4, "arm_chapters_rejected": 5, "arm_chapters_running": 1, "paragraph_diagnostics": 187}
[2026-09-12T06:26:07Z] 9.7 min: aligning {"arm_chapters_passed": 5, "arm_chapters_rejected": 5, "arm_chapters_running": 1, "paragraph_diagnostics": 201}
[2026-09-12T06:26:37Z] 10.3 min: aligning {"arm_chapters_passed": 5, "arm_chapters_rejected": 6, "arm_chapters_running": 1, "paragraph_diagnostics": 218}
[2026-09-12T06:27:07Z] 10.8 min: aligning {"arm_chapters_passed": 5, "arm_chapters_rejected": 8, "arm_chapters_running": 1, "paragraph_diagnostics": 243}
[2026-09-12T06:27:38Z] 11.3 min: aligning {"arm_chapters_passed": 5, "arm_chapters_rejected": 8, "arm_chapters_running": 1, "paragraph_diagnostics": 249}
[2026-09-12T06:28:08Z] 11.8 min: aligning {"arm_chapters_passed": 6, "arm_chapters_rejected": 9, "arm_chapters_running": 1, "paragraph_diagnostics": 268}
[2026-09-12T06:28:39Z] 12.3 min: aligning {"arm_chapters_passed": 6, "arm_chapters_rejected": 9, "arm_chapters_running": 1, "paragraph_diagnostics": 276}
[2026-09-12T06:29:14Z] snapshot 4052506 bytes
[2026-09-12T06:29:14Z] 12.8 min: aligning {"arm_chapters_passed": 7, "arm_chapters_rejected": 10, "arm_chapters_running": 1, "paragraph_diagnostics": 294}
[2026-09-12T06:29:44Z] 13.4 min: aligning {"arm_chapters_passed": 8, "arm_chapters_rejected": 10, "arm_chapters_running": 1, "paragraph_diagnostics": 307}
[2026-09-12T06:30:15Z] 13.9 min: aligning {"arm_chapters_passed": 8, "arm_chapters_rejected": 11, "arm_chapters_running": 1, "paragraph_diagnostics": 321}
[2026-09-12T06:30:45Z] 14.4 min: aligning {"arm_chapters_passed": 8, "arm_chapters_rejected": 11, "arm_chapters_running": 1, "paragraph_diagnostics": 325}
[2026-09-12T06:31:15Z] 14.9 min: aligning {"arm_chapters_passed": 9, "arm_chapters_rejected": 11, "arm_chapters_running": 1, "paragraph_diagnostics": 337}
[2026-09-12T06:31:46Z] 15.4 min: aligning {"arm_chapters_passed": 9, "arm_chapters_rejected": 12, "arm_chapters_running": 1, "paragraph_diagnostics": 358}
[2026-09-12T06:32:16Z] 15.9 min: aligning {"arm_chapters_passed": 9, "arm_chapters_rejected": 12, "arm_chapters_running": 1, "paragraph_diagnostics": 371}
[2026-09-12T06:32:47Z] 16.4 min: aligning {"arm_chapters_passed": 9, "arm_chapters_rejected": 12, "arm_chapters_running": 1, "paragraph_diagnostics": 381}
[2026-09-12T06:33:24Z] snapshot 5821296 bytes
[2026-09-12T06:33:24Z] 16.9 min: aligning {"arm_chapters_passed": 9, "arm_chapters_rejected": 13, "arm_chapters_running": 1, "paragraph_diagnostics": 401}
[2026-09-12T06:33:54Z] 17.5 min: aligning {"arm_chapters_passed": 9, "arm_chapters_rejected": 14, "arm_chapters_running": 1, "paragraph_diagnostics": 422}
[2026-09-12T06:34:24Z] 18.0 min: aligning {"arm_chapters_passed": 9, "arm_chapters_rejected": 14, "arm_chapters_running": 1, "paragraph_diagnostics": 430}
[2026-09-12T06:34:54Z] 18.5 min: aligning {"arm_chapters_passed": 10, "arm_chapters_rejected": 15, "arm_chapters_running": 1, "paragraph_diagnostics": 446}
[2026-09-12T06:35:25Z] 19.1 min: aligning {"arm_chapters_passed": 10, "arm_chapters_rejected": 15, "arm_chapters_running": 1, "paragraph_diagnostics": 452}
