[2026-09-12T15:45:58Z] created 0tdk7tb6sahfxl tinct-words-run3-69 gpu=None $0.49/hr
[2026-09-12T15:45:59Z] waiting: pod RUNNING agent HTTP 404
[2026-09-12T15:46:16Z] waiting: pod RUNNING agent HTTP 404
[2026-09-12T15:46:33Z] phase cohort at 0.6 min; setup={"versions": {"faster-whisper": "1.2.1", "ctranslate2": "4.8.2", "av": "18.1.0"}, "commit": "c43ab3799d5b71c58b770ed22e1bd7bb9b2774cf", "model_tree_sha256": "f1fe271c349229677131d389a96d0a28062a6a2c2fee54a8ce119c43538315c5", "ld_library_path": "/usr/local/lib/python3.11/dist-packages/nvidia/cublas/l
[2026-09-12T15:46:33Z] 0.6 min: cohort {"arm_chapters_passed": 0, "arm_chapters_rejected": 0, "arm_chapters_running": 0}
[2026-09-12T15:47:04Z] 1.1 min: cohort {"arm_chapters_passed": 0, "arm_chapters_rejected": 0, "arm_chapters_running": 0}
[2026-09-12T15:47:34Z] 1.6 min: cohort {"arm_chapters_passed": 0, "arm_chapters_rejected": 0, "arm_chapters_running": 0}
[2026-09-12T15:48:05Z] 2.1 min: cohort {"arm_chapters_passed": 0, "arm_chapters_rejected": 0, "arm_chapters_running": 0}
[2026-09-12T15:48:36Z] phase aligning at 2.6 min; setup={"versions": {"faster-whisper": "1.2.1", "ctranslate2": "4.8.2", "av": "18.1.0"}, "commit": "c43ab3799d5b71c58b770ed22e1bd7bb9b2774cf", "model_tree_sha256": "f1fe271c349229677131d389a96d0a28062a6a2c2fee54a8ce119c43538315c5", "ld_library_path": "/usr/local/lib/python3.11/dist-packages/nvidia/cublas/l
[2026-09-12T15:48:36Z] 2.6 min: aligning {"arm_chapters_passed": 0, "arm_chapters_rejected": 0, "arm_chapters_running": 1, "paragraph_diagnostics": 16}
[2026-09-12T15:49:07Z] 3.1 min: aligning {"arm_chapters_passed": 1, "arm_chapters_rejected": 0, "arm_chapters_running": 1, "paragraph_diagnostics": 59}
[2026-09-12T15:49:38Z] 3.6 min: aligning {"arm_chapters_passed": 1, "arm_chapters_rejected": 0, "arm_chapters_running": 1, "paragraph_diagnostics": 86}
[2026-09-12T15:50:08Z] 4.2 min: aligning {"arm_chapters_passed": 2, "arm_chapters_rejected": 0, "arm_chapters_running": 1, "paragraph_diagnostics": 124}
[2026-09-12T15:50:41Z] snapshot 826995 bytes
[2026-09-12T15:50:41Z] 4.7 min: aligning {"arm_chapters_passed": 2, "arm_chapters_rejected": 0, "arm_chapters_running": 1, "paragraph_diagnostics": 191}
[2026-09-12T15:51:12Z] 5.2 min: aligning {"arm_chapters_passed": 2, "arm_chapters_rejected": 1, "arm_chapters_running": 1, "paragraph_diagnostics": 233}
[2026-09-12T15:51:43Z] 5.7 min: aligning {"arm_chapters_passed": 2, "arm_chapters_rejected": 1, "arm_chapters_running": 1, "paragraph_diagnostics": 288}
[2026-09-12T15:52:14Z] 6.2 min: aligning {"arm_chapters_passed": 2, "arm_chapters_rejected": 1, "arm_chapters_running": 1, "paragraph_diagnostics": 313}
[2026-09-12T15:52:45Z] 6.8 min: aligning {"arm_chapters_passed": 2, "arm_chapters_rejected": 1, "arm_chapters_running": 1, "paragraph_diagnostics": 340}
[2026-09-12T15:53:15Z] 7.3 min: aligning {"arm_chapters_passed": 3, "arm_chapters_rejected": 1, "arm_chapters_running": 1, "paragraph_diagnostics": 377}
[2026-09-12T15:53:46Z] 7.8 min: aligning {"arm_chapters_passed": 3, "arm_chapters_rejected": 1, "arm_chapters_running": 1, "paragraph_diagnostics": 447}
[2026-09-12T15:54:17Z] 8.3 min: aligning {"arm_chapters_passed": 3, "arm_chapters_rejected": 2, "arm_chapters_running": 1, "paragraph_diagnostics": 492}
[2026-09-12T15:54:53Z] snapshot 2212081 bytes
[2026-09-12T15:54:53Z] 8.8 min: aligning {"arm_chapters_passed": 3, "arm_chapters_rejected": 2, "arm_chapters_running": 1, "paragraph_diagnostics": 522}
[2026-09-12T15:55:23Z] 9.4 min: aligning {"arm_chapters_passed": 3, "arm_chapters_rejected": 3, "arm_chapters_running": 1, "paragraph_diagnostics": 586}
[2026-09-12T15:55:55Z] 9.9 min: aligning {"arm_chapters_passed": 3, "arm_chapters_rejected": 3, "arm_chapters_running": 1, "paragraph_diagnostics": 669}
[2026-09-12T15:56:26Z] 10.5 min: aligning {"arm_chapters_passed": 3, "arm_chapters_rejected": 3, "arm_chapters_running": 1, "paragraph_diagnostics": 721}
[2026-09-12T15:56:57Z] 11.0 min: aligning {"arm_chapters_passed": 3, "arm_chapters_rejected": 3, "arm_chapters_running": 1, "paragraph_diagnostics": 789}
[2026-09-12T15:57:28Z] 11.5 min: aligning {"arm_chapters_passed": 3, "arm_chapters_rejected": 4, "arm_chapters_running": 1, "paragraph_diagnostics": 832}
[2026-09-12T15:57:59Z] 12.0 min: aligning {"arm_chapters_passed": 3, "arm_chapters_rejected": 4, "arm_chapters_running": 1, "paragraph_diagnostics": 881}
[2026-09-12T15:58:29Z] 12.5 min: aligning {"arm_chapters_passed": 3, "arm_chapters_rejected": 4, "arm_chapters_running": 1, "paragraph_diagnostics": 921}
[2026-09-12T15:59:05Z] snapshot 3522619 bytes
[2026-09-12T15:59:05Z] 13.0 min: aligning {"arm_chapters_passed": 3, "arm_chapters_rejected": 4, "arm_chapters_running": 1, "paragraph_diagnostics": 944}
[2026-09-12T15:59:36Z] 13.6 min: aligning {"arm_chapters_passed": 4, "arm_chapters_rejected": 4, "arm_chapters_running": 1, "paragraph_diagnostics": 1000}
[2026-09-12T16:00:07Z] 14.1 min: aligning {"arm_chapters_passed": 4, "arm_chapters_rejected": 4, "arm_chapters_running": 1, "paragraph_diagnostics": 1020}
[2026-09-12T16:00:38Z] 14.6 min: aligning {"arm_chapters_passed": 4, "arm_chapters_rejected": 4, "arm_chapters_running": 1, "paragraph_diagnostics": 1045}
[2026-09-12T16:01:09Z] 15.2 min: aligning {"arm_chapters_passed": 4, "arm_chapters_rejected": 5, "arm_chapters_running": 1, "paragraph_diagnostics": 1065}
[2026-09-12T16:01:40Z] 15.7 min: aligning {"arm_chapters_passed": 4, "arm_chapters_rejected": 5, "arm_chapters_running": 1, "paragraph_diagnostics": 1076}
[2026-09-12T16:02:11Z] 16.2 min: aligning {"arm_chapters_passed": 4, "arm_chapters_rejected": 5, "arm_chapters_running": 1, "paragraph_diagnostics": 1079}
[2026-09-12T16:02:42Z] 16.7 min: aligning {"arm_chapters_passed": 4, "arm_chapters_rejected": 5, "arm_chapters_running": 1, "paragraph_diagnostics": 1087}
[2026-09-12T16:03:19Z] snapshot 5246283 bytes
[2026-09-12T16:03:19Z] 17.2 min: aligning {"arm_chapters_passed": 4, "arm_chapters_rejected": 5, "arm_chapters_running": 1, "paragraph_diagnostics": 1105}
[2026-09-12T16:03:49Z] 17.8 min: aligning {"arm_chapters_passed": 5, "arm_chapters_rejected": 5, "arm_chapters_running": 1, "paragraph_diagnostics": 1148}
